******************************************************************************
                  TI ARM Linker PC v18.1.4                     
******************************************************************************
>> Linked Tue Mar 12 20:45:29 2019

OUTPUT FILE NAME:   <Lab6.out>
ENTRY POINT SYMBOL: "_c_int00_noargs"  address: 2000ce7d


MEMORY CONFIGURATION

         name            origin    length      used     unused   attr    fill
----------------------  --------  ---------  --------  --------  ----  --------
  SRAM_CODE             20004000   00013000  00009fe8  00009018  RW X
  SRAM_DATA             20017000   00019000  00009336  0000fcca  RW X


SEGMENT ALLOCATION MAP

run origin  load origin   length   init length attrs members
----------  ----------- ---------- ----------- ----- -------
20004000    20004000    00009ff0   00009ff0    r-x
  20004000    20004000    00000400   00000400    r-- .intvecs
  20004400    20004400    000094e2   000094e2    r-x .text
  2000d8e4    2000d8e4    0000068e   0000068e    r-- .const
  2000df78    2000df78    00000078   00000078    r-- .cinit
20017000    20017000    00008338   00000000    rw-
  20017000    20017000    00008000   00000000    rw- .sysmem
  2001f000    2001f000    0000024e   00000000    rw- .bss
  2001f250    2001f250    000000e8   00000000    rw- .data
2002f000    2002f000    00001000   00000000    rw-
  2002f000    2002f000    00001000   00000000    rw- .stack


SECTION ALLOCATION MAP

 output                                  attributes/
section   page    origin      length       input sections
--------  ----  ----------  ----------   ----------------
.intvecs   0    20004000    00000400     
                  20004000    00000400     startup_ccs.obj (.intvecs)

.init_array 
*          0    20004000    00000000     UNINITIALIZED

.text      0    20004400    000094e2     
                  20004400    00001a54     main.obj (.text)
                  20005e54    00000a5e     rtsv7M4_T_le_v4SPD16_eabi.lib : _printfi.c.obj (.text:__TI_printfi)
                  200068b2    00000002     driverlib.a : interrupt.obj (.text:IntDefaultHandler)
                  200068b4    00000590     simplelink.a : driver.obj (.text:_SlDrvMsgRead)
                  20006e44    00000398     gpio_if.obj (.text)
                  200071dc    00000280     uart_if.obj (.text)
                  2000745c    0000027c     simplelink.a : wlan.obj (.text:sl_WlanConnect)
                  200076d8    00000270     rtsv7M4_T_le_v4SPD16_eabi.lib : _printfi.c.obj (.text:_pconv_a)
                  20007948    0000024c     simplelink.a : driver.obj (.text:_SlDrvRxHdrRead)
                  20007b94    000001e4                  : driver.obj (.text:_SlDrvDataReadOp)
                  20007d78    000001d0                  : driver.obj (.text:_SlDrvReleasePoolObj)
                  20007f48    000001d0     rtsv7M4_T_le_v4SPD16_eabi.lib : _printfi.c.obj (.text:_pconv_g)
                  20008118    000001b6                                   : fd_add_t2.asm.obj (.text)
                  200082ce    00000002                                   : _lock.c.obj (.text:_nop)
                  200082d0    000001b4     simplelink.a : driver.obj (.text:_SlDrvDriverCBInit)
                  20008484    0000019c                  : driver.obj (.text:_SlDrvMsgWrite)
                  20008620    00000198     timer_if.obj (.text)
                  200087b8    00000190     simplelink.a : driver.obj (.text:_SlDrvWaitForPoolObj)
                  20008948    0000018c                  : socket.obj (.text:sl_Connect)
                  20008ad4    00000178     driverlib.a : prcm.obj (.text:PRCMCC3200MCUInit)
                  20008c4c    00000170     simplelink.a : driver.obj (.text:_SlFindAndSetActiveObj)
                  20008dbc    00000150                  : driver.obj (.text:_SlDrvDataWriteOp)
                  20008f0c    00000148                  : cc_pal.obj (.text:spi_Open)
                  20009054    00000144                  : driver.obj (.text:_SlDrvMsgReadCmdCtx)
                  20009198    00000144                  : netapp.obj (.text:sl_NetAppDnsGetHostByName)
                  200092dc    0000013c     rtsv7M4_T_le_v4SPD16_eabi.lib : _printfi.c.obj (.text:_pconv_e)
                  20009418    00000136                                   : fd_div_t2.asm.obj (.text)
                  2000954e    00000002                                   : div0.asm.obj (.text)
                  20009550    00000134     simplelink.a : socket.obj (.text:sl_Send)
                  20009684    00000130                  : driver.obj (.text:_SlDrvDriverCBDeinit)
                  200097b4    00000124     rtsv7M4_T_le_v4SPD16_eabi.lib : _printfi.c.obj (.text:fcvt)
                  200098d8    00000114                                   : memory.c.obj (.text:realloc)
                  200099ec    00000110                                   : s_scalbn.c.obj (.text:scalbn)
                  20009afc    00000104     simplelink.a : netapp.obj (.text:_SlDrvNetAppEventHandler)
                  20009c00    000000fc     rtsv7M4_T_le_v4SPD16_eabi.lib : fd_mul_t2.asm.obj (.text)
                  20009cfc    000000f0     simplelink.a : device.obj (.text:sl_Stop)
                  20009dec    000000f0                  : cc_pal.obj (.text:spi_Read)
                  20009edc    000000f0     driverlib.a : udma.obj (.text:uDMAChannelTransferSet)
                  20009fcc    000000ec     simplelink.a : device.obj (.text:sl_Start)
                  2000a0b8    000000e8                  : driver.obj (.text:_SlAsyncEventGenericHandler)
                  2000a1a0    000000e8                  : driver.obj (.text:_SlDrvMsgReadSpawnCtx)
                  2000a288    000000e4                  : netapp.obj (.text:sl_NetAppMDNSRegisterUnregisterService)
                  2000a36c    000000dc                  : driver.obj (.text:_SlDrvClassifyRxMsg)
                  2000a448    000000d8     rtsv7M4_T_le_v4SPD16_eabi.lib : memory.c.obj (.text:free)
                  2000a520    000000d4     pinmux.obj (.text)
                  2000a5f4    000000cc     simplelink.a : netapp.obj (.text:_sl_HandleAsync_DnsGetHostByService)
                  2000a6c0    000000cc                  : device.obj (.text:sl_DevGet)
                  2000a78c    000000c4                  : driver.obj (.text:_SlRemoveFromList)
                  2000a850    000000c0                  : driver.obj (.text:_SlDrvCmdOp)
                  2000a910    000000b1     rtsv7M4_T_le_v4SPD16_eabi.lib : _printfi.c.obj (.text:_ltostr)
                  2000a9c1    00000003     --HOLE-- [fill = 0]
                  2000a9c4    000000b0     simplelink.a : nonos.obj (.text:_SlNonOsSemGet)
                  2000aa74    000000a8     driverlib.a : interrupt.obj (.text:IntDisable)
                  2000ab1c    000000a8                 : interrupt.obj (.text:IntEnable)
                  2000abc4    000000a4     simplelink.a : driver.obj (.text:_SlDriverHandleError)
                  2000ac68    000000a0     driverlib.a : spi.obj (.text:SPIConfigSetExpClk)
                  2000ad08    000000a0     simplelink.a : socket.obj (.text:sl_Recv)
                  2000ada8    0000009c     rtsv7M4_T_le_v4SPD16_eabi.lib : memcpy_t2.asm.obj (.text)
                  2000ae44    0000009a     simplelink.a : device.obj (.text:_SlDrvDeviceEventHandler)
                  2000aede    00000002     --HOLE-- [fill = 0]
                  2000aee0    00000098                  : device.obj (.text:sl_DevSet)
                  2000af78    00000098                  : netcfg.obj (.text:sl_NetCfgSet)
                  2000b010    00000098                  : socket.obj (.text:sl_SetSockOpt)
                  2000b0a8    00000098                  : wlan.obj (.text:sl_WlanSet)
                  2000b140    00000098                  : cc_pal.obj (.text:spi_Write)
                  2000b1d8    00000096     rtsv7M4_T_le_v4SPD16_eabi.lib : ull_div_t2.asm.obj (.text)
                  2000b26e    00000002     --HOLE-- [fill = 0]
                  2000b270    00000094     driverlib.a : prcm.obj (.text:PRCMPeripheralClockGet)
                  2000b304    00000090     simplelink.a : netapp.obj (.text:_sl_HandleAsync_DnsGetHostByName)
                  2000b394    00000090                  : netapp.obj (.text:_sl_HandleAsync_PingResponse)
                  2000b424    00000090                  : wlan.obj (.text:sl_WlanPolicySet)
                  2000b4b4    0000008c                  : cc_pal.obj (.text:SetupDMAReceive)
                  2000b540    0000008c                  : cc_pal.obj (.text:SetupDMASend)
                  2000b5cc    0000008c                  : driver.obj (.text:_SlDrvIsTimeoutExpired)
                  2000b658    0000008c                  : device.obj (.text:_sl_HandleAsync_InitComplete)
                  2000b6e4    0000008c                  : socket.obj (.text:sl_Socket)
                  2000b770    00000088     driverlib.a : pin.obj (.text:PinConfigSet)
                  2000b7f8    00000086     rtsv7M4_T_le_v4SPD16_eabi.lib : fd_cmp_t2.asm.obj (.text:__aeabi_cdcmple)
                  2000b87e    00000086                                   : fd_cmp_t2.asm.obj (.text:__aeabi_cdrcmple)
                  2000b904    00000084     simplelink.a : wlan.obj (.text:sl_WlanRxFilterSet)
                  2000b988    00000082     driverlib.a : gpio.obj (.text:GPIOIntTypeSet)
                  2000ba0a    00000002     --HOLE-- [fill = 0]
                  2000ba0c    00000080     simplelink.a : socket.obj (.text:_sl_HandleAsync_Connect)
                  2000ba8c    00000080                  : cc_pal.obj (.text:spi_Read_CPU)
                  2000bb0c    00000080                  : cc_pal.obj (.text:spi_Write_CPU)
                  2000bb8c    0000007a     rtsv7M4_T_le_v4SPD16_eabi.lib : memset_t2.asm.obj (.text)
                  2000bc06    00000002     --HOLE-- [fill = 0]
                  2000bc08    00000078                                   : memory.c.obj (.text:malloc)
                  2000bc80    00000078     simplelink.a : cc_pal.obj (.text:spi_Close)
                  2000bcf8    00000076     driverlib.a : uart.obj (.text:UARTConfigSetExpClk)
                  2000bd6e    00000002     --HOLE-- [fill = 0]
                  2000bd70    00000074     simplelink.a : nonos.obj (.text:_SlNonOsMainLoopTask)
                  2000bde4    00000070     driverlib.a : timer.obj (.text:TimerIntRegister)
                  2000be54    0000006e     rtsv7M4_T_le_v4SPD16_eabi.lib : _printfi.c.obj (.text:_mcpy)
                  2000bec2    00000002     --HOLE-- [fill = 0]
                  2000bec4    0000006c     simplelink.a : driver.obj (.text:_SlDrvCmdSend)
                  2000bf30    0000006c                  : netapp.obj (.text:_sl_NetAppSendTokenValue)
                  2000bf9c    00000068     driverlib.a : timer.obj (.text:TimerIntUnregister)
                  2000c004    00000068     rtsv7M4_T_le_v4SPD16_eabi.lib : copy_decompress_lzss.c.obj (.text:decompress:lzss:__TI_decompress_lzss)
                  2000c06c    00000064     simplelink.a : nonos.obj (.text:_SlNonOsSpawn)
                  2000c0d0    00000064                  : socket.obj (.text:_sl_HandleAsync_Accept)
                  2000c134    00000064     rtsv7M4_T_le_v4SPD16_eabi.lib : s_frexp.c.obj (.text:frexp)
                  2000c198    00000064     simplelink.a : netapp.obj (.text:sl_NetAppMDNSUnRegisterService)
                  2000c1fc    00000064     driverlib.a : udma.obj (.text:uDMAChannelAttributeDisable)
                  2000c260    00000064                 : udma.obj (.text:uDMAChannelAttributeEnable)
                  2000c2c4    00000060     simplelink.a : socket.obj (.text:sl_Close)
                  2000c324    00000060                  : wlan.obj (.text:sl_WlanProfileDel)
                  2000c384    00000060                  : wlan.obj (.text:sl_WlanSetMode)
                  2000c3e4    00000058     driverlib.a : interrupt.obj (.text:IntPendClear)
                  2000c43c    00000058                 : prcm.obj (.text:PRCMPeripheralReset)
                  2000c494    00000056     rtsv7M4_T_le_v4SPD16_eabi.lib : _printfi.c.obj (.text:_pconv_f)
                  2000c4ea    00000002     --HOLE-- [fill = 0]
                  2000c4ec    00000054     driverlib.a : interrupt.obj (.text:IntPrioritySet)
                  2000c540    00000054     simplelink.a : driver.obj (.text:_SlDrvRxIrqHandler)
                  2000c594    00000054                  : socket.obj (.text:_sl_HandleAsync_Select)
                  2000c5e8    00000054     rtsv7M4_T_le_v4SPD16_eabi.lib : ltoa.c.obj (.text:ltoa)
                  2000c63c    00000052                                   : _printfi.c.obj (.text:_ecpy)
                  2000c68e    00000002     --HOLE-- [fill = 0]
                  2000c690    00000050     simplelink.a : device.obj (.text:_sl_HandleAsync_Stop)
                  2000c6e0    0000004c     driverlib.a : spi.obj (.text:SPIIntEnable)
                  2000c72c    0000004c                 : spi.obj (.text:SPIIntNumberGet)
                  2000c778    0000004c     simplelink.a : driver.obj (.text:_SlDrvProtectAsyncRespSetting)
                  2000c7c4    0000004c                  : socket.obj (.text:_sl_BuildAddress)
                  2000c810    0000004c     rtsv7M4_T_le_v4SPD16_eabi.lib : atoi.c.obj (.text:atoi)
                  2000c85c    0000004c     driverlib.a : udma.obj (.text:uDMAChannelAssign)
                  2000c8a8    00000048                 : gpio.obj (.text:GPIOGetIntNumber)
                  2000c8f0    00000048                 : spi.obj (.text:SPIIntClear)
                  2000c938    00000048     simplelink.a : driver.obj (.text:_SlDrvBasicCmd)
                  2000c980    00000048     rtsv7M4_T_le_v4SPD16_eabi.lib : fd_toi_t2.asm.obj (.text)
                  2000c9c8    00000044     driverlib.a : spi.obj (.text:SPIDmaMaskGet)
                  2000ca0c    00000044                 : timer.obj (.text:TimerConfigure)
                  2000ca50    00000044     simplelink.a : driver.obj (.text:_SlDrvSyncObjWaitTimeout)
                  2000ca94    00000044     rtsv7M4_T_le_v4SPD16_eabi.lib : autoinit.c.obj (.text:__TI_auto_init_nobinit_nopinit:__TI_auto_init_nobinit_nopinit)
                  2000cad8    00000044     simplelink.a : cc_pal.obj (.text:cc_SetupTransfer)
                  2000cb1c    00000042                  : socket.obj (.text:sl_Htonl)
                  2000cb5e    00000002     --HOLE-- [fill = 0]
                  2000cb60    00000040     driverlib.a : pin.obj (.text:PinModeSet)
                  2000cba0    00000040     simplelink.a : socket.obj (.text:_sl_TruncatePayloadByProtocol)
                  2000cbe0    00000040     rtsv7M4_T_le_v4SPD16_eabi.lib : sprintf.c.obj (.text:sprintf)
                  2000cc20    00000040                                   : vsnprintf.c.obj (.text:vsnprintf)
                  2000cc60    0000003e     simplelink.a : cc_pal.obj (.text:NwpRegisterInterruptHandler)
                  2000cc9e    0000003e     rtsv7M4_T_le_v4SPD16_eabi.lib : _printfi.c.obj (.text:_fcpy)
                  2000ccdc    0000003c     simplelink.a : netapp.obj (.text:CopyPingResultsToReport)
                  2000cd18    0000003c     driverlib.a : prcm.obj (.text:PRCMPeripheralClkEnable)
                  2000cd54    0000003c     rtsv7M4_T_le_v4SPD16_eabi.lib : memory.c.obj (.text:minsert)
                  2000cd90    0000003c     simplelink.a : cc_pal.obj (.text:simplelink_timerA2_start)
                  2000cdcc    0000003c                  : socket.obj (.text:sl_Htons)
                  2000ce08    0000003c     driverlib.a : udma.obj (.text:uDMAChannelControlSet)
                  2000ce44    00000038     simplelink.a : cc_pal.obj (.text:NwpPowerOff)
                  2000ce7c    00000038     rtsv7M4_T_le_v4SPD16_eabi.lib : boot_cortex_m.c.obj (.text:_c_int00_noargs:_c_int00_noargs)
                  2000ceb4    00000038                                   : memory.c.obj (.text:minit)
                  2000ceec    00000038     simplelink.a : wlan.obj (.text:sl_WlanDisconnect)
                  2000cf24    00000036     driverlib.a : gpio.obj (.text:GPIODirModeSet)
                  2000cf5a    00000002     --HOLE-- [fill = 0]
                  2000cf5c    00000034                 : prcm.obj (.text:PRCMPeripheralStatusGet)
                  2000cf90    00000034                 : spi.obj (.text:SPIFIFOLevelSet)
                  2000cfc4    00000030                 : pin.obj (.text:PinTypeGPIO)
                  2000cff4    00000030                 : uart.obj (.text:UARTDisable)
                  2000d024    00000030     rtsv7M4_T_le_v4SPD16_eabi.lib : vsnprintf.c.obj (.text:_outs)
                  2000d054    0000002e                                   : i_tofd_t2.asm.obj (.text)
                  2000d082    00000002     --HOLE-- [fill = 0]
                  2000d084    0000002c     simplelink.a : cc_pal.obj (.text:NwpPowerOn)
                  2000d0b0    0000002c     driverlib.a : prcm.obj (.text:PRCMSysResetCauseGet)
                  2000d0dc    0000002c     simplelink.a : driver.obj (.text:_SlDrvObjGlobalLockWaitForever)
                  2000d108    0000002c                  : driver.obj (.text:_SlDrvProtectionObjLockWaitForever)
                  2000d134    0000002a     driverlib.a : timer.obj (.text:TimerLoadSet)
                  2000d15e    0000002a                 : timer.obj (.text:TimerPrescaleSet)
                  2000d188    00000028                 : prcm.obj (.text:PRCMPeripheralClkDisable)
                  2000d1b0    00000028     simplelink.a : driver.obj (.text:_SlDrvGlobalObjUnLock)
                  2000d1d8    00000028                  : driver.obj (.text:_SlDrvProtectionObjUnLock)
                  2000d200    00000028                  : driver.obj (.text:_SlDrvSyncObjWaitForever)
                  2000d228    00000028     rtsv7M4_T_le_v4SPD16_eabi.lib : memory.c.obj (.text:mremove)
                  2000d250    00000026     simplelink.a : driver.obj (.text:_SlDrvObjLockWaitForever)
                  2000d276    00000002     --HOLE-- [fill = 0]
                  2000d278    00000024                  : cc_pal.obj (.text:DmaSpiSwIntHandler)
                  2000d29c    00000024     driverlib.a : interrupt.obj (.text:IntUnregister)
                  2000d2c0    00000024                 : uart.obj (.text:UARTEnable)
                  2000d2e4    00000024     rtsv7M4_T_le_v4SPD16_eabi.lib : memmov.c.obj (.text:memmove)
                  2000d308    00000022     driverlib.a : gpio.obj (.text:GPIOIntStatus)
                  2000d32a    00000022                 : spi.obj (.text:SPIReset)
                  2000d34c    00000022                 : spi.obj (.text:SPIWordCountSet)
                  2000d36e    00000020                 : gpio.obj (.text:GPIOPinWrite)
                  2000d38e    00000002     --HOLE-- [fill = 0]
                  2000d390    00000020                 : interrupt.obj (.text:IntRegister)
                  2000d3b0    00000020     simplelink.a : cc_pal.obj (.text:NwpPrePowerOffTimout0)
                  2000d3d0    00000020                  : cc_pal.obj (.text:TimerGetCurrentTimestamp)
                  2000d3f0    00000020                  : driver.obj (.text:_SlDrvObjUnLock)
                  2000d410    00000020                  : driver.obj (.text:_SlDrvSyncObjSignal)
                  2000d430    0000001e     driverlib.a : gpio.obj (.text:GPIOIntRegister)
                  2000d44e    0000001e                 : timer.obj (.text:TimerDisable)
                  2000d46c    0000001e                 : timer.obj (.text:TimerEnable)
                  2000d48a    0000001e                 : timer.obj (.text:TimerIntStatus)
                  2000d4a8    0000001e                 : uart.obj (.text:UARTCharPut)
                  2000d4c6    0000001e     simplelink.a : cc_pal.obj (.text:cc_UDMAChannelSelect)
                  2000d4e4    0000001c     driverlib.a : timer.obj (.text:TimerValueGet)
                  2000d500    0000001c                 : uart.obj (.text:UARTCharGetNonBlocking)
                  2000d51c    0000001c     simplelink.a : driver.obj (.text:_SlDrvStartMeasureTimeout)
                  2000d538    0000001c     rtsv7M4_T_le_v4SPD16_eabi.lib : memccpy.c.obj (.text:memccpy)
                  2000d554    0000001c     driverlib.a : udma.obj (.text:uDMAChannelEnable)
                  2000d570    0000001a                 : gpio.obj (.text:GPIOIntDisable)
                  2000d58a    0000001a                 : gpio.obj (.text:GPIOIntEnable)
                  2000d5a4    0000001a                 : pin.obj (.text:PinTypeUART)
                  2000d5be    0000001a                 : spi.obj (.text:SPIDmaDisable)
                  2000d5d8    0000001a                 : spi.obj (.text:SPIDmaEnable)
                  2000d5f2    0000001a                 : spi.obj (.text:SPIFIFODisable)
                  2000d60c    0000001a                 : spi.obj (.text:SPIFIFOEnable)
                  2000d626    0000001a                 : spi.obj (.text:SPIIntUnregister)
                  2000d640    00000018                 : gpio.obj (.text:GPIOPinRead)
                  2000d658    00000018                 : spi.obj (.text:SPICSDisable)
                  2000d670    00000018                 : spi.obj (.text:SPICSEnable)
                  2000d688    00000018                 : spi.obj (.text:SPIDisable)
                  2000d6a0    00000018                 : spi.obj (.text:SPIEnable)
                  2000d6b8    00000018                 : timer.obj (.text:TimerIntDisable)
                  2000d6d0    00000018                 : timer.obj (.text:TimerIntEnable)
                  2000d6e8    00000018                 : uart.obj (.text:UARTCharsAvail)
                  2000d700    00000018     simplelink.a : nonos.obj (.text:_SlNonOsSemSet)
                  2000d718    00000018     rtsv7M4_T_le_v4SPD16_eabi.lib : vsnprintf.c.obj (.text:_outc)
                  2000d730    00000018                                   : sprintf.c.obj (.text:_outs)
                  2000d748    00000018     simplelink.a : device.obj (.text:_sl_GetStartResponseConvert)
                  2000d760    00000016     driverlib.a : prcm.obj (.text:PRCMHIBRegRead)
                  2000d776    00000016                 : prcm.obj (.text:PRCMHIBRegWrite)
                  2000d78c    00000016     simplelink.a : driver.obj (.text:_SlDrvMemZero)
                  2000d7a2    00000016     rtsv7M4_T_le_v4SPD16_eabi.lib : strchr.c.obj (.text:strchr)
                  2000d7b8    00000014     driverlib.a : cpu.obj (.text:CPUcpsie)
                  2000d7cc    00000014                 : gpio.obj (.text:GPIOIntClear)
                  2000d7e0    00000014                 : interrupt.obj (.text:IntVTableBaseSet)
                  2000d7f4    00000014     rtsv7M4_T_le_v4SPD16_eabi.lib : s_copysign.c.obj (.text:copysign)
                  2000d808    00000014                                   : strcpy.c.obj (.text:strcpy)
                  2000d81c    00000014                                   : strlen.c.obj (.text:strlen)
                  2000d830    00000012     driverlib.a : timer.obj (.text:TimerIntClear)
                  2000d842    00000012     rtsv7M4_T_le_v4SPD16_eabi.lib : copy_zero_init.c.obj (.text:decompress:ZI:__TI_zero_init_nomemset:__TI_zero_init_nomemset)
                  2000d854    00000012                                   : wcslen.c.obj (.text:wcslen)
                  2000d866    00000010     simplelink.a : driver.obj (.text:_SlDrvDispatchHttpServerEvents)
                  2000d876    0000000e                  : driver.obj (.text:_SlDrvResetCmdExt)
                  2000d884    0000000e     rtsv7M4_T_le_v4SPD16_eabi.lib : copy_decompress_none.c.obj (.text:decompress:none:__TI_decompress_none)
                  2000d892    0000000e     startup_ccs.obj (.text)
                  2000d8a0    0000000c     simplelink.a : cc_pal.obj (.text:NwpMaskInterrupt)
                  2000d8ac    0000000c                  : cc_pal.obj (.text:NwpUnMaskInterrupt)
                  2000d8b8    0000000a     driverlib.a : interrupt.obj (.text:IntMasterEnable)
                  2000d8c2    0000000a     rtsv7M4_T_le_v4SPD16_eabi.lib : sprintf.c.obj (.text:_outc)
                  2000d8cc    00000008                                   : errno.c.obj (.text:__aeabi_errno_addr)
                  2000d8d4    00000006     driverlib.a : utils.obj (.text:UtilsDelay)
                  2000d8da    00000004     rtsv7M4_T_le_v4SPD16_eabi.lib : pre_init.c.obj (.text:_system_pre_init)
                  2000d8de    00000004                                   : exit.c.obj (.text:abort:abort)

.const     0    2000d8e4    0000068e     
                  2000d8e4    00000101     rtsv7M4_T_le_v4SPD16_eabi.lib : ctype.c.obj (.const:.string:_ctypes_)
                  2000d9e5    00000003     --HOLE-- [fill = 0]
                  2000d9e8    00000100     driverlib.a : pin.obj (.const:g_ulPinToPadMap)
                  2000dae8    000000d4                 : interrupt.obj (.const:g_pulRegs)
                  2000dbbc    000000a8                 : prcm.obj (.const:PRCM_PeriphRegsList)
                  2000dc64    00000080                 : interrupt.obj (.const)
                  2000dce4    00000049     main.obj (.const:.string:$P$T8$9)
                  2000dd2d    00000001     --HOLE-- [fill = 0]
                  2000dd2e    0000003c     simplelink.a : driver.obj (.const:OpcodeTranslateTable)
                  2000dd6a    00000002     --HOLE-- [fill = 0]
                  2000dd6c    00000038                  : driver.obj (.const:_SlActionLookupTable)
                  2000dda4    00000030     main.obj (.const:.string)
                  2000ddd4    0000002c     main.obj (.const:$P$T1$2)
                  2000de00    00000024     driverlib.a : spi.obj (.const:g_ppulSPIIntMap)
                  2000de24    00000022     main.obj (.const:.string:$P$T0$1)
                  2000de46    00000002     --HOLE-- [fill = 0]
                  2000de48    00000020     simplelink.a : driver.obj (.const:RxMsgClassLUT)
                  2000de68    00000018     driverlib.a : spi.obj (.const)
                  2000de80    00000015     main.obj (.const:.string:$P$T6$7)
                  2000de95    00000003     --HOLE-- [fill = 0]
                  2000de98    00000014     simplelink.a : driver.obj (.const:$P$T0$1)
                  2000deac    00000014                  : nonos.obj (.const:$P$T0$1)
                  2000dec0    00000014     main.obj (.const:$P$T2$3)
                  2000ded4    00000010     simplelink.a : socket.obj (.const:.string:_SlPayloadByProtocolLUT)
                  2000dee4    0000000c     main.obj (.const:$P$T4$5)
                  2000def0    0000000c     main.obj (.const:.string:$P$T3$4)
                  2000defc    00000009     main.obj (.const:.string:$P$T5$6)
                  2000df05    00000008     simplelink.a : device.obj (.const:StartResponseLUT)
                  2000df0d    00000003     --HOLE-- [fill = 0]
                  2000df10    00000008                  : driver.obj (.const:g_H2NCnysPattern)
                  2000df18    00000008                  : driver.obj (.const:g_H2NSyncPattern)
                  2000df20    00000005     main.obj (.const:.string:$P$T7$8)
                  2000df25    00000001     --HOLE-- [fill = 0]
                  2000df26    00000004     simplelink.a : wlan.obj (.const:$P$T0$1)
                  2000df2a    00000004                  : socket.obj (.const:$P$T2$3)
                  2000df2e    00000004                  : device.obj (.const:_SlDeviceGetCmdCtrl)
                  2000df32    00000004                  : device.obj (.const:_SlDeviceSetCmdCtrl)
                  2000df36    00000004                  : netapp.obj (.const:_SlGetHostByNameCtrl)
                  2000df3a    00000004                  : netapp.obj (.const:_SlNetAppSendTokenValueCmdCtrl)
                  2000df3e    00000004                  : netcfg.obj (.const:_SlNetCfgSetCmdCtrl)
                  2000df42    00000004                  : wlan.obj (.const:_SlPolicySetCmdCtrl)
                  2000df46    00000004                  : wlan.obj (.const:_SlProfileDelCmdCtrl)
                  2000df4a    00000004                  : socket.obj (.const:_SlRecvCmdCtrl)
                  2000df4e    00000004                  : netapp.obj (.const:_SlRegisterServiceCtrl)
                  2000df52    00000004                  : wlan.obj (.const:_SlRxFilterSetCmdCtrl)
                  2000df56    00000004                  : socket.obj (.const:_SlSendCmdCtrl)
                  2000df5a    00000004                  : socket.obj (.const:_SlSetSockOptCmdCtrl)
                  2000df5e    00000004                  : socket.obj (.const:_SlSockCloseCmdCtrl)
                  2000df62    00000004                  : socket.obj (.const:_SlSockSocketCmdCtrl)
                  2000df66    00000004                  : device.obj (.const:_SlStopCmdCtrl)
                  2000df6a    00000004                  : wlan.obj (.const:_SlWlanCfgSetCmdCtrl)
                  2000df6e    00000004                  : wlan.obj (.const:_SlWlanSetModeCmdCtrl)

.cinit     0    2000df78    00000078     
                  2000df78    0000004f     (.cinit..data.load) [load image, compression = lzss]
                  2000dfc7    00000001     --HOLE-- [fill = 0]
                  2000dfc8    0000000c     (__TI_handler_table)
                  2000dfd4    00000004     --HOLE-- [fill = 0]
                  2000dfd8    00000008     (.cinit..bss.load) [load image, compression = zero_init]
                  2000dfe0    00000010     (__TI_cinit_table)

.sysmem    0    20017000    00008000     UNINITIALIZED
                  20017000    00000008     rtsv7M4_T_le_v4SPD16_eabi.lib : memory.c.obj (.sysmem)
                  20017008    00007ff8     --HOLE--

.bss       0    2001f000    0000024e     UNINITIALIZED
                  2001f000    00000168     simplelink.a : driver.obj (.bss:g_StatMem)
                  2001f168    00000050     (.common:g_ucDinDout)
                  2001f1b8    0000002c     (.common:g_time)
                  2001f1e4    00000028     (.common:knock)
                  2001f20c    00000024     (.common:g_ucConnectionSSID)
                  2001f230    00000008     (.common:g_ucConnectionBSSID)
                  2001f238    00000004     uart_if.obj (.bss)
                  2001f23c    00000004     (.common:holdCount)
                  2001f240    00000004     (.common:oldTime1)
                  2001f244    00000004     (.common:oldTime2)
                  2001f248    00000001     (.common:RxIrqCnt)
                  2001f249    00000001     (.common:g_bDeviceRestartIsRequired)
                  2001f24a    00000001     (.common:g_cDummy)
                  2001f24b    00000001     (.common:g_ucLED1Pin)
                  2001f24c    00000001     (.common:g_ucLED2Pin)
                  2001f24d    00000001     (.common:g_ucLED3Pin)

.data      0    2001f250    000000e8     UNINITIALIZED
                  2001f250    0000003c     simplelink.a : nonos.obj (.data:g__SlNonOsCB)
                  2001f28c    00000030     main.obj (.data)
                  2001f2bc    00000028     main.obj (.data:secretKnock)
                  2001f2e4    00000014     gpio_if.obj (.data:ulReg)
                  2001f2f8    0000000d     simplelink.a : driver.obj (.data)
                  2001f305    00000003     --HOLE--
                  2001f308    0000000c     rtsv7M4_T_le_v4SPD16_eabi.lib : memory.c.obj (.data:$O1$$)
                  2001f314    0000000c     gpio_if.obj (.data)
                  2001f320    00000009     simplelink.a : cc_pal.obj (.data)
                  2001f329    00000003     --HOLE--
                  2001f32c    00000008     rtsv7M4_T_le_v4SPD16_eabi.lib : _lock.c.obj (.data:$O1$$)
                  2001f334    00000004                                   : errno.c.obj (.data)

.stack     0    2002f000    00001000     UNINITIALIZED
                  2002f000    00000004     rtsv7M4_T_le_v4SPD16_eabi.lib : boot_cortex_m.c.obj (.stack)
                  2002f004    00000ffc     --HOLE--

MODULE SUMMARY

       Module                       code    ro data   rw data
       ------                       ----    -------   -------
    .\
       main.obj                     6740    278       228    
       startup_ccs.obj              14      1024      0      
       gpio_if.obj                  920     0         35     
       uart_if.obj                  640     0         4      
       timer_if.obj                 408     0         0      
       pinmux.obj                   212     0         0      
    +--+----------------------------+-------+---------+---------+
       Total:                       8934    1302      267    
                                                             
    C:/ti/CC3200SDK_1.3.0/cc3200-sdk/driverlib/ccs/Release/driverlib.a
       prcm.obj                     852     168       0      
       interrupt.obj                608     340       0      
       spi.obj                      798     60        0      
       udma.obj                     604     0         0      
       timer.obj                    552     0         0      
       pin.obj                      274     256       0      
       gpio.obj                     448     0         0      
       uart.obj                     284     0         0      
       cpu.obj                      20      0         0      
       utils.obj                    6       0         0      
    +--+----------------------------+-------+---------+---------+
       Total:                       4446    824       0      
                                                             
    C:/ti/CC3200SDK_1.3.0/cc3200-sdk/simplelink/ccs/NON_OS/simplelink.a
       driver.obj                   7714    184       375    
       cc_pal.obj                   1820    0         90     
       socket.obj                   1830    40        0      
       netapp.obj                   1572    12        0      
       wlan.obj                     1312    24        0      
       device.obj                   1230    20        0      
       nonos.obj                    416     20        60     
       netcfg.obj                   152     4         0      
    +--+----------------------------+-------+---------+---------+
       Total:                       16046   304       525    
                                                             
    C:\ti\ccsv8\tools\compiler\ti-cgt-arm_18.1.4.LTS\lib\rtsv7M4_T_le_v4SPD16_eabi.lib
       _printfi.c.obj               4867    0         0      
       memory.c.obj                 768     0         12     
       fd_add_t2.asm.obj            438     0         0      
       fd_div_t2.asm.obj            310     0         0      
       s_scalbn.c.obj               272     0         0      
       fd_cmp_t2.asm.obj            268     0         0      
       ctype.c.obj                  0       257       0      
       fd_mul_t2.asm.obj            252     0         0      
       memcpy_t2.asm.obj            156     0         0      
       ull_div_t2.asm.obj           150     0         0      
       vsnprintf.c.obj              136     0         0      
       memset_t2.asm.obj            122     0         0      
       copy_decompress_lzss.c.obj   104     0         0      
       s_frexp.c.obj                100     0         0      
       sprintf.c.obj                98      0         0      
       ltoa.c.obj                   84      0         0      
       atoi.c.obj                   76      0         0      
       fd_toi_t2.asm.obj            72      0         0      
       autoinit.c.obj               68      0         0      
       boot_cortex_m.c.obj          56      0         0      
       i_tofd_t2.asm.obj            46      0         0      
       memmov.c.obj                 36      0         0      
       memccpy.c.obj                28      0         0      
       strchr.c.obj                 22      0         0      
       s_copysign.c.obj             20      0         0      
       strcpy.c.obj                 20      0         0      
       strlen.c.obj                 20      0         0      
       copy_zero_init.c.obj         18      0         0      
       wcslen.c.obj                 18      0         0      
       copy_decompress_none.c.obj   14      0         0      
       errno.c.obj                  8       0         4      
       _lock.c.obj                  2       0         8      
       exit.c.obj                   4       0         0      
       pre_init.c.obj               4       0         0      
       div0.asm.obj                 2       0         0      
    +--+----------------------------+-------+---------+---------+
       Total:                       8659    257       24     
                                                             
       Heap:                        0       0         32768  
       Stack:                       0       0         4096   
       Linker Generated:            0       115       0      
    +--+----------------------------+-------+---------+---------+
       Grand Total:                 38085   2802      37680  


LINKER GENERATED COPY TABLES

__TI_cinit_table @ 2000dfe0 records: 2, size/record: 8, table size: 16
	.data: load addr=2000df78, load size=0000004f bytes, run addr=2001f250, run size=000000e8 bytes, compression=lzss
	.bss: load addr=2000dfd8, load size=00000008 bytes, run addr=2001f000, run size=0000024e bytes, compression=zero_init


LINKER GENERATED HANDLER TABLE

__TI_handler_table @ 2000dfc8 records: 3, size/record: 4, table size: 12
	index: 0, handler: __TI_decompress_lzss
	index: 1, handler: __TI_decompress_none
	index: 2, handler: __TI_zero_init


GLOBAL SYMBOLS: SORTED ALPHABETICALLY BY Name 

address   name                                  
-------   ----                                  
2000d8df  C$$EXIT                               
2000d7b9  CPUcpsie                              
2000721d  ClearTerm                             
2000d279  DmaSpiSwIntHandler                    
20007227  Error                                 
2000cf25  GPIODirModeSet                        
2000d7cd  GPIOIntClear                          
2000d571  GPIOIntDisable                        
2000d58b  GPIOIntEnable                         
2000d431  GPIOIntRegister                       
2000d309  GPIOIntStatus                         
2000b989  GPIOIntTypeSet                        
2000d641  GPIOPinRead                           
2000d36f  GPIOPinWrite                          
20007105  GPIO_IF_ConfigureNIntEnable           
20007191  GPIO_IF_Get                           
200070bf  GPIO_IF_GetPortNPin                   
20006e81  GPIO_IF_LedConfigure                  
20006f73  GPIO_IF_LedOff                        
20006ebf  GPIO_IF_LedOn                         
20007027  GPIO_IF_LedStatus                     
20007091  GPIO_IF_LedToggle                     
2000714d  GPIO_IF_Set                           
2000725f  GetCmd                                
200071dd  InitTerm                              
2000aa75  IntDisable                            
2000ab1d  IntEnable                             
2000d8b9  IntMasterEnable                       
2000c3e5  IntPendClear                          
2000c4ed  IntPrioritySet                        
2000d391  IntRegister                           
2000d29d  IntUnregister                         
2000d7e1  IntVTableBaseSet                      
20005291  InterruptHandler                      
200071fb  Message                               
2000d8a1  NwpMaskInterrupt                      
2000ce45  NwpPowerOff                           
2000d085  NwpPowerOn                            
2000d3b1  NwpPrePowerOffTimout0                 
2000cc61  NwpRegisterInterruptHandler           
2000d8ad  NwpUnMaskInterrupt                    
2000dd2e  OpcodeTranslateTable                  
20008ad5  PRCMCC3200MCUInit                     
2000d761  PRCMHIBRegRead                        
2000d777  PRCMHIBRegWrite                       
2000d189  PRCMPeripheralClkDisable              
2000cd19  PRCMPeripheralClkEnable               
2000b271  PRCMPeripheralClockGet                
2000c43d  PRCMPeripheralReset                   
2000cf5d  PRCMPeripheralStatusGet               
2000d0b1  PRCMSysResetCauseGet                  
2000b771  PinConfigSet                          
2000cb61  PinModeSet                            
2000a521  PinMuxConfig                          
2000cfc5  PinTypeGPIO                           
2000d5a5  PinTypeUART                           
2000739d  Report                                
2000d893  ResetISR                              
2001f248  RxIrqCnt                              
2000d659  SPICSDisable                          
2000d671  SPICSEnable                           
2000ac69  SPIConfigSetExpClk                    
2000d689  SPIDisable                            
2000d5bf  SPIDmaDisable                         
2000d5d9  SPIDmaEnable                          
2000d6a1  SPIEnable                             
2000d5f3  SPIFIFODisable                        
2000d60d  SPIFIFOEnable                         
2000cf91  SPIFIFOLevelSet                       
2000c8f1  SPIIntClear                           
2000c6e1  SPIIntEnable                          
2000d627  SPIIntUnregister                      
2000d32b  SPIReset                              
2000d34d  SPIWordCountSet                       
20005589  SW2Handler                            
20005539  SW3Handler                            
200045d5  SimpleLinkGeneralEventHandler         
200045b1  SimpleLinkHttpServerCallback          
2000450f  SimpleLinkNetAppEventHandler          
200045f5  SimpleLinkSockEventHandler            
20004401  SimpleLinkWlanEventHandler            
200054fd  Timer1ISR                             
2000551d  Timer2ISR                             
2000ca0d  TimerConfigure                        
2000d44f  TimerDisable                          
2000d46d  TimerEnable                           
2000d3d1  TimerGetCurrentTimestamp              
2000d831  TimerIntClear                         
2000d6b9  TimerIntDisable                       
2000d6d1  TimerIntEnable                        
2000bde5  TimerIntRegister                      
2000d48b  TimerIntStatus                        
2000bf9d  TimerIntUnregister                    
2000d135  TimerLoadSet                          
2000d15f  TimerPrescaleSet                      
2000d4e5  TimerValueGet                         
20008767  Timer_IF_DeInit                       
20008799  Timer_IF_GetCount                     
200086a1  Timer_IF_Init                         
200086d3  Timer_IF_IntSetup                     
2000871f  Timer_IF_InterruptClear               
20008781  Timer_IF_ReLoad                       
20008737  Timer_IF_Start                        
20008757  Timer_IF_Stop                         
20007305  TrimSpace                             
2000d501  UARTCharGetNonBlocking                
2000d4a9  UARTCharPut                           
2000d6e9  UARTCharsAvail                        
2000bcf9  UARTConfigSetExpClk                   
2000cff5  UARTDisable                           
2000d2c1  UARTEnable                            
2000d8d5  UtilsDelay                            
2000dd6c  _SlActionLookupTable                  
2000abc5  _SlDriverHandleError                  
2000c939  _SlDrvBasicCmd                        
2000a851  _SlDrvCmdOp                           
2000bec5  _SlDrvCmdSend                         
20007b95  _SlDrvDataReadOp                      
20008dbd  _SlDrvDataWriteOp                     
2000ae45  _SlDrvDeviceEventHandler              
2000d867  _SlDrvDispatchHttpServerEvents        
20009685  _SlDrvDriverCBDeinit                  
200082d1  _SlDrvDriverCBInit                    
2000d1b1  _SlDrvGlobalObjUnLock                 
2000b5cd  _SlDrvIsTimeoutExpired                
2000d78d  _SlDrvMemZero                         
2000a1a1  _SlDrvMsgReadSpawnCtx                 
20009afd  _SlDrvNetAppEventHandler              
2000d251  _SlDrvObjLockWaitForever              
2000d3f1  _SlDrvObjUnLock                       
2000c779  _SlDrvProtectAsyncRespSetting         
2000d109  _SlDrvProtectionObjLockWaitForever    
2000d1d9  _SlDrvProtectionObjUnLock             
20007d79  _SlDrvReleasePoolObj                  
2000d877  _SlDrvResetCmdExt                     
2000c541  _SlDrvRxIrqHandler                    
2000d51d  _SlDrvStartMeasureTimeout             
2000d411  _SlDrvSyncObjSignal                   
2000d201  _SlDrvSyncObjWaitForever              
2000ca51  _SlDrvSyncObjWaitTimeout              
200087b9  _SlDrvWaitForPoolObj                  
2000df3a  _SlNetAppSendTokenValueCmdCtrl        
2000bd71  _SlNonOsMainLoopTask                  
2000a9c5  _SlNonOsSemGet                        
2000d701  _SlNonOsSemSet                        
2000c06d  _SlNonOsSpawn                         
20030000  __STACK_END                           
00001000  __STACK_SIZE                          
00008000  __SYSMEM_SIZE                         
2000dfe0  __TI_CINIT_Base                       
2000dff0  __TI_CINIT_Limit                      
2000dfc8  __TI_Handler_Table_Base               
2000dfd4  __TI_Handler_Table_Limit              
2000ca95  __TI_auto_init_nobinit_nopinit        
2000c005  __TI_decompress_lzss                  
2000d885  __TI_decompress_none                  
ffffffff  __TI_pprof_out_hndl                   
20005e55  __TI_printfi                          
ffffffff  __TI_prof_data_size                   
ffffffff  __TI_prof_data_start                  
2000df78  __TI_static_base__                    
2000d843  __TI_zero_init_nomemset               
2000b7f9  __aeabi_cdcmpeq                       
2000b7f9  __aeabi_cdcmple                       
2000b87f  __aeabi_cdrcmple                      
2000c981  __aeabi_d2iz                          
20008123  __aeabi_dadd                          
20009419  __aeabi_ddiv                          
20009c01  __aeabi_dmul                          
20008119  __aeabi_dsub                          
2000d8cd  __aeabi_errno_addr                    
2000d055  __aeabi_i2d                           
2000954f  __aeabi_idiv0                         
2000954f  __aeabi_ldiv0                         
2000bb8d  __aeabi_memclr                        
2000bb8d  __aeabi_memclr4                       
2000bb8d  __aeabi_memclr8                       
2000ada9  __aeabi_memcpy                        
2000ada9  __aeabi_memcpy4                       
2000ada9  __aeabi_memcpy8                       
2000bb8f  __aeabi_memset                        
2000bb8f  __aeabi_memset4                       
2000bb8f  __aeabi_memset8                       
2000b1d9  __aeabi_uldivmod                      
ffffffff  __binit__                             
ffffffff  __c_args__                            
UNDEFED   __mpu_init                            
2002f000  __stack                               
2000ce7d  _c_int00_noargs                       
2000d8e4  _ctypes_                              
2001f32c  _lock                                 
200082cf  _nop                                  
2000c0d1  _sl_HandleAsync_Accept                
2000ba0d  _sl_HandleAsync_Connect               
2000b305  _sl_HandleAsync_DnsGetHostByName      
2000a5f5  _sl_HandleAsync_DnsGetHostByService   
2000b659  _sl_HandleAsync_InitComplete          
2000b395  _sl_HandleAsync_PingResponse          
2000c595  _sl_HandleAsync_Select                
2000c691  _sl_HandleAsync_Stop                  
2000bf31  _sl_NetAppSendTokenValue              
20017000  _sys_memory                           
UNDEFED   _system_post_cinit                    
2000d8db  _system_pre_init                      
2001f330  _unlock                               
2000d8df  abort                                 
2000c811  atoi                                  
2001f2ac  attempts                              
ffffffff  binit                                 
200050f1  clearKnock                            
2000d7f5  copysign                              
2000d7f5  copysignl                             
2000548b  decode                                
2001f2a4  decodeFlag                            
2001f334  errno                                 
2000a449  free                                  
2000c135  frexp                                 
2000c135  frexpl                                
2001f298  g_Host                                
2001f2f8  g_SlDeviceStatus                      
2001f320  g_SpiFd                               
2001f250  g__SlNonOsCB                          
2001f249  g_bDeviceRestartIsRequired            
2001f24a  g_cDummy                              
2001f2fc  g_pCB                                 
2001f324  g_pHostIntHdl                         
20004000  g_pfnVectors                          
2001f1b8  g_time                                
2001f230  g_ucConnectionBSSID                   
2001f20c  g_ucConnectionSSID                    
2001f328  g_ucDMAEnabled                        
2001f168  g_ucDinDout                           
2001f24b  g_ucLED1Pin                           
2001f24c  g_ucLED2Pin                           
2001f24d  g_ucLED3Pin                           
2001f314  g_uiLED1Port                          
2001f318  g_uiLED2Port                          
2001f31c  g_uiLED3Port                          
2001f294  g_ulGatewayIP                         
2001f290  g_ulPingPacketsRecv                   
2001f28c  g_ulStatus                            
2001f23c  holdCount                             
2001f1e4  knock                                 
2001f29c  knockIndex                            
200099ed  ldexp                                 
200099ed  ldexpl                                
2000c5e9  ltoa                                  
20005635  main                                  
2000bc09  malloc                                
2000d539  memccpy                               
2000ada9  memcpy                                
2000d2e5  memmove                               
2000bb95  memset                                
2000ceb5  minit                                 
2001f240  oldTime1                              
2001f244  oldTime2                              
2001f300  pPingCallBackFunc                     
20004d49  printErrConvenience                   
2001f2a0  printFlag                             
200098d9  realloc                               
200099ed  scalbn                                
200099ed  scalbnl                               
2001f2bc  secretKnock                           
2001f2b8  secretLength                          
2000cd91  simplelink_timerA2_start              
2000c2c5  sl_Close                              
20008949  sl_Connect                            
2000a6c1  sl_DevGet                             
2000aee1  sl_DevSet                             
2000cb1d  sl_Htonl                              
2000cdcd  sl_Htons                              
20009199  sl_NetAppDnsGetHostByName             
2000a289  sl_NetAppMDNSRegisterUnregisterService
2000c199  sl_NetAppMDNSUnRegisterService        
2000af79  sl_NetCfgSet                          
2000ad09  sl_Recv                               
20009551  sl_Send                               
2000b011  sl_SetSockOpt                         
2000b6e5  sl_Socket                             
20009fcd  sl_Start                              
20009cfd  sl_Stop                               
2000745d  sl_WlanConnect                        
2000ceed  sl_WlanDisconnect                     
2000b425  sl_WlanPolicySet                      
2000c325  sl_WlanProfileDel                     
2000b905  sl_WlanRxFilterSet                    
2000b0a9  sl_WlanSet                            
2000c385  sl_WlanSetMode                        
2000bc81  spi_Close                             
20008f0d  spi_Open                              
20009ded  spi_Read                              
2000b141  spi_Write                             
2000cbe1  sprintf                               
2001f2b0  state                                 
2000d7a3  strchr                                
2000d809  strcpy                                
2000d81d  strlen                                
2000c85d  uDMAChannelAssign                     
2000c1fd  uDMAChannelAttributeDisable           
2000c261  uDMAChannelAttributeEnable            
2000ce09  uDMAChannelControlSet                 
2000d555  uDMAChannelEnable                     
20009edd  uDMAChannelTransferSet                
2001f2b4  unlock                                
2001f2a8  verifyFlag                            
2000cc21  vsnprintf                             
2000d855  wcslen                                


GLOBAL SYMBOLS: SORTED BY Symbol Address 

address   name                                  
-------   ----                                  
00001000  __STACK_SIZE                          
00008000  __SYSMEM_SIZE                         
20004000  g_pfnVectors                          
20004401  SimpleLinkWlanEventHandler            
2000450f  SimpleLinkNetAppEventHandler          
200045b1  SimpleLinkHttpServerCallback          
200045d5  SimpleLinkGeneralEventHandler         
200045f5  SimpleLinkSockEventHandler            
20004d49  printErrConvenience                   
200050f1  clearKnock                            
20005291  InterruptHandler                      
2000548b  decode                                
200054fd  Timer1ISR                             
2000551d  Timer2ISR                             
20005539  SW3Handler                            
20005589  SW2Handler                            
20005635  main                                  
20005e55  __TI_printfi                          
20006e81  GPIO_IF_LedConfigure                  
20006ebf  GPIO_IF_LedOn                         
20006f73  GPIO_IF_LedOff                        
20007027  GPIO_IF_LedStatus                     
20007091  GPIO_IF_LedToggle                     
200070bf  GPIO_IF_GetPortNPin                   
20007105  GPIO_IF_ConfigureNIntEnable           
2000714d  GPIO_IF_Set                           
20007191  GPIO_IF_Get                           
200071dd  InitTerm                              
200071fb  Message                               
2000721d  ClearTerm                             
20007227  Error                                 
2000725f  GetCmd                                
20007305  TrimSpace                             
2000739d  Report                                
2000745d  sl_WlanConnect                        
20007b95  _SlDrvDataReadOp                      
20007d79  _SlDrvReleasePoolObj                  
20008119  __aeabi_dsub                          
20008123  __aeabi_dadd                          
200082cf  _nop                                  
200082d1  _SlDrvDriverCBInit                    
200086a1  Timer_IF_Init                         
200086d3  Timer_IF_IntSetup                     
2000871f  Timer_IF_InterruptClear               
20008737  Timer_IF_Start                        
20008757  Timer_IF_Stop                         
20008767  Timer_IF_DeInit                       
20008781  Timer_IF_ReLoad                       
20008799  Timer_IF_GetCount                     
200087b9  _SlDrvWaitForPoolObj                  
20008949  sl_Connect                            
20008ad5  PRCMCC3200MCUInit                     
20008dbd  _SlDrvDataWriteOp                     
20008f0d  spi_Open                              
20009199  sl_NetAppDnsGetHostByName             
20009419  __aeabi_ddiv                          
2000954f  __aeabi_idiv0                         
2000954f  __aeabi_ldiv0                         
20009551  sl_Send                               
20009685  _SlDrvDriverCBDeinit                  
200098d9  realloc                               
200099ed  ldexp                                 
200099ed  ldexpl                                
200099ed  scalbn                                
200099ed  scalbnl                               
20009afd  _SlDrvNetAppEventHandler              
20009c01  __aeabi_dmul                          
20009cfd  sl_Stop                               
20009ded  spi_Read                              
20009edd  uDMAChannelTransferSet                
20009fcd  sl_Start                              
2000a1a1  _SlDrvMsgReadSpawnCtx                 
2000a289  sl_NetAppMDNSRegisterUnregisterService
2000a449  free                                  
2000a521  PinMuxConfig                          
2000a5f5  _sl_HandleAsync_DnsGetHostByService   
2000a6c1  sl_DevGet                             
2000a851  _SlDrvCmdOp                           
2000a9c5  _SlNonOsSemGet                        
2000aa75  IntDisable                            
2000ab1d  IntEnable                             
2000abc5  _SlDriverHandleError                  
2000ac69  SPIConfigSetExpClk                    
2000ad09  sl_Recv                               
2000ada9  __aeabi_memcpy                        
2000ada9  __aeabi_memcpy4                       
2000ada9  __aeabi_memcpy8                       
2000ada9  memcpy                                
2000ae45  _SlDrvDeviceEventHandler              
2000aee1  sl_DevSet                             
2000af79  sl_NetCfgSet                          
2000b011  sl_SetSockOpt                         
2000b0a9  sl_WlanSet                            
2000b141  spi_Write                             
2000b1d9  __aeabi_uldivmod                      
2000b271  PRCMPeripheralClockGet                
2000b305  _sl_HandleAsync_DnsGetHostByName      
2000b395  _sl_HandleAsync_PingResponse          
2000b425  sl_WlanPolicySet                      
2000b5cd  _SlDrvIsTimeoutExpired                
2000b659  _sl_HandleAsync_InitComplete          
2000b6e5  sl_Socket                             
2000b771  PinConfigSet                          
2000b7f9  __aeabi_cdcmpeq                       
2000b7f9  __aeabi_cdcmple                       
2000b87f  __aeabi_cdrcmple                      
2000b905  sl_WlanRxFilterSet                    
2000b989  GPIOIntTypeSet                        
2000ba0d  _sl_HandleAsync_Connect               
2000bb8d  __aeabi_memclr                        
2000bb8d  __aeabi_memclr4                       
2000bb8d  __aeabi_memclr8                       
2000bb8f  __aeabi_memset                        
2000bb8f  __aeabi_memset4                       
2000bb8f  __aeabi_memset8                       
2000bb95  memset                                
2000bc09  malloc                                
2000bc81  spi_Close                             
2000bcf9  UARTConfigSetExpClk                   
2000bd71  _SlNonOsMainLoopTask                  
2000bde5  TimerIntRegister                      
2000bec5  _SlDrvCmdSend                         
2000bf31  _sl_NetAppSendTokenValue              
2000bf9d  TimerIntUnregister                    
2000c005  __TI_decompress_lzss                  
2000c06d  _SlNonOsSpawn                         
2000c0d1  _sl_HandleAsync_Accept                
2000c135  frexp                                 
2000c135  frexpl                                
2000c199  sl_NetAppMDNSUnRegisterService        
2000c1fd  uDMAChannelAttributeDisable           
2000c261  uDMAChannelAttributeEnable            
2000c2c5  sl_Close                              
2000c325  sl_WlanProfileDel                     
2000c385  sl_WlanSetMode                        
2000c3e5  IntPendClear                          
2000c43d  PRCMPeripheralReset                   
2000c4ed  IntPrioritySet                        
2000c541  _SlDrvRxIrqHandler                    
2000c595  _sl_HandleAsync_Select                
2000c5e9  ltoa                                  
2000c691  _sl_HandleAsync_Stop                  
2000c6e1  SPIIntEnable                          
2000c779  _SlDrvProtectAsyncRespSetting         
2000c811  atoi                                  
2000c85d  uDMAChannelAssign                     
2000c8f1  SPIIntClear                           
2000c939  _SlDrvBasicCmd                        
2000c981  __aeabi_d2iz                          
2000ca0d  TimerConfigure                        
2000ca51  _SlDrvSyncObjWaitTimeout              
2000ca95  __TI_auto_init_nobinit_nopinit        
2000cb1d  sl_Htonl                              
2000cb61  PinModeSet                            
2000cbe1  sprintf                               
2000cc21  vsnprintf                             
2000cc61  NwpRegisterInterruptHandler           
2000cd19  PRCMPeripheralClkEnable               
2000cd91  simplelink_timerA2_start              
2000cdcd  sl_Htons                              
2000ce09  uDMAChannelControlSet                 
2000ce45  NwpPowerOff                           
2000ce7d  _c_int00_noargs                       
2000ceb5  minit                                 
2000ceed  sl_WlanDisconnect                     
2000cf25  GPIODirModeSet                        
2000cf5d  PRCMPeripheralStatusGet               
2000cf91  SPIFIFOLevelSet                       
2000cfc5  PinTypeGPIO                           
2000cff5  UARTDisable                           
2000d055  __aeabi_i2d                           
2000d085  NwpPowerOn                            
2000d0b1  PRCMSysResetCauseGet                  
2000d109  _SlDrvProtectionObjLockWaitForever    
2000d135  TimerLoadSet                          
2000d15f  TimerPrescaleSet                      
2000d189  PRCMPeripheralClkDisable              
2000d1b1  _SlDrvGlobalObjUnLock                 
2000d1d9  _SlDrvProtectionObjUnLock             
2000d201  _SlDrvSyncObjWaitForever              
2000d251  _SlDrvObjLockWaitForever              
2000d279  DmaSpiSwIntHandler                    
2000d29d  IntUnregister                         
2000d2c1  UARTEnable                            
2000d2e5  memmove                               
2000d309  GPIOIntStatus                         
2000d32b  SPIReset                              
2000d34d  SPIWordCountSet                       
2000d36f  GPIOPinWrite                          
2000d391  IntRegister                           
2000d3b1  NwpPrePowerOffTimout0                 
2000d3d1  TimerGetCurrentTimestamp              
2000d3f1  _SlDrvObjUnLock                       
2000d411  _SlDrvSyncObjSignal                   
2000d431  GPIOIntRegister                       
2000d44f  TimerDisable                          
2000d46d  TimerEnable                           
2000d48b  TimerIntStatus                        
2000d4a9  UARTCharPut                           
2000d4e5  TimerValueGet                         
2000d501  UARTCharGetNonBlocking                
2000d51d  _SlDrvStartMeasureTimeout             
2000d539  memccpy                               
2000d555  uDMAChannelEnable                     
2000d571  GPIOIntDisable                        
2000d58b  GPIOIntEnable                         
2000d5a5  PinTypeUART                           
2000d5bf  SPIDmaDisable                         
2000d5d9  SPIDmaEnable                          
2000d5f3  SPIFIFODisable                        
2000d60d  SPIFIFOEnable                         
2000d627  SPIIntUnregister                      
2000d641  GPIOPinRead                           
2000d659  SPICSDisable                          
2000d671  SPICSEnable                           
2000d689  SPIDisable                            
2000d6a1  SPIEnable                             
2000d6b9  TimerIntDisable                       
2000d6d1  TimerIntEnable                        
2000d6e9  UARTCharsAvail                        
2000d701  _SlNonOsSemSet                        
2000d761  PRCMHIBRegRead                        
2000d777  PRCMHIBRegWrite                       
2000d78d  _SlDrvMemZero                         
2000d7a3  strchr                                
2000d7b9  CPUcpsie                              
2000d7cd  GPIOIntClear                          
2000d7e1  IntVTableBaseSet                      
2000d7f5  copysign                              
2000d7f5  copysignl                             
2000d809  strcpy                                
2000d81d  strlen                                
2000d831  TimerIntClear                         
2000d843  __TI_zero_init_nomemset               
2000d855  wcslen                                
2000d867  _SlDrvDispatchHttpServerEvents        
2000d877  _SlDrvResetCmdExt                     
2000d885  __TI_decompress_none                  
2000d893  ResetISR                              
2000d8a1  NwpMaskInterrupt                      
2000d8ad  NwpUnMaskInterrupt                    
2000d8b9  IntMasterEnable                       
2000d8cd  __aeabi_errno_addr                    
2000d8d5  UtilsDelay                            
2000d8db  _system_pre_init                      
2000d8df  C$$EXIT                               
2000d8df  abort                                 
2000d8e4  _ctypes_                              
2000dd2e  OpcodeTranslateTable                  
2000dd6c  _SlActionLookupTable                  
2000df3a  _SlNetAppSendTokenValueCmdCtrl        
2000df78  __TI_static_base__                    
2000dfc8  __TI_Handler_Table_Base               
2000dfd4  __TI_Handler_Table_Limit              
2000dfe0  __TI_CINIT_Base                       
2000dff0  __TI_CINIT_Limit                      
20017000  _sys_memory                           
2001f168  g_ucDinDout                           
2001f1b8  g_time                                
2001f1e4  knock                                 
2001f20c  g_ucConnectionSSID                    
2001f230  g_ucConnectionBSSID                   
2001f23c  holdCount                             
2001f240  oldTime1                              
2001f244  oldTime2                              
2001f248  RxIrqCnt                              
2001f249  g_bDeviceRestartIsRequired            
2001f24a  g_cDummy                              
2001f24b  g_ucLED1Pin                           
2001f24c  g_ucLED2Pin                           
2001f24d  g_ucLED3Pin                           
2001f250  g__SlNonOsCB                          
2001f28c  g_ulStatus                            
2001f290  g_ulPingPacketsRecv                   
2001f294  g_ulGatewayIP                         
2001f298  g_Host                                
2001f29c  knockIndex                            
2001f2a0  printFlag                             
2001f2a4  decodeFlag                            
2001f2a8  verifyFlag                            
2001f2ac  attempts                              
2001f2b0  state                                 
2001f2b4  unlock                                
2001f2b8  secretLength                          
2001f2bc  secretKnock                           
2001f2f8  g_SlDeviceStatus                      
2001f2fc  g_pCB                                 
2001f300  pPingCallBackFunc                     
2001f314  g_uiLED1Port                          
2001f318  g_uiLED2Port                          
2001f31c  g_uiLED3Port                          
2001f320  g_SpiFd                               
2001f324  g_pHostIntHdl                         
2001f328  g_ucDMAEnabled                        
2001f32c  _lock                                 
2001f330  _unlock                               
2001f334  errno                                 
2002f000  __stack                               
20030000  __STACK_END                           
ffffffff  __TI_pprof_out_hndl                   
ffffffff  __TI_prof_data_size                   
ffffffff  __TI_prof_data_start                  
ffffffff  __binit__                             
ffffffff  __c_args__                            
ffffffff  binit                                 
UNDEFED   __mpu_init                            
UNDEFED   _system_post_cinit                    

[307 symbols]
