******************************************************************************
                  TI ARM Linker PC v18.1.4                     
******************************************************************************
>> Linked Tue Jan 22 14:51:30 2019

OUTPUT FILE NAME:   <Lab2.out>
ENTRY POINT SYMBOL: "_c_int00_noargs"  address: 20006281


MEMORY CONFIGURATION

         name            origin    length      used     unused   attr    fill
----------------------  --------  ---------  --------  --------  ----  --------
  SRAM_CODE             20004000   00013000  00003124  0000fedc  RW X
  SRAM_DATA             20017000   00019000  00001015  00017feb  RW X


SEGMENT ALLOCATION MAP

run origin  load origin   length   init length attrs members
----------  ----------- ---------- ----------- ----- -------
20004000    20004000    00003124   00003124    r-x
  20004000    20004000    00000400   00000400    r-- .intvecs
  20004400    20004400    000020e0   000020e0    r-x .text
  200064e0    200064e0    00000c20   00000c20    r-- .const
  20007100    20007100    00000024   00000024    r-- .cinit
20017000    20017000    00000815   00000000    rw-
  20017000    20017000    00000800   00000000    rw- .sysmem
  20017800    20017800    00000015   00000000    rw- .data
2002f800    2002f800    00000800   00000000    rw-
  2002f800    2002f800    00000800   00000000    rw- .stack


SECTION ALLOCATION MAP

 output                                  attributes/
section   page    origin      length       input sections
--------  ----  ----------  ----------   ----------------
.intvecs   0    20004000    00000400     
                  20004000    00000400     startup_ccs.obj (.intvecs)

.init_array 
*          0    20004000    00000000     UNINITIALIZED

.text      0    20004400    000020e0     
                  20004400    00000a80     Adafruit_GFX.obj (.text)
                  20004e80    0000084c     main.obj (.text)
                  200056cc    000004a6     Adafruit_OLED.obj (.text)
                  20005b72    00000002     --HOLE-- [fill = 0]
                  20005b74    00000178     driverlib.a : prcm.obj (.text:PRCMCC3200MCUInit)
                  20005cec    00000114     pinmux.obj (.text)
                  20005e00    000000a8     driverlib.a : interrupt.obj (.text:IntEnable)
                  20005ea8    000000a0                 : spi.obj (.text:SPIConfigSetExpClk)
                  20005f48    0000009c     rtsv7M4_T_le_v4SPD16_eabi.lib : memcpy_t2.asm.obj (.text)
                  20005fe4    00000094     driverlib.a : prcm.obj (.text:PRCMPeripheralClockGet)
                  20006078    00000088                 : pin.obj (.text:PinConfigSet)
                  20006100    00000068     rtsv7M4_T_le_v4SPD16_eabi.lib : copy_decompress_lzss.c.obj (.text:decompress:lzss:__TI_decompress_lzss)
                  20006168    00000058     driverlib.a : prcm.obj (.text:PRCMPeripheralReset)
                  200061c0    00000044     rtsv7M4_T_le_v4SPD16_eabi.lib : autoinit.c.obj (.text:__TI_auto_init_nobinit_nopinit:__TI_auto_init_nobinit_nopinit)
                  20006204    00000040     driverlib.a : pin.obj (.text:PinModeSet)
                  20006244    0000003c                 : prcm.obj (.text:PRCMPeripheralClkEnable)
                  20006280    00000038     rtsv7M4_T_le_v4SPD16_eabi.lib : boot_cortex_m.c.obj (.text:_c_int00_noargs:_c_int00_noargs)
                  200062b8    00000036     driverlib.a : gpio.obj (.text:GPIODirModeSet)
                  200062ee    00000030                 : pin.obj (.text:PinTypeGPIO)
                  2000631e    00000002     --HOLE-- [fill = 0]
                  20006320    0000002c                 : prcm.obj (.text:PRCMSysResetCauseGet)
                  2000634c    00000028                 : prcm.obj (.text:PRCMPeripheralClkDisable)
                  20006374    00000022                 : spi.obj (.text:SPIReset)
                  20006396    00000020                 : gpio.obj (.text:GPIOPinWrite)
                  200063b6    00000020                 : spi.obj (.text:SPIDataGet)
                  200063d6    0000001e                 : spi.obj (.text:SPIDataPut)
                  200063f4    0000001a                 : pin.obj (.text:PinTypeSPI)
                  2000640e    00000018                 : spi.obj (.text:SPICSDisable)
                  20006426    00000018                 : spi.obj (.text:SPICSEnable)
                  2000643e    00000018                 : spi.obj (.text:SPIEnable)
                  20006456    00000016                 : prcm.obj (.text:PRCMHIBRegRead)
                  2000646c    00000016                 : prcm.obj (.text:PRCMHIBRegWrite)
                  20006482    00000014                 : cpu.obj (.text:CPUcpsie)
                  20006496    00000002     --HOLE-- [fill = 0]
                  20006498    00000014                 : interrupt.obj (.text:IntVTableBaseSet)
                  200064ac    0000000e     rtsv7M4_T_le_v4SPD16_eabi.lib : copy_decompress_none.c.obj (.text:decompress:none:__TI_decompress_none)
                  200064ba    0000000e     startup_ccs.obj (.text)
                  200064c8    0000000a     driverlib.a : interrupt.obj (.text:IntMasterEnable)
                  200064d2    00000006                 : utils.obj (.text:UtilsDelay)
                  200064d8    00000004     rtsv7M4_T_le_v4SPD16_eabi.lib : pre_init.c.obj (.text:_system_pre_init)
                  200064dc    00000004                                   : exit.c.obj (.text:abort:abort)

.const     0    200064e0    00000c20     
                  200064e0    000004fb     Adafruit_GFX.obj (.const:.string:font)
                  200069db    000004fb     main.obj (.const:.string:font)
                  20006ed6    00000002     --HOLE-- [fill = 0]
                  20006ed8    00000100     driverlib.a : pin.obj (.const:g_ulPinToPadMap)
                  20006fd8    000000a8                 : prcm.obj (.const:PRCM_PeriphRegsList)
                  20007080    00000080                 : interrupt.obj (.const)

.cinit     0    20007100    00000024     
                  20007100    00000013     (.cinit..data.load) [load image, compression = lzss]
                  20007113    00000001     --HOLE-- [fill = 0]
                  20007114    00000008     (__TI_handler_table)
                  2000711c    00000008     (__TI_cinit_table)

.data      0    20017800    00000015     UNINITIALIZED
                  20017800    00000015     Adafruit_GFX.obj (.data)

.sysmem    0    20017000    00000800     UNINITIALIZED
                  20017000    00000008     rtsv7M4_T_le_v4SPD16_eabi.lib : memory.c.obj (.sysmem)
                  20017008    000007f8     --HOLE--

.stack     0    2002f800    00000800     UNINITIALIZED
                  2002f800    00000004     rtsv7M4_T_le_v4SPD16_eabi.lib : boot_cortex_m.c.obj (.stack)
                  2002f804    000007fc     --HOLE--

MODULE SUMMARY

       Module                       code   ro data   rw data
       ------                       ----   -------   -------
    .\
       Adafruit_GFX.obj             2688   1275      21     
       main.obj                     2124   1275      0      
       Adafruit_OLED.obj            1190   0         0      
       startup_ccs.obj              14     1024      0      
       pinmux.obj                   276    0         0      
    +--+----------------------------+------+---------+---------+
       Total:                       6292   3574      21     
                                                            
    C:/ti/CC3200SDK_1.3.0/cc3200-sdk/driverlib/ccs/Release/driverlib.a
       prcm.obj                     800    168       0      
       pin.obj                      274    256       0      
       spi.obj                      328    0         0      
       interrupt.obj                198    128       0      
       gpio.obj                     86     0         0      
       cpu.obj                      20     0         0      
       utils.obj                    6      0         0      
    +--+----------------------------+------+---------+---------+
       Total:                       1712   552       0      
                                                            
    C:\ti\ccsv8\tools\compiler\ti-cgt-arm_18.1.4.LTS\lib\rtsv7M4_T_le_v4SPD16_eabi.lib
       memcpy_t2.asm.obj            156    0         0      
       copy_decompress_lzss.c.obj   104    0         0      
       autoinit.c.obj               68     0         0      
       boot_cortex_m.c.obj          56     0         0      
       copy_decompress_none.c.obj   14     0         0      
       exit.c.obj                   4      0         0      
       pre_init.c.obj               4      0         0      
    +--+----------------------------+------+---------+---------+
       Total:                       406    0         0      
                                                            
       Heap:                        0      0         2048   
       Stack:                       0      0         2048   
       Linker Generated:            0      35        0      
    +--+----------------------------+------+---------+---------+
       Grand Total:                 8410   4161      4117   


LINKER GENERATED COPY TABLES

__TI_cinit_table @ 2000711c records: 1, size/record: 8, table size: 8
	.data: load addr=20007100, load size=00000013 bytes, run addr=20017800, run size=00000015 bytes, compression=lzss


LINKER GENERATED HANDLER TABLE

__TI_handler_table @ 20007114 records: 2, size/record: 4, table size: 8
	index: 0, handler: __TI_decompress_lzss
	index: 1, handler: __TI_decompress_none


GLOBAL SYMBOLS: SORTED ALPHABETICALLY BY Name 

address   name                          
-------   ----                          
20005755  Adafruit_Init                 
200064dd  C$$EXIT                       
20006483  CPUcpsie                      
200058cb  Color565                      
200062b9  GPIODirModeSet                
20006397  GPIOPinWrite                  
20005e01  IntEnable                     
200064c9  IntMasterEnable               
20006499  IntVTableBaseSet              
20004dab  Outstr                        
20005b75  PRCMCC3200MCUInit             
20006457  PRCMHIBRegRead                
2000646d  PRCMHIBRegWrite               
2000634d  PRCMPeripheralClkDisable      
20006245  PRCMPeripheralClkEnable       
20005fe5  PRCMPeripheralClockGet        
20006169  PRCMPeripheralReset           
20006321  PRCMSysResetCauseGet          
20006079  PinConfigSet                  
20006205  PinModeSet                    
20005ced  PinMuxConfig                  
200062ef  PinTypeGPIO                   
200063f5  PinTypeSPI                    
200064bb  ResetISR                      
2000640f  SPICSDisable                  
20006427  SPICSEnable                   
20005ea9  SPIConfigSetExpClk            
200063b7  SPIDataGet                    
200063d7  SPIDataPut                    
2000643f  SPIEnable                     
20006375  SPIReset                      
200064d3  UtilsDelay                    
20030000  __STACK_END                   
00000800  __STACK_SIZE                  
00000800  __SYSMEM_SIZE                 
2000711c  __TI_CINIT_Base               
20007124  __TI_CINIT_Limit              
20007114  __TI_Handler_Table_Base       
2000711c  __TI_Handler_Table_Limit      
200061c1  __TI_auto_init_nobinit_nopinit
20006101  __TI_decompress_lzss          
200064ad  __TI_decompress_none          
ffffffff  __TI_pprof_out_hndl           
ffffffff  __TI_prof_data_size           
ffffffff  __TI_prof_data_start          
20007100  __TI_static_base__            
20005f49  __aeabi_memcpy                
20005f49  __aeabi_memcpy4               
20005f49  __aeabi_memcpy8               
ffffffff  __binit__                     
ffffffff  __c_args__                    
UNDEFED   __mpu_init                    
2002f800  __stack                       
20006281  _c_int00_noargs               
20017000  _sys_memory                   
UNDEFED   _system_post_cinit            
200064d9  _system_pre_init              
200064dd  abort                         
ffffffff  binit                         
20017800  cursor_x                      
20017804  cursor_y                      
20004e99  delay                         
20004c5f  drawChar                      
20004401  drawCircle                    
20004535  drawCircleHelper              
20005a7d  drawFastHLine                 
200059e1  drawFastVLine                 
2000477b  drawLine                      
20005b19  drawPixel                     
20004867  drawRect                      
200048b5  drawRoundRect                 
20004a1d  drawTriangle                  
20004653  fillCircle                    
2000468d  fillCircleHelper              
20005923  fillRect                      
200049a3  fillRoundRect                 
2000590d  fillScreen                    
20004a5f  fillTriangle                  
20004000  g_pfnVectors                  
20005887  goTo                          
20004e5f  height                        
20005b57  invert                        
2000540f  lcdTestPattern                
200054df  lcdTestPattern2               
200055af  main                          
20005f49  memcpy                        
20004df7  setCursor                     
20004e2f  setTextColor                  
20004e0f  setTextSize                   
20004e47  setTextWrap                   
200050cf  testdrawcircles               
20004f3f  testdrawrects                 
20004ecd  testfastlines                 
2000505d  testfillcircles               
20004f9f  testfillrects                 
20005241  testlines                     
200051cf  testroundrects                
2000514d  testtriangles                 
20017810  textbgcolor                   
2001780c  textcolor                     
20017808  textsize                      
20004e5b  width                         
20017814  wrap                          
200056cd  writeCommand                  
20005711  writeData                     


GLOBAL SYMBOLS: SORTED BY Symbol Address 

address   name                          
-------   ----                          
00000800  __STACK_SIZE                  
00000800  __SYSMEM_SIZE                 
20004000  g_pfnVectors                  
20004401  drawCircle                    
20004535  drawCircleHelper              
20004653  fillCircle                    
2000468d  fillCircleHelper              
2000477b  drawLine                      
20004867  drawRect                      
200048b5  drawRoundRect                 
200049a3  fillRoundRect                 
20004a1d  drawTriangle                  
20004a5f  fillTriangle                  
20004c5f  drawChar                      
20004dab  Outstr                        
20004df7  setCursor                     
20004e0f  setTextSize                   
20004e2f  setTextColor                  
20004e47  setTextWrap                   
20004e5b  width                         
20004e5f  height                        
20004e99  delay                         
20004ecd  testfastlines                 
20004f3f  testdrawrects                 
20004f9f  testfillrects                 
2000505d  testfillcircles               
200050cf  testdrawcircles               
2000514d  testtriangles                 
200051cf  testroundrects                
20005241  testlines                     
2000540f  lcdTestPattern                
200054df  lcdTestPattern2               
200055af  main                          
200056cd  writeCommand                  
20005711  writeData                     
20005755  Adafruit_Init                 
20005887  goTo                          
200058cb  Color565                      
2000590d  fillScreen                    
20005923  fillRect                      
200059e1  drawFastVLine                 
20005a7d  drawFastHLine                 
20005b19  drawPixel                     
20005b57  invert                        
20005b75  PRCMCC3200MCUInit             
20005ced  PinMuxConfig                  
20005e01  IntEnable                     
20005ea9  SPIConfigSetExpClk            
20005f49  __aeabi_memcpy                
20005f49  __aeabi_memcpy4               
20005f49  __aeabi_memcpy8               
20005f49  memcpy                        
20005fe5  PRCMPeripheralClockGet        
20006079  PinConfigSet                  
20006101  __TI_decompress_lzss          
20006169  PRCMPeripheralReset           
200061c1  __TI_auto_init_nobinit_nopinit
20006205  PinModeSet                    
20006245  PRCMPeripheralClkEnable       
20006281  _c_int00_noargs               
200062b9  GPIODirModeSet                
200062ef  PinTypeGPIO                   
20006321  PRCMSysResetCauseGet          
2000634d  PRCMPeripheralClkDisable      
20006375  SPIReset                      
20006397  GPIOPinWrite                  
200063b7  SPIDataGet                    
200063d7  SPIDataPut                    
200063f5  PinTypeSPI                    
2000640f  SPICSDisable                  
20006427  SPICSEnable                   
2000643f  SPIEnable                     
20006457  PRCMHIBRegRead                
2000646d  PRCMHIBRegWrite               
20006483  CPUcpsie                      
20006499  IntVTableBaseSet              
200064ad  __TI_decompress_none          
200064bb  ResetISR                      
200064c9  IntMasterEnable               
200064d3  UtilsDelay                    
200064d9  _system_pre_init              
200064dd  C$$EXIT                       
200064dd  abort                         
20007100  __TI_static_base__            
20007114  __TI_Handler_Table_Base       
2000711c  __TI_CINIT_Base               
2000711c  __TI_Handler_Table_Limit      
20007124  __TI_CINIT_Limit              
20017000  _sys_memory                   
20017800  cursor_x                      
20017804  cursor_y                      
20017808  textsize                      
2001780c  textcolor                     
20017810  textbgcolor                   
20017814  wrap                          
2002f800  __stack                       
20030000  __STACK_END                   
ffffffff  __TI_pprof_out_hndl           
ffffffff  __TI_prof_data_size           
ffffffff  __TI_prof_data_start          
ffffffff  __binit__                     
ffffffff  __c_args__                    
ffffffff  binit                         
UNDEFED   __mpu_init                    
UNDEFED   _system_post_cinit            

[105 symbols]
