******************************************************************************
                  TI ARM Linker PC v18.1.4                     
******************************************************************************
>> Linked Thu Jan 10 13:41:40 2019

OUTPUT FILE NAME:   <Lab1.out>
ENTRY POINT SYMBOL: "_c_int00_noargs"  address: 200073fd


MEMORY CONFIGURATION

         name            origin    length      used     unused   attr    fill
----------------------  --------  ---------  --------  --------  ----  --------
  SRAM_CODE             20004000   00019000  00003cb2  0001534e  RW X
  SRAM_DATA             2001d000   00023000  0000103f  00021fc1  RW X


SEGMENT ALLOCATION MAP

run origin  load origin   length   init length attrs members
----------  ----------- ---------- ----------- ----- -------
20004000    20004000    00003cb8   00003cb8    r-x
  20004000    20004000    00000400   00000400    r-- .intvecs
  20004400    20004400    00003462   00003462    r-x .text
  20007864    20007864    00000400   00000400    r-- .const
  20007c68    20007c68    00000050   00000050    r-- .cinit
2001d000    2001d000    0000083f   00000000    rw-
  2001d000    2001d000    00000800   00000000    rw- .sysmem
  2001d800    2001d800    00000038   00000000    rw- .data
  2001d838    2001d838    00000007   00000000    rw- .bss
2003f800    2003f800    00000800   00000000    rw-
  2003f800    2003f800    00000800   00000000    rw- .stack


SECTION ALLOCATION MAP

 output                                  attributes/
section   page    origin      length       input sections
--------  ----  ----------  ----------   ----------------
.intvecs   0    20004000    00000400     
                  20004000    00000400     startup_ccs.obj (.intvecs)

.init_array 
*          0    20004000    00000000     UNINITIALIZED

.text      0    20004400    00003462     
                  20004400    00000a5e     rtsv7M4_T_le_v4SPD16_eabi.lib : _printfi.c.obj (.text:__TI_printfi)
                  20004e5e    00000002                                   : _lock.c.obj (.text:_nop)
                  20004e60    00000398     gpio_if.obj (.text)
                  200051f8    0000036c     main.obj (.text)
                  20005564    00000280     uart_if.obj (.text)
                  200057e4    00000270     rtsv7M4_T_le_v4SPD16_eabi.lib : _printfi.c.obj (.text:_pconv_a)
                  20005a54    000001d0                                   : _printfi.c.obj (.text:_pconv_g)
                  20005c24    000001b6                                   : fd_add_t2.asm.obj (.text)
                  20005dda    00000002                                   : div0.asm.obj (.text)
                  20005ddc    00000178     driverlib.a : prcm.obj (.text:PRCMCC3200MCUInit)
                  20005f54    0000013c     rtsv7M4_T_le_v4SPD16_eabi.lib : _printfi.c.obj (.text:_pconv_e)
                  20006090    00000138     pinmux.obj (.text)
                  200061c8    00000136     rtsv7M4_T_le_v4SPD16_eabi.lib : fd_div_t2.asm.obj (.text)
                  200062fe    00000002     --HOLE-- [fill = 0]
                  20006300    00000124                                   : _printfi.c.obj (.text:fcvt)
                  20006424    00000114                                   : memory.c.obj (.text:realloc)
                  20006538    00000110                                   : s_scalbn.c.obj (.text:scalbn)
                  20006648    000000fc                                   : fd_mul_t2.asm.obj (.text)
                  20006744    000000d8                                   : memory.c.obj (.text:free)
                  2000681c    000000b1                                   : _printfi.c.obj (.text:_ltostr)
                  200068cd    00000003     --HOLE-- [fill = 0]
                  200068d0    000000a8     driverlib.a : interrupt.obj (.text:IntEnable)
                  20006978    0000009c     rtsv7M4_T_le_v4SPD16_eabi.lib : memcpy_t2.asm.obj (.text)
                  20006a14    00000096                                   : ull_div_t2.asm.obj (.text)
                  20006aaa    00000002     --HOLE-- [fill = 0]
                  20006aac    00000094     driverlib.a : prcm.obj (.text:PRCMPeripheralClockGet)
                  20006b40    00000088                 : pin.obj (.text:PinConfigSet)
                  20006bc8    00000086     rtsv7M4_T_le_v4SPD16_eabi.lib : fd_cmp_t2.asm.obj (.text:__aeabi_cdcmple)
                  20006c4e    00000086                                   : fd_cmp_t2.asm.obj (.text:__aeabi_cdrcmple)
                  20006cd4    00000082     driverlib.a : gpio.obj (.text:GPIOIntTypeSet)
                  20006d56    0000007a     rtsv7M4_T_le_v4SPD16_eabi.lib : memset_t2.asm.obj (.text)
                  20006dd0    00000078                                   : memory.c.obj (.text:malloc)
                  20006e48    00000076     driverlib.a : uart.obj (.text:UARTConfigSetExpClk)
                  20006ebe    0000006e     rtsv7M4_T_le_v4SPD16_eabi.lib : _printfi.c.obj (.text:_mcpy)
                  20006f2c    00000068                                   : copy_decompress_lzss.c.obj (.text:decompress:lzss:__TI_decompress_lzss)
                  20006f94    00000064                                   : s_frexp.c.obj (.text:frexp)
                  20006ff8    00000058     driverlib.a : prcm.obj (.text:PRCMPeripheralReset)
                  20007050    00000056     rtsv7M4_T_le_v4SPD16_eabi.lib : _printfi.c.obj (.text:_pconv_f)
                  200070a6    00000002     --HOLE-- [fill = 0]
                  200070a8    00000054     driverlib.a : interrupt.obj (.text:IntPrioritySet)
                  200070fc    00000054     rtsv7M4_T_le_v4SPD16_eabi.lib : ltoa.c.obj (.text:ltoa)
                  20007150    00000052                                   : _printfi.c.obj (.text:_ecpy)
                  200071a2    00000002     --HOLE-- [fill = 0]
                  200071a4    0000004c                                   : atoi.c.obj (.text:atoi)
                  200071f0    00000048     driverlib.a : gpio.obj (.text:GPIOGetIntNumber)
                  20007238    00000048     rtsv7M4_T_le_v4SPD16_eabi.lib : fd_toi_t2.asm.obj (.text)
                  20007280    00000044                                   : autoinit.c.obj (.text:__TI_auto_init_nobinit_nopinit:__TI_auto_init_nobinit_nopinit)
                  200072c4    00000040     driverlib.a : pin.obj (.text:PinModeSet)
                  20007304    00000040     rtsv7M4_T_le_v4SPD16_eabi.lib : vsnprintf.c.obj (.text:vsnprintf)
                  20007344    0000003e                                   : _printfi.c.obj (.text:_fcpy)
                  20007382    00000002     --HOLE-- [fill = 0]
                  20007384    0000003c     driverlib.a : prcm.obj (.text:PRCMPeripheralClkEnable)
                  200073c0    0000003c     rtsv7M4_T_le_v4SPD16_eabi.lib : memory.c.obj (.text:minsert)
                  200073fc    00000038                                   : boot_cortex_m.c.obj (.text:_c_int00_noargs:_c_int00_noargs)
                  20007434    00000038                                   : memory.c.obj (.text:minit)
                  2000746c    00000036     driverlib.a : gpio.obj (.text:GPIODirModeSet)
                  200074a2    00000030                 : pin.obj (.text:PinTypeGPIO)
                  200074d2    00000002     --HOLE-- [fill = 0]
                  200074d4    00000030                 : uart.obj (.text:UARTDisable)
                  20007504    00000030     rtsv7M4_T_le_v4SPD16_eabi.lib : vsnprintf.c.obj (.text:_outs)
                  20007534    0000002e                                   : i_tofd_t2.asm.obj (.text)
                  20007562    00000002     --HOLE-- [fill = 0]
                  20007564    0000002c     driverlib.a : prcm.obj (.text:PRCMSysResetCauseGet)
                  20007590    00000028                 : prcm.obj (.text:PRCMPeripheralClkDisable)
                  200075b8    00000028     rtsv7M4_T_le_v4SPD16_eabi.lib : memory.c.obj (.text:mremove)
                  200075e0    00000024     driverlib.a : uart.obj (.text:UARTEnable)
                  20007604    00000024     rtsv7M4_T_le_v4SPD16_eabi.lib : memmov.c.obj (.text:memmove)
                  20007628    00000020     driverlib.a : gpio.obj (.text:GPIOPinWrite)
                  20007648    00000020                 : interrupt.obj (.text:IntRegister)
                  20007668    0000001e                 : gpio.obj (.text:GPIOIntRegister)
                  20007686    0000001e                 : uart.obj (.text:UARTCharPut)
                  200076a4    0000001c                 : uart.obj (.text:UARTCharGetNonBlocking)
                  200076c0    0000001c     rtsv7M4_T_le_v4SPD16_eabi.lib : memccpy.c.obj (.text:memccpy)
                  200076dc    0000001a     driverlib.a : gpio.obj (.text:GPIOIntEnable)
                  200076f6    0000001a                 : pin.obj (.text:PinTypeUART)
                  20007710    00000018                 : gpio.obj (.text:GPIOPinRead)
                  20007728    00000018                 : uart.obj (.text:UARTCharsAvail)
                  20007740    00000018     rtsv7M4_T_le_v4SPD16_eabi.lib : vsnprintf.c.obj (.text:_outc)
                  20007758    00000016     driverlib.a : prcm.obj (.text:PRCMHIBRegRead)
                  2000776e    00000016                 : prcm.obj (.text:PRCMHIBRegWrite)
                  20007784    00000016     rtsv7M4_T_le_v4SPD16_eabi.lib : strchr.c.obj (.text:strchr)
                  2000779a    00000014     driverlib.a : cpu.obj (.text:CPUcpsie)
                  200077ae    00000014                 : gpio.obj (.text:GPIOIntClear)
                  200077c2    00000002     --HOLE-- [fill = 0]
                  200077c4    00000014                 : interrupt.obj (.text:IntVTableBaseSet)
                  200077d8    00000014     rtsv7M4_T_le_v4SPD16_eabi.lib : s_copysign.c.obj (.text:copysign)
                  200077ec    00000014                                   : strlen.c.obj (.text:strlen)
                  20007800    00000012                                   : copy_zero_init.c.obj (.text:decompress:ZI:__TI_zero_init_nomemset:__TI_zero_init_nomemset)
                  20007812    00000012                                   : wcslen.c.obj (.text:wcslen)
                  20007824    0000000e                                   : copy_decompress_none.c.obj (.text:decompress:none:__TI_decompress_none)
                  20007832    0000000e     startup_ccs.obj (.text)
                  20007840    0000000a     driverlib.a : interrupt.obj (.text:IntMasterEnable)
                  2000784a    00000002     --HOLE-- [fill = 0]
                  2000784c    00000008     rtsv7M4_T_le_v4SPD16_eabi.lib : errno.c.obj (.text:__aeabi_errno_addr)
                  20007854    00000006     driverlib.a : utils.obj (.text:UtilsDelay)
                  2000785a    00000004     rtsv7M4_T_le_v4SPD16_eabi.lib : pre_init.c.obj (.text:_system_pre_init)
                  2000785e    00000004                                   : exit.c.obj (.text:abort:abort)

.const     0    20007864    00000400     
                  20007864    00000101     rtsv7M4_T_le_v4SPD16_eabi.lib : ctype.c.obj (.const:.string:_ctypes_)
                  20007965    00000003     --HOLE-- [fill = 0]
                  20007968    00000100     driverlib.a : pin.obj (.const:g_ulPinToPadMap)
                  20007a68    000000d4                 : interrupt.obj (.const:g_pulRegs)
                  20007b3c    000000a8                 : prcm.obj (.const:PRCM_PeriphRegsList)
                  20007be4    00000080                 : interrupt.obj (.const)

.cinit     0    20007c68    00000050     
                  20007c68    0000002b     (.cinit..data.load) [load image, compression = lzss]
                  20007c93    00000001     --HOLE-- [fill = 0]
                  20007c94    0000000c     (__TI_handler_table)
                  20007ca0    00000008     (.cinit..bss.load) [load image, compression = zero_init]
                  20007ca8    00000010     (__TI_cinit_table)

.sysmem    0    2001d000    00000800     UNINITIALIZED
                  2001d000    00000008     rtsv7M4_T_le_v4SPD16_eabi.lib : memory.c.obj (.sysmem)
                  2001d008    000007f8     --HOLE--

.data      0    2001d800    00000038     UNINITIALIZED
                  2001d800    00000014     gpio_if.obj (.data:ulReg)
                  2001d814    0000000c     rtsv7M4_T_le_v4SPD16_eabi.lib : memory.c.obj (.data:$O1$$)
                  2001d820    0000000c     gpio_if.obj (.data)
                  2001d82c    00000008     rtsv7M4_T_le_v4SPD16_eabi.lib : _lock.c.obj (.data:$O1$$)
                  2001d834    00000004                                   : errno.c.obj (.data)

.bss       0    2001d838    00000007     UNINITIALIZED
                  2001d838    00000004     uart_if.obj (.bss)
                  2001d83c    00000001     (.common:g_ucLED1Pin)
                  2001d83d    00000001     (.common:g_ucLED2Pin)
                  2001d83e    00000001     (.common:g_ucLED3Pin)

.stack     0    2003f800    00000800     UNINITIALIZED
                  2003f800    00000004     rtsv7M4_T_le_v4SPD16_eabi.lib : boot_cortex_m.c.obj (.stack)
                  2003f804    000007fc     --HOLE--

MODULE SUMMARY

       Module                       code    ro data   rw data
       ------                       ----    -------   -------
    .\
       startup_ccs.obj              14      1024      0      
       gpio_if.obj                  920     0         35     
       main.obj                     876     0         0      
       uart_if.obj                  640     0         4      
       pinmux.obj                   312     0         0      
    +--+----------------------------+-------+---------+---------+
       Total:                       2762    1024      39     
                                                             
    C:/ti/CC3200SDK_1.3.0/cc3200-sdk/driverlib/ccs/Release/driverlib.a
       prcm.obj                     800     168       0      
       interrupt.obj                314     340       0      
       pin.obj                      274     256       0      
       gpio.obj                     388     0         0      
       uart.obj                     284     0         0      
       cpu.obj                      20      0         0      
       utils.obj                    6       0         0      
    +--+----------------------------+-------+---------+---------+
       Total:                       2086    764       0      
                                                             
    C:\ti\ccsv8\tools\compiler\ti-cgt-arm_18.1.4.LTS\lib\rtsv7M4_T_le_v4SPD16_eabi.lib
       _printfi.c.obj               4867    0         0      
       memory.c.obj                 768     0         12     
       fd_add_t2.asm.obj            438     0         0      
       fd_div_t2.asm.obj            310     0         0      
       s_scalbn.c.obj               272     0         0      
       fd_cmp_t2.asm.obj            268     0         0      
       ctype.c.obj                  0       257       0      
       fd_mul_t2.asm.obj            252     0         0      
       memcpy_t2.asm.obj            156     0         0      
       ull_div_t2.asm.obj           150     0         0      
       vsnprintf.c.obj              136     0         0      
       memset_t2.asm.obj            122     0         0      
       copy_decompress_lzss.c.obj   104     0         0      
       s_frexp.c.obj                100     0         0      
       ltoa.c.obj                   84      0         0      
       atoi.c.obj                   76      0         0      
       fd_toi_t2.asm.obj            72      0         0      
       autoinit.c.obj               68      0         0      
       boot_cortex_m.c.obj          56      0         0      
       i_tofd_t2.asm.obj            46      0         0      
       memmov.c.obj                 36      0         0      
       memccpy.c.obj                28      0         0      
       strchr.c.obj                 22      0         0      
       s_copysign.c.obj             20      0         0      
       strlen.c.obj                 20      0         0      
       copy_zero_init.c.obj         18      0         0      
       wcslen.c.obj                 18      0         0      
       copy_decompress_none.c.obj   14      0         0      
       errno.c.obj                  8       0         4      
       _lock.c.obj                  2       0         8      
       exit.c.obj                   4       0         0      
       pre_init.c.obj               4       0         0      
       div0.asm.obj                 2       0         0      
    +--+----------------------------+-------+---------+---------+
       Total:                       8541    257       24     
                                                             
       Heap:                        0       0         2048   
       Stack:                       0       0         2048   
       Linker Generated:            0       79        0      
    +--+----------------------------+-------+---------+---------+
       Grand Total:                 13389   2124      4159   


LINKER GENERATED COPY TABLES

__TI_cinit_table @ 20007ca8 records: 2, size/record: 8, table size: 16
	.data: load addr=20007c68, load size=0000002b bytes, run addr=2001d800, run size=00000038 bytes, compression=lzss
	.bss: load addr=20007ca0, load size=00000008 bytes, run addr=2001d838, run size=00000007 bytes, compression=zero_init


LINKER GENERATED HANDLER TABLE

__TI_handler_table @ 20007c94 records: 3, size/record: 4, table size: 12
	index: 0, handler: __TI_decompress_lzss
	index: 1, handler: __TI_decompress_none
	index: 2, handler: __TI_zero_init


GLOBAL SYMBOLS: SORTED ALPHABETICALLY BY Name 

address   name                          
-------   ----                          
2000785f  C$$EXIT                       
2000779b  CPUcpsie                      
200055a5  ClearTerm                     
200055af  Error                         
2000746d  GPIODirModeSet                
200077af  GPIOIntClear                  
200076dd  GPIOIntEnable                 
20007669  GPIOIntRegister               
20006cd5  GPIOIntTypeSet                
20007711  GPIOPinRead                   
20007629  GPIOPinWrite                  
20005121  GPIO_IF_ConfigureNIntEnable   
200051ad  GPIO_IF_Get                   
200050db  GPIO_IF_GetPortNPin           
20004e9d  GPIO_IF_LedConfigure          
20004f8f  GPIO_IF_LedOff                
20004edb  GPIO_IF_LedOn                 
20005043  GPIO_IF_LedStatus             
200050ad  GPIO_IF_LedToggle             
20005169  GPIO_IF_Set                   
200055e7  GetCmd                        
20005565  InitTerm                      
200068d1  IntEnable                     
20007841  IntMasterEnable               
200070a9  IntPrioritySet                
20007649  IntRegister                   
200077c5  IntVTableBaseSet              
200051f9  LEDBlinkyRoutine              
20005583  Message                       
20005ddd  PRCMCC3200MCUInit             
20007759  PRCMHIBRegRead                
2000776f  PRCMHIBRegWrite               
20007591  PRCMPeripheralClkDisable      
20007385  PRCMPeripheralClkEnable       
20006aad  PRCMPeripheralClockGet        
20006ff9  PRCMPeripheralReset           
20007565  PRCMSysResetCauseGet          
20006b41  PinConfigSet                  
200072c5  PinModeSet                    
20006091  PinMuxConfig                  
200074a3  PinTypeGPIO                   
200076f7  PinTypeUART                   
20005725  Report                        
20007833  ResetISR                      
2000568d  TrimSpace                     
200076a5  UARTCharGetNonBlocking        
20007687  UARTCharPut                   
20007729  UARTCharsAvail                
20006e49  UARTConfigSetExpClk           
200074d5  UARTDisable                   
200075e1  UARTEnable                    
20007855  UtilsDelay                    
20040000  __STACK_END                   
00000800  __STACK_SIZE                  
00000800  __SYSMEM_SIZE                 
20007ca8  __TI_CINIT_Base               
20007cb8  __TI_CINIT_Limit              
20007c94  __TI_Handler_Table_Base       
20007ca0  __TI_Handler_Table_Limit      
20007281  __TI_auto_init_nobinit_nopinit
20006f2d  __TI_decompress_lzss          
20007825  __TI_decompress_none          
ffffffff  __TI_pprof_out_hndl           
20004401  __TI_printfi                  
ffffffff  __TI_prof_data_size           
ffffffff  __TI_prof_data_start          
20007c68  __TI_static_base__            
20007801  __TI_zero_init_nomemset       
20006bc9  __aeabi_cdcmpeq               
20006bc9  __aeabi_cdcmple               
20006c4f  __aeabi_cdrcmple              
20007239  __aeabi_d2iz                  
20005c2f  __aeabi_dadd                  
200061c9  __aeabi_ddiv                  
20006649  __aeabi_dmul                  
20005c25  __aeabi_dsub                  
2000784d  __aeabi_errno_addr            
20007535  __aeabi_i2d                   
20005ddb  __aeabi_idiv0                 
20005ddb  __aeabi_ldiv0                 
20006d57  __aeabi_memclr                
20006d57  __aeabi_memclr4               
20006d57  __aeabi_memclr8               
20006979  __aeabi_memcpy                
20006979  __aeabi_memcpy4               
20006979  __aeabi_memcpy8               
20006d59  __aeabi_memset                
20006d59  __aeabi_memset4               
20006d59  __aeabi_memset8               
20006a15  __aeabi_uldivmod              
ffffffff  __binit__                     
ffffffff  __c_args__                    
UNDEFED   __mpu_init                    
2003f800  __stack                       
200073fd  _c_int00_noargs               
20007864  _ctypes_                      
2001d82c  _lock                         
20004e5f  _nop                          
2001d000  _sys_memory                   
UNDEFED   _system_post_cinit            
2000785b  _system_pre_init              
2001d830  _unlock                       
2000785f  abort                         
200071a5  atoi                          
ffffffff  binit                         
200077d9  copysign                      
200077d9  copysignl                     
2001d834  errno                         
20006745  free                          
20006f95  frexp                         
20006f95  frexpl                        
20004000  g_pfnVectors                  
2001d83c  g_ucLED1Pin                   
2001d83d  g_ucLED2Pin                   
2001d83e  g_ucLED3Pin                   
2001d820  g_uiLED1Port                  
2001d824  g_uiLED2Port                  
2001d828  g_uiLED3Port                  
20006539  ldexp                         
20006539  ldexpl                        
200070fd  ltoa                          
20005261  main                          
20006dd1  malloc                        
200076c1  memccpy                       
20006979  memcpy                        
20007605  memmove                       
20006d5f  memset                        
20007435  minit                         
20006425  realloc                       
20006539  scalbn                        
20006539  scalbnl                       
20007785  strchr                        
200077ed  strlen                        
20007305  vsnprintf                     
20007813  wcslen                        


GLOBAL SYMBOLS: SORTED BY Symbol Address 

address   name                          
-------   ----                          
00000800  __STACK_SIZE                  
00000800  __SYSMEM_SIZE                 
20004000  g_pfnVectors                  
20004401  __TI_printfi                  
20004e5f  _nop                          
20004e9d  GPIO_IF_LedConfigure          
20004edb  GPIO_IF_LedOn                 
20004f8f  GPIO_IF_LedOff                
20005043  GPIO_IF_LedStatus             
200050ad  GPIO_IF_LedToggle             
200050db  GPIO_IF_GetPortNPin           
20005121  GPIO_IF_ConfigureNIntEnable   
20005169  GPIO_IF_Set                   
200051ad  GPIO_IF_Get                   
200051f9  LEDBlinkyRoutine              
20005261  main                          
20005565  InitTerm                      
20005583  Message                       
200055a5  ClearTerm                     
200055af  Error                         
200055e7  GetCmd                        
2000568d  TrimSpace                     
20005725  Report                        
20005c25  __aeabi_dsub                  
20005c2f  __aeabi_dadd                  
20005ddb  __aeabi_idiv0                 
20005ddb  __aeabi_ldiv0                 
20005ddd  PRCMCC3200MCUInit             
20006091  PinMuxConfig                  
200061c9  __aeabi_ddiv                  
20006425  realloc                       
20006539  ldexp                         
20006539  ldexpl                        
20006539  scalbn                        
20006539  scalbnl                       
20006649  __aeabi_dmul                  
20006745  free                          
200068d1  IntEnable                     
20006979  __aeabi_memcpy                
20006979  __aeabi_memcpy4               
20006979  __aeabi_memcpy8               
20006979  memcpy                        
20006a15  __aeabi_uldivmod              
20006aad  PRCMPeripheralClockGet        
20006b41  PinConfigSet                  
20006bc9  __aeabi_cdcmpeq               
20006bc9  __aeabi_cdcmple               
20006c4f  __aeabi_cdrcmple              
20006cd5  GPIOIntTypeSet                
20006d57  __aeabi_memclr                
20006d57  __aeabi_memclr4               
20006d57  __aeabi_memclr8               
20006d59  __aeabi_memset                
20006d59  __aeabi_memset4               
20006d59  __aeabi_memset8               
20006d5f  memset                        
20006dd1  malloc                        
20006e49  UARTConfigSetExpClk           
20006f2d  __TI_decompress_lzss          
20006f95  frexp                         
20006f95  frexpl                        
20006ff9  PRCMPeripheralReset           
200070a9  IntPrioritySet                
200070fd  ltoa                          
200071a5  atoi                          
20007239  __aeabi_d2iz                  
20007281  __TI_auto_init_nobinit_nopinit
200072c5  PinModeSet                    
20007305  vsnprintf                     
20007385  PRCMPeripheralClkEnable       
200073fd  _c_int00_noargs               
20007435  minit                         
2000746d  GPIODirModeSet                
200074a3  PinTypeGPIO                   
200074d5  UARTDisable                   
20007535  __aeabi_i2d                   
20007565  PRCMSysResetCauseGet          
20007591  PRCMPeripheralClkDisable      
200075e1  UARTEnable                    
20007605  memmove                       
20007629  GPIOPinWrite                  
20007649  IntRegister                   
20007669  GPIOIntRegister               
20007687  UARTCharPut                   
200076a5  UARTCharGetNonBlocking        
200076c1  memccpy                       
200076dd  GPIOIntEnable                 
200076f7  PinTypeUART                   
20007711  GPIOPinRead                   
20007729  UARTCharsAvail                
20007759  PRCMHIBRegRead                
2000776f  PRCMHIBRegWrite               
20007785  strchr                        
2000779b  CPUcpsie                      
200077af  GPIOIntClear                  
200077c5  IntVTableBaseSet              
200077d9  copysign                      
200077d9  copysignl                     
200077ed  strlen                        
20007801  __TI_zero_init_nomemset       
20007813  wcslen                        
20007825  __TI_decompress_none          
20007833  ResetISR                      
20007841  IntMasterEnable               
2000784d  __aeabi_errno_addr            
20007855  UtilsDelay                    
2000785b  _system_pre_init              
2000785f  C$$EXIT                       
2000785f  abort                         
20007864  _ctypes_                      
20007c68  __TI_static_base__            
20007c94  __TI_Handler_Table_Base       
20007ca0  __TI_Handler_Table_Limit      
20007ca8  __TI_CINIT_Base               
20007cb8  __TI_CINIT_Limit              
2001d000  _sys_memory                   
2001d820  g_uiLED1Port                  
2001d824  g_uiLED2Port                  
2001d828  g_uiLED3Port                  
2001d82c  _lock                         
2001d830  _unlock                       
2001d834  errno                         
2001d83c  g_ucLED1Pin                   
2001d83d  g_ucLED2Pin                   
2001d83e  g_ucLED3Pin                   
2003f800  __stack                       
20040000  __STACK_END                   
ffffffff  __TI_pprof_out_hndl           
ffffffff  __TI_prof_data_size           
ffffffff  __TI_prof_data_start          
ffffffff  __binit__                     
ffffffff  __c_args__                    
ffffffff  binit                         
UNDEFED   __mpu_init                    
UNDEFED   _system_post_cinit            

[135 symbols]
