<?xml version="1.0" encoding="ISO-8859-1" ?>
<link_info>
   <banner>TI ARM Linker PC v18.1.4.LTS</banner>
   <copyright>Copyright (c) 1996-2018 Texas Instruments Incorporated</copyright>
   <link_time>0x5c37bc14</link_time>
   <link_errors>0x0</link_errors>
   <output_file>Lab1.out</output_file>
   <entry_point>
      <name>_c_int00_noargs</name>
      <address>0x200073fd</address>
   </entry_point>
   <input_file_list>
      <input_file id="fl-2">
         <path>.\</path>
         <kind>object</kind>
         <file>gpio_if.obj</file>
         <name>gpio_if.obj</name>
      </input_file>
      <input_file id="fl-3">
         <path>.\</path>
         <kind>object</kind>
         <file>main.obj</file>
         <name>main.obj</name>
      </input_file>
      <input_file id="fl-4">
         <path>.\</path>
         <kind>object</kind>
         <file>pinmux.obj</file>
         <name>pinmux.obj</name>
      </input_file>
      <input_file id="fl-5">
         <path>.\</path>
         <kind>object</kind>
         <file>startup_ccs.obj</file>
         <name>startup_ccs.obj</name>
      </input_file>
      <input_file id="fl-6">
         <path>.\</path>
         <kind>object</kind>
         <file>uart_if.obj</file>
         <name>uart_if.obj</name>
      </input_file>
      <input_file id="fl-b">
         <kind>object</kind>
         <file>&lt;internal&gt;</file>
         <name>&lt;internal&gt;</name>
      </input_file>
      <input_file id="fl-c1">
         <path>C:\ti\ccsv8\tools\compiler\ti-cgt-arm_18.1.4.LTS\lib\</path>
         <kind>archive</kind>
         <file>rtsv7M4_T_le_v4SPD16_eabi.lib</file>
         <name>copy_zero_init.c.obj</name>
      </input_file>
      <input_file id="fl-c2">
         <path>C:\ti\ccsv8\tools\compiler\ti-cgt-arm_18.1.4.LTS\lib\</path>
         <kind>archive</kind>
         <file>rtsv7M4_T_le_v4SPD16_eabi.lib</file>
         <name>copy_decompress_none.c.obj</name>
      </input_file>
      <input_file id="fl-c3">
         <path>C:\ti\ccsv8\tools\compiler\ti-cgt-arm_18.1.4.LTS\lib\</path>
         <kind>archive</kind>
         <file>rtsv7M4_T_le_v4SPD16_eabi.lib</file>
         <name>copy_decompress_lzss.c.obj</name>
      </input_file>
      <input_file id="fl-c4">
         <path>C:\ti\ccsv8\tools\compiler\ti-cgt-arm_18.1.4.LTS\lib\</path>
         <kind>archive</kind>
         <file>rtsv7M4_T_le_v4SPD16_eabi.lib</file>
         <name>boot_cortex_m.c.obj</name>
      </input_file>
      <input_file id="fl-c5">
         <path>C:\ti\ccsv8\tools\compiler\ti-cgt-arm_18.1.4.LTS\lib\</path>
         <kind>archive</kind>
         <file>rtsv7M4_T_le_v4SPD16_eabi.lib</file>
         <name>exit.c.obj</name>
      </input_file>
      <input_file id="fl-c6">
         <path>C:\ti\ccsv8\tools\compiler\ti-cgt-arm_18.1.4.LTS\lib\</path>
         <kind>archive</kind>
         <file>rtsv7M4_T_le_v4SPD16_eabi.lib</file>
         <name>memory.c.obj</name>
      </input_file>
      <input_file id="fl-c7">
         <path>C:\ti\ccsv8\tools\compiler\ti-cgt-arm_18.1.4.LTS\lib\</path>
         <kind>archive</kind>
         <file>rtsv7M4_T_le_v4SPD16_eabi.lib</file>
         <name>_lock.c.obj</name>
      </input_file>
      <input_file id="fl-c8">
         <path>C:\ti\ccsv8\tools\compiler\ti-cgt-arm_18.1.4.LTS\lib\</path>
         <kind>archive</kind>
         <file>rtsv7M4_T_le_v4SPD16_eabi.lib</file>
         <name>args_main.c.obj</name>
      </input_file>
      <input_file id="fl-c9">
         <path>C:\ti\ccsv8\tools\compiler\ti-cgt-arm_18.1.4.LTS\lib\</path>
         <kind>archive</kind>
         <file>rtsv7M4_T_le_v4SPD16_eabi.lib</file>
         <name>memmov.c.obj</name>
      </input_file>
      <input_file id="fl-ca">
         <path>C:\ti\ccsv8\tools\compiler\ti-cgt-arm_18.1.4.LTS\lib\</path>
         <kind>archive</kind>
         <file>rtsv7M4_T_le_v4SPD16_eabi.lib</file>
         <name>strlen.c.obj</name>
      </input_file>
      <input_file id="fl-cb">
         <path>C:\ti\ccsv8\tools\compiler\ti-cgt-arm_18.1.4.LTS\lib\</path>
         <kind>archive</kind>
         <file>rtsv7M4_T_le_v4SPD16_eabi.lib</file>
         <name>vsnprintf.c.obj</name>
      </input_file>
      <input_file id="fl-cc">
         <path>C:\ti\ccsv8\tools\compiler\ti-cgt-arm_18.1.4.LTS\lib\</path>
         <kind>archive</kind>
         <file>rtsv7M4_T_le_v4SPD16_eabi.lib</file>
         <name>memcpy_t2.asm.obj</name>
      </input_file>
      <input_file id="fl-cd">
         <path>C:\ti\ccsv8\tools\compiler\ti-cgt-arm_18.1.4.LTS\lib\</path>
         <kind>archive</kind>
         <file>rtsv7M4_T_le_v4SPD16_eabi.lib</file>
         <name>memset_t2.asm.obj</name>
      </input_file>
      <input_file id="fl-ce">
         <path>C:\ti\ccsv8\tools\compiler\ti-cgt-arm_18.1.4.LTS\lib\</path>
         <kind>archive</kind>
         <file>rtsv7M4_T_le_v4SPD16_eabi.lib</file>
         <name>autoinit.c.obj</name>
      </input_file>
      <input_file id="fl-cf">
         <path>C:\ti\ccsv8\tools\compiler\ti-cgt-arm_18.1.4.LTS\lib\</path>
         <kind>archive</kind>
         <file>rtsv7M4_T_le_v4SPD16_eabi.lib</file>
         <name>pre_init.c.obj</name>
      </input_file>
      <input_file id="fl-d0">
         <path>C:\ti\ccsv8\tools\compiler\ti-cgt-arm_18.1.4.LTS\lib\</path>
         <kind>archive</kind>
         <file>rtsv7M4_T_le_v4SPD16_eabi.lib</file>
         <name>cpy_tbl.c.obj</name>
      </input_file>
      <input_file id="fl-d1">
         <path>C:\ti\ccsv8\tools\compiler\ti-cgt-arm_18.1.4.LTS\lib\</path>
         <kind>archive</kind>
         <file>rtsv7M4_T_le_v4SPD16_eabi.lib</file>
         <name>_printfi.c.obj</name>
      </input_file>
      <input_file id="fl-d2">
         <path>C:\ti\ccsv8\tools\compiler\ti-cgt-arm_18.1.4.LTS\lib\</path>
         <kind>archive</kind>
         <file>rtsv7M4_T_le_v4SPD16_eabi.lib</file>
         <name>atoi.c.obj</name>
      </input_file>
      <input_file id="fl-d3">
         <path>C:\ti\ccsv8\tools\compiler\ti-cgt-arm_18.1.4.LTS\lib\</path>
         <kind>archive</kind>
         <file>rtsv7M4_T_le_v4SPD16_eabi.lib</file>
         <name>ctype.c.obj</name>
      </input_file>
      <input_file id="fl-d4">
         <path>C:\ti\ccsv8\tools\compiler\ti-cgt-arm_18.1.4.LTS\lib\</path>
         <kind>archive</kind>
         <file>rtsv7M4_T_le_v4SPD16_eabi.lib</file>
         <name>ltoa.c.obj</name>
      </input_file>
      <input_file id="fl-d5">
         <path>C:\ti\ccsv8\tools\compiler\ti-cgt-arm_18.1.4.LTS\lib\</path>
         <kind>archive</kind>
         <file>rtsv7M4_T_le_v4SPD16_eabi.lib</file>
         <name>memccpy.c.obj</name>
      </input_file>
      <input_file id="fl-d6">
         <path>C:\ti\ccsv8\tools\compiler\ti-cgt-arm_18.1.4.LTS\lib\</path>
         <kind>archive</kind>
         <file>rtsv7M4_T_le_v4SPD16_eabi.lib</file>
         <name>strchr.c.obj</name>
      </input_file>
      <input_file id="fl-d7">
         <path>C:\ti\ccsv8\tools\compiler\ti-cgt-arm_18.1.4.LTS\lib\</path>
         <kind>archive</kind>
         <file>rtsv7M4_T_le_v4SPD16_eabi.lib</file>
         <name>wcslen.c.obj</name>
      </input_file>
      <input_file id="fl-d8">
         <path>C:\ti\ccsv8\tools\compiler\ti-cgt-arm_18.1.4.LTS\lib\</path>
         <kind>archive</kind>
         <file>rtsv7M4_T_le_v4SPD16_eabi.lib</file>
         <name>s_frexp.c.obj</name>
      </input_file>
      <input_file id="fl-d9">
         <path>C:\ti\ccsv8\tools\compiler\ti-cgt-arm_18.1.4.LTS\lib\</path>
         <kind>archive</kind>
         <file>rtsv7M4_T_le_v4SPD16_eabi.lib</file>
         <name>s_scalbn.c.obj</name>
      </input_file>
      <input_file id="fl-da">
         <path>C:\ti\ccsv8\tools\compiler\ti-cgt-arm_18.1.4.LTS\lib\</path>
         <kind>archive</kind>
         <file>rtsv7M4_T_le_v4SPD16_eabi.lib</file>
         <name>fd_add_t2.asm.obj</name>
      </input_file>
      <input_file id="fl-db">
         <path>C:\ti\ccsv8\tools\compiler\ti-cgt-arm_18.1.4.LTS\lib\</path>
         <kind>archive</kind>
         <file>rtsv7M4_T_le_v4SPD16_eabi.lib</file>
         <name>fd_cmp_t2.asm.obj</name>
      </input_file>
      <input_file id="fl-dc">
         <path>C:\ti\ccsv8\tools\compiler\ti-cgt-arm_18.1.4.LTS\lib\</path>
         <kind>archive</kind>
         <file>rtsv7M4_T_le_v4SPD16_eabi.lib</file>
         <name>fd_div_t2.asm.obj</name>
      </input_file>
      <input_file id="fl-dd">
         <path>C:\ti\ccsv8\tools\compiler\ti-cgt-arm_18.1.4.LTS\lib\</path>
         <kind>archive</kind>
         <file>rtsv7M4_T_le_v4SPD16_eabi.lib</file>
         <name>fd_mul_t2.asm.obj</name>
      </input_file>
      <input_file id="fl-de">
         <path>C:\ti\ccsv8\tools\compiler\ti-cgt-arm_18.1.4.LTS\lib\</path>
         <kind>archive</kind>
         <file>rtsv7M4_T_le_v4SPD16_eabi.lib</file>
         <name>fd_toi_t2.asm.obj</name>
      </input_file>
      <input_file id="fl-df">
         <path>C:\ti\ccsv8\tools\compiler\ti-cgt-arm_18.1.4.LTS\lib\</path>
         <kind>archive</kind>
         <file>rtsv7M4_T_le_v4SPD16_eabi.lib</file>
         <name>i_tofd_t2.asm.obj</name>
      </input_file>
      <input_file id="fl-e0">
         <path>C:\ti\ccsv8\tools\compiler\ti-cgt-arm_18.1.4.LTS\lib\</path>
         <kind>archive</kind>
         <file>rtsv7M4_T_le_v4SPD16_eabi.lib</file>
         <name>ull_div_t2.asm.obj</name>
      </input_file>
      <input_file id="fl-e1">
         <path>C:\ti\ccsv8\tools\compiler\ti-cgt-arm_18.1.4.LTS\lib\</path>
         <kind>archive</kind>
         <file>rtsv7M4_T_le_v4SPD16_eabi.lib</file>
         <name>errno.c.obj</name>
      </input_file>
      <input_file id="fl-e2">
         <path>C:\ti\ccsv8\tools\compiler\ti-cgt-arm_18.1.4.LTS\lib\</path>
         <kind>archive</kind>
         <file>rtsv7M4_T_le_v4SPD16_eabi.lib</file>
         <name>s_copysign.c.obj</name>
      </input_file>
      <input_file id="fl-e3">
         <path>C:\ti\ccsv8\tools\compiler\ti-cgt-arm_18.1.4.LTS\lib\</path>
         <kind>archive</kind>
         <file>rtsv7M4_T_le_v4SPD16_eabi.lib</file>
         <name>div0.asm.obj</name>
      </input_file>
      <input_file id="fl-e4">
         <path>C:\ti\CC3200SDK_1.3.0\cc3200-sdk\driverlib\ccs\Release\</path>
         <kind>archive</kind>
         <file>driverlib.a</file>
         <name>gpio.obj</name>
      </input_file>
      <input_file id="fl-e5">
         <path>C:\ti\CC3200SDK_1.3.0\cc3200-sdk\driverlib\ccs\Release\</path>
         <kind>archive</kind>
         <file>driverlib.a</file>
         <name>interrupt.obj</name>
      </input_file>
      <input_file id="fl-e6">
         <path>C:\ti\CC3200SDK_1.3.0\cc3200-sdk\driverlib\ccs\Release\</path>
         <kind>archive</kind>
         <file>driverlib.a</file>
         <name>pin.obj</name>
      </input_file>
      <input_file id="fl-e7">
         <path>C:\ti\CC3200SDK_1.3.0\cc3200-sdk\driverlib\ccs\Release\</path>
         <kind>archive</kind>
         <file>driverlib.a</file>
         <name>prcm.obj</name>
      </input_file>
      <input_file id="fl-e8">
         <path>C:\ti\CC3200SDK_1.3.0\cc3200-sdk\driverlib\ccs\Release\</path>
         <kind>archive</kind>
         <file>driverlib.a</file>
         <name>uart.obj</name>
      </input_file>
      <input_file id="fl-e9">
         <path>C:\ti\CC3200SDK_1.3.0\cc3200-sdk\driverlib\ccs\Release\</path>
         <kind>archive</kind>
         <file>driverlib.a</file>
         <name>utils.obj</name>
      </input_file>
      <input_file id="fl-ea">
         <path>C:\ti\CC3200SDK_1.3.0\cc3200-sdk\driverlib\ccs\Release\</path>
         <kind>archive</kind>
         <file>driverlib.a</file>
         <name>cpu.obj</name>
      </input_file>
      <input_file id="fl-eb">
         <path>C:\ti\CC3200SDK_1.3.0\cc3200-sdk\driverlib\ccs\Release\</path>
         <kind>archive</kind>
         <file>driverlib.a</file>
         <name>flash.obj</name>
      </input_file>
   </input_file_list>
   <object_component_list>
      <object_component id="oc-f">
         <name>.intvecs</name>
         <load_address>0x20004000</load_address>
         <run_address>0x20004000</run_address>
         <size>0x400</size>
         <input_file_ref idref="fl-5"/>
      </object_component>
      <object_component id="oc-26e">
         <name>.text:__TI_printfi</name>
         <load_address>0x20004400</load_address>
         <run_address>0x20004400</run_address>
         <size>0xa5e</size>
         <input_file_ref idref="fl-d1"/>
      </object_component>
      <object_component id="oc-2b5">
         <name>.text:_nop</name>
         <load_address>0x20004e5e</load_address>
         <run_address>0x20004e5e</run_address>
         <size>0x2</size>
         <input_file_ref idref="fl-c7"/>
      </object_component>
      <object_component id="oc-c2">
         <name>.text</name>
         <load_address>0x20004e60</load_address>
         <run_address>0x20004e60</run_address>
         <size>0x398</size>
         <input_file_ref idref="fl-2"/>
      </object_component>
      <object_component id="oc-94">
         <name>.text</name>
         <load_address>0x200051f8</load_address>
         <run_address>0x200051f8</run_address>
         <size>0x36c</size>
         <input_file_ref idref="fl-3"/>
      </object_component>
      <object_component id="oc-e7">
         <name>.text</name>
         <load_address>0x20005564</load_address>
         <run_address>0x20005564</run_address>
         <size>0x280</size>
         <input_file_ref idref="fl-6"/>
      </object_component>
      <object_component id="oc-30e">
         <name>.text:_pconv_a</name>
         <load_address>0x200057e4</load_address>
         <run_address>0x200057e4</run_address>
         <size>0x270</size>
         <input_file_ref idref="fl-d1"/>
      </object_component>
      <object_component id="oc-2fc">
         <name>.text:_pconv_g</name>
         <load_address>0x20005a54</load_address>
         <run_address>0x20005a54</run_address>
         <size>0x1d0</size>
         <input_file_ref idref="fl-d1"/>
      </object_component>
      <object_component id="oc-37b">
         <name>.text</name>
         <load_address>0x20005c24</load_address>
         <run_address>0x20005c24</run_address>
         <size>0x1b6</size>
         <input_file_ref idref="fl-da"/>
      </object_component>
      <object_component id="oc-3cd">
         <name>.text</name>
         <load_address>0x20005dda</load_address>
         <run_address>0x20005dda</run_address>
         <size>0x2</size>
         <input_file_ref idref="fl-e3"/>
      </object_component>
      <object_component id="oc-db">
         <name>.text:PRCMCC3200MCUInit</name>
         <load_address>0x20005ddc</load_address>
         <run_address>0x20005ddc</run_address>
         <size>0x178</size>
         <input_file_ref idref="fl-e7"/>
      </object_component>
      <object_component id="oc-308">
         <name>.text:_pconv_e</name>
         <load_address>0x20005f54</load_address>
         <run_address>0x20005f54</run_address>
         <size>0x13c</size>
         <input_file_ref idref="fl-d1"/>
      </object_component>
      <object_component id="oc-e1">
         <name>.text</name>
         <load_address>0x20006090</load_address>
         <run_address>0x20006090</run_address>
         <size>0x138</size>
         <input_file_ref idref="fl-4"/>
      </object_component>
      <object_component id="oc-361">
         <name>.text</name>
         <load_address>0x200061c8</load_address>
         <run_address>0x200061c8</run_address>
         <size>0x136</size>
         <input_file_ref idref="fl-dc"/>
      </object_component>
      <object_component id="oc-38d">
         <name>.text:fcvt</name>
         <load_address>0x20006300</load_address>
         <run_address>0x20006300</run_address>
         <size>0x124</size>
         <input_file_ref idref="fl-d1"/>
      </object_component>
      <object_component id="oc-1e7">
         <name>.text:realloc</name>
         <load_address>0x20006424</load_address>
         <run_address>0x20006424</run_address>
         <size>0x114</size>
         <input_file_ref idref="fl-c6"/>
      </object_component>
      <object_component id="oc-3a1">
         <name>.text:scalbn</name>
         <load_address>0x20006538</load_address>
         <run_address>0x20006538</run_address>
         <size>0x110</size>
         <input_file_ref idref="fl-d9"/>
      </object_component>
      <object_component id="oc-35c">
         <name>.text</name>
         <load_address>0x20006648</load_address>
         <run_address>0x20006648</run_address>
         <size>0xfc</size>
         <input_file_ref idref="fl-dd"/>
      </object_component>
      <object_component id="oc-1ed">
         <name>.text:free</name>
         <load_address>0x20006744</load_address>
         <run_address>0x20006744</run_address>
         <size>0xd8</size>
         <input_file_ref idref="fl-c6"/>
      </object_component>
      <object_component id="oc-2f1">
         <name>.text:_ltostr</name>
         <load_address>0x2000681c</load_address>
         <run_address>0x2000681c</run_address>
         <size>0xb1</size>
         <input_file_ref idref="fl-d1"/>
      </object_component>
      <object_component id="oc-d5">
         <name>.text:IntEnable</name>
         <load_address>0x200068d0</load_address>
         <run_address>0x200068d0</run_address>
         <size>0xa8</size>
         <input_file_ref idref="fl-e5"/>
      </object_component>
      <object_component id="oc-3a">
         <name>.text</name>
         <load_address>0x20006978</load_address>
         <run_address>0x20006978</run_address>
         <size>0x9c</size>
         <input_file_ref idref="fl-cc"/>
      </object_component>
      <object_component id="oc-355">
         <name>.text</name>
         <load_address>0x20006a14</load_address>
         <run_address>0x20006a14</run_address>
         <size>0x96</size>
         <input_file_ref idref="fl-e0"/>
      </object_component>
      <object_component id="oc-1b1">
         <name>.text:PRCMPeripheralClockGet</name>
         <load_address>0x20006aac</load_address>
         <run_address>0x20006aac</run_address>
         <size>0x94</size>
         <input_file_ref idref="fl-e7"/>
      </object_component>
      <object_component id="oc-256">
         <name>.text:PinConfigSet</name>
         <load_address>0x20006b40</load_address>
         <run_address>0x20006b40</run_address>
         <size>0x88</size>
         <input_file_ref idref="fl-e6"/>
      </object_component>
      <object_component id="oc-2f7">
         <name>.text:__aeabi_cdcmple</name>
         <load_address>0x20006bc8</load_address>
         <run_address>0x20006bc8</run_address>
         <size>0x86</size>
         <input_file_ref idref="fl-db"/>
      </object_component>
      <object_component id="oc-366">
         <name>.text:__aeabi_cdrcmple</name>
         <load_address>0x20006c4e</load_address>
         <run_address>0x20006c4e</run_address>
         <size>0x86</size>
         <input_file_ref idref="fl-db"/>
      </object_component>
      <object_component id="oc-138">
         <name>.text:GPIOIntTypeSet</name>
         <load_address>0x20006cd4</load_address>
         <run_address>0x20006cd4</run_address>
         <size>0x82</size>
         <input_file_ref idref="fl-e4"/>
      </object_component>
      <object_component id="oc-88">
         <name>.text</name>
         <load_address>0x20006d56</load_address>
         <run_address>0x20006d56</run_address>
         <size>0x7a</size>
         <input_file_ref idref="fl-cd"/>
      </object_component>
      <object_component id="oc-1e1">
         <name>.text:malloc</name>
         <load_address>0x20006dd0</load_address>
         <run_address>0x20006dd0</run_address>
         <size>0x78</size>
         <input_file_ref idref="fl-c6"/>
      </object_component>
      <object_component id="oc-1b7">
         <name>.text:UARTConfigSetExpClk</name>
         <load_address>0x20006e48</load_address>
         <run_address>0x20006e48</run_address>
         <size>0x76</size>
         <input_file_ref idref="fl-e8"/>
      </object_component>
      <object_component id="oc-386">
         <name>.text:_mcpy</name>
         <load_address>0x20006ebe</load_address>
         <run_address>0x20006ebe</run_address>
         <size>0x6e</size>
         <input_file_ref idref="fl-d1"/>
      </object_component>
      <object_component id="oc-12">
         <name>.text:decompress:lzss:__TI_decompress_lzss</name>
         <load_address>0x20006f2c</load_address>
         <run_address>0x20006f2c</run_address>
         <size>0x68</size>
         <input_file_ref idref="fl-c3"/>
      </object_component>
      <object_component id="oc-39b">
         <name>.text:frexp</name>
         <load_address>0x20006f94</load_address>
         <run_address>0x20006f94</run_address>
         <size>0x64</size>
         <input_file_ref idref="fl-d8"/>
      </object_component>
      <object_component id="oc-18b">
         <name>.text:PRCMPeripheralReset</name>
         <load_address>0x20006ff8</load_address>
         <run_address>0x20006ff8</run_address>
         <size>0x58</size>
         <input_file_ref idref="fl-e7"/>
      </object_component>
      <object_component id="oc-302">
         <name>.text:_pconv_f</name>
         <load_address>0x20007050</load_address>
         <run_address>0x20007050</run_address>
         <size>0x56</size>
         <input_file_ref idref="fl-d1"/>
      </object_component>
      <object_component id="oc-13e">
         <name>.text:IntPrioritySet</name>
         <load_address>0x200070a8</load_address>
         <run_address>0x200070a8</run_address>
         <size>0x54</size>
         <input_file_ref idref="fl-e5"/>
      </object_component>
      <object_component id="oc-370">
         <name>.text:ltoa</name>
         <load_address>0x200070fc</load_address>
         <run_address>0x200070fc</run_address>
         <size>0x54</size>
         <input_file_ref idref="fl-d4"/>
      </object_component>
      <object_component id="oc-380">
         <name>.text:_ecpy</name>
         <load_address>0x20007150</load_address>
         <run_address>0x20007150</run_address>
         <size>0x52</size>
         <input_file_ref idref="fl-d1"/>
      </object_component>
      <object_component id="oc-2eb">
         <name>.text:atoi</name>
         <load_address>0x200071a4</load_address>
         <run_address>0x200071a4</run_address>
         <size>0x4c</size>
         <input_file_ref idref="fl-d2"/>
      </object_component>
      <object_component id="oc-229">
         <name>.text:GPIOGetIntNumber</name>
         <load_address>0x200071f0</load_address>
         <run_address>0x200071f0</run_address>
         <size>0x48</size>
         <input_file_ref idref="fl-e4"/>
      </object_component>
      <object_component id="oc-36b">
         <name>.text</name>
         <load_address>0x20007238</load_address>
         <run_address>0x20007238</run_address>
         <size>0x48</size>
         <input_file_ref idref="fl-de"/>
      </object_component>
      <object_component id="oc-106">
         <name>.text:__TI_auto_init_nobinit_nopinit:__TI_auto_init_nobinit_nopinit</name>
         <load_address>0x20007280</load_address>
         <run_address>0x20007280</run_address>
         <size>0x44</size>
         <input_file_ref idref="fl-ce"/>
      </object_component>
      <object_component id="oc-198">
         <name>.text:PinModeSet</name>
         <load_address>0x200072c4</load_address>
         <run_address>0x200072c4</run_address>
         <size>0x40</size>
         <input_file_ref idref="fl-e6"/>
      </object_component>
      <object_component id="oc-1c3">
         <name>.text:vsnprintf</name>
         <load_address>0x20007304</load_address>
         <run_address>0x20007304</run_address>
         <size>0x40</size>
         <input_file_ref idref="fl-cb"/>
      </object_component>
      <object_component id="oc-393">
         <name>.text:_fcpy</name>
         <load_address>0x20007344</load_address>
         <run_address>0x20007344</run_address>
         <size>0x3e</size>
         <input_file_ref idref="fl-d1"/>
      </object_component>
      <object_component id="oc-185">
         <name>.text:PRCMPeripheralClkEnable</name>
         <load_address>0x20007384</load_address>
         <run_address>0x20007384</run_address>
         <size>0x3c</size>
         <input_file_ref idref="fl-e7"/>
      </object_component>
      <object_component id="oc-29e">
         <name>.text:minsert</name>
         <load_address>0x200073c0</load_address>
         <run_address>0x200073c0</run_address>
         <size>0x3c</size>
         <input_file_ref idref="fl-c6"/>
      </object_component>
      <object_component id="oc-58">
         <name>.text:_c_int00_noargs:_c_int00_noargs</name>
         <load_address>0x200073fc</load_address>
         <run_address>0x200073fc</run_address>
         <size>0x38</size>
         <input_file_ref idref="fl-c4"/>
      </object_component>
      <object_component id="oc-292">
         <name>.text:minit</name>
         <load_address>0x20007434</load_address>
         <run_address>0x20007434</run_address>
         <size>0x38</size>
         <input_file_ref idref="fl-c6"/>
      </object_component>
      <object_component id="oc-1a4">
         <name>.text:GPIODirModeSet</name>
         <load_address>0x2000746c</load_address>
         <run_address>0x2000746c</run_address>
         <size>0x36</size>
         <input_file_ref idref="fl-e4"/>
      </object_component>
      <object_component id="oc-19e">
         <name>.text:PinTypeGPIO</name>
         <load_address>0x200074a2</load_address>
         <run_address>0x200074a2</run_address>
         <size>0x30</size>
         <input_file_ref idref="fl-e6"/>
      </object_component>
      <object_component id="oc-260">
         <name>.text:UARTDisable</name>
         <load_address>0x200074d4</load_address>
         <run_address>0x200074d4</run_address>
         <size>0x30</size>
         <input_file_ref idref="fl-e8"/>
      </object_component>
      <object_component id="oc-274">
         <name>.text:_outs</name>
         <load_address>0x20007504</load_address>
         <run_address>0x20007504</run_address>
         <size>0x30</size>
         <input_file_ref idref="fl-cb"/>
      </object_component>
      <object_component id="oc-376">
         <name>.text</name>
         <load_address>0x20007534</load_address>
         <run_address>0x20007534</run_address>
         <size>0x2e</size>
         <input_file_ref idref="fl-df"/>
      </object_component>
      <object_component id="oc-173">
         <name>.text:PRCMSysResetCauseGet</name>
         <load_address>0x20007564</load_address>
         <run_address>0x20007564</run_address>
         <size>0x2c</size>
         <input_file_ref idref="fl-e7"/>
      </object_component>
      <object_component id="oc-191">
         <name>.text:PRCMPeripheralClkDisable</name>
         <load_address>0x20007590</load_address>
         <run_address>0x20007590</run_address>
         <size>0x28</size>
         <input_file_ref idref="fl-e7"/>
      </object_component>
      <object_component id="oc-298">
         <name>.text:mremove</name>
         <load_address>0x200075b8</load_address>
         <run_address>0x200075b8</run_address>
         <size>0x28</size>
         <input_file_ref idref="fl-c6"/>
      </object_component>
      <object_component id="oc-266">
         <name>.text:UARTEnable</name>
         <load_address>0x200075e0</load_address>
         <run_address>0x200075e0</run_address>
         <size>0x24</size>
         <input_file_ref idref="fl-e8"/>
      </object_component>
      <object_component id="oc-1db">
         <name>.text:memmove</name>
         <load_address>0x20007604</load_address>
         <run_address>0x20007604</run_address>
         <size>0x24</size>
         <input_file_ref idref="fl-c9"/>
      </object_component>
      <object_component id="oc-f3">
         <name>.text:GPIOPinWrite</name>
         <load_address>0x20007628</load_address>
         <run_address>0x20007628</run_address>
         <size>0x20</size>
         <input_file_ref idref="fl-e4"/>
      </object_component>
      <object_component id="oc-22f">
         <name>.text:IntRegister</name>
         <load_address>0x20007648</load_address>
         <run_address>0x20007648</run_address>
         <size>0x20</size>
         <input_file_ref idref="fl-e5"/>
      </object_component>
      <object_component id="oc-144">
         <name>.text:GPIOIntRegister</name>
         <load_address>0x20007668</load_address>
         <run_address>0x20007668</run_address>
         <size>0x1e</size>
         <input_file_ref idref="fl-e4"/>
      </object_component>
      <object_component id="oc-1bd">
         <name>.text:UARTCharPut</name>
         <load_address>0x20007686</load_address>
         <run_address>0x20007686</run_address>
         <size>0x1e</size>
         <input_file_ref idref="fl-e8"/>
      </object_component>
      <object_component id="oc-1cf">
         <name>.text:UARTCharGetNonBlocking</name>
         <load_address>0x200076a4</load_address>
         <run_address>0x200076a4</run_address>
         <size>0x1c</size>
         <input_file_ref idref="fl-e8"/>
      </object_component>
      <object_component id="oc-314">
         <name>.text:memccpy</name>
         <load_address>0x200076c0</load_address>
         <run_address>0x200076c0</run_address>
         <size>0x1c</size>
         <input_file_ref idref="fl-d5"/>
      </object_component>
      <object_component id="oc-150">
         <name>.text:GPIOIntEnable</name>
         <load_address>0x200076dc</load_address>
         <run_address>0x200076dc</run_address>
         <size>0x1a</size>
         <input_file_ref idref="fl-e4"/>
      </object_component>
      <object_component id="oc-1aa">
         <name>.text:PinTypeUART</name>
         <load_address>0x200076f6</load_address>
         <run_address>0x200076f6</run_address>
         <size>0x1a</size>
         <input_file_ref idref="fl-e6"/>
      </object_component>
      <object_component id="oc-ed">
         <name>.text:GPIOPinRead</name>
         <load_address>0x20007710</load_address>
         <run_address>0x20007710</run_address>
         <size>0x18</size>
         <input_file_ref idref="fl-e4"/>
      </object_component>
      <object_component id="oc-1c9">
         <name>.text:UARTCharsAvail</name>
         <load_address>0x20007728</load_address>
         <run_address>0x20007728</run_address>
         <size>0x18</size>
         <input_file_ref idref="fl-e8"/>
      </object_component>
      <object_component id="oc-27a">
         <name>.text:_outc</name>
         <load_address>0x20007740</load_address>
         <run_address>0x20007740</run_address>
         <size>0x18</size>
         <input_file_ref idref="fl-cb"/>
      </object_component>
      <object_component id="oc-179">
         <name>.text:PRCMHIBRegRead</name>
         <load_address>0x20007758</load_address>
         <run_address>0x20007758</run_address>
         <size>0x16</size>
         <input_file_ref idref="fl-e7"/>
      </object_component>
      <object_component id="oc-17f">
         <name>.text:PRCMHIBRegWrite</name>
         <load_address>0x2000776e</load_address>
         <run_address>0x2000776e</run_address>
         <size>0x16</size>
         <input_file_ref idref="fl-e7"/>
      </object_component>
      <object_component id="oc-3a7">
         <name>.text:strchr</name>
         <load_address>0x20007784</load_address>
         <run_address>0x20007784</run_address>
         <size>0x16</size>
         <input_file_ref idref="fl-d6"/>
      </object_component>
      <object_component id="oc-163">
         <name>.text:CPUcpsie</name>
         <load_address>0x2000779a</load_address>
         <run_address>0x2000779a</run_address>
         <size>0x14</size>
         <input_file_ref idref="fl-ea"/>
      </object_component>
      <object_component id="oc-14a">
         <name>.text:GPIOIntClear</name>
         <load_address>0x200077ae</load_address>
         <run_address>0x200077ae</run_address>
         <size>0x14</size>
         <input_file_ref idref="fl-e4"/>
      </object_component>
      <object_component id="oc-c9">
         <name>.text:IntVTableBaseSet</name>
         <load_address>0x200077c4</load_address>
         <run_address>0x200077c4</run_address>
         <size>0x14</size>
         <input_file_ref idref="fl-e5"/>
      </object_component>
      <object_component id="oc-3e6">
         <name>.text:copysign</name>
         <load_address>0x200077d8</load_address>
         <run_address>0x200077d8</run_address>
         <size>0x14</size>
         <input_file_ref idref="fl-e2"/>
      </object_component>
      <object_component id="oc-1d5">
         <name>.text:strlen</name>
         <load_address>0x200077ec</load_address>
         <run_address>0x200077ec</run_address>
         <size>0x14</size>
         <input_file_ref idref="fl-ca"/>
      </object_component>
      <object_component id="oc-46">
         <name>.text:decompress:ZI:__TI_zero_init_nomemset:__TI_zero_init_nomemset</name>
         <load_address>0x20007800</load_address>
         <run_address>0x20007800</run_address>
         <size>0x12</size>
         <input_file_ref idref="fl-c1"/>
      </object_component>
      <object_component id="oc-31a">
         <name>.text:wcslen</name>
         <load_address>0x20007812</load_address>
         <run_address>0x20007812</run_address>
         <size>0x12</size>
         <input_file_ref idref="fl-d7"/>
      </object_component>
      <object_component id="oc-18">
         <name>.text:decompress:none:__TI_decompress_none</name>
         <load_address>0x20007824</load_address>
         <run_address>0x20007824</run_address>
         <size>0xe</size>
         <input_file_ref idref="fl-c2"/>
      </object_component>
      <object_component id="oc-26">
         <name>.text</name>
         <load_address>0x20007832</load_address>
         <run_address>0x20007832</run_address>
         <size>0xe</size>
         <input_file_ref idref="fl-5"/>
      </object_component>
      <object_component id="oc-cf">
         <name>.text:IntMasterEnable</name>
         <load_address>0x20007840</load_address>
         <run_address>0x20007840</run_address>
         <size>0xa</size>
         <input_file_ref idref="fl-e5"/>
      </object_component>
      <object_component id="oc-320">
         <name>.text:__aeabi_errno_addr</name>
         <load_address>0x2000784c</load_address>
         <run_address>0x2000784c</run_address>
         <size>0x8</size>
         <input_file_ref idref="fl-e1"/>
      </object_component>
      <object_component id="oc-c8">
         <name>.text:UtilsDelay</name>
         <load_address>0x20007854</load_address>
         <run_address>0x20007854</run_address>
         <size>0x6</size>
         <input_file_ref idref="fl-e9"/>
      </object_component>
      <object_component id="oc-8e">
         <name>.text:_system_pre_init</name>
         <load_address>0x2000785a</load_address>
         <run_address>0x2000785a</run_address>
         <size>0x4</size>
         <input_file_ref idref="fl-cf"/>
      </object_component>
      <object_component id="oc-fa">
         <name>.text:abort:abort</name>
         <load_address>0x2000785e</load_address>
         <run_address>0x2000785e</run_address>
         <size>0x4</size>
         <input_file_ref idref="fl-c5"/>
      </object_component>
      <object_component id="oc-350">
         <name>.const:.string:_ctypes_</name>
         <load_address>0x20007864</load_address>
         <run_address>0x20007864</run_address>
         <size>0x101</size>
         <input_file_ref idref="fl-d3"/>
      </object_component>
      <object_component id="oc-252">
         <name>.const:g_ulPinToPadMap</name>
         <load_address>0x20007968</load_address>
         <run_address>0x20007968</run_address>
         <size>0x100</size>
         <input_file_ref idref="fl-e6"/>
      </object_component>
      <object_component id="oc-225">
         <name>.const:g_pulRegs</name>
         <load_address>0x20007a68</load_address>
         <run_address>0x20007a68</run_address>
         <size>0xd4</size>
         <input_file_ref idref="fl-e5"/>
      </object_component>
      <object_component id="oc-24b">
         <name>.const:PRCM_PeriphRegsList</name>
         <load_address>0x20007b3c</load_address>
         <run_address>0x20007b3c</run_address>
         <size>0xa8</size>
         <input_file_ref idref="fl-e7"/>
      </object_component>
      <object_component id="oc-16f">
         <name>.const</name>
         <load_address>0x20007be4</load_address>
         <run_address>0x20007be4</run_address>
         <size>0x80</size>
         <input_file_ref idref="fl-e5"/>
      </object_component>
      <object_component id="oc-43c">
         <name>.cinit..data.load</name>
         <load_address>0x20007c68</load_address>
         <run_address>0x20007c68</run_address>
         <size>0x2b</size>
      </object_component>
      <object_component id="oc-43a">
         <name>__TI_handler_table</name>
         <load_address>0x20007c94</load_address>
         <run_address>0x20007c94</run_address>
         <size>0xc</size>
      </object_component>
      <object_component id="oc-43d">
         <name>.cinit..bss.load</name>
         <load_address>0x20007ca0</load_address>
         <run_address>0x20007ca0</run_address>
         <size>0x8</size>
      </object_component>
      <object_component id="oc-43b">
         <name>__TI_cinit_table</name>
         <load_address>0x20007ca8</load_address>
         <run_address>0x20007ca8</run_address>
         <size>0x10</size>
      </object_component>
      <object_component id="oc-15e">
         <name>.data:ulReg</name>
         <load_address>0x2001d800</load_address>
         <run_address>0x2001d800</run_address>
         <size>0x14</size>
         <input_file_ref idref="fl-2"/>
      </object_component>
      <object_component id="oc-156">
         <name>.data</name>
         <load_address>0x2001d820</load_address>
         <run_address>0x2001d820</run_address>
         <size>0xc</size>
         <input_file_ref idref="fl-2"/>
      </object_component>
      <object_component id="oc-2a4">
         <name>.data:$O1$$</name>
         <load_address>0x2001d814</load_address>
         <run_address>0x2001d814</run_address>
         <size>0xc</size>
         <input_file_ref idref="fl-c6"/>
      </object_component>
      <object_component id="oc-208">
         <name>.data:$O1$$</name>
         <load_address>0x2001d82c</load_address>
         <run_address>0x2001d82c</run_address>
         <size>0x8</size>
         <input_file_ref idref="fl-c7"/>
      </object_component>
      <object_component id="oc-3b7">
         <name>.data</name>
         <load_address>0x2001d834</load_address>
         <run_address>0x2001d834</run_address>
         <size>0x4</size>
         <input_file_ref idref="fl-e1"/>
      </object_component>
      <object_component id="oc-1f3">
         <name>.bss</name>
         <uninitialized>true</uninitialized>
         <run_address>0x2001d838</run_address>
         <size>0x4</size>
         <input_file_ref idref="fl-6"/>
      </object_component>
      <object_component id="oc-159">
         <name>.common:g_ucLED1Pin</name>
         <uninitialized>true</uninitialized>
         <run_address>0x2001d83c</run_address>
         <size>0x1</size>
      </object_component>
      <object_component id="oc-15c">
         <name>.common:g_ucLED2Pin</name>
         <uninitialized>true</uninitialized>
         <run_address>0x2001d83d</run_address>
         <size>0x1</size>
      </object_component>
      <object_component id="oc-15d">
         <name>.common:g_ucLED3Pin</name>
         <uninitialized>true</uninitialized>
         <run_address>0x2001d83e</run_address>
         <size>0x1</size>
      </object_component>
      <object_component id="oc-23">
         <name>.sysmem</name>
         <uninitialized>true</uninitialized>
         <run_address>0x2001d000</run_address>
         <size>0x8</size>
         <input_file_ref idref="fl-c6"/>
      </object_component>
      <object_component id="oc-43f">
         <name>.sysmem</name>
         <uninitialized>true</uninitialized>
         <run_address>0x2001d000</run_address>
         <size>0x0</size>
      </object_component>
      <object_component id="oc-20">
         <name>.stack</name>
         <uninitialized>true</uninitialized>
         <run_address>0x2003f800</run_address>
         <size>0x4</size>
         <input_file_ref idref="fl-c4"/>
      </object_component>
      <object_component id="oc-43e">
         <name>.stack</name>
         <uninitialized>true</uninitialized>
         <run_address>0x2003f800</run_address>
         <size>0x0</size>
      </object_component>
      <object_component id="oc-15a">
         <name>.debug_info</name>
         <load_address>0x0</load_address>
         <run_address>0x0</run_address>
         <size>0x47f</size>
         <input_file_ref idref="fl-2"/>
      </object_component>
      <object_component id="oc-15f">
         <name>.debug_info</name>
         <load_address>0x47f</load_address>
         <run_address>0x47f</run_address>
         <size>0xf1</size>
         <input_file_ref idref="fl-2"/>
      </object_component>
      <object_component id="oc-157">
         <name>.debug_info</name>
         <load_address>0x570</load_address>
         <run_address>0x570</run_address>
         <size>0x152</size>
         <input_file_ref idref="fl-2"/>
      </object_component>
      <object_component id="oc-c3">
         <name>.debug_info</name>
         <load_address>0x6c2</load_address>
         <run_address>0x6c2</run_address>
         <size>0xef6</size>
         <input_file_ref idref="fl-2"/>
      </object_component>
      <object_component id="oc-23d">
         <name>.debug_info</name>
         <load_address>0x15b8</load_address>
         <run_address>0x15b8</run_address>
         <size>0x26b</size>
         <input_file_ref idref="fl-2"/>
      </object_component>
      <object_component id="oc-2e0">
         <name>.debug_info</name>
         <load_address>0x1823</load_address>
         <run_address>0x1823</run_address>
         <size>0x62</size>
         <input_file_ref idref="fl-2"/>
      </object_component>
      <object_component id="oc-35">
         <name>.debug_info</name>
         <load_address>0x1885</load_address>
         <run_address>0x1885</run_address>
         <size>0x84</size>
         <input_file_ref idref="fl-2"/>
      </object_component>
      <object_component id="oc-2ae">
         <name>.debug_info</name>
         <load_address>0x1909</load_address>
         <run_address>0x1909</run_address>
         <size>0x297</size>
         <input_file_ref idref="fl-2"/>
      </object_component>
      <object_component id="oc-16a">
         <name>.debug_info</name>
         <load_address>0x1ba0</load_address>
         <run_address>0x1ba0</run_address>
         <size>0x2c</size>
         <input_file_ref idref="fl-2"/>
      </object_component>
      <object_component id="oc-1f8">
         <name>.debug_info</name>
         <load_address>0x1bcc</load_address>
         <run_address>0x1bcc</run_address>
         <size>0x2c</size>
         <input_file_ref idref="fl-2"/>
      </object_component>
      <object_component id="oc-95">
         <name>.debug_info</name>
         <load_address>0x1bf8</load_address>
         <run_address>0x1bf8</run_address>
         <size>0x6be</size>
         <input_file_ref idref="fl-3"/>
      </object_component>
      <object_component id="oc-e3">
         <name>.debug_info</name>
         <load_address>0x22b6</load_address>
         <run_address>0x22b6</run_address>
         <size>0x398</size>
         <input_file_ref idref="fl-4"/>
      </object_component>
      <object_component id="oc-2e">
         <name>.debug_info</name>
         <load_address>0x264e</load_address>
         <run_address>0x264e</run_address>
         <size>0x2b3</size>
         <input_file_ref idref="fl-5"/>
      </object_component>
      <object_component id="oc-10">
         <name>.debug_info</name>
         <load_address>0x2901</load_address>
         <run_address>0x2901</run_address>
         <size>0x104</size>
         <input_file_ref idref="fl-5"/>
      </object_component>
      <object_component id="oc-2a">
         <name>.debug_info</name>
         <load_address>0x2a05</load_address>
         <run_address>0x2a05</run_address>
         <size>0x425</size>
         <input_file_ref idref="fl-5"/>
      </object_component>
      <object_component id="oc-1f7">
         <name>.debug_info</name>
         <load_address>0x2e2a</load_address>
         <run_address>0x2e2a</run_address>
         <size>0x4cb</size>
         <input_file_ref idref="fl-6"/>
      </object_component>
      <object_component id="oc-1f4">
         <name>.debug_info</name>
         <load_address>0x32f5</load_address>
         <run_address>0x32f5</run_address>
         <size>0xce</size>
         <input_file_ref idref="fl-6"/>
      </object_component>
      <object_component id="oc-e8">
         <name>.debug_info</name>
         <load_address>0x33c3</load_address>
         <run_address>0x33c3</run_address>
         <size>0x634</size>
         <input_file_ref idref="fl-6"/>
      </object_component>
      <object_component id="oc-1fd">
         <name>.debug_info</name>
         <load_address>0x39f7</load_address>
         <run_address>0x39f7</run_address>
         <size>0x110</size>
         <input_file_ref idref="fl-6"/>
      </object_component>
      <object_component id="oc-87">
         <name>.debug_info</name>
         <load_address>0x3b07</load_address>
         <run_address>0x3b07</run_address>
         <size>0x31e</size>
         <input_file_ref idref="fl-c1"/>
      </object_component>
      <object_component id="oc-48">
         <name>.debug_info</name>
         <load_address>0x3e25</load_address>
         <run_address>0x3e25</run_address>
         <size>0x1bf</size>
         <input_file_ref idref="fl-c1"/>
      </object_component>
      <object_component id="oc-82">
         <name>.debug_info</name>
         <load_address>0x3fe4</load_address>
         <run_address>0x3fe4</run_address>
         <size>0x46</size>
         <input_file_ref idref="fl-c1"/>
      </object_component>
      <object_component id="oc-b9">
         <name>.debug_info</name>
         <load_address>0x402a</load_address>
         <run_address>0x402a</run_address>
         <size>0x2c</size>
         <input_file_ref idref="fl-c1"/>
      </object_component>
      <object_component id="oc-45">
         <name>.debug_info</name>
         <load_address>0x4056</load_address>
         <run_address>0x4056</run_address>
         <size>0x2a8</size>
         <input_file_ref idref="fl-c2"/>
      </object_component>
      <object_component id="oc-1b">
         <name>.debug_info</name>
         <load_address>0x42fe</load_address>
         <run_address>0x42fe</run_address>
         <size>0x1ea</size>
         <input_file_ref idref="fl-c2"/>
      </object_component>
      <object_component id="oc-40">
         <name>.debug_info</name>
         <load_address>0x44e8</load_address>
         <run_address>0x44e8</run_address>
         <size>0x46</size>
         <input_file_ref idref="fl-c2"/>
      </object_component>
      <object_component id="oc-7a">
         <name>.debug_info</name>
         <load_address>0x452e</load_address>
         <run_address>0x452e</run_address>
         <size>0x2c</size>
         <input_file_ref idref="fl-c2"/>
      </object_component>
      <object_component id="oc-78">
         <name>.debug_info</name>
         <load_address>0x455a</load_address>
         <run_address>0x455a</run_address>
         <size>0x29e</size>
         <input_file_ref idref="fl-c3"/>
      </object_component>
      <object_component id="oc-16">
         <name>.debug_info</name>
         <load_address>0x47f8</load_address>
         <run_address>0x47f8</run_address>
         <size>0x250</size>
         <input_file_ref idref="fl-c3"/>
      </object_component>
      <object_component id="oc-30">
         <name>.debug_info</name>
         <load_address>0x4a48</load_address>
         <run_address>0x4a48</run_address>
         <size>0x60</size>
         <input_file_ref idref="fl-c3"/>
      </object_component>
      <object_component id="oc-b2">
         <name>.debug_info</name>
         <load_address>0x4aa8</load_address>
         <run_address>0x4aa8</run_address>
         <size>0x46</size>
         <input_file_ref idref="fl-c3"/>
      </object_component>
      <object_component id="oc-73">
         <name>.debug_info</name>
         <load_address>0x4aee</load_address>
         <run_address>0x4aee</run_address>
         <size>0x39</size>
         <input_file_ref idref="fl-c3"/>
      </object_component>
      <object_component id="oc-21">
         <name>.debug_info</name>
         <load_address>0x4b27</load_address>
         <run_address>0x4b27</run_address>
         <size>0x10b</size>
         <input_file_ref idref="fl-c4"/>
      </object_component>
      <object_component id="oc-5a">
         <name>.debug_info</name>
         <load_address>0x4c32</load_address>
         <run_address>0x4c32</run_address>
         <size>0x1af</size>
         <input_file_ref idref="fl-c4"/>
      </object_component>
      <object_component id="oc-fb">
         <name>.debug_info</name>
         <load_address>0x4de1</load_address>
         <run_address>0x4de1</run_address>
         <size>0x122</size>
         <input_file_ref idref="fl-c5"/>
      </object_component>
      <object_component id="oc-6e">
         <name>.debug_info</name>
         <load_address>0x4f03</load_address>
         <run_address>0x4f03</run_address>
         <size>0x3c6</size>
         <input_file_ref idref="fl-c6"/>
      </object_component>
      <object_component id="oc-24">
         <name>.debug_info</name>
         <load_address>0x52c9</load_address>
         <run_address>0x52c9</run_address>
         <size>0x10c</size>
         <input_file_ref idref="fl-c6"/>
      </object_component>
      <object_component id="oc-2a5">
         <name>.debug_info</name>
         <load_address>0x53d5</load_address>
         <run_address>0x53d5</run_address>
         <size>0x157</size>
         <input_file_ref idref="fl-c6"/>
      </object_component>
      <object_component id="oc-296">
         <name>.debug_info</name>
         <load_address>0x552c</load_address>
         <run_address>0x552c</run_address>
         <size>0x144</size>
         <input_file_ref idref="fl-c6"/>
      </object_component>
      <object_component id="oc-29c">
         <name>.debug_info</name>
         <load_address>0x5670</load_address>
         <run_address>0x5670</run_address>
         <size>0x17f</size>
         <input_file_ref idref="fl-c6"/>
      </object_component>
      <object_component id="oc-2a2">
         <name>.debug_info</name>
         <load_address>0x57ef</load_address>
         <run_address>0x57ef</run_address>
         <size>0x17d</size>
         <input_file_ref idref="fl-c6"/>
      </object_component>
      <object_component id="oc-1e5">
         <name>.debug_info</name>
         <load_address>0x596c</load_address>
         <run_address>0x596c</run_address>
         <size>0x1e6</size>
         <input_file_ref idref="fl-c6"/>
      </object_component>
      <object_component id="oc-1f1">
         <name>.debug_info</name>
         <load_address>0x5b52</load_address>
         <run_address>0x5b52</run_address>
         <size>0x1f1</size>
         <input_file_ref idref="fl-c6"/>
      </object_component>
      <object_component id="oc-1eb">
         <name>.debug_info</name>
         <load_address>0x5d43</load_address>
         <run_address>0x5d43</run_address>
         <size>0x289</size>
         <input_file_ref idref="fl-c6"/>
      </object_component>
      <object_component id="oc-a8">
         <name>.debug_info</name>
         <load_address>0x5fcc</load_address>
         <run_address>0x5fcc</run_address>
         <size>0x2c</size>
         <input_file_ref idref="fl-c6"/>
      </object_component>
      <object_component id="oc-ad">
         <name>.debug_info</name>
         <load_address>0x5ff8</load_address>
         <run_address>0x5ff8</run_address>
         <size>0x62</size>
         <input_file_ref idref="fl-c6"/>
      </object_component>
      <object_component id="oc-2bd">
         <name>.debug_info</name>
         <load_address>0x605a</load_address>
         <run_address>0x605a</run_address>
         <size>0x2c9</size>
         <input_file_ref idref="fl-c7"/>
      </object_component>
      <object_component id="oc-209">
         <name>.debug_info</name>
         <load_address>0x6323</load_address>
         <run_address>0x6323</run_address>
         <size>0x11e</size>
         <input_file_ref idref="fl-c7"/>
      </object_component>
      <object_component id="oc-2b9">
         <name>.debug_info</name>
         <load_address>0x6441</load_address>
         <run_address>0x6441</run_address>
         <size>0x12e</size>
         <input_file_ref idref="fl-c7"/>
      </object_component>
      <object_component id="oc-291">
         <name>.debug_info</name>
         <load_address>0x656f</load_address>
         <run_address>0x656f</run_address>
         <size>0x2a5</size>
         <input_file_ref idref="fl-c9"/>
      </object_component>
      <object_component id="oc-1dc">
         <name>.debug_info</name>
         <load_address>0x6814</load_address>
         <run_address>0x6814</run_address>
         <size>0x1b6</size>
         <input_file_ref idref="fl-c9"/>
      </object_component>
      <object_component id="oc-28f">
         <name>.debug_info</name>
         <load_address>0x69ca</load_address>
         <run_address>0x69ca</run_address>
         <size>0x28f</size>
         <input_file_ref idref="fl-ca"/>
      </object_component>
      <object_component id="oc-1d6">
         <name>.debug_info</name>
         <load_address>0x6c59</load_address>
         <run_address>0x6c59</run_address>
         <size>0x24b</size>
         <input_file_ref idref="fl-ca"/>
      </object_component>
      <object_component id="oc-281">
         <name>.debug_info</name>
         <load_address>0x6ea4</load_address>
         <run_address>0x6ea4</run_address>
         <size>0x340</size>
         <input_file_ref idref="fl-cb"/>
      </object_component>
      <object_component id="oc-1c5">
         <name>.debug_info</name>
         <load_address>0x71e4</load_address>
         <run_address>0x71e4</run_address>
         <size>0x208</size>
         <input_file_ref idref="fl-cb"/>
      </object_component>
      <object_component id="oc-276">
         <name>.debug_info</name>
         <load_address>0x73ec</load_address>
         <run_address>0x73ec</run_address>
         <size>0x1c6</size>
         <input_file_ref idref="fl-cb"/>
      </object_component>
      <object_component id="oc-27d">
         <name>.debug_info</name>
         <load_address>0x75b2</load_address>
         <run_address>0x75b2</run_address>
         <size>0x179</size>
         <input_file_ref idref="fl-cb"/>
      </object_component>
      <object_component id="oc-282">
         <name>.debug_info</name>
         <load_address>0x772b</load_address>
         <run_address>0x772b</run_address>
         <size>0x2c</size>
         <input_file_ref idref="fl-cb"/>
      </object_component>
      <object_component id="oc-287">
         <name>.debug_info</name>
         <load_address>0x7757</load_address>
         <run_address>0x7757</run_address>
         <size>0x69</size>
         <input_file_ref idref="fl-cb"/>
      </object_component>
      <object_component id="oc-3c">
         <name>.debug_info</name>
         <load_address>0x77c0</load_address>
         <run_address>0x77c0</run_address>
         <size>0x11c</size>
         <input_file_ref idref="fl-cc"/>
      </object_component>
      <object_component id="oc-8b">
         <name>.debug_info</name>
         <load_address>0x78dc</load_address>
         <run_address>0x78dc</run_address>
         <size>0x14a</size>
         <input_file_ref idref="fl-cd"/>
      </object_component>
      <object_component id="oc-20f">
         <name>.debug_info</name>
         <load_address>0x7a26</load_address>
         <run_address>0x7a26</run_address>
         <size>0x552</size>
         <input_file_ref idref="fl-ce"/>
      </object_component>
      <object_component id="oc-108">
         <name>.debug_info</name>
         <load_address>0x7f78</load_address>
         <run_address>0x7f78</run_address>
         <size>0x1a6</size>
         <input_file_ref idref="fl-ce"/>
      </object_component>
      <object_component id="oc-2c3">
         <name>.debug_info</name>
         <load_address>0x811e</load_address>
         <run_address>0x811e</run_address>
         <size>0x39</size>
         <input_file_ref idref="fl-ce"/>
      </object_component>
      <object_component id="oc-342">
         <name>.debug_info</name>
         <load_address>0x8157</load_address>
         <run_address>0x8157</run_address>
         <size>0x39</size>
         <input_file_ref idref="fl-ce"/>
      </object_component>
      <object_component id="oc-2c8">
         <name>.debug_info</name>
         <load_address>0x8190</load_address>
         <run_address>0x8190</run_address>
         <size>0x39</size>
         <input_file_ref idref="fl-ce"/>
      </object_component>
      <object_component id="oc-2cd">
         <name>.debug_info</name>
         <load_address>0x81c9</load_address>
         <run_address>0x81c9</run_address>
         <size>0xcd</size>
         <input_file_ref idref="fl-ce"/>
      </object_component>
      <object_component id="oc-90">
         <name>.debug_info</name>
         <load_address>0x8296</load_address>
         <run_address>0x8296</run_address>
         <size>0x153</size>
         <input_file_ref idref="fl-cf"/>
      </object_component>
      <object_component id="oc-327">
         <name>.debug_info</name>
         <load_address>0x83e9</load_address>
         <run_address>0x83e9</run_address>
         <size>0x8b1</size>
         <input_file_ref idref="fl-d1"/>
      </object_component>
      <object_component id="oc-2f2">
         <name>.debug_info</name>
         <load_address>0x8c9a</load_address>
         <run_address>0x8c9a</run_address>
         <size>0x21e</size>
         <input_file_ref idref="fl-d1"/>
      </object_component>
      <object_component id="oc-381">
         <name>.debug_info</name>
         <load_address>0x8eb8</load_address>
         <run_address>0x8eb8</run_address>
         <size>0x1b3</size>
         <input_file_ref idref="fl-d1"/>
      </object_component>
      <object_component id="oc-387">
         <name>.debug_info</name>
         <load_address>0x906b</load_address>
         <run_address>0x906b</run_address>
         <size>0x21b</size>
         <input_file_ref idref="fl-d1"/>
      </object_component>
      <object_component id="oc-2fd">
         <name>.debug_info</name>
         <load_address>0x9286</load_address>
         <run_address>0x9286</run_address>
         <size>0x3bb</size>
         <input_file_ref idref="fl-d1"/>
      </object_component>
      <object_component id="oc-38e">
         <name>.debug_info</name>
         <load_address>0x9641</load_address>
         <run_address>0x9641</run_address>
         <size>0x305</size>
         <input_file_ref idref="fl-d1"/>
      </object_component>
      <object_component id="oc-394">
         <name>.debug_info</name>
         <load_address>0x9946</load_address>
         <run_address>0x9946</run_address>
         <size>0x215</size>
         <input_file_ref idref="fl-d1"/>
      </object_component>
      <object_component id="oc-303">
         <name>.debug_info</name>
         <load_address>0x9b5b</load_address>
         <run_address>0x9b5b</run_address>
         <size>0x215</size>
         <input_file_ref idref="fl-d1"/>
      </object_component>
      <object_component id="oc-309">
         <name>.debug_info</name>
         <load_address>0x9d70</load_address>
         <run_address>0x9d70</run_address>
         <size>0x304</size>
         <input_file_ref idref="fl-d1"/>
      </object_component>
      <object_component id="oc-30f">
         <name>.debug_info</name>
         <load_address>0xa074</load_address>
         <run_address>0xa074</run_address>
         <size>0x4b0</size>
         <input_file_ref idref="fl-d1"/>
      </object_component>
      <object_component id="oc-26f">
         <name>.debug_info</name>
         <load_address>0xa524</load_address>
         <run_address>0xa524</run_address>
         <size>0x5d8</size>
         <input_file_ref idref="fl-d1"/>
      </object_component>
      <object_component id="oc-328">
         <name>.debug_info</name>
         <load_address>0xaafc</load_address>
         <run_address>0xaafc</run_address>
         <size>0x86</size>
         <input_file_ref idref="fl-d1"/>
      </object_component>
      <object_component id="oc-3be">
         <name>.debug_info</name>
         <load_address>0xab82</load_address>
         <run_address>0xab82</run_address>
         <size>0x39</size>
         <input_file_ref idref="fl-d1"/>
      </object_component>
      <object_component id="oc-3fd">
         <name>.debug_info</name>
         <load_address>0xabbb</load_address>
         <run_address>0xabbb</run_address>
         <size>0xb6</size>
         <input_file_ref idref="fl-d1"/>
      </object_component>
      <object_component id="oc-3c3">
         <name>.debug_info</name>
         <load_address>0xac71</load_address>
         <run_address>0xac71</run_address>
         <size>0x46</size>
         <input_file_ref idref="fl-d1"/>
      </object_component>
      <object_component id="oc-32d">
         <name>.debug_info</name>
         <load_address>0xacb7</load_address>
         <run_address>0xacb7</run_address>
         <size>0x46</size>
         <input_file_ref idref="fl-d1"/>
      </object_component>
      <object_component id="oc-354">
         <name>.debug_info</name>
         <load_address>0xacfd</load_address>
         <run_address>0xacfd</run_address>
         <size>0x2b9</size>
         <input_file_ref idref="fl-d2"/>
      </object_component>
      <object_component id="oc-2ee">
         <name>.debug_info</name>
         <load_address>0xafb6</load_address>
         <run_address>0xafb6</run_address>
         <size>0x17c</size>
         <input_file_ref idref="fl-d2"/>
      </object_component>
      <object_component id="oc-3ca">
         <name>.debug_info</name>
         <load_address>0xb132</load_address>
         <run_address>0xb132</run_address>
         <size>0xf9</size>
         <input_file_ref idref="fl-d3"/>
      </object_component>
      <object_component id="oc-351">
         <name>.debug_info</name>
         <load_address>0xb22b</load_address>
         <run_address>0xb22b</run_address>
         <size>0x105</size>
         <input_file_ref idref="fl-d3"/>
      </object_component>
      <object_component id="oc-3d8">
         <name>.debug_info</name>
         <load_address>0xb330</load_address>
         <run_address>0xb330</run_address>
         <size>0x29b</size>
         <input_file_ref idref="fl-d4"/>
      </object_component>
      <object_component id="oc-373">
         <name>.debug_info</name>
         <load_address>0xb5cb</load_address>
         <run_address>0xb5cb</run_address>
         <size>0x1cd</size>
         <input_file_ref idref="fl-d4"/>
      </object_component>
      <object_component id="oc-3af">
         <name>.debug_info</name>
         <load_address>0xb798</load_address>
         <run_address>0xb798</run_address>
         <size>0x296</size>
         <input_file_ref idref="fl-d5"/>
      </object_component>
      <object_component id="oc-316">
         <name>.debug_info</name>
         <load_address>0xba2e</load_address>
         <run_address>0xba2e</run_address>
         <size>0x1b6</size>
         <input_file_ref idref="fl-d5"/>
      </object_component>
      <object_component id="oc-3ef">
         <name>.debug_info</name>
         <load_address>0xbbe4</load_address>
         <run_address>0xbbe4</run_address>
         <size>0x29a</size>
         <input_file_ref idref="fl-d6"/>
      </object_component>
      <object_component id="oc-3aa">
         <name>.debug_info</name>
         <load_address>0xbe7e</load_address>
         <run_address>0xbe7e</run_address>
         <size>0x268</size>
         <input_file_ref idref="fl-d6"/>
      </object_component>
      <object_component id="oc-3b6">
         <name>.debug_info</name>
         <load_address>0xc0e6</load_address>
         <run_address>0xc0e6</run_address>
         <size>0x28f</size>
         <input_file_ref idref="fl-d7"/>
      </object_component>
      <object_component id="oc-31c">
         <name>.debug_info</name>
         <load_address>0xc375</load_address>
         <run_address>0xc375</run_address>
         <size>0x15a</size>
         <input_file_ref idref="fl-d7"/>
      </object_component>
      <object_component id="oc-3f2">
         <name>.debug_info</name>
         <load_address>0xc4cf</load_address>
         <run_address>0xc4cf</run_address>
         <size>0x46</size>
         <input_file_ref idref="fl-d7"/>
      </object_component>
      <object_component id="oc-3b1">
         <name>.debug_info</name>
         <load_address>0xc515</load_address>
         <run_address>0xc515</run_address>
         <size>0x39</size>
         <input_file_ref idref="fl-d7"/>
      </object_component>
      <object_component id="oc-3e0">
         <name>.debug_info</name>
         <load_address>0xc54e</load_address>
         <run_address>0xc54e</run_address>
         <size>0x29a</size>
         <input_file_ref idref="fl-d8"/>
      </object_component>
      <object_component id="oc-39c">
         <name>.debug_info</name>
         <load_address>0xc7e8</load_address>
         <run_address>0xc7e8</run_address>
         <size>0x195</size>
         <input_file_ref idref="fl-d8"/>
      </object_component>
      <object_component id="oc-409">
         <name>.debug_info</name>
         <load_address>0xc97d</load_address>
         <run_address>0xc97d</run_address>
         <size>0x39</size>
         <input_file_ref idref="fl-d8"/>
      </object_component>
      <object_component id="oc-3e1">
         <name>.debug_info</name>
         <load_address>0xc9b6</load_address>
         <run_address>0xc9b6</run_address>
         <size>0x2c</size>
         <input_file_ref idref="fl-d8"/>
      </object_component>
      <object_component id="oc-3ed">
         <name>.debug_info</name>
         <load_address>0xc9e2</load_address>
         <run_address>0xc9e2</run_address>
         <size>0x2fd</size>
         <input_file_ref idref="fl-d9"/>
      </object_component>
      <object_component id="oc-3a2">
         <name>.debug_info</name>
         <load_address>0xccdf</load_address>
         <run_address>0xccdf</run_address>
         <size>0x225</size>
         <input_file_ref idref="fl-d9"/>
      </object_component>
      <object_component id="oc-37e">
         <name>.debug_info</name>
         <load_address>0xcf04</load_address>
         <run_address>0xcf04</run_address>
         <size>0x14f</size>
         <input_file_ref idref="fl-da"/>
      </object_component>
      <object_component id="oc-2f8">
         <name>.debug_info</name>
         <load_address>0xd053</load_address>
         <run_address>0xd053</run_address>
         <size>0x12b</size>
         <input_file_ref idref="fl-db"/>
      </object_component>
      <object_component id="oc-368">
         <name>.debug_info</name>
         <load_address>0xd17e</load_address>
         <run_address>0xd17e</run_address>
         <size>0x12d</size>
         <input_file_ref idref="fl-db"/>
      </object_component>
      <object_component id="oc-362">
         <name>.debug_info</name>
         <load_address>0xd2ab</load_address>
         <run_address>0xd2ab</run_address>
         <size>0x13d</size>
         <input_file_ref idref="fl-dc"/>
      </object_component>
      <object_component id="oc-35d">
         <name>.debug_info</name>
         <load_address>0xd3e8</load_address>
         <run_address>0xd3e8</run_address>
         <size>0x13d</size>
         <input_file_ref idref="fl-dd"/>
      </object_component>
      <object_component id="oc-36c">
         <name>.debug_info</name>
         <load_address>0xd525</load_address>
         <run_address>0xd525</run_address>
         <size>0x131</size>
         <input_file_ref idref="fl-de"/>
      </object_component>
      <object_component id="oc-379">
         <name>.debug_info</name>
         <load_address>0xd656</load_address>
         <run_address>0xd656</run_address>
         <size>0x12f</size>
         <input_file_ref idref="fl-df"/>
      </object_component>
      <object_component id="oc-356">
         <name>.debug_info</name>
         <load_address>0xd785</load_address>
         <run_address>0xd785</run_address>
         <size>0x137</size>
         <input_file_ref idref="fl-e0"/>
      </object_component>
      <object_component id="oc-3bb">
         <name>.debug_info</name>
         <load_address>0xd8bc</load_address>
         <run_address>0xd8bc</run_address>
         <size>0x289</size>
         <input_file_ref idref="fl-e1"/>
      </object_component>
      <object_component id="oc-3b8">
         <name>.debug_info</name>
         <load_address>0xdb45</load_address>
         <run_address>0xdb45</run_address>
         <size>0x10e</size>
         <input_file_ref idref="fl-e1"/>
      </object_component>
      <object_component id="oc-324">
         <name>.debug_info</name>
         <load_address>0xdc53</load_address>
         <run_address>0xdc53</run_address>
         <size>0x14e</size>
         <input_file_ref idref="fl-e1"/>
      </object_component>
      <object_component id="oc-3e7">
         <name>.debug_info</name>
         <load_address>0xdda1</load_address>
         <run_address>0xdda1</run_address>
         <size>0x161</size>
         <input_file_ref idref="fl-e2"/>
      </object_component>
      <object_component id="oc-3cf">
         <name>.debug_info</name>
         <load_address>0xdf02</load_address>
         <run_address>0xdf02</run_address>
         <size>0x118</size>
         <input_file_ref idref="fl-e3"/>
      </object_component>
      <object_component id="oc-236">
         <name>.debug_info</name>
         <load_address>0xe01a</load_address>
         <run_address>0xe01a</run_address>
         <size>0x17a</size>
         <input_file_ref idref="fl-e4"/>
      </object_component>
      <object_component id="oc-22a">
         <name>.debug_info</name>
         <load_address>0xe194</load_address>
         <run_address>0xe194</run_address>
         <size>0x1aa</size>
         <input_file_ref idref="fl-e4"/>
      </object_component>
      <object_component id="oc-1a5">
         <name>.debug_info</name>
         <load_address>0xe33e</load_address>
         <run_address>0xe33e</run_address>
         <size>0x1e9</size>
         <input_file_ref idref="fl-e4"/>
      </object_component>
      <object_component id="oc-139">
         <name>.debug_info</name>
         <load_address>0xe527</load_address>
         <run_address>0xe527</run_address>
         <size>0x1f4</size>
         <input_file_ref idref="fl-e4"/>
      </object_component>
      <object_component id="oc-151">
         <name>.debug_info</name>
         <load_address>0xe71b</load_address>
         <run_address>0xe71b</run_address>
         <size>0x1cb</size>
         <input_file_ref idref="fl-e4"/>
      </object_component>
      <object_component id="oc-14b">
         <name>.debug_info</name>
         <load_address>0xe8e6</load_address>
         <run_address>0xe8e6</run_address>
         <size>0x1c9</size>
         <input_file_ref idref="fl-e4"/>
      </object_component>
      <object_component id="oc-145">
         <name>.debug_info</name>
         <load_address>0xeaaf</load_address>
         <run_address>0xeaaf</run_address>
         <size>0x214</size>
         <input_file_ref idref="fl-e4"/>
      </object_component>
      <object_component id="oc-ee">
         <name>.debug_info</name>
         <load_address>0xecc3</load_address>
         <run_address>0xecc3</run_address>
         <size>0x1bb</size>
         <input_file_ref idref="fl-e4"/>
      </object_component>
      <object_component id="oc-f5">
         <name>.debug_info</name>
         <load_address>0xee7e</load_address>
         <run_address>0xee7e</run_address>
         <size>0x1e0</size>
         <input_file_ref idref="fl-e4"/>
      </object_component>
      <object_component id="oc-247">
         <name>.debug_info</name>
         <load_address>0xf05e</load_address>
         <run_address>0xf05e</run_address>
         <size>0x19b</size>
         <input_file_ref idref="fl-e5"/>
      </object_component>
      <object_component id="oc-170">
         <name>.debug_info</name>
         <load_address>0xf1f9</load_address>
         <run_address>0xf1f9</run_address>
         <size>0x19e</size>
         <input_file_ref idref="fl-e5"/>
      </object_component>
      <object_component id="oc-226">
         <name>.debug_info</name>
         <load_address>0xf397</load_address>
         <run_address>0xf397</run_address>
         <size>0xf0</size>
         <input_file_ref idref="fl-e5"/>
      </object_component>
      <object_component id="oc-d0">
         <name>.debug_info</name>
         <load_address>0xf487</load_address>
         <run_address>0xf487</run_address>
         <size>0x188</size>
         <input_file_ref idref="fl-e5"/>
      </object_component>
      <object_component id="oc-ca">
         <name>.debug_info</name>
         <load_address>0xf60f</load_address>
         <run_address>0xf60f</run_address>
         <size>0x1ba</size>
         <input_file_ref idref="fl-e5"/>
      </object_component>
      <object_component id="oc-230">
         <name>.debug_info</name>
         <load_address>0xf7c9</load_address>
         <run_address>0xf7c9</run_address>
         <size>0x204</size>
         <input_file_ref idref="fl-e5"/>
      </object_component>
      <object_component id="oc-140">
         <name>.debug_info</name>
         <load_address>0xf9cd</load_address>
         <run_address>0xf9cd</run_address>
         <size>0x206</size>
         <input_file_ref idref="fl-e5"/>
      </object_component>
      <object_component id="oc-d7">
         <name>.debug_info</name>
         <load_address>0xfbd3</load_address>
         <run_address>0xfbd3</run_address>
         <size>0x1ab</size>
         <input_file_ref idref="fl-e5"/>
      </object_component>
      <object_component id="oc-2e7">
         <name>.debug_info</name>
         <load_address>0xfd7e</load_address>
         <run_address>0xfd7e</run_address>
         <size>0xe8</size>
         <input_file_ref idref="fl-e6"/>
      </object_component>
      <object_component id="oc-253">
         <name>.debug_info</name>
         <load_address>0xfe66</load_address>
         <run_address>0xfe66</run_address>
         <size>0xf6</size>
         <input_file_ref idref="fl-e6"/>
      </object_component>
      <object_component id="oc-199">
         <name>.debug_info</name>
         <load_address>0xff5c</load_address>
         <run_address>0xff5c</run_address>
         <size>0x1cb</size>
         <input_file_ref idref="fl-e6"/>
      </object_component>
      <object_component id="oc-257">
         <name>.debug_info</name>
         <load_address>0x10127</load_address>
         <run_address>0x10127</run_address>
         <size>0x219</size>
         <input_file_ref idref="fl-e6"/>
      </object_component>
      <object_component id="oc-1ab">
         <name>.debug_info</name>
         <load_address>0x10340</load_address>
         <run_address>0x10340</run_address>
         <size>0x1e0</size>
         <input_file_ref idref="fl-e6"/>
      </object_component>
      <object_component id="oc-19f">
         <name>.debug_info</name>
         <load_address>0x10520</load_address>
         <run_address>0x10520</run_address>
         <size>0x22e</size>
         <input_file_ref idref="fl-e6"/>
      </object_component>
      <object_component id="oc-250">
         <name>.debug_info</name>
         <load_address>0x1074e</load_address>
         <run_address>0x1074e</run_address>
         <size>0x1f8</size>
         <input_file_ref idref="fl-e7"/>
      </object_component>
      <object_component id="oc-24c">
         <name>.debug_info</name>
         <load_address>0x10946</load_address>
         <run_address>0x10946</run_address>
         <size>0xff</size>
         <input_file_ref idref="fl-e7"/>
      </object_component>
      <object_component id="oc-174">
         <name>.debug_info</name>
         <load_address>0x10a45</load_address>
         <run_address>0x10a45</run_address>
         <size>0x1b2</size>
         <input_file_ref idref="fl-e7"/>
      </object_component>
      <object_component id="oc-186">
         <name>.debug_info</name>
         <load_address>0x10bf7</load_address>
         <run_address>0x10bf7</run_address>
         <size>0x1f7</size>
         <input_file_ref idref="fl-e7"/>
      </object_component>
      <object_component id="oc-192">
         <name>.debug_info</name>
         <load_address>0x10dee</load_address>
         <run_address>0x10dee</run_address>
         <size>0x1f9</size>
         <input_file_ref idref="fl-e7"/>
      </object_component>
      <object_component id="oc-1b2">
         <name>.debug_info</name>
         <load_address>0x10fe7</load_address>
         <run_address>0x10fe7</run_address>
         <size>0x222</size>
         <input_file_ref idref="fl-e7"/>
      </object_component>
      <object_component id="oc-18c">
         <name>.debug_info</name>
         <load_address>0x11209</load_address>
         <run_address>0x11209</run_address>
         <size>0x1cc</size>
         <input_file_ref idref="fl-e7"/>
      </object_component>
      <object_component id="oc-dc">
         <name>.debug_info</name>
         <load_address>0x113d5</load_address>
         <run_address>0x113d5</run_address>
         <size>0x28f</size>
         <input_file_ref idref="fl-e7"/>
      </object_component>
      <object_component id="oc-17a">
         <name>.debug_info</name>
         <load_address>0x11664</load_address>
         <run_address>0x11664</run_address>
         <size>0x1cb</size>
         <input_file_ref idref="fl-e7"/>
      </object_component>
      <object_component id="oc-180">
         <name>.debug_info</name>
         <load_address>0x1182f</load_address>
         <run_address>0x1182f</run_address>
         <size>0x1e0</size>
         <input_file_ref idref="fl-e7"/>
      </object_component>
      <object_component id="oc-1b8">
         <name>.debug_info</name>
         <load_address>0x11a0f</load_address>
         <run_address>0x11a0f</run_address>
         <size>0x268</size>
         <input_file_ref idref="fl-e8"/>
      </object_component>
      <object_component id="oc-267">
         <name>.debug_info</name>
         <load_address>0x11c77</load_address>
         <run_address>0x11c77</run_address>
         <size>0x18a</size>
         <input_file_ref idref="fl-e8"/>
      </object_component>
      <object_component id="oc-261">
         <name>.debug_info</name>
         <load_address>0x11e01</load_address>
         <run_address>0x11e01</run_address>
         <size>0x18c</size>
         <input_file_ref idref="fl-e8"/>
      </object_component>
      <object_component id="oc-1ca">
         <name>.debug_info</name>
         <load_address>0x11f8d</load_address>
         <run_address>0x11f8d</run_address>
         <size>0x196</size>
         <input_file_ref idref="fl-e8"/>
      </object_component>
      <object_component id="oc-1d0">
         <name>.debug_info</name>
         <load_address>0x12123</load_address>
         <run_address>0x12123</run_address>
         <size>0x1a6</size>
         <input_file_ref idref="fl-e8"/>
[...]
         <name>__STACK_END</name>
         <value>0x20040000</value>
      </symbol>
      <symbol id="sm-9">
         <name>__SYSMEM_SIZE</name>
         <value>0x800</value>
      </symbol>
      <symbol id="sm-a">
         <name>__c_args__</name>
         <value>0xffffffff</value>
      </symbol>
      <symbol id="sm-b">
         <name>__TI_pprof_out_hndl</name>
         <value>0xffffffff</value>
      </symbol>
      <symbol id="sm-c">
         <name>__TI_prof_data_start</name>
         <value>0xffffffff</value>
      </symbol>
      <symbol id="sm-d">
         <name>__TI_prof_data_size</name>
         <value>0xffffffff</value>
      </symbol>
      <symbol id="sm-94">
         <name>g_ucLED1Pin</name>
         <value>0x2001d83c</value>
      </symbol>
      <symbol id="sm-95">
         <name>g_ucLED2Pin</name>
         <value>0x2001d83d</value>
      </symbol>
      <symbol id="sm-96">
         <name>g_ucLED3Pin</name>
         <value>0x2001d83e</value>
      </symbol>
      <symbol id="sm-97">
         <name>g_uiLED3Port</name>
         <value>0x2001d828</value>
         <object_component_ref idref="oc-156"/>
      </symbol>
      <symbol id="sm-98">
         <name>GPIO_IF_Set</name>
         <value>0x20005169</value>
         <object_component_ref idref="oc-c2"/>
      </symbol>
      <symbol id="sm-99">
         <name>GPIO_IF_LedOn</name>
         <value>0x20004edb</value>
         <object_component_ref idref="oc-c2"/>
      </symbol>
      <symbol id="sm-9a">
         <name>GPIO_IF_GetPortNPin</name>
         <value>0x200050db</value>
         <object_component_ref idref="oc-c2"/>
      </symbol>
      <symbol id="sm-9b">
         <name>GPIO_IF_LedStatus</name>
         <value>0x20005043</value>
         <object_component_ref idref="oc-c2"/>
      </symbol>
      <symbol id="sm-9c">
         <name>g_uiLED1Port</name>
         <value>0x2001d820</value>
         <object_component_ref idref="oc-156"/>
      </symbol>
      <symbol id="sm-9d">
         <name>GPIO_IF_LedConfigure</name>
         <value>0x20004e9d</value>
         <object_component_ref idref="oc-c2"/>
      </symbol>
      <symbol id="sm-9e">
         <name>GPIO_IF_Get</name>
         <value>0x200051ad</value>
         <object_component_ref idref="oc-c2"/>
      </symbol>
      <symbol id="sm-9f">
         <name>GPIO_IF_LedToggle</name>
         <value>0x200050ad</value>
         <object_component_ref idref="oc-c2"/>
      </symbol>
      <symbol id="sm-a0">
         <name>GPIO_IF_ConfigureNIntEnable</name>
         <value>0x20005121</value>
         <object_component_ref idref="oc-c2"/>
      </symbol>
      <symbol id="sm-a1">
         <name>GPIO_IF_LedOff</name>
         <value>0x20004f8f</value>
         <object_component_ref idref="oc-c2"/>
      </symbol>
      <symbol id="sm-a2">
         <name>g_uiLED2Port</name>
         <value>0x2001d824</value>
         <object_component_ref idref="oc-156"/>
      </symbol>
      <symbol id="sm-cc">
         <name>LEDBlinkyRoutine</name>
         <value>0x200051f9</value>
         <object_component_ref idref="oc-94"/>
      </symbol>
      <symbol id="sm-cd">
         <name>main</name>
         <value>0x20005261</value>
         <object_component_ref idref="oc-94"/>
      </symbol>
      <symbol id="sm-db">
         <name>PinMuxConfig</name>
         <value>0x20006091</value>
         <object_component_ref idref="oc-e1"/>
      </symbol>
      <symbol id="sm-fa">
         <name>ResetISR</name>
         <value>0x20007833</value>
         <object_component_ref idref="oc-26"/>
      </symbol>
      <symbol id="sm-fb">
         <name>g_pfnVectors</name>
         <value>0x20004000</value>
         <object_component_ref idref="oc-f"/>
      </symbol>
      <symbol id="sm-13d">
         <name>GetCmd</name>
         <value>0x200055e7</value>
         <object_component_ref idref="oc-e7"/>
      </symbol>
      <symbol id="sm-13e">
         <name>Message</name>
         <value>0x20005583</value>
         <object_component_ref idref="oc-e7"/>
      </symbol>
      <symbol id="sm-13f">
         <name>Report</name>
         <value>0x20005725</value>
         <object_component_ref idref="oc-e7"/>
      </symbol>
      <symbol id="sm-140">
         <name>Error</name>
         <value>0x200055af</value>
         <object_component_ref idref="oc-e7"/>
      </symbol>
      <symbol id="sm-141">
         <name>InitTerm</name>
         <value>0x20005565</value>
         <object_component_ref idref="oc-e7"/>
      </symbol>
      <symbol id="sm-142">
         <name>ClearTerm</name>
         <value>0x200055a5</value>
         <object_component_ref idref="oc-e7"/>
      </symbol>
      <symbol id="sm-143">
         <name>TrimSpace</name>
         <value>0x2000568d</value>
         <object_component_ref idref="oc-e7"/>
      </symbol>
      <symbol id="sm-15c">
         <name>__TI_zero_init_nomemset</name>
         <value>0x20007801</value>
         <object_component_ref idref="oc-46"/>
      </symbol>
      <symbol id="sm-173">
         <name>__TI_decompress_none</name>
         <value>0x20007825</value>
         <object_component_ref idref="oc-18"/>
      </symbol>
      <symbol id="sm-196">
         <name>__TI_decompress_lzss</name>
         <value>0x20006f2d</value>
         <object_component_ref idref="oc-12"/>
      </symbol>
      <symbol id="sm-1a9">
         <name>__stack</name>
         <value>0x2003f800</value>
         <object_component_ref idref="oc-20"/>
      </symbol>
      <symbol id="sm-1aa">
         <name>_c_int00_noargs</name>
         <value>0x200073fd</value>
         <object_component_ref idref="oc-58"/>
      </symbol>
      <symbol id="sm-1b5">
         <name>C$$EXIT</name>
         <value>0x2000785f</value>
         <object_component_ref idref="oc-fa"/>
      </symbol>
      <symbol id="sm-1b6">
         <name>abort</name>
         <value>0x2000785f</value>
         <object_component_ref idref="oc-fa"/>
      </symbol>
      <symbol id="sm-24c">
         <name>_sys_memory</name>
         <value>0x2001d000</value>
         <object_component_ref idref="oc-23"/>
      </symbol>
      <symbol id="sm-24d">
         <name>free</name>
         <value>0x20006745</value>
         <object_component_ref idref="oc-1ed"/>
      </symbol>
      <symbol id="sm-24e">
         <name>realloc</name>
         <value>0x20006425</value>
         <object_component_ref idref="oc-1e7"/>
      </symbol>
      <symbol id="sm-24f">
         <name>malloc</name>
         <value>0x20006dd1</value>
         <object_component_ref idref="oc-1e1"/>
      </symbol>
      <symbol id="sm-250">
         <name>minit</name>
         <value>0x20007435</value>
         <object_component_ref idref="oc-292"/>
      </symbol>
      <symbol id="sm-265">
         <name>_nop</name>
         <value>0x20004e5f</value>
         <object_component_ref idref="oc-2b5"/>
      </symbol>
      <symbol id="sm-266">
         <name>_lock</name>
         <value>0x2001d82c</value>
         <object_component_ref idref="oc-208"/>
      </symbol>
      <symbol id="sm-267">
         <name>_unlock</name>
         <value>0x2001d830</value>
         <object_component_ref idref="oc-208"/>
      </symbol>
      <symbol id="sm-278">
         <name>memmove</name>
         <value>0x20007605</value>
         <object_component_ref idref="oc-1db"/>
      </symbol>
      <symbol id="sm-286">
         <name>strlen</name>
         <value>0x200077ed</value>
         <object_component_ref idref="oc-1d5"/>
      </symbol>
      <symbol id="sm-2b5">
         <name>vsnprintf</name>
         <value>0x20007305</value>
         <object_component_ref idref="oc-1c3"/>
      </symbol>
      <symbol id="sm-2d0">
         <name>memcpy</name>
         <value>0x20006979</value>
         <object_component_ref idref="oc-3a"/>
      </symbol>
      <symbol id="sm-2d1">
         <name>__aeabi_memcpy</name>
         <value>0x20006979</value>
         <object_component_ref idref="oc-3a"/>
      </symbol>
      <symbol id="sm-2d2">
         <name>__aeabi_memcpy8</name>
         <value>0x20006979</value>
         <object_component_ref idref="oc-3a"/>
      </symbol>
      <symbol id="sm-2d3">
         <name>__aeabi_memcpy4</name>
         <value>0x20006979</value>
         <object_component_ref idref="oc-3a"/>
      </symbol>
      <symbol id="sm-2e2">
         <name>__aeabi_memset</name>
         <value>0x20006d59</value>
         <object_component_ref idref="oc-88"/>
      </symbol>
      <symbol id="sm-2e3">
         <name>memset</name>
         <value>0x20006d5f</value>
         <object_component_ref idref="oc-88"/>
      </symbol>
      <symbol id="sm-2e4">
         <name>__aeabi_memset8</name>
         <value>0x20006d59</value>
         <object_component_ref idref="oc-88"/>
      </symbol>
      <symbol id="sm-2e5">
         <name>__aeabi_memset4</name>
         <value>0x20006d59</value>
         <object_component_ref idref="oc-88"/>
      </symbol>
      <symbol id="sm-2e6">
         <name>__aeabi_memclr8</name>
         <value>0x20006d57</value>
         <object_component_ref idref="oc-88"/>
      </symbol>
      <symbol id="sm-2e7">
         <name>__aeabi_memclr4</name>
         <value>0x20006d57</value>
         <object_component_ref idref="oc-88"/>
      </symbol>
      <symbol id="sm-2e8">
         <name>__aeabi_memclr</name>
         <value>0x20006d57</value>
         <object_component_ref idref="oc-88"/>
      </symbol>
      <symbol id="sm-310">
         <name>__TI_auto_init_nobinit_nopinit</name>
         <value>0x20007281</value>
         <object_component_ref idref="oc-106"/>
      </symbol>
      <symbol id="sm-31a">
         <name>_system_pre_init</name>
         <value>0x2000785b</value>
         <object_component_ref idref="oc-8e"/>
      </symbol>
      <symbol id="sm-480">
         <name>__TI_printfi</name>
         <value>0x20004401</value>
         <object_component_ref idref="oc-26e"/>
      </symbol>
      <symbol id="sm-496">
         <name>atoi</name>
         <value>0x200071a5</value>
         <object_component_ref idref="oc-2eb"/>
      </symbol>
      <symbol id="sm-4a1">
         <name>_ctypes_</name>
         <value>0x20007864</value>
         <object_component_ref idref="oc-350"/>
      </symbol>
      <symbol id="sm-4b0">
         <name>ltoa</name>
         <value>0x200070fd</value>
         <object_component_ref idref="oc-370"/>
      </symbol>
      <symbol id="sm-4c0">
         <name>memccpy</name>
         <value>0x200076c1</value>
         <object_component_ref idref="oc-314"/>
      </symbol>
      <symbol id="sm-4d0">
         <name>strchr</name>
         <value>0x20007785</value>
         <object_component_ref idref="oc-3a7"/>
      </symbol>
      <symbol id="sm-4e9">
         <name>wcslen</name>
         <value>0x20007813</value>
         <object_component_ref idref="oc-31a"/>
      </symbol>
      <symbol id="sm-509">
         <name>frexpl</name>
         <value>0x20006f95</value>
         <object_component_ref idref="oc-39b"/>
      </symbol>
      <symbol id="sm-50a">
         <name>frexp</name>
         <value>0x20006f95</value>
         <object_component_ref idref="oc-39b"/>
      </symbol>
      <symbol id="sm-527">
         <name>scalbn</name>
         <value>0x20006539</value>
         <object_component_ref idref="oc-3a1"/>
      </symbol>
      <symbol id="sm-528">
         <name>scalbnl</name>
         <value>0x20006539</value>
         <object_component_ref idref="oc-3a1"/>
      </symbol>
      <symbol id="sm-529">
         <name>ldexpl</name>
         <value>0x20006539</value>
         <object_component_ref idref="oc-3a1"/>
      </symbol>
      <symbol id="sm-52a">
         <name>ldexp</name>
         <value>0x20006539</value>
         <object_component_ref idref="oc-3a1"/>
      </symbol>
      <symbol id="sm-541">
         <name>__aeabi_dsub</name>
         <value>0x20005c25</value>
         <object_component_ref idref="oc-37b"/>
      </symbol>
      <symbol id="sm-542">
         <name>__aeabi_dadd</name>
         <value>0x20005c2f</value>
         <object_component_ref idref="oc-37b"/>
      </symbol>
      <symbol id="sm-564">
         <name>__aeabi_cdcmpeq</name>
         <value>0x20006bc9</value>
         <object_component_ref idref="oc-2f7"/>
      </symbol>
      <symbol id="sm-565">
         <name>__aeabi_cdcmple</name>
         <value>0x20006bc9</value>
         <object_component_ref idref="oc-2f7"/>
      </symbol>
      <symbol id="sm-566">
         <name>__aeabi_cdrcmple</name>
         <value>0x20006c4f</value>
         <object_component_ref idref="oc-366"/>
      </symbol>
      <symbol id="sm-57a">
         <name>__aeabi_ddiv</name>
         <value>0x200061c9</value>
         <object_component_ref idref="oc-361"/>
      </symbol>
      <symbol id="sm-585">
         <name>__aeabi_dmul</name>
         <value>0x20006649</value>
         <object_component_ref idref="oc-35c"/>
      </symbol>
      <symbol id="sm-58f">
         <name>__aeabi_d2iz</name>
         <value>0x20007239</value>
         <object_component_ref idref="oc-36b"/>
      </symbol>
      <symbol id="sm-599">
         <name>__aeabi_i2d</name>
         <value>0x20007535</value>
         <object_component_ref idref="oc-376"/>
      </symbol>
      <symbol id="sm-5a6">
         <name>__aeabi_uldivmod</name>
         <value>0x20006a15</value>
         <object_component_ref idref="oc-355"/>
      </symbol>
      <symbol id="sm-5bc">
         <name>__aeabi_errno_addr</name>
         <value>0x2000784d</value>
         <object_component_ref idref="oc-320"/>
      </symbol>
      <symbol id="sm-5bd">
         <name>errno</name>
         <value>0x2001d834</value>
         <object_component_ref idref="oc-3b7"/>
      </symbol>
      <symbol id="sm-5c7">
         <name>copysign</name>
         <value>0x200077d9</value>
         <object_component_ref idref="oc-3e6"/>
      </symbol>
      <symbol id="sm-5c8">
         <name>copysignl</name>
         <value>0x200077d9</value>
         <object_component_ref idref="oc-3e6"/>
      </symbol>
      <symbol id="sm-5d2">
         <name>__aeabi_idiv0</name>
         <value>0x20005ddb</value>
         <object_component_ref idref="oc-3cd"/>
      </symbol>
      <symbol id="sm-5d3">
         <name>__aeabi_ldiv0</name>
         <value>0x20005ddb</value>
         <object_component_ref idref="oc-3cd"/>
      </symbol>
      <symbol id="sm-629">
         <name>GPIOIntRegister</name>
         <value>0x20007669</value>
         <object_component_ref idref="oc-144"/>
      </symbol>
      <symbol id="sm-62a">
         <name>GPIOIntEnable</name>
         <value>0x200076dd</value>
         <object_component_ref idref="oc-150"/>
      </symbol>
      <symbol id="sm-62b">
         <name>GPIOIntTypeSet</name>
         <value>0x20006cd5</value>
         <object_component_ref idref="oc-138"/>
      </symbol>
      <symbol id="sm-62c">
         <name>GPIOIntClear</name>
         <value>0x200077af</value>
         <object_component_ref idref="oc-14a"/>
      </symbol>
      <symbol id="sm-62d">
         <name>GPIOPinRead</name>
         <value>0x20007711</value>
         <object_component_ref idref="oc-ed"/>
      </symbol>
      <symbol id="sm-62e">
         <name>GPIODirModeSet</name>
         <value>0x2000746d</value>
         <object_component_ref idref="oc-1a4"/>
      </symbol>
      <symbol id="sm-62f">
         <name>GPIOPinWrite</name>
         <value>0x20007629</value>
         <object_component_ref idref="oc-f3"/>
      </symbol>
      <symbol id="sm-681">
         <name>IntPrioritySet</name>
         <value>0x200070a9</value>
         <object_component_ref idref="oc-13e"/>
      </symbol>
      <symbol id="sm-682">
         <name>IntVTableBaseSet</name>
         <value>0x200077c5</value>
         <object_component_ref idref="oc-c9"/>
      </symbol>
      <symbol id="sm-683">
         <name>IntEnable</name>
         <value>0x200068d1</value>
         <object_component_ref idref="oc-d5"/>
      </symbol>
      <symbol id="sm-684">
         <name>IntRegister</name>
         <value>0x20007649</value>
         <object_component_ref idref="oc-22f"/>
      </symbol>
      <symbol id="sm-685">
         <name>IntMasterEnable</name>
         <value>0x20007841</value>
         <object_component_ref idref="oc-cf"/>
      </symbol>
      <symbol id="sm-6bc">
         <name>PinTypeUART</name>
         <value>0x200076f7</value>
         <object_component_ref idref="oc-1aa"/>
      </symbol>
      <symbol id="sm-6bd">
         <name>PinTypeGPIO</name>
         <value>0x200074a3</value>
         <object_component_ref idref="oc-19e"/>
      </symbol>
      <symbol id="sm-6be">
         <name>PinConfigSet</name>
         <value>0x20006b41</value>
         <object_component_ref idref="oc-256"/>
      </symbol>
      <symbol id="sm-6bf">
         <name>PinModeSet</name>
         <value>0x200072c5</value>
         <object_component_ref idref="oc-198"/>
      </symbol>
      <symbol id="sm-745">
         <name>PRCMPeripheralReset</name>
         <value>0x20006ff9</value>
         <object_component_ref idref="oc-18b"/>
      </symbol>
      <symbol id="sm-746">
         <name>PRCMPeripheralClkEnable</name>
         <value>0x20007385</value>
         <object_component_ref idref="oc-185"/>
      </symbol>
      <symbol id="sm-747">
         <name>PRCMPeripheralClockGet</name>
         <value>0x20006aad</value>
         <object_component_ref idref="oc-1b1"/>
      </symbol>
      <symbol id="sm-748">
         <name>PRCMCC3200MCUInit</name>
         <value>0x20005ddd</value>
         <object_component_ref idref="oc-db"/>
      </symbol>
      <symbol id="sm-749">
         <name>PRCMHIBRegWrite</name>
         <value>0x2000776f</value>
         <object_component_ref idref="oc-17f"/>
      </symbol>
      <symbol id="sm-74a">
         <name>PRCMSysResetCauseGet</name>
         <value>0x20007565</value>
         <object_component_ref idref="oc-173"/>
      </symbol>
      <symbol id="sm-74b">
         <name>PRCMPeripheralClkDisable</name>
         <value>0x20007591</value>
         <object_component_ref idref="oc-191"/>
      </symbol>
      <symbol id="sm-74c">
         <name>PRCMHIBRegRead</name>
         <value>0x20007759</value>
         <object_component_ref idref="oc-179"/>
      </symbol>
      <symbol id="sm-788">
         <name>UARTConfigSetExpClk</name>
         <value>0x20006e49</value>
         <object_component_ref idref="oc-1b7"/>
      </symbol>
      <symbol id="sm-789">
         <name>UARTDisable</name>
         <value>0x200074d5</value>
         <object_component_ref idref="oc-260"/>
      </symbol>
      <symbol id="sm-78a">
         <name>UARTCharsAvail</name>
         <value>0x20007729</value>
         <object_component_ref idref="oc-1c9"/>
      </symbol>
      <symbol id="sm-78b">
         <name>UARTCharGetNonBlocking</name>
         <value>0x200076a5</value>
         <object_component_ref idref="oc-1cf"/>
      </symbol>
      <symbol id="sm-78c">
         <name>UARTCharPut</name>
         <value>0x20007687</value>
         <object_component_ref idref="oc-1bd"/>
      </symbol>
      <symbol id="sm-78d">
         <name>UARTEnable</name>
         <value>0x200075e1</value>
         <object_component_ref idref="oc-266"/>
      </symbol>
      <symbol id="sm-791">
         <name>UtilsDelay</name>
         <value>0x20007855</value>
         <object_component_ref idref="oc-c8"/>
      </symbol>
      <symbol id="sm-79b">
         <name>CPUcpsie</name>
         <value>0x2000779b</value>
         <object_component_ref idref="oc-163"/>
      </symbol>
      <symbol id="sm-79d">
         <name>__TI_static_base__</name>
         <value>0x20007c68</value>
      </symbol>
      <symbol id="sm-7a0">
         <name>__mpu_init</name>
         <value>0x0</value>
      </symbol>
      <symbol id="sm-7a1">
         <name>_system_post_cinit</name>
         <value>0x0</value>
      </symbol>
   </symbol_table>
   <title>Link successful</title>
</link_info>
