******************************************************************************
                  TI ARM Linker PC v18.1.4                     
******************************************************************************
>> Linked Thu Feb 28 13:45:36 2019

OUTPUT FILE NAME:   <SSL_REST_API_AWS_W19.out>
ENTRY POINT SYMBOL: "_c_int00_noargs"  address: 2000df7d


MEMORY CONFIGURATION

         name            origin    length      used     unused   attr    fill
----------------------  --------  ---------  --------  --------  ----  --------
  SRAM_CODE             20004000   00013000  0000b1d8  00007e28  RW X
  SRAM_DATA             20017000   00019000  00009496  0000fb6a  RW X


SEGMENT ALLOCATION MAP

run origin  load origin   length   init length attrs members
----------  ----------- ---------- ----------- ----- -------
20004000    20004000    0000b1e0   0000b1e0    r-x
  20004000    20004000    00000400   00000400    r-- .intvecs
  20004400    20004400    0000a216   0000a216    r-x .text
  2000e618    2000e618    00000b3a   00000b3a    r-- .const
  2000f158    2000f158    00000088   00000088    r-- .cinit
20017000    20017000    00008498   00000000    rw-
  20017000    20017000    00008000   00000000    rw- .sysmem
  2001f000    2001f000    000003ae   00000000    rw- .bss
  2001f3b0    2001f3b0    000000e8   00000000    rw- .data
2002f000    2002f000    00001000   00000000    rw-
  2002f000    2002f000    00001000   00000000    rw- .stack


SECTION ALLOCATION MAP

 output                                  attributes/
section   page    origin      length       input sections
--------  ----  ----------  ----------   ----------------
.intvecs   0    20004000    00000400     
                  20004000    00000400     startup_ccs.obj (.intvecs)

.init_array 
*          0    20004000    00000000     UNINITIALIZED

.text      0    20004400    0000a216     
                  20004400    00001b3c     main.obj (.text)
                  20005f3c    00000abc     Adafruit_GFX.obj (.text)
                  200069f8    00000a4a     rtsv7M4_T_le_eabi.lib : _printfi.c.obj (.text:__TI_printfi)
                  20007442    00000002     driverlib.a : interrupt.obj (.text:IntDefaultHandler)
                  20007444    00000590     simplelink.a : driver.obj (.text:_SlDrvMsgRead)
                  200079d4    000004a6     Adafruit_OLED.obj (.text)
                  20007e7a    00000002     rtsv7M4_T_le_eabi.lib : _lock.c.obj (.text:_nop)
                  20007e7c    00000398     gpio_if.obj (.text)
                  20008214    00000280     uart_if.obj (.text)
                  20008494    0000027c     simplelink.a : wlan.obj (.text:sl_WlanConnect)
                  20008710    00000268     rtsv7M4_T_le_eabi.lib : _printfi.c.obj (.text:_pconv_a)
                  20008978    0000024c     simplelink.a : driver.obj (.text:_SlDrvRxHdrRead)
                  20008bc4    000001e4                  : driver.obj (.text:_SlDrvDataReadOp)
                  20008da8    000001d0                  : driver.obj (.text:_SlDrvReleasePoolObj)
                  20008f78    000001cc     rtsv7M4_T_le_eabi.lib : _printfi.c.obj (.text:_pconv_g)
                  20009144    000001b6                           : fd_add_t2.asm.obj (.text)
                  200092fa    00000002                           : div0.asm.obj (.text)
                  200092fc    000001b4     simplelink.a : driver.obj (.text:_SlDrvDriverCBInit)
                  200094b0    0000019c                  : driver.obj (.text:_SlDrvMsgWrite)
                  2000964c    00000190                  : driver.obj (.text:_SlDrvWaitForPoolObj)
                  200097dc    0000018c                  : socket.obj (.text:sl_Connect)
                  20009968    00000178     driverlib.a : prcm.obj (.text:PRCMCC3200MCUInit)
                  20009ae0    00000170     simplelink.a : driver.obj (.text:_SlFindAndSetActiveObj)
                  20009c50    00000150                  : driver.obj (.text:_SlDrvDataWriteOp)
                  20009da0    00000148                  : cc_pal.obj (.text:spi_Open)
                  20009ee8    00000144                  : driver.obj (.text:_SlDrvMsgReadCmdCtx)
                  2000a02c    00000144                  : netapp.obj (.text:sl_NetAppDnsGetHostByName)
                  2000a170    0000013c     rtsv7M4_T_le_eabi.lib : _printfi.c.obj (.text:_pconv_e)
                  2000a2ac    00000136                           : fd_div_t2.asm.obj (.text)
                  2000a3e2    00000002     --HOLE-- [fill = 0]
                  2000a3e4    00000134     simplelink.a : socket.obj (.text:sl_Send)
                  2000a518    00000130                  : driver.obj (.text:_SlDrvDriverCBDeinit)
                  2000a648    00000120     rtsv7M4_T_le_eabi.lib : _printfi.c.obj (.text:fcvt)
                  2000a768    00000114                           : memory.c.obj (.text:realloc)
                  2000a87c    00000104     simplelink.a : netapp.obj (.text:_SlDrvNetAppEventHandler)
                  2000a980    000000fc     rtsv7M4_T_le_eabi.lib : fd_mul_t2.asm.obj (.text)
                  2000aa7c    000000f0     pinmux.obj (.text)
                  2000ab6c    000000f0     simplelink.a : device.obj (.text:sl_Stop)
                  2000ac5c    000000f0                  : cc_pal.obj (.text:spi_Read)
                  2000ad4c    000000f0     driverlib.a : udma.obj (.text:uDMAChannelTransferSet)
                  2000ae3c    000000ec     simplelink.a : device.obj (.text:sl_Start)
                  2000af28    000000e8                  : driver.obj (.text:_SlAsyncEventGenericHandler)
                  2000b010    000000e8                  : driver.obj (.text:_SlDrvMsgReadSpawnCtx)
                  2000b0f8    000000e4                  : netapp.obj (.text:sl_NetAppMDNSRegisterUnregisterService)
                  2000b1dc    000000dc                  : driver.obj (.text:_SlDrvClassifyRxMsg)
                  2000b2b8    000000d8     rtsv7M4_T_le_eabi.lib : memory.c.obj (.text:free)
                  2000b390    000000d0                           : s_scalbn.c.obj (.text:scalbn)
                  2000b460    000000cc     simplelink.a : netapp.obj (.text:_sl_HandleAsync_DnsGetHostByService)
                  2000b52c    000000cc                  : device.obj (.text:sl_DevGet)
                  2000b5f8    000000c4                  : driver.obj (.text:_SlRemoveFromList)
                  2000b6bc    000000c0                  : driver.obj (.text:_SlDrvCmdOp)
                  2000b77c    000000b1     rtsv7M4_T_le_eabi.lib : _printfi.c.obj (.text:_ltostr)
                  2000b82d    00000003     --HOLE-- [fill = 0]
                  2000b830    000000b0     simplelink.a : nonos.obj (.text:_SlNonOsSemGet)
                  2000b8e0    000000a8     driverlib.a : interrupt.obj (.text:IntDisable)
                  2000b988    000000a8                 : interrupt.obj (.text:IntEnable)
                  2000ba30    000000a4     simplelink.a : driver.obj (.text:_SlDriverHandleError)
                  2000bad4    000000a0     driverlib.a : spi.obj (.text:SPIConfigSetExpClk)
                  2000bb74    000000a0     simplelink.a : socket.obj (.text:sl_Recv)
                  2000bc14    0000009c     rtsv7M4_T_le_eabi.lib : memcpy_t2.asm.obj (.text)
                  2000bcb0    0000009a     simplelink.a : device.obj (.text:_SlDrvDeviceEventHandler)
                  2000bd4a    00000002     --HOLE-- [fill = 0]
                  2000bd4c    00000098                  : device.obj (.text:sl_DevSet)
                  2000bde4    00000098                  : netcfg.obj (.text:sl_NetCfgSet)
                  2000be7c    00000098                  : socket.obj (.text:sl_SetSockOpt)
                  2000bf14    00000098                  : wlan.obj (.text:sl_WlanSet)
                  2000bfac    00000098                  : cc_pal.obj (.text:spi_Write)
                  2000c044    00000096     rtsv7M4_T_le_eabi.lib : ull_div_t2.asm.obj (.text)
                  2000c0da    00000002     --HOLE-- [fill = 0]
                  2000c0dc    00000094     driverlib.a : prcm.obj (.text:PRCMPeripheralClockGet)
                  2000c170    00000090     simplelink.a : netapp.obj (.text:_sl_HandleAsync_DnsGetHostByName)
                  2000c200    00000090                  : netapp.obj (.text:_sl_HandleAsync_PingResponse)
                  2000c290    00000090                  : wlan.obj (.text:sl_WlanPolicySet)
                  2000c320    0000008c                  : cc_pal.obj (.text:SetupDMAReceive)
                  2000c3ac    0000008c                  : cc_pal.obj (.text:SetupDMASend)
                  2000c438    0000008c                  : driver.obj (.text:_SlDrvIsTimeoutExpired)
                  2000c4c4    0000008c                  : device.obj (.text:_sl_HandleAsync_InitComplete)
                  2000c550    0000008c                  : socket.obj (.text:sl_Socket)
                  2000c5dc    00000088     driverlib.a : pin.obj (.text:PinConfigSet)
                  2000c664    00000086     rtsv7M4_T_le_eabi.lib : fd_cmp_t2.asm.obj (.text:__aeabi_cdcmple)
                  2000c6ea    00000086                           : fd_cmp_t2.asm.obj (.text:__aeabi_cdrcmple)
                  2000c770    00000084     simplelink.a : wlan.obj (.text:sl_WlanRxFilterSet)
                  2000c7f4    00000082     driverlib.a : gpio.obj (.text:GPIOIntTypeSet)
                  2000c876    00000002     --HOLE-- [fill = 0]
                  2000c878    00000080     simplelink.a : socket.obj (.text:_sl_HandleAsync_Connect)
                  2000c8f8    00000080                  : cc_pal.obj (.text:spi_Read_CPU)
                  2000c978    00000080                  : cc_pal.obj (.text:spi_Write_CPU)
                  2000c9f8    0000007a     rtsv7M4_T_le_eabi.lib : memset_t2.asm.obj (.text)
                  2000ca72    00000002     --HOLE-- [fill = 0]
                  2000ca74    00000078                           : memory.c.obj (.text:malloc)
                  2000caec    00000078     simplelink.a : cc_pal.obj (.text:spi_Close)
                  2000cb64    00000076     driverlib.a : uart.obj (.text:UARTConfigSetExpClk)
                  2000cbda    00000002     --HOLE-- [fill = 0]
                  2000cbdc    00000074     simplelink.a : nonos.obj (.text:_SlNonOsMainLoopTask)
                  2000cc50    0000006e     rtsv7M4_T_le_eabi.lib : _printfi.c.obj (.text:_mcpy)
                  2000ccbe    00000002     --HOLE-- [fill = 0]
                  2000ccc0    0000006c     simplelink.a : driver.obj (.text:_SlDrvCmdSend)
                  2000cd2c    0000006c                  : netapp.obj (.text:_sl_NetAppSendTokenValue)
                  2000cd98    00000068     rtsv7M4_T_le_eabi.lib : copy_decompress_lzss.c.obj (.text:decompress:lzss:__TI_decompress_lzss)
                  2000ce00    00000064     simplelink.a : nonos.obj (.text:_SlNonOsSpawn)
                  2000ce64    00000064                  : socket.obj (.text:_sl_HandleAsync_Accept)
                  2000cec8    00000064                  : netapp.obj (.text:sl_NetAppMDNSUnRegisterService)
                  2000cf2c    00000064     driverlib.a : udma.obj (.text:uDMAChannelAttributeDisable)
                  2000cf90    00000064                 : udma.obj (.text:uDMAChannelAttributeEnable)
                  2000cff4    00000060     simplelink.a : socket.obj (.text:sl_Close)
                  2000d054    00000060                  : wlan.obj (.text:sl_WlanProfileDel)
                  2000d0b4    00000060                  : wlan.obj (.text:sl_WlanSetMode)
                  2000d114    0000005c     rtsv7M4_T_le_eabi.lib : s_frexp.c.obj (.text:frexp)
                  2000d170    00000058     driverlib.a : interrupt.obj (.text:IntPendClear)
                  2000d1c8    00000058                 : prcm.obj (.text:PRCMPeripheralReset)
                  2000d220    00000056     rtsv7M4_T_le_eabi.lib : _printfi.c.obj (.text:_pconv_f)
                  2000d276    00000002     --HOLE-- [fill = 0]
                  2000d278    00000054     driverlib.a : interrupt.obj (.text:IntPrioritySet)
                  2000d2cc    00000054     simplelink.a : driver.obj (.text:_SlDrvRxIrqHandler)
                  2000d320    00000054                  : socket.obj (.text:_sl_HandleAsync_Select)
                  2000d374    00000054     rtsv7M4_T_le_eabi.lib : ltoa.c.obj (.text:ltoa)
                  2000d3c8    00000052                           : _printfi.c.obj (.text:_ecpy)
                  2000d41a    00000002     --HOLE-- [fill = 0]
                  2000d41c    00000050     simplelink.a : device.obj (.text:_sl_HandleAsync_Stop)
                  2000d46c    0000004c     driverlib.a : spi.obj (.text:SPIIntEnable)
                  2000d4b8    0000004c                 : spi.obj (.text:SPIIntNumberGet)
                  2000d504    0000004c     simplelink.a : driver.obj (.text:_SlDrvProtectAsyncRespSetting)
                  2000d550    0000004c                  : socket.obj (.text:_sl_BuildAddress)
                  2000d59c    0000004c     rtsv7M4_T_le_eabi.lib : atoi.c.obj (.text:atoi)
                  2000d5e8    0000004c     driverlib.a : udma.obj (.text:uDMAChannelAssign)
                  2000d634    00000048                 : gpio.obj (.text:GPIOGetIntNumber)
                  2000d67c    00000048                 : spi.obj (.text:SPIIntClear)
                  2000d6c4    00000048     simplelink.a : driver.obj (.text:_SlDrvBasicCmd)
                  2000d70c    00000048     rtsv7M4_T_le_eabi.lib : fd_toi_t2.asm.obj (.text)
                  2000d754    00000044     driverlib.a : spi.obj (.text:SPIDmaMaskGet)
                  2000d798    00000044                 : timer.obj (.text:TimerConfigure)
                  2000d7dc    00000044     simplelink.a : driver.obj (.text:_SlDrvSyncObjWaitTimeout)
                  2000d820    00000044     rtsv7M4_T_le_eabi.lib : autoinit.c.obj (.text:__TI_auto_init_nobinit_nopinit:__TI_auto_init_nobinit_nopinit)
                  2000d864    00000044     simplelink.a : cc_pal.obj (.text:cc_SetupTransfer)
                  2000d8a8    00000042                  : socket.obj (.text:sl_Htonl)
                  2000d8ea    00000002     --HOLE-- [fill = 0]
                  2000d8ec    00000040     driverlib.a : pin.obj (.text:PinModeSet)
                  2000d92c    00000040     simplelink.a : socket.obj (.text:_sl_TruncatePayloadByProtocol)
                  2000d96c    00000040     rtsv7M4_T_le_eabi.lib : sprintf.c.obj (.text:sprintf)
                  2000d9ac    00000040                           : vsnprintf.c.obj (.text:vsnprintf)
                  2000d9ec    0000003e     simplelink.a : cc_pal.obj (.text:NwpRegisterInterruptHandler)
                  2000da2a    0000003e     rtsv7M4_T_le_eabi.lib : _printfi.c.obj (.text:_fcpy)
                  2000da68    0000003c     simplelink.a : netapp.obj (.text:CopyPingResultsToReport)
                  2000daa4    0000003c     driverlib.a : prcm.obj (.text:PRCMPeripheralClkEnable)
                  2000dae0    0000003c     rtsv7M4_T_le_eabi.lib : memory.c.obj (.text:minsert)
                  2000db1c    0000003c     simplelink.a : cc_pal.obj (.text:simplelink_timerA2_start)
                  2000db58    0000003c                  : socket.obj (.text:sl_Htons)
                  2000db94    0000003c     driverlib.a : udma.obj (.text:uDMAChannelControlSet)
                  2000dbd0    00000038     simplelink.a : cc_pal.obj (.text:NwpPowerOff)
                  2000dc08    00000038     rtsv7M4_T_le_eabi.lib : memory.c.obj (.text:minit)
                  2000dc40    00000038     simplelink.a : wlan.obj (.text:sl_WlanDisconnect)
                  2000dc78    00000036     driverlib.a : gpio.obj (.text:GPIODirModeSet)
                  2000dcae    00000002     --HOLE-- [fill = 0]
                  2000dcb0    00000034                 : prcm.obj (.text:PRCMPeripheralStatusGet)
                  2000dce4    00000034                 : spi.obj (.text:SPIFIFOLevelSet)
                  2000dd18    00000030                 : pin.obj (.text:PinTypeGPIO)
                  2000dd48    00000030                 : uart.obj (.text:UARTDisable)
                  2000dd78    00000030     rtsv7M4_T_le_eabi.lib : vsnprintf.c.obj (.text:_outs)
                  2000dda8    0000002e                           : i_tofd_t2.asm.obj (.text)
                  2000ddd6    00000002     --HOLE-- [fill = 0]
                  2000ddd8    0000002c     simplelink.a : cc_pal.obj (.text:NwpPowerOn)
                  2000de04    0000002c     driverlib.a : prcm.obj (.text:PRCMSysResetCauseGet)
                  2000de30    0000002c     simplelink.a : driver.obj (.text:_SlDrvObjGlobalLockWaitForever)
                  2000de5c    0000002c                  : driver.obj (.text:_SlDrvProtectionObjLockWaitForever)
                  2000de88    0000002a     driverlib.a : timer.obj (.text:TimerLoadSet)
                  2000deb2    0000002a                 : timer.obj (.text:TimerPrescaleSet)
                  2000dedc    00000028                 : prcm.obj (.text:PRCMPeripheralClkDisable)
                  2000df04    00000028     simplelink.a : driver.obj (.text:_SlDrvGlobalObjUnLock)
                  2000df2c    00000028                  : driver.obj (.text:_SlDrvProtectionObjUnLock)
                  2000df54    00000028                  : driver.obj (.text:_SlDrvSyncObjWaitForever)
                  2000df7c    00000028     rtsv7M4_T_le_eabi.lib : boot_cortex_m.c.obj (.text:_c_int00_noargs:_c_int00_noargs)
                  2000dfa4    00000028                           : memory.c.obj (.text:mremove)
                  2000dfcc    00000026     simplelink.a : driver.obj (.text:_SlDrvObjLockWaitForever)
                  2000dff2    00000002     --HOLE-- [fill = 0]
                  2000dff4    00000024                  : cc_pal.obj (.text:DmaSpiSwIntHandler)
                  2000e018    00000024     driverlib.a : interrupt.obj (.text:IntUnregister)
                  2000e03c    00000024                 : uart.obj (.text:UARTEnable)
                  2000e060    00000024     rtsv7M4_T_le_eabi.lib : memmov.c.obj (.text:memmove)
                  2000e084    00000022     driverlib.a : gpio.obj (.text:GPIOIntStatus)
                  2000e0a6    00000022                 : spi.obj (.text:SPIReset)
                  2000e0c8    00000022                 : spi.obj (.text:SPIWordCountSet)
                  2000e0ea    00000020                 : gpio.obj (.text:GPIOPinWrite)
                  2000e10a    00000002     --HOLE-- [fill = 0]
                  2000e10c    00000020                 : interrupt.obj (.text:IntRegister)
                  2000e12c    00000020     simplelink.a : cc_pal.obj (.text:NwpPrePowerOffTimout0)
                  2000e14c    00000020     driverlib.a : spi.obj (.text:SPIDataGet)
                  2000e16c    00000020     simplelink.a : cc_pal.obj (.text:TimerGetCurrentTimestamp)
                  2000e18c    00000020                  : driver.obj (.text:_SlDrvObjUnLock)
                  2000e1ac    00000020                  : driver.obj (.text:_SlDrvSyncObjSignal)
                  2000e1cc    0000001e     driverlib.a : gpio.obj (.text:GPIOIntRegister)
                  2000e1ea    0000001e                 : spi.obj (.text:SPIDataPut)
                  2000e208    0000001e                 : timer.obj (.text:TimerEnable)
                  2000e226    0000001e                 : uart.obj (.text:UARTCharPut)
                  2000e244    0000001e     simplelink.a : cc_pal.obj (.text:cc_UDMAChannelSelect)
                  2000e262    0000001c     driverlib.a : timer.obj (.text:TimerValueGet)
                  2000e27e    0000001c                 : uart.obj (.text:UARTCharGetNonBlocking)
                  2000e29a    0000001c     simplelink.a : driver.obj (.text:_SlDrvStartMeasureTimeout)
                  2000e2b6    0000001c     rtsv7M4_T_le_eabi.lib : memccpy.c.obj (.text:memccpy)
                  2000e2d2    00000002     --HOLE-- [fill = 0]
                  2000e2d4    0000001c     driverlib.a : udma.obj (.text:uDMAChannelEnable)
                  2000e2f0    0000001a                 : gpio.obj (.text:GPIOIntEnable)
                  2000e30a    0000001a                 : pin.obj (.text:PinTypeSPI)
                  2000e324    0000001a                 : pin.obj (.text:PinTypeUART)
                  2000e33e    0000001a                 : spi.obj (.text:SPIDmaDisable)
                  2000e358    0000001a                 : spi.obj (.text:SPIDmaEnable)
                  2000e372    0000001a                 : spi.obj (.text:SPIFIFODisable)
                  2000e38c    0000001a                 : spi.obj (.text:SPIFIFOEnable)
                  2000e3a6    0000001a                 : spi.obj (.text:SPIIntUnregister)
                  2000e3c0    00000018                 : gpio.obj (.text:GPIOPinRead)
                  2000e3d8    00000018                 : spi.obj (.text:SPICSDisable)
                  2000e3f0    00000018                 : spi.obj (.text:SPICSEnable)
                  2000e408    00000018                 : spi.obj (.text:SPIDisable)
                  2000e420    00000018                 : spi.obj (.text:SPIEnable)
                  2000e438    00000018                 : uart.obj (.text:UARTCharsAvail)
                  2000e450    00000018     simplelink.a : nonos.obj (.text:_SlNonOsSemSet)
                  2000e468    00000018     rtsv7M4_T_le_eabi.lib : vsnprintf.c.obj (.text:_outc)
                  2000e480    00000018                           : sprintf.c.obj (.text:_outs)
                  2000e498    00000018     simplelink.a : device.obj (.text:_sl_GetStartResponseConvert)
                  2000e4b0    00000016     driverlib.a : prcm.obj (.text:PRCMHIBRegRead)
                  2000e4c6    00000016                 : prcm.obj (.text:PRCMHIBRegWrite)
                  2000e4dc    00000016     simplelink.a : driver.obj (.text:_SlDrvMemZero)
                  2000e4f2    00000016     rtsv7M4_T_le_eabi.lib : strchr.c.obj (.text:strchr)
                  2000e508    00000014     driverlib.a : cpu.obj (.text:CPUcpsie)
                  2000e51c    00000014                 : gpio.obj (.text:GPIOIntClear)
                  2000e530    00000014                 : interrupt.obj (.text:IntVTableBaseSet)
                  2000e544    00000014     rtsv7M4_T_le_eabi.lib : strcpy.c.obj (.text:strcpy)
                  2000e558    00000014                           : strlen.c.obj (.text:strlen)
                  2000e56c    00000012                           : copy_zero_init.c.obj (.text:decompress:ZI:__TI_zero_init_nomemset:__TI_zero_init_nomemset)
                  2000e57e    00000012                           : wcslen.c.obj (.text:wcslen)
                  2000e590    00000010     simplelink.a : driver.obj (.text:_SlDrvDispatchHttpServerEvents)
                  2000e5a0    0000000e                  : driver.obj (.text:_SlDrvResetCmdExt)
                  2000e5ae    0000000e     rtsv7M4_T_le_eabi.lib : copy_decompress_none.c.obj (.text:decompress:none:__TI_decompress_none)
                  2000e5bc    0000000e     startup_ccs.obj (.text)
                  2000e5ca    00000002     --HOLE-- [fill = 0]
                  2000e5cc    0000000c     simplelink.a : cc_pal.obj (.text:NwpMaskInterrupt)
                  2000e5d8    0000000c                  : cc_pal.obj (.text:NwpUnMaskInterrupt)
                  2000e5e4    0000000a     driverlib.a : interrupt.obj (.text:IntMasterEnable)
                  2000e5ee    0000000a     rtsv7M4_T_le_eabi.lib : sprintf.c.obj (.text:_outc)
                  2000e5f8    00000008                           : errno.c.obj (.text:__aeabi_errno_addr)
                  2000e600    00000008                           : s_copysign.c.obj (.text:copysign)
                  2000e608    00000006     driverlib.a : utils.obj (.text:UtilsDelay)
                  2000e60e    00000004     rtsv7M4_T_le_eabi.lib : pre_init.c.obj (.text:_system_pre_init)
                  2000e612    00000004                           : exit.c.obj (.text:abort:abort)

.const     0    2000e618    00000b3a     
                  2000e618    000004fb     Adafruit_GFX.obj (.const:.string:font)
                  2000eb13    00000101     rtsv7M4_T_le_eabi.lib : ctype.c.obj (.const:.string:_ctypes_)
                  2000ec14    00000100     driverlib.a : pin.obj (.const:g_ulPinToPadMap)
                  2000ed14    000000d4                 : interrupt.obj (.const:g_pulRegs)
                  2000ede8    000000a8                 : prcm.obj (.const:PRCM_PeriphRegsList)
                  2000ee90    00000080                 : interrupt.obj (.const)
                  2000ef10    0000003c     simplelink.a : driver.obj (.const:OpcodeTranslateTable)
                  2000ef4c    00000038                  : driver.obj (.const:_SlActionLookupTable)
                  2000ef84    00000030     main.obj (.const:.string)
                  2000efb4    0000002c     main.obj (.const:$P$T1$2)
                  2000efe0    00000024     driverlib.a : spi.obj (.const:g_ppulSPIIntMap)
                  2000f004    00000022     main.obj (.const:.string:$P$T0$1)
                  2000f026    00000002     --HOLE-- [fill = 0]
                  2000f028    00000020     simplelink.a : driver.obj (.const:RxMsgClassLUT)
                  2000f048    00000018     driverlib.a : spi.obj (.const)
                  2000f060    00000015     main.obj (.const:.string:$P$T6$7)
                  2000f075    00000003     --HOLE-- [fill = 0]
                  2000f078    00000014     simplelink.a : driver.obj (.const:$P$T0$1)
                  2000f08c    00000014                  : nonos.obj (.const:$P$T0$1)
                  2000f0a0    00000014     main.obj (.const:$P$T2$3)
                  2000f0b4    00000010     simplelink.a : socket.obj (.const:.string:_SlPayloadByProtocolLUT)
                  2000f0c4    0000000c     main.obj (.const:$P$T4$5)
                  2000f0d0    0000000c     main.obj (.const:.string:$P$T3$4)
                  2000f0dc    00000009     main.obj (.const:.string:$P$T5$6)
                  2000f0e5    00000008     simplelink.a : device.obj (.const:StartResponseLUT)
                  2000f0ed    00000003     --HOLE-- [fill = 0]
                  2000f0f0    00000008                  : driver.obj (.const:g_H2NCnysPattern)
                  2000f0f8    00000008                  : driver.obj (.const:g_H2NSyncPattern)
                  2000f100    00000005     main.obj (.const:.string:$P$T7$8)
                  2000f105    00000001     --HOLE-- [fill = 0]
                  2000f106    00000004     simplelink.a : wlan.obj (.const:$P$T0$1)
                  2000f10a    00000004                  : socket.obj (.const:$P$T2$3)
                  2000f10e    00000004                  : device.obj (.const:_SlDeviceGetCmdCtrl)
                  2000f112    00000004                  : device.obj (.const:_SlDeviceSetCmdCtrl)
                  2000f116    00000004                  : netapp.obj (.const:_SlGetHostByNameCtrl)
                  2000f11a    00000004                  : netapp.obj (.const:_SlNetAppSendTokenValueCmdCtrl)
                  2000f11e    00000004                  : netcfg.obj (.const:_SlNetCfgSetCmdCtrl)
                  2000f122    00000004                  : wlan.obj (.const:_SlPolicySetCmdCtrl)
                  2000f126    00000004                  : wlan.obj (.const:_SlProfileDelCmdCtrl)
                  2000f12a    00000004                  : socket.obj (.const:_SlRecvCmdCtrl)
                  2000f12e    00000004                  : netapp.obj (.const:_SlRegisterServiceCtrl)
                  2000f132    00000004                  : wlan.obj (.const:_SlRxFilterSetCmdCtrl)
                  2000f136    00000004                  : socket.obj (.const:_SlSendCmdCtrl)
                  2000f13a    00000004                  : socket.obj (.const:_SlSetSockOptCmdCtrl)
                  2000f13e    00000004                  : socket.obj (.const:_SlSockCloseCmdCtrl)
                  2000f142    00000004                  : socket.obj (.const:_SlSockSocketCmdCtrl)
                  2000f146    00000004                  : device.obj (.const:_SlStopCmdCtrl)
                  2000f14a    00000004                  : wlan.obj (.const:_SlWlanCfgSetCmdCtrl)
                  2000f14e    00000004                  : wlan.obj (.const:_SlWlanSetModeCmdCtrl)

.cinit     0    2000f158    00000088     
                  2000f158    0000005d     (.cinit..data.load) [load image, compression = lzss]
                  2000f1b5    00000003     --HOLE-- [fill = 0]
                  2000f1b8    0000000c     (__TI_handler_table)
                  2000f1c4    00000004     --HOLE-- [fill = 0]
                  2000f1c8    00000008     (.cinit..bss.load) [load image, compression = zero_init]
                  2000f1d0    00000010     (__TI_cinit_table)

.sysmem    0    20017000    00008000     UNINITIALIZED
                  20017000    00000008     rtsv7M4_T_le_eabi.lib : memory.c.obj (.sysmem)
                  20017008    00007ff8     --HOLE--

.bss       0    2001f000    000003ae     UNINITIALIZED
                  2001f000    00000168     simplelink.a : driver.obj (.bss:g_StatMem)
                  2001f168    00000100     (.common:message)
                  2001f268    00000080     (.common:buffer)
                  2001f2e8    00000050     (.common:g_ucDinDout)
                  2001f338    0000002c     (.common:g_time)
                  2001f364    00000024     (.common:g_ucConnectionSSID)
                  2001f388    00000008     (.common:g_ucConnectionBSSID)
                  2001f390    00000004     uart_if.obj (.bss)
                  2001f394    00000004     (.common:decodedNum)
                  2001f398    00000004     (.common:glRetVal)
                  2001f39c    00000004     (.common:intFlag)
                  2001f3a0    00000004     (.common:oldCharTime)
                  2001f3a4    00000004     (.common:oldTime)
                  2001f3a8    00000001     (.common:RxIrqCnt)
                  2001f3a9    00000001     (.common:g_bDeviceRestartIsRequired)
                  2001f3aa    00000001     (.common:g_cDummy)
                  2001f3ab    00000001     (.common:g_ucLED1Pin)
                  2001f3ac    00000001     (.common:g_ucLED2Pin)
                  2001f3ad    00000001     (.common:g_ucLED3Pin)

.data      0    2001f3b0    000000e8     UNINITIALIZED
                  2001f3b0    00000040     main.obj (.data)
                  2001f3f0    0000003c     simplelink.a : nonos.obj (.data:g__SlNonOsCB)
                  2001f42c    00000015     Adafruit_GFX.obj (.data)
                  2001f441    00000003     --HOLE--
                  2001f444    00000014     gpio_if.obj (.data:ulReg)
                  2001f458    0000000d     simplelink.a : driver.obj (.data)
                  2001f465    00000003     --HOLE--
                  2001f468    0000000c     rtsv7M4_T_le_eabi.lib : memory.c.obj (.data:$O1$$)
                  2001f474    0000000c     gpio_if.obj (.data)
                  2001f480    00000009     simplelink.a : cc_pal.obj (.data)
                  2001f489    00000003     --HOLE--
                  2001f48c    00000008     rtsv7M4_T_le_eabi.lib : _lock.c.obj (.data:$O1$$)
                  2001f494    00000004                           : errno.c.obj (.data)

.stack     0    2002f000    00001000     UNINITIALIZED
                  2002f000    00000004     rtsv7M4_T_le_eabi.lib : boot_cortex_m.c.obj (.stack)
                  2002f004    00000ffc     --HOLE--

MODULE SUMMARY

       Module                       code    ro data   rw data
       ------                       ----    -------   -------
    .\
       main.obj                     6972    205       556    
       Adafruit_GFX.obj             2748    1275      21     
       Adafruit_OLED.obj            1190    0         0      
       startup_ccs.obj              14      1024      0      
       gpio_if.obj                  920     0         35     
       uart_if.obj                  640     0         4      
       pinmux.obj                   240     0         0      
    +--+----------------------------+-------+---------+---------+
       Total:                       12724   2504      616    
                                                             
    C:/ti/CC3200SDK_1.3.0/cc3200-sdk/driverlib/ccs/Release/driverlib.a
       prcm.obj                     852     168       0      
       interrupt.obj                608     340       0      
       spi.obj                      860     60        0      
       udma.obj                     604     0         0      
       pin.obj                      300     256       0      
       gpio.obj                     422     0         0      
       uart.obj                     284     0         0      
       timer.obj                    210     0         0      
       cpu.obj                      20      0         0      
       utils.obj                    6       0         0      
    +--+----------------------------+-------+---------+---------+
       Total:                       4166    824       0      
                                                             
    C:/ti/CC3200SDK_1.3.0/cc3200-sdk/simplelink/ccs/NON_OS/simplelink.a
       driver.obj                   7714    184       375    
       cc_pal.obj                   1820    0         90     
       socket.obj                   1830    40        0      
       netapp.obj                   1572    12        0      
       wlan.obj                     1312    24        0      
       device.obj                   1230    20        0      
       nonos.obj                    416     20        60     
       netcfg.obj                   152     4         0      
    +--+----------------------------+-------+---------+---------+
       Total:                       16046   304       525    
                                                             
    C:\ti\ccsv8\tools\compiler\ti-cgt-arm_18.1.4.LTS\lib\rtsv7M4_T_le_eabi.lib
       _printfi.c.obj               4831    0         0      
       memory.c.obj                 768     0         12     
       fd_add_t2.asm.obj            438     0         0      
       fd_div_t2.asm.obj            310     0         0      
       fd_cmp_t2.asm.obj            268     0         0      
       ctype.c.obj                  0       257       0      
       fd_mul_t2.asm.obj            252     0         0      
       s_scalbn.c.obj               208     0         0      
       memcpy_t2.asm.obj            156     0         0      
       ull_div_t2.asm.obj           150     0         0      
       vsnprintf.c.obj              136     0         0      
       memset_t2.asm.obj            122     0         0      
       copy_decompress_lzss.c.obj   104     0         0      
       sprintf.c.obj                98      0         0      
       s_frexp.c.obj                92      0         0      
       ltoa.c.obj                   84      0         0      
       atoi.c.obj                   76      0         0      
       fd_toi_t2.asm.obj            72      0         0      
       autoinit.c.obj               68      0         0      
       i_tofd_t2.asm.obj            46      0         0      
       boot_cortex_m.c.obj          40      0         0      
       memmov.c.obj                 36      0         0      
       memccpy.c.obj                28      0         0      
       strchr.c.obj                 22      0         0      
       strcpy.c.obj                 20      0         0      
       strlen.c.obj                 20      0         0      
       copy_zero_init.c.obj         18      0         0      
       wcslen.c.obj                 18      0         0      
       copy_decompress_none.c.obj   14      0         0      
       errno.c.obj                  8       0         4      
       _lock.c.obj                  2       0         8      
       s_copysign.c.obj             8       0         0      
       exit.c.obj                   4       0         0      
       pre_init.c.obj               4       0         0      
       div0.asm.obj                 2       0         0      
    +--+----------------------------+-------+---------+---------+
       Total:                       8523    257       24     
                                                             
       Heap:                        0       0         32768  
       Stack:                       0       0         4096   
       Linker Generated:            0       129       0      
    +--+----------------------------+-------+---------+---------+
       Grand Total:                 41459   4018      38029  


LINKER GENERATED COPY TABLES

__TI_cinit_table @ 2000f1d0 records: 2, size/record: 8, table size: 16
	.data: load addr=2000f158, load size=0000005d bytes, run addr=2001f3b0, run size=000000e8 bytes, compression=lzss
	.bss: load addr=2000f1c8, load size=00000008 bytes, run addr=2001f000, run size=000003ae bytes, compression=zero_init


LINKER GENERATED HANDLER TABLE

__TI_handler_table @ 2000f1b8 records: 3, size/record: 4, table size: 12
	index: 0, handler: __TI_decompress_lzss
	index: 1, handler: __TI_decompress_none
	index: 2, handler: __TI_zero_init


GLOBAL SYMBOLS: SORTED ALPHABETICALLY BY Name 

address   name                                  
-------   ----                                  
20007a5d  Adafruit_Init                         
2000e613  C$$EXIT                               
2000e509  CPUcpsie                              
20008255  ClearTerm                             
20007bd3  Color565                              
2000dff5  DmaSpiSwIntHandler                    
2000825f  Error                                 
2000dc79  GPIODirModeSet                        
2000e51d  GPIOIntClear                          
2000e2f1  GPIOIntEnable                         
2000e1cd  GPIOIntRegister                       
2000e085  GPIOIntStatus                         
2000c7f5  GPIOIntTypeSet                        
2000e3c1  GPIOPinRead                           
2000e0eb  GPIOPinWrite                          
2000813d  GPIO_IF_ConfigureNIntEnable           
200081c9  GPIO_IF_Get                           
200080f7  GPIO_IF_GetPortNPin                   
20007eb9  GPIO_IF_LedConfigure                  
20007fab  GPIO_IF_LedOff                        
20007ef7  GPIO_IF_LedOn                         
2000805f  GPIO_IF_LedStatus                     
200080c9  GPIO_IF_LedToggle                     
20008185  GPIO_IF_Set                           
20008297  GetCmd                                
20008215  InitTerm                              
2000b8e1  IntDisable                            
2000b989  IntEnable                             
2000e5e5  IntMasterEnable                       
2000d171  IntPendClear                          
2000d279  IntPrioritySet                        
2000e10d  IntRegister                           
2000e019  IntUnregister                         
2000e531  IntVTableBaseSet                      
20004751  InterruptHandler                      
20008233  Message                               
2000e5cd  NwpMaskInterrupt                      
2000dbd1  NwpPowerOff                           
2000ddd9  NwpPowerOn                            
2000e12d  NwpPrePowerOffTimout0                 
2000d9ed  NwpRegisterInterruptHandler           
2000e5d9  NwpUnMaskInterrupt                    
2000ef10  OpcodeTranslateTable                  
200068e7  Outstr                                
20009969  PRCMCC3200MCUInit                     
2000e4b1  PRCMHIBRegRead                        
2000e4c7  PRCMHIBRegWrite                       
2000dedd  PRCMPeripheralClkDisable              
2000daa5  PRCMPeripheralClkEnable               
2000c0dd  PRCMPeripheralClockGet                
2000d1c9  PRCMPeripheralReset                   
2000dcb1  PRCMPeripheralStatusGet               
2000de05  PRCMSysResetCauseGet                  
2000c5dd  PinConfigSet                          
2000d8ed  PinModeSet                            
2000aa7d  PinMuxConfig                          
2000dd19  PinTypeGPIO                           
2000e30b  PinTypeSPI                            
2000e325  PinTypeUART                           
200083d5  Report                                
2000e5bd  ResetISR                              
2001f3a8  RxIrqCnt                              
2000e3d9  SPICSDisable                          
2000e3f1  SPICSEnable                           
2000bad5  SPIConfigSetExpClk                    
2000e14d  SPIDataGet                            
2000e1eb  SPIDataPut                            
2000e409  SPIDisable                            
2000e33f  SPIDmaDisable                         
2000e359  SPIDmaEnable                          
2000e421  SPIEnable                             
2000e373  SPIFIFODisable                        
2000e38d  SPIFIFOEnable                         
2000dce5  SPIFIFOLevelSet                       
2000d67d  SPIIntClear                           
2000d46d  SPIIntEnable                          
2000e3a7  SPIIntUnregister                      
2000e0a7  SPIReset                              
2000e0c9  SPIWordCountSet                       
200049fd  SimpleLinkGeneralEventHandler         
200049ed  SimpleLinkHttpServerCallback          
20004949  SimpleLinkNetAppEventHandler          
20004a17  SimpleLinkSockEventHandler            
20004805  SimpleLinkWlanEventHandler            
2000d799  TimerConfigure                        
2000e209  TimerEnable                           
2000e16d  TimerGetCurrentTimestamp              
2000de89  TimerLoadSet                          
2000deb3  TimerPrescaleSet                      
2000e263  TimerValueGet                         
2000833d  TrimSpace                             
2000e27f  UARTCharGetNonBlocking                
2000e227  UARTCharPut                           
2000e439  UARTCharsAvail                        
2000cb65  UARTConfigSetExpClk                   
2000dd49  UARTDisable                           
2000e03d  UARTEnable                            
2000e609  UtilsDelay                            
2000ef4c  _SlActionLookupTable                  
2000ba31  _SlDriverHandleError                  
2000d6c5  _SlDrvBasicCmd                        
2000b6bd  _SlDrvCmdOp                           
2000ccc1  _SlDrvCmdSend                         
20008bc5  _SlDrvDataReadOp                      
20009c51  _SlDrvDataWriteOp                     
2000bcb1  _SlDrvDeviceEventHandler              
2000e591  _SlDrvDispatchHttpServerEvents        
2000a519  _SlDrvDriverCBDeinit                  
200092fd  _SlDrvDriverCBInit                    
2000df05  _SlDrvGlobalObjUnLock                 
2000c439  _SlDrvIsTimeoutExpired                
2000e4dd  _SlDrvMemZero                         
2000b011  _SlDrvMsgReadSpawnCtx                 
2000a87d  _SlDrvNetAppEventHandler              
2000dfcd  _SlDrvObjLockWaitForever              
2000e18d  _SlDrvObjUnLock                       
2000d505  _SlDrvProtectAsyncRespSetting         
2000de5d  _SlDrvProtectionObjLockWaitForever    
2000df2d  _SlDrvProtectionObjUnLock             
20008da9  _SlDrvReleasePoolObj                  
2000e5a1  _SlDrvResetCmdExt                     
2000d2cd  _SlDrvRxIrqHandler                    
2000e29b  _SlDrvStartMeasureTimeout             
2000e1ad  _SlDrvSyncObjSignal                   
2000df55  _SlDrvSyncObjWaitForever              
2000d7dd  _SlDrvSyncObjWaitTimeout              
2000964d  _SlDrvWaitForPoolObj                  
2000f11a  _SlNetAppSendTokenValueCmdCtrl        
2000cbdd  _SlNonOsMainLoopTask                  
2000b831  _SlNonOsSemGet                        
2000e451  _SlNonOsSemSet                        
2000ce01  _SlNonOsSpawn                         
20030000  __STACK_END                           
00001000  __STACK_SIZE                          
00008000  __SYSMEM_SIZE                         
2000f1d0  __TI_CINIT_Base                       
2000f1e0  __TI_CINIT_Limit                      
2000f1b8  __TI_Handler_Table_Base               
2000f1c4  __TI_Handler_Table_Limit              
2000d821  __TI_auto_init_nobinit_nopinit        
2000cd99  __TI_decompress_lzss                  
2000e5af  __TI_decompress_none                  
ffffffff  __TI_pprof_out_hndl                   
200069f9  __TI_printfi                          
ffffffff  __TI_prof_data_size                   
ffffffff  __TI_prof_data_start                  
2000f158  __TI_static_base__                    
2000e56d  __TI_zero_init_nomemset               
2000c665  __aeabi_cdcmpeq                       
2000c665  __aeabi_cdcmple                       
2000c6eb  __aeabi_cdrcmple                      
2000d70d  __aeabi_d2iz                          
2000914f  __aeabi_dadd                          
2000a2ad  __aeabi_ddiv                          
2000a981  __aeabi_dmul                          
20009145  __aeabi_dsub                          
2000e5f9  __aeabi_errno_addr                    
2000dda9  __aeabi_i2d                           
200092fb  __aeabi_idiv0                         
200092fb  __aeabi_ldiv0                         
2000c9f9  __aeabi_memclr                        
2000c9f9  __aeabi_memclr4                       
2000c9f9  __aeabi_memclr8                       
2000bc15  __aeabi_memcpy                        
2000bc15  __aeabi_memcpy4                       
2000bc15  __aeabi_memcpy8                       
2000c9fb  __aeabi_memset                        
2000c9fb  __aeabi_memset4                       
2000c9fb  __aeabi_memset8                       
2000c045  __aeabi_uldivmod                      
ffffffff  __binit__                             
ffffffff  __c_args__                            
UNDEFED   __mpu_init                            
2002f000  __stack                               
2000df7d  _c_int00_noargs                       
2000eb13  _ctypes_                              
2001f48c  _lock                                 
20007e7b  _nop                                  
2000ce65  _sl_HandleAsync_Accept                
2000c879  _sl_HandleAsync_Connect               
2000c171  _sl_HandleAsync_DnsGetHostByName      
2000b461  _sl_HandleAsync_DnsGetHostByService   
2000c4c5  _sl_HandleAsync_InitComplete          
2000c201  _sl_HandleAsync_PingResponse          
2000d321  _sl_HandleAsync_Select                
2000d41d  _sl_HandleAsync_Stop                  
2000cd2d  _sl_NetAppSendTokenValue              
20017000  _sys_memory                           
UNDEFED   _system_post_cinit                    
2000e60f  _system_pre_init                      
2001f490  _unlock                               
2000e613  abort                                 
2000d59d  atoi                                  
ffffffff  binit                                 
2001f268  buffer                                
2001f3d4  bufferCount                           
2001f3e0  charCounter                           
2000e601  copysign                              
2000e601  copysignl                             
2001f3dc  currentChar                           
2001f3d0  currentState                          
2001f42c  cursor_x                              
2001f3b0  cursor_x2                             
2001f430  cursor_y                              
2001f3b4  cursor_y2                             
20004453  decode                                
2001f394  decodedNum                            
20004401  determineState                        
2000679b  drawChar                              
20005f3d  drawCircle                            
20006071  drawCircleHelper                      
20007d85  drawFastHLine                         
20007ce9  drawFastVLine                         
200062b7  drawLine                              
20007e21  drawPixel                             
200063a3  drawRect                              
200063f1  drawRoundRect                         
20006559  drawTriangle                          
2001f494  errno                                 
2000618f  fillCircle                            
200061c9  fillCircleHelper                      
20007c2b  fillRect                              
200064df  fillRoundRect                         
20007c15  fillScreen                            
2000659b  fillTriangle                          
2000b2b9  free                                  
2000d115  frexp                                 
2000d115  frexpl                                
2001f3c8  g_Host                                
2001f458  g_SlDeviceStatus                      
2001f480  g_SpiFd                               
2001f3f0  g__SlNonOsCB                          
2001f3a9  g_bDeviceRestartIsRequired            
2001f3aa  g_cDummy                              
2001f3cc  g_iCounter                            
2001f45c  g_pCB                                 
2001f484  g_pHostIntHdl                         
20004000  g_pfnVectors                          
2001f338  g_time                                
2001f388  g_ucConnectionBSSID                   
2001f364  g_ucConnectionSSID                    
2001f488  g_ucDMAEnabled                        
2001f2e8  g_ucDinDout                           
2001f3ab  g_ucLED1Pin                           
2001f3ac  g_ucLED2Pin                           
2001f3ad  g_ucLED3Pin                           
2001f474  g_uiLED1Port                          
2001f478  g_uiLED2Port                          
2001f47c  g_uiLED3Port                          
2001f3c4  g_ulGatewayIP                         
2001f3c0  g_ulPingPacketsRecv                   
2001f3bc  g_ulStatus                            
2001f398  glRetVal                              
20007b8f  goTo                                  
200069d7  height                                
2001f39c  intFlag                               
20007e5f  invert                                
2000b391  ldexp                                 
2000b391  ldexpl                                
2000d375  ltoa                                  
200055d5  main                                  
2000ca75  malloc                                
2000e2b7  memccpy                               
2000bc15  memcpy                                
2000e061  memmove                               
2000ca01  memset                                
2001f168  message                               
2001f3ec  messageIndex                          
2001f3e8  messageLength                         
2000dc09  minit                                 
2001f3a0  oldCharTime                           
2001f3a4  oldTime                               
2001f3b8  p                                     
2001f460  pPingCallBackFunc                     
2001f3d8  previousButton                        
20005171  printErrConvenience                   
2000a769  realloc                               
2001f3e4  rmessageIndex                         
2000b391  scalbn                                
2000b391  scalbnl                               
20004505  sendMessage                           
2000696f  setCursor                             
200069a7  setTextColor                          
20006987  setTextSize                           
200069bf  setTextWrap                           
2000db1d  simplelink_timerA2_start              
2000cff5  sl_Close                              
200097dd  sl_Connect                            
2000b52d  sl_DevGet                             
2000bd4d  sl_DevSet                             
2000d8a9  sl_Htonl                              
2000db59  sl_Htons                              
2000a02d  sl_NetAppDnsGetHostByName             
2000b0f9  sl_NetAppMDNSRegisterUnregisterService
2000cec9  sl_NetAppMDNSUnRegisterService        
2000bde5  sl_NetCfgSet                          
2000bb75  sl_Recv                               
2000a3e5  sl_Send                               
2000be7d  sl_SetSockOpt                         
2000c551  sl_Socket                             
2000ae3d  sl_Start                              
2000ab6d  sl_Stop                               
20008495  sl_WlanConnect                        
2000dc41  sl_WlanDisconnect                     
2000c291  sl_WlanPolicySet                      
2000d055  sl_WlanProfileDel                     
2000c771  sl_WlanRxFilterSet                    
2000bf15  sl_WlanSet                            
2000d0b5  sl_WlanSetMode                        
2000caed  spi_Close                             
20009da1  spi_Open                              
2000ac5d  spi_Read                              
2000bfad  spi_Write                             
2000d96d  sprintf                               
2000e4f3  strchr                                
2000e545  strcpy                                
2000e559  strlen                                
2001f43c  textbgcolor                           
2001f438  textcolor                             
2001f434  textsize                              
2000d5e9  uDMAChannelAssign                     
2000cf2d  uDMAChannelAttributeDisable           
2000cf91  uDMAChannelAttributeEnable            
2000db95  uDMAChannelControlSet                 
2000e2d5  uDMAChannelEnable                     
2000ad4d  uDMAChannelTransferSet                
2000d9ad  vsnprintf                             
2000e57f  wcslen                                
200069d3  width                                 
2001f440  wrap                                  
200079d5  writeCommand                          
20007a19  writeData                             


GLOBAL SYMBOLS: SORTED BY Symbol Address 

address   name                                  
-------   ----                                  
00001000  __STACK_SIZE                          
00008000  __SYSMEM_SIZE                         
20004000  g_pfnVectors                          
20004401  determineState                        
20004453  decode                                
20004505  sendMessage                           
20004751  InterruptHandler                      
20004805  SimpleLinkWlanEventHandler            
20004949  SimpleLinkNetAppEventHandler          
200049ed  SimpleLinkHttpServerCallback          
200049fd  SimpleLinkGeneralEventHandler         
20004a17  SimpleLinkSockEventHandler            
20005171  printErrConvenience                   
200055d5  main                                  
20005f3d  drawCircle                            
20006071  drawCircleHelper                      
2000618f  fillCircle                            
200061c9  fillCircleHelper                      
200062b7  drawLine                              
200063a3  drawRect                              
200063f1  drawRoundRect                         
200064df  fillRoundRect                         
20006559  drawTriangle                          
2000659b  fillTriangle                          
2000679b  drawChar                              
200068e7  Outstr                                
2000696f  setCursor                             
20006987  setTextSize                           
200069a7  setTextColor                          
200069bf  setTextWrap                           
200069d3  width                                 
200069d7  height                                
200069f9  __TI_printfi                          
200079d5  writeCommand                          
20007a19  writeData                             
20007a5d  Adafruit_Init                         
20007b8f  goTo                                  
20007bd3  Color565                              
20007c15  fillScreen                            
20007c2b  fillRect                              
20007ce9  drawFastVLine                         
20007d85  drawFastHLine                         
20007e21  drawPixel                             
20007e5f  invert                                
20007e7b  _nop                                  
20007eb9  GPIO_IF_LedConfigure                  
20007ef7  GPIO_IF_LedOn                         
20007fab  GPIO_IF_LedOff                        
2000805f  GPIO_IF_LedStatus                     
200080c9  GPIO_IF_LedToggle                     
200080f7  GPIO_IF_GetPortNPin                   
2000813d  GPIO_IF_ConfigureNIntEnable           
20008185  GPIO_IF_Set                           
200081c9  GPIO_IF_Get                           
20008215  InitTerm                              
20008233  Message                               
20008255  ClearTerm                             
2000825f  Error                                 
20008297  GetCmd                                
2000833d  TrimSpace                             
200083d5  Report                                
20008495  sl_WlanConnect                        
20008bc5  _SlDrvDataReadOp                      
20008da9  _SlDrvReleasePoolObj                  
20009145  __aeabi_dsub                          
2000914f  __aeabi_dadd                          
200092fb  __aeabi_idiv0                         
200092fb  __aeabi_ldiv0                         
200092fd  _SlDrvDriverCBInit                    
2000964d  _SlDrvWaitForPoolObj                  
200097dd  sl_Connect                            
20009969  PRCMCC3200MCUInit                     
20009c51  _SlDrvDataWriteOp                     
20009da1  spi_Open                              
2000a02d  sl_NetAppDnsGetHostByName             
2000a2ad  __aeabi_ddiv                          
2000a3e5  sl_Send                               
2000a519  _SlDrvDriverCBDeinit                  
2000a769  realloc                               
2000a87d  _SlDrvNetAppEventHandler              
2000a981  __aeabi_dmul                          
2000aa7d  PinMuxConfig                          
2000ab6d  sl_Stop                               
2000ac5d  spi_Read                              
2000ad4d  uDMAChannelTransferSet                
2000ae3d  sl_Start                              
2000b011  _SlDrvMsgReadSpawnCtx                 
2000b0f9  sl_NetAppMDNSRegisterUnregisterService
2000b2b9  free                                  
2000b391  ldexp                                 
2000b391  ldexpl                                
2000b391  scalbn                                
2000b391  scalbnl                               
2000b461  _sl_HandleAsync_DnsGetHostByService   
2000b52d  sl_DevGet                             
2000b6bd  _SlDrvCmdOp                           
2000b831  _SlNonOsSemGet                        
2000b8e1  IntDisable                            
2000b989  IntEnable                             
2000ba31  _SlDriverHandleError                  
2000bad5  SPIConfigSetExpClk                    
2000bb75  sl_Recv                               
2000bc15  __aeabi_memcpy                        
2000bc15  __aeabi_memcpy4                       
2000bc15  __aeabi_memcpy8                       
2000bc15  memcpy                                
2000bcb1  _SlDrvDeviceEventHandler              
2000bd4d  sl_DevSet                             
2000bde5  sl_NetCfgSet                          
2000be7d  sl_SetSockOpt                         
2000bf15  sl_WlanSet                            
2000bfad  spi_Write                             
2000c045  __aeabi_uldivmod                      
2000c0dd  PRCMPeripheralClockGet                
2000c171  _sl_HandleAsync_DnsGetHostByName      
2000c201  _sl_HandleAsync_PingResponse          
2000c291  sl_WlanPolicySet                      
2000c439  _SlDrvIsTimeoutExpired                
2000c4c5  _sl_HandleAsync_InitComplete          
2000c551  sl_Socket                             
2000c5dd  PinConfigSet                          
2000c665  __aeabi_cdcmpeq                       
2000c665  __aeabi_cdcmple                       
2000c6eb  __aeabi_cdrcmple                      
2000c771  sl_WlanRxFilterSet                    
2000c7f5  GPIOIntTypeSet                        
2000c879  _sl_HandleAsync_Connect               
2000c9f9  __aeabi_memclr                        
2000c9f9  __aeabi_memclr4                       
2000c9f9  __aeabi_memclr8                       
2000c9fb  __aeabi_memset                        
2000c9fb  __aeabi_memset4                       
2000c9fb  __aeabi_memset8                       
2000ca01  memset                                
2000ca75  malloc                                
2000caed  spi_Close                             
2000cb65  UARTConfigSetExpClk                   
2000cbdd  _SlNonOsMainLoopTask                  
2000ccc1  _SlDrvCmdSend                         
2000cd2d  _sl_NetAppSendTokenValue              
2000cd99  __TI_decompress_lzss                  
2000ce01  _SlNonOsSpawn                         
2000ce65  _sl_HandleAsync_Accept                
2000cec9  sl_NetAppMDNSUnRegisterService        
2000cf2d  uDMAChannelAttributeDisable           
2000cf91  uDMAChannelAttributeEnable            
2000cff5  sl_Close                              
2000d055  sl_WlanProfileDel                     
2000d0b5  sl_WlanSetMode                        
2000d115  frexp                                 
2000d115  frexpl                                
2000d171  IntPendClear                          
2000d1c9  PRCMPeripheralReset                   
2000d279  IntPrioritySet                        
2000d2cd  _SlDrvRxIrqHandler                    
2000d321  _sl_HandleAsync_Select                
2000d375  ltoa                                  
2000d41d  _sl_HandleAsync_Stop                  
2000d46d  SPIIntEnable                          
2000d505  _SlDrvProtectAsyncRespSetting         
2000d59d  atoi                                  
2000d5e9  uDMAChannelAssign                     
2000d67d  SPIIntClear                           
2000d6c5  _SlDrvBasicCmd                        
2000d70d  __aeabi_d2iz                          
2000d799  TimerConfigure                        
2000d7dd  _SlDrvSyncObjWaitTimeout              
2000d821  __TI_auto_init_nobinit_nopinit        
2000d8a9  sl_Htonl                              
2000d8ed  PinModeSet                            
2000d96d  sprintf                               
2000d9ad  vsnprintf                             
2000d9ed  NwpRegisterInterruptHandler           
2000daa5  PRCMPeripheralClkEnable               
2000db1d  simplelink_timerA2_start              
2000db59  sl_Htons                              
2000db95  uDMAChannelControlSet                 
2000dbd1  NwpPowerOff                           
2000dc09  minit                                 
2000dc41  sl_WlanDisconnect                     
2000dc79  GPIODirModeSet                        
2000dcb1  PRCMPeripheralStatusGet               
2000dce5  SPIFIFOLevelSet                       
2000dd19  PinTypeGPIO                           
2000dd49  UARTDisable                           
2000dda9  __aeabi_i2d                           
2000ddd9  NwpPowerOn                            
2000de05  PRCMSysResetCauseGet                  
2000de5d  _SlDrvProtectionObjLockWaitForever    
2000de89  TimerLoadSet                          
2000deb3  TimerPrescaleSet                      
2000dedd  PRCMPeripheralClkDisable              
2000df05  _SlDrvGlobalObjUnLock                 
2000df2d  _SlDrvProtectionObjUnLock             
2000df55  _SlDrvSyncObjWaitForever              
2000df7d  _c_int00_noargs                       
2000dfcd  _SlDrvObjLockWaitForever              
2000dff5  DmaSpiSwIntHandler                    
2000e019  IntUnregister                         
2000e03d  UARTEnable                            
2000e061  memmove                               
2000e085  GPIOIntStatus                         
2000e0a7  SPIReset                              
2000e0c9  SPIWordCountSet                       
2000e0eb  GPIOPinWrite                          
2000e10d  IntRegister                           
2000e12d  NwpPrePowerOffTimout0                 
2000e14d  SPIDataGet                            
2000e16d  TimerGetCurrentTimestamp              
2000e18d  _SlDrvObjUnLock                       
2000e1ad  _SlDrvSyncObjSignal                   
2000e1cd  GPIOIntRegister                       
2000e1eb  SPIDataPut                            
2000e209  TimerEnable                           
2000e227  UARTCharPut                           
2000e263  TimerValueGet                         
2000e27f  UARTCharGetNonBlocking                
2000e29b  _SlDrvStartMeasureTimeout             
2000e2b7  memccpy                               
2000e2d5  uDMAChannelEnable                     
2000e2f1  GPIOIntEnable                         
2000e30b  PinTypeSPI                            
2000e325  PinTypeUART                           
2000e33f  SPIDmaDisable                         
2000e359  SPIDmaEnable                          
2000e373  SPIFIFODisable                        
2000e38d  SPIFIFOEnable                         
2000e3a7  SPIIntUnregister                      
2000e3c1  GPIOPinRead                           
2000e3d9  SPICSDisable                          
2000e3f1  SPICSEnable                           
2000e409  SPIDisable                            
2000e421  SPIEnable                             
2000e439  UARTCharsAvail                        
2000e451  _SlNonOsSemSet                        
2000e4b1  PRCMHIBRegRead                        
2000e4c7  PRCMHIBRegWrite                       
2000e4dd  _SlDrvMemZero                         
2000e4f3  strchr                                
2000e509  CPUcpsie                              
2000e51d  GPIOIntClear                          
2000e531  IntVTableBaseSet                      
2000e545  strcpy                                
2000e559  strlen                                
2000e56d  __TI_zero_init_nomemset               
2000e57f  wcslen                                
2000e591  _SlDrvDispatchHttpServerEvents        
2000e5a1  _SlDrvResetCmdExt                     
2000e5af  __TI_decompress_none                  
2000e5bd  ResetISR                              
2000e5cd  NwpMaskInterrupt                      
2000e5d9  NwpUnMaskInterrupt                    
2000e5e5  IntMasterEnable                       
2000e5f9  __aeabi_errno_addr                    
2000e601  copysign                              
2000e601  copysignl                             
2000e609  UtilsDelay                            
2000e60f  _system_pre_init                      
2000e613  C$$EXIT                               
2000e613  abort                                 
2000eb13  _ctypes_                              
2000ef10  OpcodeTranslateTable                  
2000ef4c  _SlActionLookupTable                  
2000f11a  _SlNetAppSendTokenValueCmdCtrl        
2000f158  __TI_static_base__                    
2000f1b8  __TI_Handler_Table_Base               
2000f1c4  __TI_Handler_Table_Limit              
2000f1d0  __TI_CINIT_Base                       
2000f1e0  __TI_CINIT_Limit                      
20017000  _sys_memory                           
2001f168  message                               
2001f268  buffer                                
2001f2e8  g_ucDinDout                           
2001f338  g_time                                
2001f364  g_ucConnectionSSID                    
2001f388  g_ucConnectionBSSID                   
2001f394  decodedNum                            
2001f398  glRetVal                              
2001f39c  intFlag                               
2001f3a0  oldCharTime                           
2001f3a4  oldTime                               
2001f3a8  RxIrqCnt                              
2001f3a9  g_bDeviceRestartIsRequired            
2001f3aa  g_cDummy                              
2001f3ab  g_ucLED1Pin                           
2001f3ac  g_ucLED2Pin                           
2001f3ad  g_ucLED3Pin                           
2001f3b0  cursor_x2                             
2001f3b4  cursor_y2                             
2001f3b8  p                                     
2001f3bc  g_ulStatus                            
2001f3c0  g_ulPingPacketsRecv                   
2001f3c4  g_ulGatewayIP                         
2001f3c8  g_Host                                
2001f3cc  g_iCounter                            
2001f3d0  currentState                          
2001f3d4  bufferCount                           
2001f3d8  previousButton                        
2001f3dc  currentChar                           
2001f3e0  charCounter                           
2001f3e4  rmessageIndex                         
2001f3e8  messageLength                         
2001f3ec  messageIndex                          
2001f3f0  g__SlNonOsCB                          
2001f42c  cursor_x                              
2001f430  cursor_y                              
2001f434  textsize                              
2001f438  textcolor                             
2001f43c  textbgcolor                           
2001f440  wrap                                  
2001f458  g_SlDeviceStatus                      
2001f45c  g_pCB                                 
2001f460  pPingCallBackFunc                     
2001f474  g_uiLED1Port                          
2001f478  g_uiLED2Port                          
2001f47c  g_uiLED3Port                          
2001f480  g_SpiFd                               
2001f484  g_pHostIntHdl                         
2001f488  g_ucDMAEnabled                        
2001f48c  _lock                                 
2001f490  _unlock                               
2001f494  errno                                 
2002f000  __stack                               
20030000  __STACK_END                           
ffffffff  __TI_pprof_out_hndl                   
ffffffff  __TI_prof_data_size                   
ffffffff  __TI_prof_data_start                  
ffffffff  __binit__                             
ffffffff  __c_args__                            
ffffffff  binit                                 
UNDEFED   __mpu_init                            
UNDEFED   _system_post_cinit                    

[332 symbols]
