<?xml version="1.0" encoding="ISO-8859-1" ?>
<link_info>
   <banner>TI ARM Linker PC v18.1.4.LTS</banner>
   <copyright>Copyright (c) 1996-2018 Texas Instruments Incorporated</copyright>
   <link_time>0x5c6bb047</link_time>
   <link_errors>0x0</link_errors>
   <output_file>Lab3_p2.out</output_file>
   <entry_point>
      <name>_c_int00_noargs</name>
      <address>0x20008d6d</address>
   </entry_point>
   <input_file_list>
      <input_file id="fl-2">
         <path>.\</path>
         <kind>object</kind>
         <file>Adafruit_GFX.obj</file>
         <name>Adafruit_GFX.obj</name>
      </input_file>
      <input_file id="fl-3">
         <path>.\</path>
         <kind>object</kind>
         <file>Adafruit_OLED.obj</file>
         <name>Adafruit_OLED.obj</name>
      </input_file>
      <input_file id="fl-4">
         <path>.\</path>
         <kind>object</kind>
         <file>main.obj</file>
         <name>main.obj</name>
      </input_file>
      <input_file id="fl-5">
         <path>.\</path>
         <kind>object</kind>
         <file>pinmux.obj</file>
         <name>pinmux.obj</name>
      </input_file>
      <input_file id="fl-6">
         <path>.\</path>
         <kind>object</kind>
         <file>startup_ccs.obj</file>
         <name>startup_ccs.obj</name>
      </input_file>
      <input_file id="fl-7">
         <path>.\</path>
         <kind>object</kind>
         <file>uart_if.obj</file>
         <name>uart_if.obj</name>
      </input_file>
      <input_file id="fl-c">
         <kind>object</kind>
         <file>&lt;internal&gt;</file>
         <name>&lt;internal&gt;</name>
      </input_file>
      <input_file id="fl-c2">
         <path>C:\ti\ccsv8\tools\compiler\ti-cgt-arm_18.1.4.LTS\lib\</path>
         <kind>archive</kind>
         <file>rtsv7M4_T_le_v4SPD16_eabi.lib</file>
         <name>memcpy_t2.asm.obj</name>
      </input_file>
      <input_file id="fl-c3">
         <path>C:\ti\ccsv8\tools\compiler\ti-cgt-arm_18.1.4.LTS\lib\</path>
         <kind>archive</kind>
         <file>rtsv7M4_T_le_v4SPD16_eabi.lib</file>
         <name>copy_zero_init.c.obj</name>
      </input_file>
      <input_file id="fl-c4">
         <path>C:\ti\ccsv8\tools\compiler\ti-cgt-arm_18.1.4.LTS\lib\</path>
         <kind>archive</kind>
         <file>rtsv7M4_T_le_v4SPD16_eabi.lib</file>
         <name>copy_decompress_none.c.obj</name>
      </input_file>
      <input_file id="fl-c5">
         <path>C:\ti\ccsv8\tools\compiler\ti-cgt-arm_18.1.4.LTS\lib\</path>
         <kind>archive</kind>
         <file>rtsv7M4_T_le_v4SPD16_eabi.lib</file>
         <name>copy_decompress_lzss.c.obj</name>
      </input_file>
      <input_file id="fl-c6">
         <path>C:\ti\ccsv8\tools\compiler\ti-cgt-arm_18.1.4.LTS\lib\</path>
         <kind>archive</kind>
         <file>rtsv7M4_T_le_v4SPD16_eabi.lib</file>
         <name>boot_cortex_m.c.obj</name>
      </input_file>
      <input_file id="fl-c7">
         <path>C:\ti\ccsv8\tools\compiler\ti-cgt-arm_18.1.4.LTS\lib\</path>
         <kind>archive</kind>
         <file>rtsv7M4_T_le_v4SPD16_eabi.lib</file>
         <name>exit.c.obj</name>
      </input_file>
      <input_file id="fl-c8">
         <path>C:\ti\ccsv8\tools\compiler\ti-cgt-arm_18.1.4.LTS\lib\</path>
         <kind>archive</kind>
         <file>rtsv7M4_T_le_v4SPD16_eabi.lib</file>
         <name>memory.c.obj</name>
      </input_file>
      <input_file id="fl-c9">
         <path>C:\ti\ccsv8\tools\compiler\ti-cgt-arm_18.1.4.LTS\lib\</path>
         <kind>archive</kind>
         <file>rtsv7M4_T_le_v4SPD16_eabi.lib</file>
         <name>_lock.c.obj</name>
      </input_file>
      <input_file id="fl-ca">
         <path>C:\ti\ccsv8\tools\compiler\ti-cgt-arm_18.1.4.LTS\lib\</path>
         <kind>archive</kind>
         <file>rtsv7M4_T_le_v4SPD16_eabi.lib</file>
         <name>args_main.c.obj</name>
      </input_file>
      <input_file id="fl-cb">
         <path>C:\ti\ccsv8\tools\compiler\ti-cgt-arm_18.1.4.LTS\lib\</path>
         <kind>archive</kind>
         <file>rtsv7M4_T_le_v4SPD16_eabi.lib</file>
         <name>memmov.c.obj</name>
      </input_file>
      <input_file id="fl-cc">
         <path>C:\ti\ccsv8\tools\compiler\ti-cgt-arm_18.1.4.LTS\lib\</path>
         <kind>archive</kind>
         <file>rtsv7M4_T_le_v4SPD16_eabi.lib</file>
         <name>printf.c.obj</name>
      </input_file>
      <input_file id="fl-cd">
         <path>C:\ti\ccsv8\tools\compiler\ti-cgt-arm_18.1.4.LTS\lib\</path>
         <kind>archive</kind>
         <file>rtsv7M4_T_le_v4SPD16_eabi.lib</file>
         <name>strlen.c.obj</name>
      </input_file>
      <input_file id="fl-ce">
         <path>C:\ti\ccsv8\tools\compiler\ti-cgt-arm_18.1.4.LTS\lib\</path>
         <kind>archive</kind>
         <file>rtsv7M4_T_le_v4SPD16_eabi.lib</file>
         <name>vsnprintf.c.obj</name>
      </input_file>
      <input_file id="fl-cf">
         <path>C:\ti\ccsv8\tools\compiler\ti-cgt-arm_18.1.4.LTS\lib\</path>
         <kind>archive</kind>
         <file>rtsv7M4_T_le_v4SPD16_eabi.lib</file>
         <name>memset_t2.asm.obj</name>
      </input_file>
      <input_file id="fl-d0">
         <path>C:\ti\ccsv8\tools\compiler\ti-cgt-arm_18.1.4.LTS\lib\</path>
         <kind>archive</kind>
         <file>rtsv7M4_T_le_v4SPD16_eabi.lib</file>
         <name>autoinit.c.obj</name>
      </input_file>
      <input_file id="fl-d1">
         <path>C:\ti\ccsv8\tools\compiler\ti-cgt-arm_18.1.4.LTS\lib\</path>
         <kind>archive</kind>
         <file>rtsv7M4_T_le_v4SPD16_eabi.lib</file>
         <name>pre_init.c.obj</name>
      </input_file>
      <input_file id="fl-d2">
         <path>C:\ti\ccsv8\tools\compiler\ti-cgt-arm_18.1.4.LTS\lib\</path>
         <kind>archive</kind>
         <file>rtsv7M4_T_le_v4SPD16_eabi.lib</file>
         <name>cpy_tbl.c.obj</name>
      </input_file>
      <input_file id="fl-d3">
         <path>C:\ti\ccsv8\tools\compiler\ti-cgt-arm_18.1.4.LTS\lib\</path>
         <kind>archive</kind>
         <file>rtsv7M4_T_le_v4SPD16_eabi.lib</file>
         <name>_printfi.c.obj</name>
      </input_file>
      <input_file id="fl-d4">
         <path>C:\ti\ccsv8\tools\compiler\ti-cgt-arm_18.1.4.LTS\lib\</path>
         <kind>archive</kind>
         <file>rtsv7M4_T_le_v4SPD16_eabi.lib</file>
         <name>atoi.c.obj</name>
      </input_file>
      <input_file id="fl-d5">
         <path>C:\ti\ccsv8\tools\compiler\ti-cgt-arm_18.1.4.LTS\lib\</path>
         <kind>archive</kind>
         <file>rtsv7M4_T_le_v4SPD16_eabi.lib</file>
         <name>ctype.c.obj</name>
      </input_file>
      <input_file id="fl-d6">
         <path>C:\ti\ccsv8\tools\compiler\ti-cgt-arm_18.1.4.LTS\lib\</path>
         <kind>archive</kind>
         <file>rtsv7M4_T_le_v4SPD16_eabi.lib</file>
         <name>defs.c.obj</name>
      </input_file>
      <input_file id="fl-d7">
         <path>C:\ti\ccsv8\tools\compiler\ti-cgt-arm_18.1.4.LTS\lib\</path>
         <kind>archive</kind>
         <file>rtsv7M4_T_le_v4SPD16_eabi.lib</file>
         <name>fputc.c.obj</name>
      </input_file>
      <input_file id="fl-d8">
         <path>C:\ti\ccsv8\tools\compiler\ti-cgt-arm_18.1.4.LTS\lib\</path>
         <kind>archive</kind>
         <file>rtsv7M4_T_le_v4SPD16_eabi.lib</file>
         <name>fputs.c.obj</name>
      </input_file>
      <input_file id="fl-d9">
         <path>C:\ti\ccsv8\tools\compiler\ti-cgt-arm_18.1.4.LTS\lib\</path>
         <kind>archive</kind>
         <file>rtsv7M4_T_le_v4SPD16_eabi.lib</file>
         <name>ltoa.c.obj</name>
      </input_file>
      <input_file id="fl-da">
         <path>C:\ti\ccsv8\tools\compiler\ti-cgt-arm_18.1.4.LTS\lib\</path>
         <kind>archive</kind>
         <file>rtsv7M4_T_le_v4SPD16_eabi.lib</file>
         <name>memccpy.c.obj</name>
      </input_file>
      <input_file id="fl-db">
         <path>C:\ti\ccsv8\tools\compiler\ti-cgt-arm_18.1.4.LTS\lib\</path>
         <kind>archive</kind>
         <file>rtsv7M4_T_le_v4SPD16_eabi.lib</file>
         <name>memchr.c.obj</name>
      </input_file>
      <input_file id="fl-dc">
         <path>C:\ti\ccsv8\tools\compiler\ti-cgt-arm_18.1.4.LTS\lib\</path>
         <kind>archive</kind>
         <file>rtsv7M4_T_le_v4SPD16_eabi.lib</file>
         <name>strchr.c.obj</name>
      </input_file>
      <input_file id="fl-dd">
         <path>C:\ti\ccsv8\tools\compiler\ti-cgt-arm_18.1.4.LTS\lib\</path>
         <kind>archive</kind>
         <file>rtsv7M4_T_le_v4SPD16_eabi.lib</file>
         <name>write.c.obj</name>
      </input_file>
      <input_file id="fl-de">
         <path>C:\ti\ccsv8\tools\compiler\ti-cgt-arm_18.1.4.LTS\lib\</path>
         <kind>archive</kind>
         <file>rtsv7M4_T_le_v4SPD16_eabi.lib</file>
         <name>wcslen.c.obj</name>
      </input_file>
      <input_file id="fl-df">
         <path>C:\ti\ccsv8\tools\compiler\ti-cgt-arm_18.1.4.LTS\lib\</path>
         <kind>archive</kind>
         <file>rtsv7M4_T_le_v4SPD16_eabi.lib</file>
         <name>s_frexp.c.obj</name>
      </input_file>
      <input_file id="fl-e0">
         <path>C:\ti\ccsv8\tools\compiler\ti-cgt-arm_18.1.4.LTS\lib\</path>
         <kind>archive</kind>
         <file>rtsv7M4_T_le_v4SPD16_eabi.lib</file>
         <name>s_scalbn.c.obj</name>
      </input_file>
      <input_file id="fl-e1">
         <path>C:\ti\ccsv8\tools\compiler\ti-cgt-arm_18.1.4.LTS\lib\</path>
         <kind>archive</kind>
         <file>rtsv7M4_T_le_v4SPD16_eabi.lib</file>
         <name>fd_add_t2.asm.obj</name>
      </input_file>
      <input_file id="fl-e2">
         <path>C:\ti\ccsv8\tools\compiler\ti-cgt-arm_18.1.4.LTS\lib\</path>
         <kind>archive</kind>
         <file>rtsv7M4_T_le_v4SPD16_eabi.lib</file>
         <name>fd_cmp_t2.asm.obj</name>
      </input_file>
      <input_file id="fl-e3">
         <path>C:\ti\ccsv8\tools\compiler\ti-cgt-arm_18.1.4.LTS\lib\</path>
         <kind>archive</kind>
         <file>rtsv7M4_T_le_v4SPD16_eabi.lib</file>
         <name>fd_div_t2.asm.obj</name>
      </input_file>
      <input_file id="fl-e4">
         <path>C:\ti\ccsv8\tools\compiler\ti-cgt-arm_18.1.4.LTS\lib\</path>
         <kind>archive</kind>
         <file>rtsv7M4_T_le_v4SPD16_eabi.lib</file>
         <name>fd_mul_t2.asm.obj</name>
      </input_file>
      <input_file id="fl-e5">
         <path>C:\ti\ccsv8\tools\compiler\ti-cgt-arm_18.1.4.LTS\lib\</path>
         <kind>archive</kind>
         <file>rtsv7M4_T_le_v4SPD16_eabi.lib</file>
         <name>fd_toi_t2.asm.obj</name>
      </input_file>
      <input_file id="fl-e6">
         <path>C:\ti\ccsv8\tools\compiler\ti-cgt-arm_18.1.4.LTS\lib\</path>
         <kind>archive</kind>
         <file>rtsv7M4_T_le_v4SPD16_eabi.lib</file>
         <name>i_tofd_t2.asm.obj</name>
      </input_file>
      <input_file id="fl-e7">
         <path>C:\ti\ccsv8\tools\compiler\ti-cgt-arm_18.1.4.LTS\lib\</path>
         <kind>archive</kind>
         <file>rtsv7M4_T_le_v4SPD16_eabi.lib</file>
         <name>ull_div_t2.asm.obj</name>
      </input_file>
      <input_file id="fl-e8">
         <path>C:\ti\ccsv8\tools\compiler\ti-cgt-arm_18.1.4.LTS\lib\</path>
         <kind>archive</kind>
         <file>rtsv7M4_T_le_v4SPD16_eabi.lib</file>
         <name>errno.c.obj</name>
      </input_file>
      <input_file id="fl-e9">
         <path>C:\ti\ccsv8\tools\compiler\ti-cgt-arm_18.1.4.LTS\lib\</path>
         <kind>archive</kind>
         <file>rtsv7M4_T_le_v4SPD16_eabi.lib</file>
         <name>_io_perm.c.obj</name>
      </input_file>
      <input_file id="fl-ea">
         <path>C:\ti\ccsv8\tools\compiler\ti-cgt-arm_18.1.4.LTS\lib\</path>
         <kind>archive</kind>
         <file>rtsv7M4_T_le_v4SPD16_eabi.lib</file>
         <name>fflush.c.obj</name>
      </input_file>
      <input_file id="fl-eb">
         <path>C:\ti\ccsv8\tools\compiler\ti-cgt-arm_18.1.4.LTS\lib\</path>
         <kind>archive</kind>
         <file>rtsv7M4_T_le_v4SPD16_eabi.lib</file>
         <name>fseek.c.obj</name>
      </input_file>
      <input_file id="fl-ec">
         <path>C:\ti\ccsv8\tools\compiler\ti-cgt-arm_18.1.4.LTS\lib\</path>
         <kind>archive</kind>
         <file>rtsv7M4_T_le_v4SPD16_eabi.lib</file>
         <name>lseek.c.obj</name>
      </input_file>
      <input_file id="fl-ed">
         <path>C:\ti\ccsv8\tools\compiler\ti-cgt-arm_18.1.4.LTS\lib\</path>
         <kind>archive</kind>
         <file>rtsv7M4_T_le_v4SPD16_eabi.lib</file>
         <name>setvbuf.c.obj</name>
      </input_file>
      <input_file id="fl-ee">
         <path>C:\ti\ccsv8\tools\compiler\ti-cgt-arm_18.1.4.LTS\lib\</path>
         <kind>archive</kind>
         <file>rtsv7M4_T_le_v4SPD16_eabi.lib</file>
         <name>hostclose.c.obj</name>
      </input_file>
      <input_file id="fl-ef">
         <path>C:\ti\ccsv8\tools\compiler\ti-cgt-arm_18.1.4.LTS\lib\</path>
         <kind>archive</kind>
         <file>rtsv7M4_T_le_v4SPD16_eabi.lib</file>
         <name>hostlseek.c.obj</name>
      </input_file>
      <input_file id="fl-f0">
         <path>C:\ti\ccsv8\tools\compiler\ti-cgt-arm_18.1.4.LTS\lib\</path>
         <kind>archive</kind>
         <file>rtsv7M4_T_le_v4SPD16_eabi.lib</file>
         <name>hostopen.c.obj</name>
      </input_file>
      <input_file id="fl-f1">
         <path>C:\ti\ccsv8\tools\compiler\ti-cgt-arm_18.1.4.LTS\lib\</path>
         <kind>archive</kind>
         <file>rtsv7M4_T_le_v4SPD16_eabi.lib</file>
         <name>hostread.c.obj</name>
      </input_file>
      <input_file id="fl-f2">
         <path>C:\ti\ccsv8\tools\compiler\ti-cgt-arm_18.1.4.LTS\lib\</path>
         <kind>archive</kind>
         <file>rtsv7M4_T_le_v4SPD16_eabi.lib</file>
         <name>hostrename.c.obj</name>
      </input_file>
      <input_file id="fl-f3">
         <path>C:\ti\ccsv8\tools\compiler\ti-cgt-arm_18.1.4.LTS\lib\</path>
         <kind>archive</kind>
         <file>rtsv7M4_T_le_v4SPD16_eabi.lib</file>
         <name>hostunlink.c.obj</name>
      </input_file>
      <input_file id="fl-f4">
         <path>C:\ti\ccsv8\tools\compiler\ti-cgt-arm_18.1.4.LTS\lib\</path>
         <kind>archive</kind>
         <file>rtsv7M4_T_le_v4SPD16_eabi.lib</file>
         <name>hostwrite.c.obj</name>
      </input_file>
      <input_file id="fl-f5">
         <path>C:\ti\ccsv8\tools\compiler\ti-cgt-arm_18.1.4.LTS\lib\</path>
         <kind>archive</kind>
         <file>rtsv7M4_T_le_v4SPD16_eabi.lib</file>
         <name>trgmsg.c.obj</name>
      </input_file>
      <input_file id="fl-f6">
         <path>C:\ti\ccsv8\tools\compiler\ti-cgt-arm_18.1.4.LTS\lib\</path>
         <kind>archive</kind>
         <file>rtsv7M4_T_le_v4SPD16_eabi.lib</file>
         <name>s_copysign.c.obj</name>
      </input_file>
      <input_file id="fl-f7">
         <path>C:\ti\ccsv8\tools\compiler\ti-cgt-arm_18.1.4.LTS\lib\</path>
         <kind>archive</kind>
         <file>rtsv7M4_T_le_v4SPD16_eabi.lib</file>
         <name>div0.asm.obj</name>
      </input_file>
      <input_file id="fl-f8">
         <path>C:\ti\ccsv8\tools\compiler\ti-cgt-arm_18.1.4.LTS\lib\</path>
         <kind>archive</kind>
         <file>rtsv7M4_T_le_v4SPD16_eabi.lib</file>
         <name>fopen.c.obj</name>
      </input_file>
      <input_file id="fl-f9">
         <path>C:\ti\ccsv8\tools\compiler\ti-cgt-arm_18.1.4.LTS\lib\</path>
         <kind>archive</kind>
         <file>rtsv7M4_T_le_v4SPD16_eabi.lib</file>
         <name>open.c.obj</name>
      </input_file>
      <input_file id="fl-fa">
         <path>C:\ti\ccsv8\tools\compiler\ti-cgt-arm_18.1.4.LTS\lib\</path>
         <kind>archive</kind>
         <file>rtsv7M4_T_le_v4SPD16_eabi.lib</file>
         <name>strcpy.c.obj</name>
      </input_file>
      <input_file id="fl-fb">
         <path>C:\ti\ccsv8\tools\compiler\ti-cgt-arm_18.1.4.LTS\lib\</path>
         <kind>archive</kind>
         <file>rtsv7M4_T_le_v4SPD16_eabi.lib</file>
         <name>fclose.c.obj</name>
      </input_file>
      <input_file id="fl-fc">
         <path>C:\ti\ccsv8\tools\compiler\ti-cgt-arm_18.1.4.LTS\lib\</path>
         <kind>archive</kind>
         <file>rtsv7M4_T_le_v4SPD16_eabi.lib</file>
         <name>getdevice.c.obj</name>
      </input_file>
      <input_file id="fl-fd">
         <path>C:\ti\ccsv8\tools\compiler\ti-cgt-arm_18.1.4.LTS\lib\</path>
         <kind>archive</kind>
         <file>rtsv7M4_T_le_v4SPD16_eabi.lib</file>
         <name>remove.c.obj</name>
      </input_file>
      <input_file id="fl-fe">
         <path>C:\ti\ccsv8\tools\compiler\ti-cgt-arm_18.1.4.LTS\lib\</path>
         <kind>archive</kind>
         <file>rtsv7M4_T_le_v4SPD16_eabi.lib</file>
         <name>strcmp.c.obj</name>
      </input_file>
      <input_file id="fl-ff">
         <path>C:\ti\ccsv8\tools\compiler\ti-cgt-arm_18.1.4.LTS\lib\</path>
         <kind>archive</kind>
         <file>rtsv7M4_T_le_v4SPD16_eabi.lib</file>
         <name>strncpy.c.obj</name>
      </input_file>
      <input_file id="fl-100">
         <path>C:\ti\ccsv8\tools\compiler\ti-cgt-arm_18.1.4.LTS\lib\</path>
         <kind>archive</kind>
         <file>rtsv7M4_T_le_v4SPD16_eabi.lib</file>
         <name>unlink.c.obj</name>
      </input_file>
      <input_file id="fl-101">
         <path>C:\ti\ccsv8\tools\compiler\ti-cgt-arm_18.1.4.LTS\lib\</path>
         <kind>archive</kind>
         <file>rtsv7M4_T_le_v4SPD16_eabi.lib</file>
         <name>close.c.obj</name>
      </input_file>
      <input_file id="fl-102">
         <path>C:\ti\CC3200SDK_1.3.0\cc3200-sdk\driverlib\ccs\Release\</path>
         <kind>archive</kind>
         <file>driverlib.a</file>
         <name>gpio.obj</name>
      </input_file>
      <input_file id="fl-103">
         <path>C:\ti\CC3200SDK_1.3.0\cc3200-sdk\driverlib\ccs\Release\</path>
         <kind>archive</kind>
         <file>driverlib.a</file>
         <name>interrupt.obj</name>
      </input_file>
      <input_file id="fl-104">
         <path>C:\ti\CC3200SDK_1.3.0\cc3200-sdk\driverlib\ccs\Release\</path>
         <kind>archive</kind>
         <file>driverlib.a</file>
         <name>pin.obj</name>
      </input_file>
      <input_file id="fl-105">
         <path>C:\ti\CC3200SDK_1.3.0\cc3200-sdk\driverlib\ccs\Release\</path>
         <kind>archive</kind>
         <file>driverlib.a</file>
         <name>prcm.obj</name>
      </input_file>
      <input_file id="fl-106">
         <path>C:\ti\CC3200SDK_1.3.0\cc3200-sdk\driverlib\ccs\Release\</path>
         <kind>archive</kind>
         <file>driverlib.a</file>
         <name>spi.obj</name>
      </input_file>
      <input_file id="fl-107">
         <path>C:\ti\CC3200SDK_1.3.0\cc3200-sdk\driverlib\ccs\Release\</path>
         <kind>archive</kind>
         <file>driverlib.a</file>
         <name>timer.obj</name>
      </input_file>
      <input_file id="fl-108">
         <path>C:\ti\CC3200SDK_1.3.0\cc3200-sdk\driverlib\ccs\Release\</path>
         <kind>archive</kind>
         <file>driverlib.a</file>
         <name>uart.obj</name>
      </input_file>
      <input_file id="fl-109">
         <path>C:\ti\CC3200SDK_1.3.0\cc3200-sdk\driverlib\ccs\Release\</path>
         <kind>archive</kind>
         <file>driverlib.a</file>
         <name>utils.obj</name>
      </input_file>
      <input_file id="fl-10a">
         <path>C:\ti\CC3200SDK_1.3.0\cc3200-sdk\driverlib\ccs\Release\</path>
         <kind>archive</kind>
         <file>driverlib.a</file>
         <name>cpu.obj</name>
      </input_file>
      <input_file id="fl-10b">
         <path>C:\ti\CC3200SDK_1.3.0\cc3200-sdk\driverlib\ccs\Release\</path>
         <kind>archive</kind>
         <file>driverlib.a</file>
         <name>flash.obj</name>
      </input_file>
   </input_file_list>
   <object_component_list>
      <object_component id="oc-f">
         <name>.intvecs</name>
         <load_address>0x20004000</load_address>
         <run_address>0x20004000</run_address>
         <size>0x400</size>
         <input_file_ref idref="fl-6"/>
      </object_component>
      <object_component id="oc-ce">
         <name>.text</name>
         <load_address>0x20004400</load_address>
         <run_address>0x20004400</run_address>
         <size>0xabc</size>
         <input_file_ref idref="fl-2"/>
      </object_component>
      <object_component id="oc-22a">
         <name>.text:__TI_printfi</name>
         <load_address>0x20004ebc</load_address>
         <run_address>0x20004ebc</run_address>
         <size>0xa5e</size>
         <input_file_ref idref="fl-d3"/>
      </object_component>
      <object_component id="oc-35f">
         <name>.text:_nop</name>
         <load_address>0x2000591a</load_address>
         <run_address>0x2000591a</run_address>
         <size>0x2</size>
         <input_file_ref idref="fl-c9"/>
      </object_component>
      <object_component id="oc-94">
         <name>.text</name>
         <load_address>0x2000591c</load_address>
         <run_address>0x2000591c</run_address>
         <size>0x8f0</size>
         <input_file_ref idref="fl-4"/>
      </object_component>
      <object_component id="oc-e6">
         <name>.text</name>
         <load_address>0x2000620c</load_address>
         <run_address>0x2000620c</run_address>
         <size>0x4a6</size>
         <input_file_ref idref="fl-3"/>
      </object_component>
      <object_component id="oc-4c9">
         <name>.text</name>
         <load_address>0x200066b2</load_address>
         <run_address>0x200066b2</run_address>
         <size>0x2</size>
         <input_file_ref idref="fl-f7"/>
      </object_component>
      <object_component id="oc-178">
         <name>.text</name>
         <load_address>0x200066b4</load_address>
         <run_address>0x200066b4</run_address>
         <size>0x280</size>
         <input_file_ref idref="fl-7"/>
      </object_component>
      <object_component id="oc-33b">
         <name>.text:_pconv_a</name>
         <load_address>0x20006934</load_address>
         <run_address>0x20006934</run_address>
         <size>0x270</size>
         <input_file_ref idref="fl-d3"/>
      </object_component>
      <object_component id="oc-329">
         <name>.text:_pconv_g</name>
         <load_address>0x20006ba4</load_address>
         <run_address>0x20006ba4</run_address>
         <size>0x1d0</size>
         <input_file_ref idref="fl-d3"/>
      </object_component>
      <object_component id="oc-434">
         <name>.text</name>
         <load_address>0x20006d74</load_address>
         <run_address>0x20006d74</run_address>
         <size>0x1b6</size>
         <input_file_ref idref="fl-e1"/>
      </object_component>
      <object_component id="oc-147">
         <name>.text:PRCMCC3200MCUInit</name>
         <load_address>0x20006f2c</load_address>
         <run_address>0x20006f2c</run_address>
         <size>0x178</size>
         <input_file_ref idref="fl-105"/>
      </object_component>
      <object_component id="oc-335">
         <name>.text:_pconv_e</name>
         <load_address>0x200070a4</load_address>
         <run_address>0x200070a4</run_address>
         <size>0x13c</size>
         <input_file_ref idref="fl-d3"/>
      </object_component>
      <object_component id="oc-41a">
         <name>.text</name>
         <load_address>0x200071e0</load_address>
         <run_address>0x200071e0</run_address>
         <size>0x136</size>
         <input_file_ref idref="fl-e3"/>
      </object_component>
      <object_component id="oc-446">
         <name>.text:fcvt</name>
         <load_address>0x20007318</load_address>
         <run_address>0x20007318</run_address>
         <size>0x124</size>
         <input_file_ref idref="fl-d3"/>
      </object_component>
      <object_component id="oc-36d">
         <name>.text:fputs</name>
         <load_address>0x2000743c</load_address>
         <run_address>0x2000743c</run_address>
         <size>0x114</size>
         <input_file_ref idref="fl-d8"/>
      </object_component>
      <object_component id="oc-2b3">
         <name>.text:realloc</name>
         <load_address>0x20007550</load_address>
         <run_address>0x20007550</run_address>
         <size>0x114</size>
         <input_file_ref idref="fl-c8"/>
      </object_component>
      <object_component id="oc-45a">
         <name>.text:scalbn</name>
         <load_address>0x20007664</load_address>
         <run_address>0x20007664</run_address>
         <size>0x110</size>
         <input_file_ref idref="fl-e0"/>
      </object_component>
      <object_component id="oc-415">
         <name>.text</name>
         <load_address>0x20007774</load_address>
         <run_address>0x20007774</run_address>
         <size>0xfc</size>
         <input_file_ref idref="fl-e4"/>
      </object_component>
      <object_component id="oc-14e">
         <name>.text</name>
         <load_address>0x20007870</load_address>
         <run_address>0x20007870</run_address>
         <size>0xe8</size>
         <input_file_ref idref="fl-5"/>
      </object_component>
      <object_component id="oc-504">
         <name>.text:setvbuf</name>
         <load_address>0x20007958</load_address>
         <run_address>0x20007958</run_address>
         <size>0xdc</size>
         <input_file_ref idref="fl-ed"/>
      </object_component>
      <object_component id="oc-2b9">
         <name>.text:free</name>
         <load_address>0x20007a34</load_address>
         <run_address>0x20007a34</run_address>
         <size>0xd8</size>
         <input_file_ref idref="fl-c8"/>
      </object_component>
      <object_component id="oc-31e">
         <name>.text:_ltostr</name>
         <load_address>0x20007b0c</load_address>
         <run_address>0x20007b0c</run_address>
         <size>0xb1</size>
         <input_file_ref idref="fl-d3"/>
      </object_component>
      <object_component id="oc-141">
         <name>.text:IntEnable</name>
         <load_address>0x20007bc0</load_address>
         <run_address>0x20007bc0</run_address>
         <size>0xa8</size>
         <input_file_ref idref="fl-103"/>
      </object_component>
      <object_component id="oc-16c">
         <name>.text:SPIConfigSetExpClk</name>
         <load_address>0x20007c68</load_address>
         <run_address>0x20007c68</run_address>
         <size>0xa0</size>
         <input_file_ref idref="fl-106"/>
      </object_component>
      <object_component id="oc-3a">
         <name>.text</name>
         <load_address>0x20007d08</load_address>
         <run_address>0x20007d08</run_address>
         <size>0x9c</size>
         <input_file_ref idref="fl-c2"/>
      </object_component>
      <object_component id="oc-40e">
         <name>.text</name>
         <load_address>0x20007da4</load_address>
         <run_address>0x20007da4</run_address>
         <size>0x96</size>
         <input_file_ref idref="fl-e7"/>
      </object_component>
      <object_component id="oc-166">
         <name>.text:PRCMPeripheralClockGet</name>
         <load_address>0x20007e3c</load_address>
         <run_address>0x20007e3c</run_address>
         <size>0x94</size>
         <input_file_ref idref="fl-105"/>
      </object_component>
      <object_component id="oc-374">
         <name>.text:fputc</name>
         <load_address>0x20007ed0</load_address>
         <run_address>0x20007ed0</run_address>
         <size>0x8c</size>
         <input_file_ref idref="fl-d7"/>
      </object_component>
      <object_component id="oc-390">
         <name>.text:PinConfigSet</name>
         <load_address>0x20007f5c</load_address>
         <run_address>0x20007f5c</run_address>
         <size>0x88</size>
         <input_file_ref idref="fl-104"/>
      </object_component>
      <object_component id="oc-324">
         <name>.text:__aeabi_cdcmple</name>
         <load_address>0x20007fe4</load_address>
         <run_address>0x20007fe4</run_address>
         <size>0x86</size>
         <input_file_ref idref="fl-e2"/>
      </object_component>
      <object_component id="oc-41f">
         <name>.text:__aeabi_cdrcmple</name>
         <load_address>0x2000806a</load_address>
         <run_address>0x2000806a</run_address>
         <size>0x86</size>
         <input_file_ref idref="fl-e2"/>
      </object_component>
      <object_component id="oc-88">
         <name>.text</name>
         <load_address>0x200080f0</load_address>
         <run_address>0x200080f0</run_address>
         <size>0x7a</size>
         <input_file_ref idref="fl-cf"/>
      </object_component>
      <object_component id="oc-2ad">
         <name>.text:malloc</name>
         <load_address>0x2000816c</load_address>
         <run_address>0x2000816c</run_address>
         <size>0x78</size>
         <input_file_ref idref="fl-c8"/>
      </object_component>
      <object_component id="oc-1b4">
         <name>.text:UARTConfigSetExpClk</name>
         <load_address>0x200081e4</load_address>
         <run_address>0x200081e4</run_address>
         <size>0x76</size>
         <input_file_ref idref="fl-108"/>
      </object_component>
      <object_component id="oc-55f">
         <name>.text:__TI_closefile</name>
         <load_address>0x2000825c</load_address>
         <run_address>0x2000825c</run_address>
         <size>0x74</size>
         <input_file_ref idref="fl-fb"/>
      </object_component>
      <object_component id="oc-18a">
         <name>.text:TimerIntRegister</name>
         <load_address>0x200082d0</load_address>
         <run_address>0x200082d0</run_address>
         <size>0x70</size>
         <input_file_ref idref="fl-107"/>
      </object_component>
      <object_component id="oc-43f">
         <name>.text:_mcpy</name>
         <load_address>0x20008340</load_address>
         <run_address>0x20008340</run_address>
         <size>0x6e</size>
         <input_file_ref idref="fl-d3"/>
      </object_component>
      <object_component id="oc-583">
         <name>.text:HOSTlseek</name>
         <load_address>0x200083b0</load_address>
         <run_address>0x200083b0</run_address>
         <size>0x68</size>
         <input_file_ref idref="fl-ef"/>
      </object_component>
      <object_component id="oc-58f">
         <name>.text:HOSTrename</name>
         <load_address>0x20008418</load_address>
         <run_address>0x20008418</run_address>
         <size>0x68</size>
         <input_file_ref idref="fl-f2"/>
      </object_component>
      <object_component id="oc-12">
         <name>.text:decompress:lzss:__TI_decompress_lzss</name>
         <load_address>0x20008480</load_address>
         <run_address>0x20008480</run_address>
         <size>0x68</size>
         <input_file_ref idref="fl-c5"/>
      </object_component>
      <object_component id="oc-11d">
         <name>.text:printf</name>
         <load_address>0x200084e8</load_address>
         <run_address>0x200084e8</run_address>
         <size>0x68</size>
         <input_file_ref idref="fl-cc"/>
      </object_component>
      <object_component id="oc-454">
         <name>.text:frexp</name>
         <load_address>0x20008550</load_address>
         <run_address>0x20008550</run_address>
         <size>0x64</size>
         <input_file_ref idref="fl-df"/>
      </object_component>
      <object_component id="oc-4fe">
         <name>.text:fseek</name>
         <load_address>0x200085b4</load_address>
         <run_address>0x200085b4</run_address>
         <size>0x64</size>
         <input_file_ref idref="fl-eb"/>
      </object_component>
      <object_component id="oc-486">
         <name>.text:__TI_wrt_ok</name>
         <load_address>0x20008618</load_address>
         <run_address>0x20008618</run_address>
         <size>0x62</size>
         <input_file_ref idref="fl-e9"/>
      </object_component>
      <object_component id="oc-56b">
         <name>.text:HOSTopen</name>
         <load_address>0x2000867c</load_address>
         <run_address>0x2000867c</run_address>
         <size>0x60</size>
         <input_file_ref idref="fl-f0"/>
      </object_component>
      <object_component id="oc-599">
         <name>.text:close</name>
         <load_address>0x200086dc</load_address>
         <run_address>0x200086dc</run_address>
         <size>0x5c</size>
         <input_file_ref idref="fl-101"/>
      </object_component>
      <object_component id="oc-577">
         <name>.text:HOSTread</name>
         <load_address>0x20008738</load_address>
         <run_address>0x20008738</run_address>
         <size>0x58</size>
         <input_file_ref idref="fl-f1"/>
      </object_component>
      <object_component id="oc-57d">
         <name>.text:HOSTwrite</name>
         <load_address>0x20008790</load_address>
         <run_address>0x20008790</run_address>
         <size>0x58</size>
         <input_file_ref idref="fl-f4"/>
      </object_component>
      <object_component id="oc-15a">
         <name>.text:PRCMPeripheralReset</name>
         <load_address>0x200087e8</load_address>
         <run_address>0x200087e8</run_address>
         <size>0x58</size>
         <input_file_ref idref="fl-105"/>
      </object_component>
      <object_component id="oc-32f">
         <name>.text:_pconv_f</name>
         <load_address>0x20008840</load_address>
         <run_address>0x20008840</run_address>
         <size>0x56</size>
         <input_file_ref idref="fl-d3"/>
      </object_component>
      <object_component id="oc-429">
         <name>.text:ltoa</name>
         <load_address>0x20008896</load_address>
         <run_address>0x20008896</run_address>
         <size>0x54</size>
         <input_file_ref idref="fl-d9"/>
      </object_component>
      <object_component id="oc-439">
         <name>.text:_ecpy</name>
         <load_address>0x200088ea</load_address>
         <run_address>0x200088ea</run_address>
         <size>0x52</size>
         <input_file_ref idref="fl-d3"/>
      </object_component>
      <object_component id="oc-492">
         <name>.text:__TI_doflush</name>
         <load_address>0x2000893c</load_address>
         <run_address>0x2000893c</run_address>
         <size>0x4c</size>
         <input_file_ref idref="fl-ea"/>
      </object_component>
      <object_component id="oc-318">
         <name>.text:atoi</name>
         <load_address>0x20008988</load_address>
         <run_address>0x20008988</run_address>
         <size>0x4c</size>
         <input_file_ref idref="fl-d4"/>
      </object_component>
      <object_component id="oc-1c9">
         <name>.text:exit</name>
         <load_address>0x200089d4</load_address>
         <run_address>0x200089d4</run_address>
         <size>0x48</size>
         <input_file_ref idref="fl-c7"/>
      </object_component>
      <object_component id="oc-424">
         <name>.text</name>
         <load_address>0x20008a1c</load_address>
         <run_address>0x20008a1c</run_address>
         <size>0x48</size>
         <input_file_ref idref="fl-e5"/>
      </object_component>
      <object_component id="oc-571">
         <name>.text:HOSTclose</name>
         <load_address>0x20008a64</load_address>
         <run_address>0x20008a64</run_address>
         <size>0x44</size>
         <input_file_ref idref="fl-ee"/>
      </object_component>
      <object_component id="oc-589">
         <name>.text:HOSTunlink</name>
         <load_address>0x20008aa8</load_address>
         <run_address>0x20008aa8</run_address>
         <size>0x44</size>
         <input_file_ref idref="fl-f3"/>
      </object_component>
      <object_component id="oc-17e">
         <name>.text:TimerConfigure</name>
         <load_address>0x20008aec</load_address>
         <run_address>0x20008aec</run_address>
         <size>0x44</size>
         <input_file_ref idref="fl-107"/>
      </object_component>
      <object_component id="oc-2d5">
         <name>.text:UARTIntNumberGet</name>
         <load_address>0x20008b30</load_address>
         <run_address>0x20008b30</run_address>
         <size>0x44</size>
         <input_file_ref idref="fl-108"/>
      </object_component>
      <object_component id="oc-1cf">
         <name>.text:__TI_auto_init_nobinit_nopinit:__TI_auto_init_nobinit_nopinit</name>
         <load_address>0x20008b74</load_address>
         <run_address>0x20008b74</run_address>
         <size>0x44</size>
         <input_file_ref idref="fl-d0"/>
      </object_component>
      <object_component id="oc-5ce">
         <name>.text:getdevice</name>
         <load_address>0x20008bb8</load_address>
         <run_address>0x20008bb8</run_address>
         <size>0x44</size>
         <input_file_ref idref="fl-fc"/>
      </object_component>
      <object_component id="oc-396">
         <name>.text:PinModeSet</name>
         <load_address>0x20008bfc</load_address>
         <run_address>0x20008bfc</run_address>
         <size>0x40</size>
         <input_file_ref idref="fl-104"/>
      </object_component>
      <object_component id="oc-295">
         <name>.text:vsnprintf</name>
         <load_address>0x20008c3c</load_address>
         <run_address>0x20008c3c</run_address>
         <size>0x40</size>
         <input_file_ref idref="fl-ce"/>
      </object_component>
      <object_component id="oc-44c">
         <name>.text:_fcpy</name>
         <load_address>0x20008c7c</load_address>
         <run_address>0x20008c7c</run_address>
         <size>0x3e</size>
         <input_file_ref idref="fl-d3"/>
      </object_component>
      <object_component id="oc-154">
         <name>.text:PRCMPeripheralClkEnable</name>
         <load_address>0x20008cbc</load_address>
         <run_address>0x20008cbc</run_address>
         <size>0x3c</size>
         <input_file_ref idref="fl-105"/>
      </object_component>
      <object_component id="oc-3d2">
         <name>.text:minsert</name>
         <load_address>0x20008cf8</load_address>
         <run_address>0x20008cf8</run_address>
         <size>0x3c</size>
         <input_file_ref idref="fl-c8"/>
      </object_component>
      <object_component id="oc-5aa">
         <name>.text:__TI_writemsg</name>
         <load_address>0x20008d34</load_address>
         <run_address>0x20008d34</run_address>
         <size>0x38</size>
         <input_file_ref idref="fl-f5"/>
      </object_component>
      <object_component id="oc-58">
         <name>.text:_c_int00_noargs:_c_int00_noargs</name>
         <load_address>0x20008d6c</load_address>
         <run_address>0x20008d6c</run_address>
         <size>0x38</size>
         <input_file_ref idref="fl-c6"/>
      </object_component>
      <object_component id="oc-3c6">
         <name>.text:minit</name>
         <load_address>0x20008da4</load_address>
         <run_address>0x20008da4</run_address>
         <size>0x38</size>
         <input_file_ref idref="fl-c8"/>
      </object_component>
      <object_component id="oc-278">
         <name>.text:GPIODirModeSet</name>
         <load_address>0x20008ddc</load_address>
         <run_address>0x20008ddc</run_address>
         <size>0x36</size>
         <input_file_ref idref="fl-102"/>
      </object_component>
      <object_component id="oc-5f0">
         <name>.text:strncpy</name>
         <load_address>0x20008e12</load_address>
         <run_address>0x20008e12</run_address>
         <size>0x36</size>
         <input_file_ref idref="fl-ff"/>
      </object_component>
      <object_component id="oc-535">
         <name>.text:__TI_cleanup</name>
         <load_address>0x20008e48</load_address>
         <run_address>0x20008e48</run_address>
         <size>0x34</size>
         <input_file_ref idref="fl-f8"/>
      </object_component>
      <object_component id="oc-5b0">
         <name>.text:__TI_readmsg</name>
         <load_address>0x20008e7c</load_address>
         <run_address>0x20008e7c</run_address>
         <size>0x34</size>
         <input_file_ref idref="fl-f5"/>
      </object_component>
      <object_component id="oc-272">
         <name>.text:PinTypeGPIO</name>
         <load_address>0x20008eb0</load_address>
         <run_address>0x20008eb0</run_address>
         <size>0x30</size>
         <input_file_ref idref="fl-104"/>
      </object_component>
      <object_component id="oc-2e0">
         <name>.text:UARTDisable</name>
         <load_address>0x20008ee0</load_address>
         <run_address>0x20008ee0</run_address>
         <size>0x30</size>
         <input_file_ref idref="fl-108"/>
      </object_component>
      <object_component id="oc-3a9">
         <name>.text:_outs</name>
         <load_address>0x20008f10</load_address>
         <run_address>0x20008f10</run_address>
         <size>0x30</size>
         <input_file_ref idref="fl-ce"/>
      </object_component>
      <object_component id="oc-5f6">
         <name>.text:finddevice</name>
         <load_address>0x20008f40</load_address>
         <run_address>0x20008f40</run_address>
         <size>0x30</size>
         <input_file_ref idref="fl-fc"/>
      </object_component>
      <object_component id="oc-42f">
         <name>.text</name>
         <load_address>0x20008f70</load_address>
         <run_address>0x20008f70</run_address>
         <size>0x2e</size>
         <input_file_ref idref="fl-e6"/>
      </object_component>
      <object_component id="oc-259">
         <name>.text:PRCMSysResetCauseGet</name>
         <load_address>0x20008fa0</load_address>
         <run_address>0x20008fa0</run_address>
         <size>0x2c</size>
         <input_file_ref idref="fl-105"/>
      </object_component>
      <object_component id="oc-59f">
         <name>.text:unlink</name>
         <load_address>0x20008fcc</load_address>
         <run_address>0x20008fcc</run_address>
         <size>0x2c</size>
         <input_file_ref idref="fl-100"/>
      </object_component>
      <object_component id="oc-111">
         <name>.text:SPIDataGetNonBlocking</name>
         <load_address>0x20008ff8</load_address>
         <run_address>0x20008ff8</run_address>
         <size>0x2a</size>
         <input_file_ref idref="fl-106"/>
      </object_component>
      <object_component id="oc-129">
         <name>.text:TimerLoadSet</name>
         <load_address>0x20009022</load_address>
         <run_address>0x20009022</run_address>
         <size>0x2a</size>
         <input_file_ref idref="fl-107"/>
      </object_component>
      <object_component id="oc-184">
         <name>.text:TimerPrescaleSet</name>
         <load_address>0x2000904c</load_address>
         <run_address>0x2000904c</run_address>
         <size>0x2a</size>
         <input_file_ref idref="fl-107"/>
      </object_component>
      <object_component id="oc-26b">
         <name>.text:PRCMPeripheralClkDisable</name>
         <load_address>0x20009078</load_address>
         <run_address>0x20009078</run_address>
         <size>0x28</size>
         <input_file_ref idref="fl-105"/>
      </object_component>
      <object_component id="oc-52d">
         <name>.text:lseek</name>
         <load_address>0x200090a0</load_address>
         <run_address>0x200090a0</run_address>
         <size>0x28</size>
         <input_file_ref idref="fl-ec"/>
      </object_component>
      <object_component id="oc-3cc">
         <name>.text:mremove</name>
         <load_address>0x200090c8</load_address>
         <run_address>0x200090c8</run_address>
         <size>0x28</size>
         <input_file_ref idref="fl-c8"/>
      </object_component>
      <object_component id="oc-498">
         <name>.text:write</name>
         <load_address>0x200090f0</load_address>
         <run_address>0x200090f0</run_address>
         <size>0x28</size>
         <input_file_ref idref="fl-dd"/>
      </object_component>
      <object_component id="oc-2e6">
         <name>.text:UARTEnable</name>
         <load_address>0x20009118</load_address>
         <run_address>0x20009118</run_address>
         <size>0x24</size>
         <input_file_ref idref="fl-108"/>
      </object_component>
      <object_component id="oc-2a7">
         <name>.text:memmove</name>
         <load_address>0x2000913c</load_address>
         <run_address>0x2000913c</run_address>
         <size>0x24</size>
         <input_file_ref idref="fl-cb"/>
      </object_component>
      <object_component id="oc-d4">
         <name>.text:GPIOIntStatus</name>
         <load_address>0x20009160</load_address>
         <run_address>0x20009160</run_address>
         <size>0x22</size>
         <input_file_ref idref="fl-102"/>
      </object_component>
      <object_component id="oc-160">
         <name>.text:SPIReset</name>
         <load_address>0x20009182</load_address>
         <run_address>0x20009182</run_address>
         <size>0x22</size>
         <input_file_ref idref="fl-106"/>
      </object_component>
      <object_component id="oc-10b">
         <name>.text:GPIOPinWrite</name>
         <load_address>0x200091a4</load_address>
         <run_address>0x200091a4</run_address>
         <size>0x20</size>
         <input_file_ref idref="fl-102"/>
      </object_component>
      <object_component id="oc-2cb">
         <name>.text:IntRegister</name>
         <load_address>0x200091c4</load_address>
         <run_address>0x200091c4</run_address>
         <size>0x20</size>
         <input_file_ref idref="fl-103"/>
      </object_component>
      <object_component id="oc-219">
         <name>.text:SPIDataGet</name>
         <load_address>0x200091e4</load_address>
         <run_address>0x200091e4</run_address>
         <size>0x20</size>
         <input_file_ref idref="fl-106"/>
      </object_component>
      <object_component id="oc-48c">
         <name>.text:memchr</name>
         <load_address>0x20009204</load_address>
         <run_address>0x20009204</run_address>
         <size>0x20</size>
         <input_file_ref idref="fl-db"/>
      </object_component>
      <object_component id="oc-213">
         <name>.text:SPIDataPut</name>
         <load_address>0x20009224</load_address>
         <run_address>0x20009224</run_address>
         <size>0x1e</size>
         <input_file_ref idref="fl-106"/>
      </object_component>
      <object_component id="oc-196">
         <name>.text:TimerEnable</name>
         <load_address>0x20009242</load_address>
         <run_address>0x20009242</run_address>
         <size>0x1e</size>
         <input_file_ref idref="fl-107"/>
      </object_component>
      <object_component id="oc-c2">
         <name>.text:UARTCharPut</name>
         <load_address>0x20009260</load_address>
         <run_address>0x20009260</run_address>
         <size>0x1e</size>
         <input_file_ref idref="fl-108"/>
      </object_component>
      <object_component id="oc-19c">
         <name>.text:UARTIntRegister</name>
         <load_address>0x2000927e</load_address>
         <run_address>0x2000927e</run_address>
         <size>0x1e</size>
         <input_file_ref idref="fl-108"/>
      </object_component>
      <object_component id="oc-c8">
         <name>.text:TimerValueGet</name>
         <load_address>0x2000929c</load_address>
         <run_address>0x2000929c</run_address>
         <size>0x1c</size>
         <input_file_ref idref="fl-107"/>
      </object_component>
      <object_component id="oc-29b">
         <name>.text:UARTCharGetNonBlocking</name>
         <load_address>0x200092b8</load_address>
         <run_address>0x200092b8</run_address>
         <size>0x1c</size>
         <input_file_ref idref="fl-108"/>
      </object_component>
      <object_component id="oc-341">
         <name>.text:memccpy</name>
         <load_address>0x200092d4</load_address>
         <run_address>0x200092d4</run_address>
         <size>0x1c</size>
         <input_file_ref idref="fl-da"/>
      </object_component>
      <object_component id="oc-27e">
         <name>.text:PinTypeSPI</name>
         <load_address>0x200092f0</load_address>
         <run_address>0x200092f0</run_address>
         <size>0x1a</size>
         <input_file_ref idref="fl-104"/>
      </object_component>
      <object_component id="oc-284">
         <name>.text:PinTypeUART</name>
         <load_address>0x2000930a</load_address>
         <run_address>0x2000930a</run_address>
         <size>0x1a</size>
         <input_file_ref idref="fl-104"/>
      </object_component>
      <object_component id="oc-117">
         <name>.text:SPICSDisable</name>
         <load_address>0x20009324</load_address>
         <run_address>0x20009324</run_address>
         <size>0x18</size>
         <input_file_ref idref="fl-106"/>
      </object_component>
      <object_component id="oc-105">
         <name>.text:SPICSEnable</name>
         <load_address>0x2000933c</load_address>
         <run_address>0x2000933c</run_address>
         <size>0x18</size>
         <input_file_ref idref="fl-106"/>
      </object_component>
      <object_component id="oc-172">
         <name>.text:SPIEnable</name>
         <load_address>0x20009354</load_address>
         <run_address>0x20009354</run_address>
         <size>0x18</size>
         <input_file_ref idref="fl-106"/>
      </object_component>
      <object_component id="oc-123">
         <name>.text:TimerIntDisable</name>
         <load_address>0x2000936c</load_address>
         <run_address>0x2000936c</run_address>
         <size>0x18</size>
         <input_file_ref idref="fl-107"/>
      </object_component>
      <object_component id="oc-190">
         <name>.text:TimerIntEnable</name>
         <load_address>0x20009384</load_address>
         <run_address>0x20009384</run_address>
         <size>0x18</size>
         <input_file_ref idref="fl-107"/>
      </object_component>
      <object_component id="oc-f8">
         <name>.text:UARTCharsAvail</name>
         <load_address>0x2000939c</load_address>
         <run_address>0x2000939c</run_address>
         <size>0x18</size>
         <input_file_ref idref="fl-108"/>
      </object_component>
      <object_component id="oc-1ae">
         <name>.text:UARTFIFOLevelSet</name>
         <load_address>0x200093b4</load_address>
         <run_address>0x200093b4</run_address>
         <size>0x18</size>
         <input_file_ref idref="fl-108"/>
      </object_component>
      <object_component id="oc-1a2">
         <name>.text:UARTIntEnable</name>
         <load_address>0x200093cc</load_address>
         <run_address>0x200093cc</run_address>
         <size>0x18</size>
         <input_file_ref idref="fl-108"/>
      </object_component>
      <object_component id="oc-3af">
         <name>.text:_outc</name>
         <load_address>0x200093e4</load_address>
         <run_address>0x200093e4</run_address>
         <size>0x18</size>
         <input_file_ref idref="fl-ce"/>
      </object_component>
      <object_component id="oc-60d">
         <name>.text:strcmp</name>
         <load_address>0x200093fc</load_address>
         <run_address>0x200093fc</run_address>
         <size>0x18</size>
         <input_file_ref idref="fl-fe"/>
      </object_component>
      <object_component id="oc-25f">
         <name>.text:PRCMHIBRegRead</name>
         <load_address>0x20009414</load_address>
         <run_address>0x20009414</run_address>
         <size>0x16</size>
         <input_file_ref idref="fl-105"/>
      </object_component>
      <object_component id="oc-265">
         <name>.text:PRCMHIBRegWrite</name>
         <load_address>0x2000942a</load_address>
         <run_address>0x2000942a</run_address>
         <size>0x16</size>
         <input_file_ref idref="fl-105"/>
      </object_component>
      <object_component id="oc-f2">
         <name>.text:UARTCharGet</name>
         <load_address>0x20009440</load_address>
         <run_address>0x20009440</run_address>
         <size>0x16</size>
         <input_file_ref idref="fl-108"/>
      </object_component>
      <object_component id="oc-1a8">
         <name>.text:UARTFIFOEnable</name>
         <load_address>0x20009456</load_address>
         <run_address>0x20009456</run_address>
         <size>0x16</size>
         <input_file_ref idref="fl-108"/>
      </object_component>
      <object_component id="oc-460">
         <name>.text:strchr</name>
         <load_address>0x2000946c</load_address>
         <run_address>0x2000946c</run_address>
         <size>0x16</size>
         <input_file_ref idref="fl-dc"/>
      </object_component>
      <object_component id="oc-24e">
         <name>.text:CPUcpsie</name>
         <load_address>0x20009482</load_address>
         <run_address>0x20009482</run_address>
         <size>0x14</size>
         <input_file_ref idref="fl-10a"/>
      </object_component>
      <object_component id="oc-da">
         <name>.text:GPIOIntClear</name>
         <load_address>0x20009496</load_address>
         <run_address>0x20009496</run_address>
         <size>0x14</size>
         <input_file_ref idref="fl-102"/>
      </object_component>
      <object_component id="oc-135">
         <name>.text:IntVTableBaseSet</name>
         <load_address>0x200094ac</load_address>
         <run_address>0x200094ac</run_address>
         <size>0x14</size>
         <input_file_ref idref="fl-103"/>
      </object_component>
      <object_component id="oc-4e2">
         <name>.text:copysign</name>
         <load_address>0x200094c0</load_address>
         <run_address>0x200094c0</run_address>
         <size>0x14</size>
         <input_file_ref idref="fl-f6"/>
      </object_component>
      <object_component id="oc-5c4">
         <name>.text:strcpy</name>
         <load_address>0x200094d4</load_address>
         <run_address>0x200094d4</run_address>
         <size>0x14</size>
         <input_file_ref idref="fl-fa"/>
      </object_component>
      <object_component id="oc-2a1">
         <name>.text:strlen</name>
         <load_address>0x200094e8</load_address>
         <run_address>0x200094e8</run_address>
         <size>0x14</size>
         <input_file_ref idref="fl-cd"/>
      </object_component>
      <object_component id="oc-ff">
         <name>.text:TimerIntClear</name>
         <load_address>0x200094fc</load_address>
         <run_address>0x200094fc</run_address>
         <size>0x12</size>
         <input_file_ref idref="fl-107"/>
      </object_component>
      <object_component id="oc-ec">
         <name>.text:UARTIntClear</name>
         <load_address>0x2000950e</load_address>
         <run_address>0x2000950e</run_address>
         <size>0x12</size>
         <input_file_ref idref="fl-108"/>
      </object_component>
      <object_component id="oc-347">
         <name>.text:wcslen</name>
         <load_address>0x20009520</load_address>
         <run_address>0x20009520</run_address>
         <size>0x12</size>
         <input_file_ref idref="fl-de"/>
      </object_component>
      <object_component id="oc-18">
         <name>.text:decompress:none:__TI_decompress_none</name>
         <load_address>0x20009532</load_address>
         <run_address>0x20009532</run_address>
         <size>0xe</size>
         <input_file_ref idref="fl-c4"/>
      </object_component>
      <object_component id="oc-26">
         <name>.text</name>
         <load_address>0x20009540</load_address>
         <run_address>0x20009540</run_address>
         <size>0xe</size>
         <input_file_ref idref="fl-6"/>
      </object_component>
      <object_component id="oc-4c">
         <name>.text:decompress:ZI:__TI_zero_init</name>
         <load_address>0x2000954e</load_address>
         <run_address>0x2000954e</run_address>
         <size>0xc</size>
         <input_file_ref idref="fl-c3"/>
      </object_component>
      <object_component id="oc-13b">
         <name>.text:IntMasterEnable</name>
         <load_address>0x2000955a</load_address>
         <run_address>0x2000955a</run_address>
         <size>0xa</size>
         <input_file_ref idref="fl-103"/>
      </object_component>
      <object_component id="oc-34d">
         <name>.text:__aeabi_errno_addr</name>
         <load_address>0x20009564</load_address>
         <run_address>0x20009564</run_address>
         <size>0x8</size>
         <input_file_ref idref="fl-e8"/>
      </object_component>
      <object_component id="oc-38c">
         <name>.text:UtilsDelay</name>
         <load_address>0x2000956c</load_address>
         <run_address>0x2000956c</run_address>
         <size>0x6</size>
         <input_file_ref idref="fl-109"/>
      </object_component>
      <object_component id="oc-23c">
         <name>.text:_outc</name>
         <load_address>0x20009572</load_address>
         <run_address>0x20009572</run_address>
         <size>0x4</size>
         <input_file_ref idref="fl-cc"/>
      </object_component>
      <object_component id="oc-236">
         <name>.text:_outs</name>
         <load_address>0x20009576</load_address>
         <run_address>0x20009576</run_address>
         <size>0x4</size>
         <input_file_ref idref="fl-cc"/>
      </object_component>
      <object_component id="oc-8e">
         <name>.text:_system_pre_init</name>
         <load_address>0x2000957a</load_address>
         <run_address>0x2000957a</run_address>
         <size>0x4</size>
         <input_file_ref idref="fl-d1"/>
      </object_component>
      <object_component id="oc-1c3">
         <name>.text:abort:abort</name>
         <load_address>0x2000957e</load_address>
         <run_address>0x2000957e</run_address>
         <size>0x4</size>
         <input_file_ref idref="fl-c7"/>
      </object_component>
      <object_component id="oc-203">
         <name>.const:.string:font</name>
         <load_address>0x20009584</load_address>
         <run_address>0x20009584</run_address>
         <size>0x4fb</size>
         <input_file_ref idref="fl-2"/>
      </object_component>
      <object_component id="oc-409">
         <name>.const:.string:_ctypes_</name>
         <load_address>0x20009a7f</load_address>
         <run_address>0x20009a7f</run_address>
         <size>0x101</size>
         <input_file_ref idref="fl-d5"/>
      </object_component>
      <object_component id="oc-4a4">
         <name>.const:g_ulPinToPadMap</name>
         <load_address>0x20009b80</load_address>
         <run_address>0x20009b80</run_address>
         <size>0x100</size>
         <input_file_ref idref="fl-104"/>
      </object_component>
      <object_component id="oc-28b">
         <name>.const:PRCM_PeriphRegsList</name>
         <load_address>0x20009c80</load_address>
         <run_address>0x20009c80</run_address>
         <size>0xa8</size>
         <input_file_ref idref="fl-105"/>
      </object_component>
      <object_component id="oc-255">
         <name>.const</name>
         <load_address>0x20009d28</load_address>
         <run_address>0x20009d28</run_address>
         <size>0x80</size>
         <input_file_ref idref="fl-103"/>
      </object_component>
      <object_component id="oc-1ba">
         <name>.const:$P$T0$1</name>
         <load_address>0x20009da8</load_address>
         <run_address>0x20009da8</run_address>
         <size>0x10</size>
         <input_file_ref idref="fl-4"/>
      </object_component>
      <object_component id="oc-3ea">
         <name>.const</name>
         <load_address>0x20009db8</load_address>
         <run_address>0x20009db8</run_address>
         <size>0x10</size>
         <input_file_ref idref="fl-108"/>
      </object_component>
      <object_component id="oc-645">
         <name>.cinit..data.load</name>
         <load_address>0x20009dc8</load_address>
         <run_address>0x20009dc8</run_address>
         <size>0xbb</size>
      </object_component>
      <object_component id="oc-643">
         <name>__TI_handler_table</name>
         <load_address>0x20009e84</load_address>
         <run_address>0x20009e84</run_address>
         <size>0xc</size>
      </object_component>
      <object_component id="oc-646">
         <name>.cinit..bss.load</name>
         <load_address>0x20009e90</load_address>
         <run_address>0x20009e90</run_address>
         <size>0x8</size>
      </object_component>
      <object_component id="oc-644">
         <name>__TI_cinit_table</name>
         <load_address>0x20009e98</load_address>
         <run_address>0x20009e98</run_address>
         <size>0x10</size>
      </object_component>
      <object_component id="oc-12f">
         <name>.data</name>
         <load_address>0x200184f4</load_address>
         <run_address>0x200184f4</run_address>
         <size>0x15</size>
         <input_file_ref idref="fl-2"/>
      </object_component>
      <object_component id="oc-e0">
         <name>.data</name>
         <load_address>0x20018498</load_address>
         <run_address>0x20018498</run_address>
         <size>0x3c</size>
         <input_file_ref idref="fl-4"/>
      </object_component>
      <object_component id="oc-1bf">
         <name>.data:coeff</name>
         <load_address>0x200184d4</load_address>
         <run_address>0x200184d4</run_address>
         <size>0x20</size>
         <input_file_ref idref="fl-4"/>
      </object_component>
      <object_component id="oc-2f2">
         <name>.data:$O1$$</name>
         <load_address>0x2001851c</load_address>
         <run_address>0x2001851c</run_address>
         <size>0xc</size>
         <input_file_ref idref="fl-c7"/>
      </object_component>
      <object_component id="oc-3d8">
         <name>.data:$O1$$</name>
         <load_address>0x20018528</load_address>
         <run_address>0x20018528</run_address>
         <size>0xc</size>
         <input_file_ref idref="fl-c8"/>
      </object_component>
      <object_component id="oc-230">
         <name>.data:$O1$$</name>
         <load_address>0x20018534</load_address>
         <run_address>0x20018534</run_address>
         <size>0x8</size>
         <input_file_ref idref="fl-c9"/>
      </object_component>
      <object_component id="oc-233">
         <name>.data:_ftable</name>
         <load_address>0x200182e0</load_address>
         <run_address>0x200182e0</run_address>
         <size>0xf0</size>
         <input_file_ref idref="fl-d6"/>
      </object_component>
      <object_component id="oc-565">
         <name>.data</name>
         <load_address>0x2001850c</load_address>
         <run_address>0x2001850c</run_address>
         <size>0x10</size>
         <input_file_ref idref="fl-d6"/>
      </object_component>
      <object_component id="oc-548">
         <name>.data:_device</name>
         <load_address>0x200183d0</load_address>
         <run_address>0x200183d0</run_address>
         <size>0x78</size>
         <input_file_ref idref="fl-dd"/>
      </object_component>
      <object_component id="oc-510">
         <name>.data:_stream</name>
         <load_address>0x20018448</load_address>
         <run_address>0x20018448</run_address>
         <size>0x50</size>
         <input_file_ref idref="fl-dd"/>
      </object_component>
      <object_component id="oc-470">
         <name>.data</name>
         <load_address>0x2001853c</load_address>
         <run_address>0x2001853c</run_address>
         <size>0x4</size>
         <input_file_ref idref="fl-e8"/>
      </object_component>
      <object_component id="oc-2bf">
         <name>.bss</name>
         <uninitialized>true</uninitialized>
         <run_address>0x20017ad0</run_address>
         <size>0x4</size>
         <input_file_ref idref="fl-7"/>
      </object_component>
      <object_component id="oc-5d8">
         <name>.bss:_CIOBUF_</name>
         <uninitialized>true</uninitialized>
         <run_address>0x20017668</run_address>
         <size>0x120</size>
         <input_file_ref idref="fl-f5"/>
      </object_component>
      <object_component id="oc-132">
         <name>.common:oldTime</name>
         <uninitialized>true</uninitialized>
         <run_address>0x20017adc</run_address>
         <size>0x4</size>
      </object_component>
      <object_component id="oc-fe">
         <name>.common:oldCharTime</name>
         <uninitialized>true</uninitialized>
         <run_address>0x20017ad8</run_address>
         <size>0x4</size>
      </object_component>
      <object_component id="oc-133">
         <name>.common:buffer</name>
         <uninitialized>true</uninitialized>
         <run_address>0x20017a28</run_address>
         <size>0x80</size>
      </object_component>
      <object_component id="oc-e3">
         <name>.common:message</name>
         <uninitialized>true</uninitialized>
         <run_address>0x20017788</run_address>
         <size>0x100</size>
      </object_component>
      <object_component id="oc-134">
         <name>.common:receivedMessage</name>
         <uninitialized>true</uninitialized>
         <run_address>0x20017888</run_address>
         <size>0x100</size>
      </object_component>
      <object_component id="oc-1bd">
         <name>.common:power_all</name>
         <uninitialized>true</uninitialized>
         <run_address>0x20017aa8</run_address>
         <size>0x20</size>
      </object_component>
      <object_component id="oc-14d">
         <name>.common:samples</name>
         <uninitialized>true</uninitialized>
         <run_address>0x20017000</run_address>
         <size>0x668</size>
      </object_component>
      <object_component id="oc-1be">
         <name>.common:new_dig</name>
         <uninitialized>true</uninitialized>
         <run_address>0x20017ad4</run_address>
         <size>0x4</size>
      </object_component>
      <object_component id="oc-5a5">
         <name>.common:__TI_tmpnams</name>
         <uninitialized>true</uninitialized>
         <run_address>0x20017988</run_address>
         <size>0xa0</size>
      </object_component>
      <object_component id="oc-5b6">
         <name>.common:parmbuf</name>
         <uninitialized>true</uninitialized>
         <run_address>0x20017ac8</run_address>
         <size>0x8</size>
      </object_component>
      <object_component id="oc-23">
         <name>.sysmem</name>
         <uninitialized>true</uninitialized>
         <run_address>0x20017ae0</run_address>
         <size>0x8</size>
         <input_file_ref idref="fl-c8"/>
      </object_component>
      <object_component id="oc-648">
         <name>.sysmem</name>
         <uninitialized>true</uninitialized>
         <run_address>0x20017ae0</run_address>
         <size>0x0</size>
      </object_component>
      <object_component id="oc-20">
         <name>.stack</name>
         <uninitialized>true</uninitialized>
         <run_address>0x2002ff00</run_address>
         <size>0x4</size>
         <input_file_ref idref="fl-c6"/>
      </object_component>
      <object_component id="oc-647">
         <name>.stack</name>
         <uninitialized>true</uninitialized>
         <run_address>0x2002ff00</run_address>
         <size>0x0</size>
      </object_component>
      <object_component id="oc-207">
         <name>.debug_info</name>
         <load_address>0x0</load_address>
         <run_address>0x0</run_address>
         <size>0x346</size>
         <input_file_ref idref="fl-2"/>
      </object_component>
      <object_component id="oc-204">
         <name>.debug_info</name>
         <load_address>0x346</load_address>
         <run_address>0x346</run_address>
         <size>0xca</size>
         <input_file_ref idref="fl-2"/>
      </object_component>
      <object_component id="oc-130">
         <name>.debug_info</name>
         <load_address>0x410</load_address>
         <run_address>0x410</run_address>
         <size>0x178</size>
         <input_file_ref idref="fl-2"/>
      </object_component>
      <object_component id="oc-cf">
         <name>.debug_info</name>
         <load_address>0x588</load_address>
         <run_address>0x588</run_address>
         <size>0x1545</size>
         <input_file_ref idref="fl-2"/>
      </object_component>
      <object_component id="oc-35">
         <name>.debug_info</name>
         <load_address>0x1acd</load_address>
         <run_address>0x1acd</run_address>
         <size>0x84</size>
         <input_file_ref idref="fl-2"/>
      </object_component>
      <object_component id="oc-220">
         <name>.debug_info</name>
         <load_address>0x1b51</load_address>
         <run_address>0x1b51</run_address>
         <size>0x341</size>
         <input_file_ref idref="fl-3"/>
      </object_component>
      <object_component id="oc-e9">
         <name>.debug_info</name>
         <load_address>0x1e92</load_address>
         <run_address>0x1e92</run_address>
         <size>0xe59</size>
         <input_file_ref idref="fl-3"/>
      </object_component>
      <object_component id="oc-3a4">
         <name>.debug_info</name>
         <load_address>0x2ceb</load_address>
         <run_address>0x2ceb</run_address>
         <size>0x62</size>
         <input_file_ref idref="fl-3"/>
      </object_component>
      <object_component id="oc-209">
         <name>.debug_info</name>
         <load_address>0x2d4d</load_address>
         <run_address>0x2d4d</run_address>
         <size>0x2c</size>
         <input_file_ref idref="fl-3"/>
      </object_component>
      <object_component id="oc-b9">
         <name>.debug_info</name>
         <load_address>0x2d79</load_address>
         <run_address>0x2d79</run_address>
         <size>0x2c</size>
         <input_file_ref idref="fl-3"/>
      </object_component>
      <object_component id="oc-e4">
         <name>.debug_info</name>
         <load_address>0x2da5</load_address>
         <run_address>0x2da5</run_address>
         <size>0xc82</size>
         <input_file_ref idref="fl-4"/>
      </object_component>
      <object_component id="oc-e1">
         <name>.debug_info</name>
         <load_address>0x3a27</load_address>
         <run_address>0x3a27</run_address>
         <size>0x2c5</size>
         <input_file_ref idref="fl-4"/>
      </object_component>
      <object_component id="oc-1c0">
         <name>.debug_info</name>
         <load_address>0x3cec</load_address>
         <run_address>0x3cec</run_address>
         <size>0xc5</size>
         <input_file_ref idref="fl-4"/>
      </object_component>
      <object_component id="oc-1bb">
         <name>.debug_info</name>
         <load_address>0x3db1</load_address>
         <run_address>0x3db1</run_address>
         <size>0xc9</size>
         <input_file_ref idref="fl-4"/>
      </object_component>
      <object_component id="oc-95">
         <name>.debug_info</name>
         <load_address>0x3e7a</load_address>
         <run_address>0x3e7a</run_address>
         <size>0xcf1</size>
         <input_file_ref idref="fl-4"/>
      </object_component>
      <object_component id="oc-14f">
         <name>.debug_info</name>
         <load_address>0x4b6b</load_address>
         <run_address>0x4b6b</run_address>
         <size>0x321</size>
         <input_file_ref idref="fl-5"/>
      </object_component>
      <object_component id="oc-2e">
         <name>.debug_info</name>
         <load_address>0x4e8c</load_address>
         <run_address>0x4e8c</run_address>
         <size>0x2b6</size>
         <input_file_ref idref="fl-6"/>
      </object_component>
      <object_component id="oc-10">
         <name>.debug_info</name>
         <load_address>0x5142</load_address>
         <run_address>0x5142</run_address>
         <size>0x107</size>
         <input_file_ref idref="fl-6"/>
      </object_component>
      <object_component id="oc-27">
         <name>.debug_info</name>
         <load_address>0x5249</load_address>
         <run_address>0x5249</run_address>
         <size>0x428</size>
         <input_file_ref idref="fl-6"/>
      </object_component>
      <object_component id="oc-2c3">
         <name>.debug_info</name>
         <load_address>0x5671</load_address>
         <run_address>0x5671</run_address>
         <size>0x4fb</size>
         <input_file_ref idref="fl-7"/>
      </object_component>
      <object_component id="oc-2c0">
         <name>.debug_info</name>
         <load_address>0x5b6c</load_address>
         <run_address>0x5b6c</run_address>
         <size>0xfe</size>
         <input_file_ref idref="fl-7"/>
      </object_component>
      <object_component id="oc-179">
         <name>.debug_info</name>
         <load_address>0x5c6a</load_address>
         <run_address>0x5c6a</run_address>
         <size>0x8da</size>
         <input_file_ref idref="fl-7"/>
      </object_component>
      <object_component id="oc-3e2">
         <name>.debug_info</name>
         <load_address>0x6544</load_address>
         <run_address>0x6544</run_address>
         <size>0x26b</size>
         <input_file_ref idref="fl-7"/>
      </object_component>
      <object_component id="oc-2c4">
         <name>.debug_info</name>
         <load_address>0x67af</load_address>
         <run_address>0x67af</run_address>
         <size>0x110</size>
         <input_file_ref idref="fl-7"/>
      </object_component>
      <object_component id="oc-382">
         <name>.debug_info</name>
         <load_address>0x68bf</load_address>
         <run_address>0x68bf</run_address>
         <size>0x297</size>
         <input_file_ref idref="fl-7"/>
      </object_component>
      <object_component id="oc-244">
         <name>.debug_info</name>
         <load_address>0x6b56</load_address>
         <run_address>0x6b56</run_address>
         <size>0x2c</size>
         <input_file_ref idref="fl-7"/>
      </object_component>
      <object_component id="oc-3c">
         <name>.debug_info</name>
         <load_address>0x6b82</load_address>
         <run_address>0x6b82</run_address>
         <size>0x11c</size>
         <input_file_ref idref="fl-c2"/>
      </object_component>
      <object_component id="oc-87">
         <name>.debug_info</name>
         <load_address>0x6c9e</load_address>
         <run_address>0x6c9e</run_address>
         <size>0x31e</size>
         <input_file_ref idref="fl-c3"/>
      </object_component>
      <object_component id="oc-50">
         <name>.debug_info</name>
         <load_address>0x6fbc</load_address>
         <run_address>0x6fbc</run_address>
         <size>0x1b5</size>
         <input_file_ref idref="fl-c3"/>
      </object_component>
      <object_component id="oc-82">
         <name>.debug_info</name>
         <load_address>0x7171</load_address>
         <run_address>0x7171</run_address>
         <size>0x46</size>
         <input_file_ref idref="fl-c3"/>
      </object_component>
      <object_component id="oc-45">
         <name>.debug_info</name>
         <load_address>0x71b7</load_address>
         <run_address>0x71b7</run_address>
         <size>0x2a8</size>
         <input_file_ref idref="fl-c4"/>
      </object_component>
      <object_component id="oc-1b">
         <name>.debug_info</name>
         <load_address>0x745f</load_address>
         <run_address>0x745f</run_address>
         <size>0x1ea</size>
         <input_file_ref idref="fl-c4"/>
      </object_component>
      <object_component id="oc-40">
         <name>.debug_info</name>
         <load_address>0x7649</load_address>
         <run_address>0x7649</run_address>
         <size>0x46</size>
         <input_file_ref idref="fl-c4"/>
      </object_component>
      <object_component id="oc-7a">
         <name>.debug_info</name>
         <load_address>0x768f</load_address>
         <run_address>0x768f</run_address>
         <size>0x2c</size>
         <input_file_ref idref="fl-c4"/>
      </object_component>
      <object_component id="oc-78">
         <name>.debug_info</name>
         <load_address>0x76bb</load_address>
         <run_address>0x76bb</run_address>
         <size>0x29e</size>
         <input_file_ref idref="fl-c5"/>
      </object_component>
      <object_component id="oc-14">
         <name>.debug_info</name>
         <load_address>0x7959</load_address>
         <run_address>0x7959</run_address>
         <size>0x250</size>
         <input_file_ref idref="fl-c5"/>
      </object_component>
      <object_component id="oc-30">
         <name>.debug_info</name>
         <load_address>0x7ba9</load_address>
         <run_address>0x7ba9</run_address>
         <size>0x60</size>
         <input_file_ref idref="fl-c5"/>
      </object_component>
      <object_component id="oc-b2">
         <name>.debug_info</name>
         <load_address>0x7c09</load_address>
         <run_address>0x7c09</run_address>
         <size>0x46</size>
         <input_file_ref idref="fl-c5"/>
      </object_component>
      <object_component id="oc-73">
         <name>.debug_info</name>
         <load_address>0x7c4f</load_address>
         <run_address>0x7c4f</run_address>
         <size>0x39</size>
         <input_file_ref idref="fl-c5"/>
      </object_component>
      <object_component id="oc-21">
         <name>.debug_info</name>
         <load_address>0x7c88</load_address>
         <run_address>0x7c88</run_address>
         <size>0x10b</size>
         <input_file_ref idref="fl-c6"/>
      </object_component>
      <object_component id="oc-5a">
         <name>.debug_info</name>
         <load_address>0x7d93</load_address>
         <run_address>0x7d93</run_address>
         <size>0x1af</size>
         <input_file_ref idref="fl-c6"/>
      </object_component>
      <object_component id="oc-2f6">
         <name>.debug_info</name>
         <load_address>0x7f42</load_address>
         <run_address>0x7f42</run_address>
         <size>0x3ad</size>
         <input_file_ref idref="fl-c7"/>
      </object_component>
      <object_component id="oc-2f3">
         <name>.debug_info</name>
         <load_address>0x82ef</load_address>
         <run_address>0x82ef</run_address>
         <size>0x190</size>
         <input_file_ref idref="fl-c7"/>
      </object_component>
      <object_component id="oc-1c4">
         <name>.debug_info</name>
         <load_address>0x847f</load_address>
         <run_address>0x847f</run_address>
         <size>0x122</size>
         <input_file_ref idref="fl-c7"/>
      </object_component>
      <object_component id="oc-1ca">
         <name>.debug_info</name>
         <load_address>0x85a1</load_address>
         <run_address>0x85a1</run_address>
         <size>0x184</size>
         <input_file_ref idref="fl-c7"/>
      </object_component>
      <object_component id="oc-6e">
         <name>.debug_info</name>
         <load_address>0x8725</load_address>
         <run_address>0x8725</run_address>
         <size>0x3c6</size>
         <input_file_ref idref="fl-c8"/>
      </object_component>
      <object_component id="oc-24">
         <name>.debug_info</name>
         <load_address>0x8aeb</load_address>
         <run_address>0x8aeb</run_address>
         <size>0x10c</size>
         <input_file_ref idref="fl-c8"/>
      </object_component>
      <object_component id="oc-3d9">
         <name>.debug_info</name>
         <load_address>0x8bf7</load_address>
         <run_address>0x8bf7</run_address>
         <size>0x157</size>
         <input_file_ref idref="fl-c8"/>
      </object_component>
      <object_component id="oc-3c8">
         <name>.debug_info</name>
         <load_address>0x8d4e</load_address>
         <run_address>0x8d4e</run_address>
         <size>0x144</size>
         <input_file_ref idref="fl-c8"/>
      </object_component>
      <object_component id="oc-3ce">
         <name>.debug_info</name>
         <load_address>0x8e92</load_address>
         <run_address>0x8e92</run_address>
         <size>0x17f</size>
         <input_file_ref idref="fl-c8"/>
      </object_component>
      <object_component id="oc-3d3">
         <name>.debug_info</name>
         <load_address>0x9011</load_address>
         <run_address>0x9011</run_address>
         <size>0x17d</size>
         <input_file_ref idref="fl-c8"/>
      </object_component>
      <object_component id="oc-2ae">
         <name>.debug_info</name>
         <load_address>0x918e</load_address>
         <run_address>0x918e</run_address>
         <size>0x1e6</size>
         <input_file_ref idref="fl-c8"/>
      </object_component>
      <object_component id="oc-2ba">
         <name>.debug_info</name>
         <load_address>0x9374</load_address>
         <run_address>0x9374</run_address>
         <size>0x1f1</size>
         <input_file_ref idref="fl-c8"/>
      </object_component>
      <object_component id="oc-2b4">
         <name>.debug_info</name>
         <load_address>0x9565</load_address>
         <run_address>0x9565</run_address>
         <size>0x289</size>
         <input_file_ref idref="fl-c8"/>
      </object_component>
      <object_component id="oc-a8">
         <name>.debug_info</name>
         <load_address>0x97ee</load_address>
         <run_address>0x97ee</run_address>
         <size>0x2c</size>
[...]
      </symbol>
      <symbol id="sm-472">
         <name>__TI_auto_init_nobinit_nopinit</name>
         <value>0x20008b75</value>
         <object_component_ref idref="oc-1cf"/>
      </symbol>
      <symbol id="sm-47c">
         <name>_system_pre_init</name>
         <value>0x2000957b</value>
         <object_component_ref idref="oc-8e"/>
      </symbol>
      <symbol id="sm-5e2">
         <name>__TI_printfi</name>
         <value>0x20004ebd</value>
         <object_component_ref idref="oc-22a"/>
      </symbol>
      <symbol id="sm-5f8">
         <name>atoi</name>
         <value>0x20008989</value>
         <object_component_ref idref="oc-318"/>
      </symbol>
      <symbol id="sm-603">
         <name>_ctypes_</name>
         <value>0x20009a7f</value>
         <object_component_ref idref="oc-409"/>
      </symbol>
      <symbol id="sm-618">
         <name>__TI_tmpnams</name>
         <value>0x20017988</value>
      </symbol>
      <symbol id="sm-619">
         <name>__aeabi_stdout</name>
         <value>0x20018514</value>
         <object_component_ref idref="oc-565"/>
      </symbol>
      <symbol id="sm-61a">
         <name>__aeabi_stderr</name>
         <value>0x20018518</value>
         <object_component_ref idref="oc-565"/>
      </symbol>
      <symbol id="sm-61b">
         <name>__aeabi_stdin</name>
         <value>0x20018510</value>
         <object_component_ref idref="oc-565"/>
      </symbol>
      <symbol id="sm-61c">
         <name>_ftable</name>
         <value>0x200182e0</value>
         <object_component_ref idref="oc-233"/>
      </symbol>
      <symbol id="sm-61d">
         <name>__TI_ft_end</name>
         <value>0x2001850c</value>
         <object_component_ref idref="oc-565"/>
      </symbol>
      <symbol id="sm-632">
         <name>putc</name>
         <value>0x20007ed1</value>
         <object_component_ref idref="oc-374"/>
      </symbol>
      <symbol id="sm-633">
         <name>fputc</name>
         <value>0x20007ed1</value>
         <object_component_ref idref="oc-374"/>
      </symbol>
      <symbol id="sm-651">
         <name>fputs</name>
         <value>0x2000743d</value>
         <object_component_ref idref="oc-36d"/>
      </symbol>
      <symbol id="sm-660">
         <name>ltoa</name>
         <value>0x20008897</value>
         <object_component_ref idref="oc-429"/>
      </symbol>
      <symbol id="sm-670">
         <name>memccpy</name>
         <value>0x200092d5</value>
         <object_component_ref idref="oc-341"/>
      </symbol>
      <symbol id="sm-680">
         <name>memchr</name>
         <value>0x20009205</value>
         <object_component_ref idref="oc-48c"/>
      </symbol>
      <symbol id="sm-690">
         <name>strchr</name>
         <value>0x2000946d</value>
         <object_component_ref idref="oc-460"/>
      </symbol>
      <symbol id="sm-6b6">
         <name>_stream</name>
         <value>0x20018448</value>
         <object_component_ref idref="oc-510"/>
      </symbol>
      <symbol id="sm-6b7">
         <name>_device</name>
         <value>0x200183d0</value>
         <object_component_ref idref="oc-548"/>
      </symbol>
      <symbol id="sm-6b8">
         <name>write</name>
         <value>0x200090f1</value>
         <object_component_ref idref="oc-498"/>
      </symbol>
      <symbol id="sm-6d1">
         <name>wcslen</name>
         <value>0x20009521</value>
         <object_component_ref idref="oc-347"/>
      </symbol>
      <symbol id="sm-6f1">
         <name>frexpl</name>
         <value>0x20008551</value>
         <object_component_ref idref="oc-454"/>
      </symbol>
      <symbol id="sm-6f2">
         <name>frexp</name>
         <value>0x20008551</value>
         <object_component_ref idref="oc-454"/>
      </symbol>
      <symbol id="sm-70f">
         <name>scalbn</name>
         <value>0x20007665</value>
         <object_component_ref idref="oc-45a"/>
      </symbol>
      <symbol id="sm-710">
         <name>scalbnl</name>
         <value>0x20007665</value>
         <object_component_ref idref="oc-45a"/>
      </symbol>
      <symbol id="sm-711">
         <name>ldexpl</name>
         <value>0x20007665</value>
         <object_component_ref idref="oc-45a"/>
      </symbol>
      <symbol id="sm-712">
         <name>ldexp</name>
         <value>0x20007665</value>
         <object_component_ref idref="oc-45a"/>
      </symbol>
      <symbol id="sm-729">
         <name>__aeabi_dsub</name>
         <value>0x20006d75</value>
         <object_component_ref idref="oc-434"/>
      </symbol>
      <symbol id="sm-72a">
         <name>__aeabi_dadd</name>
         <value>0x20006d7f</value>
         <object_component_ref idref="oc-434"/>
      </symbol>
      <symbol id="sm-74c">
         <name>__aeabi_cdcmpeq</name>
         <value>0x20007fe5</value>
         <object_component_ref idref="oc-324"/>
      </symbol>
      <symbol id="sm-74d">
         <name>__aeabi_cdcmple</name>
         <value>0x20007fe5</value>
         <object_component_ref idref="oc-324"/>
      </symbol>
      <symbol id="sm-74e">
         <name>__aeabi_cdrcmple</name>
         <value>0x2000806b</value>
         <object_component_ref idref="oc-41f"/>
      </symbol>
      <symbol id="sm-762">
         <name>__aeabi_ddiv</name>
         <value>0x200071e1</value>
         <object_component_ref idref="oc-41a"/>
      </symbol>
      <symbol id="sm-76d">
         <name>__aeabi_dmul</name>
         <value>0x20007775</value>
         <object_component_ref idref="oc-415"/>
      </symbol>
      <symbol id="sm-777">
         <name>__aeabi_d2iz</name>
         <value>0x20008a1d</value>
         <object_component_ref idref="oc-424"/>
      </symbol>
      <symbol id="sm-781">
         <name>__aeabi_i2d</name>
         <value>0x20008f71</value>
         <object_component_ref idref="oc-42f"/>
      </symbol>
      <symbol id="sm-78e">
         <name>__aeabi_uldivmod</name>
         <value>0x20007da5</value>
         <object_component_ref idref="oc-40e"/>
      </symbol>
      <symbol id="sm-7a4">
         <name>__aeabi_errno_addr</name>
         <value>0x20009565</value>
         <object_component_ref idref="oc-34d"/>
      </symbol>
      <symbol id="sm-7a5">
         <name>errno</name>
         <value>0x2001853c</value>
         <object_component_ref idref="oc-470"/>
      </symbol>
      <symbol id="sm-7bd">
         <name>__TI_wrt_ok</name>
         <value>0x20008619</value>
         <object_component_ref idref="oc-486"/>
      </symbol>
      <symbol id="sm-7cd">
         <name>__TI_doflush</name>
         <value>0x2000893d</value>
         <object_component_ref idref="oc-492"/>
      </symbol>
      <symbol id="sm-7df">
         <name>fseek</name>
         <value>0x200085b5</value>
         <object_component_ref idref="oc-4fe"/>
      </symbol>
      <symbol id="sm-7ef">
         <name>lseek</name>
         <value>0x200090a1</value>
         <object_component_ref idref="oc-52d"/>
      </symbol>
      <symbol id="sm-80b">
         <name>setvbuf</name>
         <value>0x20007959</value>
         <object_component_ref idref="oc-504"/>
      </symbol>
      <symbol id="sm-81c">
         <name>HOSTclose</name>
         <value>0x20008a65</value>
         <object_component_ref idref="oc-571"/>
      </symbol>
      <symbol id="sm-82d">
         <name>HOSTlseek</name>
         <value>0x200083b1</value>
         <object_component_ref idref="oc-583"/>
      </symbol>
      <symbol id="sm-83f">
         <name>parmbuf</name>
         <value>0x20017ac8</value>
      </symbol>
      <symbol id="sm-840">
         <name>HOSTopen</name>
         <value>0x2000867d</value>
         <object_component_ref idref="oc-56b"/>
      </symbol>
      <symbol id="sm-851">
         <name>HOSTread</name>
         <value>0x20008739</value>
         <object_component_ref idref="oc-577"/>
      </symbol>
      <symbol id="sm-862">
         <name>HOSTrename</name>
         <value>0x20008419</value>
         <object_component_ref idref="oc-58f"/>
      </symbol>
      <symbol id="sm-873">
         <name>HOSTunlink</name>
         <value>0x20008aa9</value>
         <object_component_ref idref="oc-589"/>
      </symbol>
      <symbol id="sm-884">
         <name>HOSTwrite</name>
         <value>0x20008791</value>
         <object_component_ref idref="oc-57d"/>
      </symbol>
      <symbol id="sm-8a8">
         <name>__TI_readmsg</name>
         <value>0x20008e7d</value>
         <object_component_ref idref="oc-5b0"/>
      </symbol>
      <symbol id="sm-8a9">
         <name>C$$IO$$</name>
         <value>0x20008d63</value>
         <object_component_ref idref="oc-5aa"/>
      </symbol>
      <symbol id="sm-8aa">
         <name>__CIOBUF_</name>
         <value>0x20017668</value>
         <object_component_ref idref="oc-5d8"/>
      </symbol>
      <symbol id="sm-8ab">
         <name>__TI_writemsg</name>
         <value>0x20008d35</value>
         <object_component_ref idref="oc-5aa"/>
      </symbol>
      <symbol id="sm-8b5">
         <name>copysign</name>
         <value>0x200094c1</value>
         <object_component_ref idref="oc-4e2"/>
      </symbol>
      <symbol id="sm-8b6">
         <name>copysignl</name>
         <value>0x200094c1</value>
         <object_component_ref idref="oc-4e2"/>
      </symbol>
      <symbol id="sm-8c0">
         <name>__aeabi_idiv0</name>
         <value>0x200066b3</value>
         <object_component_ref idref="oc-4c9"/>
      </symbol>
      <symbol id="sm-8c1">
         <name>__aeabi_ldiv0</name>
         <value>0x200066b3</value>
         <object_component_ref idref="oc-4c9"/>
      </symbol>
      <symbol id="sm-8d1">
         <name>__TI_cleanup</name>
         <value>0x20008e49</value>
         <object_component_ref idref="oc-535"/>
      </symbol>
      <symbol id="sm-8e0">
         <name>strcpy</name>
         <value>0x200094d5</value>
         <object_component_ref idref="oc-5c4"/>
      </symbol>
      <symbol id="sm-8f5">
         <name>__TI_closefile</name>
         <value>0x2000825d</value>
         <object_component_ref idref="oc-55f"/>
      </symbol>
      <symbol id="sm-918">
         <name>finddevice</name>
         <value>0x20008f41</value>
         <object_component_ref idref="oc-5f6"/>
      </symbol>
      <symbol id="sm-919">
         <name>getdevice</name>
         <value>0x20008bb9</value>
         <object_component_ref idref="oc-5ce"/>
      </symbol>
      <symbol id="sm-929">
         <name>strcmp</name>
         <value>0x200093fd</value>
         <object_component_ref idref="oc-60d"/>
      </symbol>
      <symbol id="sm-939">
         <name>strncpy</name>
         <value>0x20008e13</value>
         <object_component_ref idref="oc-5f0"/>
      </symbol>
      <symbol id="sm-949">
         <name>unlink</name>
         <value>0x20008fcd</value>
         <object_component_ref idref="oc-59f"/>
      </symbol>
      <symbol id="sm-95d">
         <name>close</name>
         <value>0x200086dd</value>
         <object_component_ref idref="oc-599"/>
      </symbol>
      <symbol id="sm-983">
         <name>GPIOIntClear</name>
         <value>0x20009497</value>
         <object_component_ref idref="oc-da"/>
      </symbol>
      <symbol id="sm-984">
         <name>GPIOIntStatus</name>
         <value>0x20009161</value>
         <object_component_ref idref="oc-d4"/>
      </symbol>
      <symbol id="sm-985">
         <name>GPIODirModeSet</name>
         <value>0x20008ddd</value>
         <object_component_ref idref="oc-278"/>
      </symbol>
      <symbol id="sm-986">
         <name>GPIOPinWrite</name>
         <value>0x200091a5</value>
         <object_component_ref idref="oc-10b"/>
      </symbol>
      <symbol id="sm-9c7">
         <name>IntVTableBaseSet</name>
         <value>0x200094ad</value>
         <object_component_ref idref="oc-135"/>
      </symbol>
      <symbol id="sm-9c8">
         <name>IntEnable</name>
         <value>0x20007bc1</value>
         <object_component_ref idref="oc-141"/>
      </symbol>
      <symbol id="sm-9c9">
         <name>IntRegister</name>
         <value>0x200091c5</value>
         <object_component_ref idref="oc-2cb"/>
      </symbol>
      <symbol id="sm-9ca">
         <name>IntMasterEnable</name>
         <value>0x2000955b</value>
         <object_component_ref idref="oc-13b"/>
      </symbol>
      <symbol id="sm-a09">
         <name>PinTypeUART</name>
         <value>0x2000930b</value>
         <object_component_ref idref="oc-284"/>
      </symbol>
      <symbol id="sm-a0a">
         <name>PinTypeGPIO</name>
         <value>0x20008eb1</value>
         <object_component_ref idref="oc-272"/>
      </symbol>
      <symbol id="sm-a0b">
         <name>PinConfigSet</name>
         <value>0x20007f5d</value>
         <object_component_ref idref="oc-390"/>
      </symbol>
      <symbol id="sm-a0c">
         <name>PinTypeSPI</name>
         <value>0x200092f1</value>
         <object_component_ref idref="oc-27e"/>
      </symbol>
      <symbol id="sm-a0d">
         <name>PinModeSet</name>
         <value>0x20008bfd</value>
         <object_component_ref idref="oc-396"/>
      </symbol>
      <symbol id="sm-a93">
         <name>PRCMPeripheralReset</name>
         <value>0x200087e9</value>
         <object_component_ref idref="oc-15a"/>
      </symbol>
      <symbol id="sm-a94">
         <name>PRCMPeripheralClkEnable</name>
         <value>0x20008cbd</value>
         <object_component_ref idref="oc-154"/>
      </symbol>
      <symbol id="sm-a95">
         <name>PRCMPeripheralClockGet</name>
         <value>0x20007e3d</value>
         <object_component_ref idref="oc-166"/>
      </symbol>
      <symbol id="sm-a96">
         <name>PRCMCC3200MCUInit</name>
         <value>0x20006f2d</value>
         <object_component_ref idref="oc-147"/>
      </symbol>
      <symbol id="sm-a97">
         <name>PRCMHIBRegWrite</name>
         <value>0x2000942b</value>
         <object_component_ref idref="oc-265"/>
      </symbol>
      <symbol id="sm-a98">
         <name>PRCMSysResetCauseGet</name>
         <value>0x20008fa1</value>
         <object_component_ref idref="oc-259"/>
      </symbol>
      <symbol id="sm-a99">
         <name>PRCMPeripheralClkDisable</name>
         <value>0x20009079</value>
         <object_component_ref idref="oc-26b"/>
      </symbol>
      <symbol id="sm-a9a">
         <name>PRCMHIBRegRead</name>
         <value>0x20009415</value>
         <object_component_ref idref="oc-25f"/>
      </symbol>
      <symbol id="sm-ae9">
         <name>SPICSEnable</name>
         <value>0x2000933d</value>
         <object_component_ref idref="oc-105"/>
      </symbol>
      <symbol id="sm-aea">
         <name>SPIDataGetNonBlocking</name>
         <value>0x20008ff9</value>
         <object_component_ref idref="oc-111"/>
      </symbol>
      <symbol id="sm-aeb">
         <name>SPIDataPut</name>
         <value>0x20009225</value>
         <object_component_ref idref="oc-213"/>
      </symbol>
      <symbol id="sm-aec">
         <name>SPIEnable</name>
         <value>0x20009355</value>
         <object_component_ref idref="oc-172"/>
      </symbol>
      <symbol id="sm-aed">
         <name>SPIDataGet</name>
         <value>0x200091e5</value>
         <object_component_ref idref="oc-219"/>
      </symbol>
      <symbol id="sm-aee">
         <name>SPIConfigSetExpClk</name>
         <value>0x20007c69</value>
         <object_component_ref idref="oc-16c"/>
      </symbol>
      <symbol id="sm-aef">
         <name>SPIReset</name>
         <value>0x20009183</value>
         <object_component_ref idref="oc-160"/>
      </symbol>
      <symbol id="sm-af0">
         <name>SPICSDisable</name>
         <value>0x20009325</value>
         <object_component_ref idref="oc-117"/>
      </symbol>
      <symbol id="sm-b50">
         <name>TimerLoadSet</name>
         <value>0x20009023</value>
         <object_component_ref idref="oc-129"/>
      </symbol>
      <symbol id="sm-b51">
         <name>TimerIntRegister</name>
         <value>0x200082d1</value>
         <object_component_ref idref="oc-18a"/>
      </symbol>
      <symbol id="sm-b52">
         <name>TimerEnable</name>
         <value>0x20009243</value>
         <object_component_ref idref="oc-196"/>
      </symbol>
      <symbol id="sm-b53">
         <name>TimerIntDisable</name>
         <value>0x2000936d</value>
         <object_component_ref idref="oc-123"/>
      </symbol>
      <symbol id="sm-b54">
         <name>TimerValueGet</name>
         <value>0x2000929d</value>
         <object_component_ref idref="oc-c8"/>
      </symbol>
      <symbol id="sm-b55">
         <name>TimerPrescaleSet</name>
         <value>0x2000904d</value>
         <object_component_ref idref="oc-184"/>
      </symbol>
      <symbol id="sm-b56">
         <name>TimerIntEnable</name>
         <value>0x20009385</value>
         <object_component_ref idref="oc-190"/>
      </symbol>
      <symbol id="sm-b57">
         <name>TimerConfigure</name>
         <value>0x20008aed</value>
         <object_component_ref idref="oc-17e"/>
      </symbol>
      <symbol id="sm-b58">
         <name>TimerIntClear</name>
         <value>0x200094fd</value>
         <object_component_ref idref="oc-ff"/>
      </symbol>
      <symbol id="sm-bdf">
         <name>UARTConfigSetExpClk</name>
         <value>0x200081e5</value>
         <object_component_ref idref="oc-1b4"/>
      </symbol>
      <symbol id="sm-be0">
         <name>UARTDisable</name>
         <value>0x20008ee1</value>
         <object_component_ref idref="oc-2e0"/>
      </symbol>
      <symbol id="sm-be1">
         <name>UARTIntEnable</name>
         <value>0x200093cd</value>
         <object_component_ref idref="oc-1a2"/>
      </symbol>
      <symbol id="sm-be2">
         <name>UARTCharsAvail</name>
         <value>0x2000939d</value>
         <object_component_ref idref="oc-f8"/>
      </symbol>
      <symbol id="sm-be3">
         <name>UARTCharGetNonBlocking</name>
         <value>0x200092b9</value>
         <object_component_ref idref="oc-29b"/>
      </symbol>
      <symbol id="sm-be4">
         <name>UARTCharPut</name>
         <value>0x20009261</value>
         <object_component_ref idref="oc-c2"/>
      </symbol>
      <symbol id="sm-be5">
         <name>UARTEnable</name>
         <value>0x20009119</value>
         <object_component_ref idref="oc-2e6"/>
      </symbol>
      <symbol id="sm-be6">
         <name>UARTFIFOEnable</name>
         <value>0x20009457</value>
         <object_component_ref idref="oc-1a8"/>
      </symbol>
      <symbol id="sm-be7">
         <name>UARTIntClear</name>
         <value>0x2000950f</value>
         <object_component_ref idref="oc-ec"/>
      </symbol>
      <symbol id="sm-be8">
         <name>UARTCharGet</name>
         <value>0x20009441</value>
         <object_component_ref idref="oc-f2"/>
      </symbol>
      <symbol id="sm-be9">
         <name>UARTFIFOLevelSet</name>
         <value>0x200093b5</value>
         <object_component_ref idref="oc-1ae"/>
      </symbol>
      <symbol id="sm-bea">
         <name>UARTIntRegister</name>
         <value>0x2000927f</value>
         <object_component_ref idref="oc-19c"/>
      </symbol>
      <symbol id="sm-bee">
         <name>UtilsDelay</name>
         <value>0x2000956d</value>
         <object_component_ref idref="oc-38c"/>
      </symbol>
      <symbol id="sm-bf8">
         <name>CPUcpsie</name>
         <value>0x20009483</value>
         <object_component_ref idref="oc-24e"/>
      </symbol>
      <symbol id="sm-bfa">
         <name>__TI_static_base__</name>
         <value>0x20009dc8</value>
      </symbol>
      <symbol id="sm-bfd">
         <name>__mpu_init</name>
         <value>0x0</value>
      </symbol>
      <symbol id="sm-bfe">
         <name>_system_post_cinit</name>
         <value>0x0</value>
      </symbol>
      <symbol id="sm-bff">
         <name>remove</name>
         <value>0x20008fcd</value>
      </symbol>
   </symbol_table>
   <title>Link successful</title>
</link_info>
