******************************************************************************
                  TI ARM Linker PC v18.1.4                     
******************************************************************************
>> Linked Mon Feb 18 23:29:11 2019

OUTPUT FILE NAME:   <Lab3_p2.out>
ENTRY POINT SYMBOL: "_c_int00_noargs"  address: 20008d6d


MEMORY CONFIGURATION

         name            origin    length      used     unused   attr    fill
----------------------  --------  ---------  --------  --------  ----  --------
  SRAM_CODE             20004000   00013000  00005ea6  0000d15a  RW X
  SRAM_DATA             20017000   00019000  00001640  000179c0  RW X


SEGMENT ALLOCATION MAP

run origin  load origin   length   init length attrs members
----------  ----------- ---------- ----------- ----- -------
20004000    20004000    00005ea8   00005ea8    r-x
  20004000    20004000    00000400   00000400    r-- .intvecs
  20004400    20004400    00005182   00005182    r-x .text
  20009584    20009584    00000844   00000844    r-- .const
  20009dc8    20009dc8    000000e0   000000e0    r-- .cinit
20017000    20017000    00001540   00000000    rw-
  20017000    20017000    00000ae0   00000000    rw- .bss
  20017ae0    20017ae0    00000800   00000000    rw- .sysmem
  200182e0    200182e0    00000260   00000000    rw- .data
2002ff00    2002ff00    00000100   00000000    rw-
  2002ff00    2002ff00    00000100   00000000    rw- .stack


SECTION ALLOCATION MAP

 output                                  attributes/
section   page    origin      length       input sections
--------  ----  ----------  ----------   ----------------
.intvecs   0    20004000    00000400     
                  20004000    00000400     startup_ccs.obj (.intvecs)

.init_array 
*          0    20004000    00000000     UNINITIALIZED

.text      0    20004400    00005182     
                  20004400    00000abc     Adafruit_GFX.obj (.text)
                  20004ebc    00000a5e     rtsv7M4_T_le_v4SPD16_eabi.lib : _printfi.c.obj (.text:__TI_printfi)
                  2000591a    00000002                                   : _lock.c.obj (.text:_nop)
                  2000591c    000008f0     main.obj (.text)
                  2000620c    000004a6     Adafruit_OLED.obj (.text)
                  200066b2    00000002     rtsv7M4_T_le_v4SPD16_eabi.lib : div0.asm.obj (.text)
                  200066b4    00000280     uart_if.obj (.text)
                  20006934    00000270     rtsv7M4_T_le_v4SPD16_eabi.lib : _printfi.c.obj (.text:_pconv_a)
                  20006ba4    000001d0                                   : _printfi.c.obj (.text:_pconv_g)
                  20006d74    000001b6                                   : fd_add_t2.asm.obj (.text)
                  20006f2a    00000002     --HOLE-- [fill = 0]
                  20006f2c    00000178     driverlib.a : prcm.obj (.text:PRCMCC3200MCUInit)
                  200070a4    0000013c     rtsv7M4_T_le_v4SPD16_eabi.lib : _printfi.c.obj (.text:_pconv_e)
                  200071e0    00000136                                   : fd_div_t2.asm.obj (.text)
                  20007316    00000002     --HOLE-- [fill = 0]
                  20007318    00000124                                   : _printfi.c.obj (.text:fcvt)
                  2000743c    00000114                                   : fputs.c.obj (.text:fputs)
                  20007550    00000114                                   : memory.c.obj (.text:realloc)
                  20007664    00000110                                   : s_scalbn.c.obj (.text:scalbn)
                  20007774    000000fc                                   : fd_mul_t2.asm.obj (.text)
                  20007870    000000e8     pinmux.obj (.text)
                  20007958    000000dc     rtsv7M4_T_le_v4SPD16_eabi.lib : setvbuf.c.obj (.text:setvbuf)
                  20007a34    000000d8                                   : memory.c.obj (.text:free)
                  20007b0c    000000b1                                   : _printfi.c.obj (.text:_ltostr)
                  20007bbd    00000003     --HOLE-- [fill = 0]
                  20007bc0    000000a8     driverlib.a : interrupt.obj (.text:IntEnable)
                  20007c68    000000a0                 : spi.obj (.text:SPIConfigSetExpClk)
                  20007d08    0000009c     rtsv7M4_T_le_v4SPD16_eabi.lib : memcpy_t2.asm.obj (.text)
                  20007da4    00000096                                   : ull_div_t2.asm.obj (.text)
                  20007e3a    00000002     --HOLE-- [fill = 0]
                  20007e3c    00000094     driverlib.a : prcm.obj (.text:PRCMPeripheralClockGet)
                  20007ed0    0000008c     rtsv7M4_T_le_v4SPD16_eabi.lib : fputc.c.obj (.text:fputc)
                  20007f5c    00000088     driverlib.a : pin.obj (.text:PinConfigSet)
                  20007fe4    00000086     rtsv7M4_T_le_v4SPD16_eabi.lib : fd_cmp_t2.asm.obj (.text:__aeabi_cdcmple)
                  2000806a    00000086                                   : fd_cmp_t2.asm.obj (.text:__aeabi_cdrcmple)
                  200080f0    0000007a                                   : memset_t2.asm.obj (.text)
                  2000816a    00000002     --HOLE-- [fill = 0]
                  2000816c    00000078                                   : memory.c.obj (.text:malloc)
                  200081e4    00000076     driverlib.a : uart.obj (.text:UARTConfigSetExpClk)
                  2000825a    00000002     --HOLE-- [fill = 0]
                  2000825c    00000074     rtsv7M4_T_le_v4SPD16_eabi.lib : fclose.c.obj (.text:__TI_closefile)
                  200082d0    00000070     driverlib.a : timer.obj (.text:TimerIntRegister)
                  20008340    0000006e     rtsv7M4_T_le_v4SPD16_eabi.lib : _printfi.c.obj (.text:_mcpy)
                  200083ae    00000002     --HOLE-- [fill = 0]
                  200083b0    00000068                                   : hostlseek.c.obj (.text:HOSTlseek)
                  20008418    00000068                                   : hostrename.c.obj (.text:HOSTrename)
                  20008480    00000068                                   : copy_decompress_lzss.c.obj (.text:decompress:lzss:__TI_decompress_lzss)
                  200084e8    00000068                                   : printf.c.obj (.text:printf)
                  20008550    00000064                                   : s_frexp.c.obj (.text:frexp)
                  200085b4    00000064                                   : fseek.c.obj (.text:fseek)
                  20008618    00000062                                   : _io_perm.c.obj (.text:__TI_wrt_ok)
                  2000867a    00000002     --HOLE-- [fill = 0]
                  2000867c    00000060                                   : hostopen.c.obj (.text:HOSTopen)
                  200086dc    0000005c                                   : close.c.obj (.text:close)
                  20008738    00000058                                   : hostread.c.obj (.text:HOSTread)
                  20008790    00000058                                   : hostwrite.c.obj (.text:HOSTwrite)
                  200087e8    00000058     driverlib.a : prcm.obj (.text:PRCMPeripheralReset)
                  20008840    00000056     rtsv7M4_T_le_v4SPD16_eabi.lib : _printfi.c.obj (.text:_pconv_f)
                  20008896    00000054                                   : ltoa.c.obj (.text:ltoa)
                  200088ea    00000052                                   : _printfi.c.obj (.text:_ecpy)
                  2000893c    0000004c                                   : fflush.c.obj (.text:__TI_doflush)
                  20008988    0000004c                                   : atoi.c.obj (.text:atoi)
                  200089d4    00000048                                   : exit.c.obj (.text:exit)
                  20008a1c    00000048                                   : fd_toi_t2.asm.obj (.text)
                  20008a64    00000044                                   : hostclose.c.obj (.text:HOSTclose)
                  20008aa8    00000044                                   : hostunlink.c.obj (.text:HOSTunlink)
                  20008aec    00000044     driverlib.a : timer.obj (.text:TimerConfigure)
                  20008b30    00000044                 : uart.obj (.text:UARTIntNumberGet)
                  20008b74    00000044     rtsv7M4_T_le_v4SPD16_eabi.lib : autoinit.c.obj (.text:__TI_auto_init_nobinit_nopinit:__TI_auto_init_nobinit_nopinit)
                  20008bb8    00000044                                   : getdevice.c.obj (.text:getdevice)
                  20008bfc    00000040     driverlib.a : pin.obj (.text:PinModeSet)
                  20008c3c    00000040     rtsv7M4_T_le_v4SPD16_eabi.lib : vsnprintf.c.obj (.text:vsnprintf)
                  20008c7c    0000003e                                   : _printfi.c.obj (.text:_fcpy)
                  20008cba    00000002     --HOLE-- [fill = 0]
                  20008cbc    0000003c     driverlib.a : prcm.obj (.text:PRCMPeripheralClkEnable)
                  20008cf8    0000003c     rtsv7M4_T_le_v4SPD16_eabi.lib : memory.c.obj (.text:minsert)
                  20008d34    00000038                                   : trgmsg.c.obj (.text:__TI_writemsg)
                  20008d6c    00000038                                   : boot_cortex_m.c.obj (.text:_c_int00_noargs:_c_int00_noargs)
                  20008da4    00000038                                   : memory.c.obj (.text:minit)
                  20008ddc    00000036     driverlib.a : gpio.obj (.text:GPIODirModeSet)
                  20008e12    00000036     rtsv7M4_T_le_v4SPD16_eabi.lib : strncpy.c.obj (.text:strncpy)
                  20008e48    00000034                                   : fopen.c.obj (.text:__TI_cleanup)
                  20008e7c    00000034                                   : trgmsg.c.obj (.text:__TI_readmsg)
                  20008eb0    00000030     driverlib.a : pin.obj (.text:PinTypeGPIO)
                  20008ee0    00000030                 : uart.obj (.text:UARTDisable)
                  20008f10    00000030     rtsv7M4_T_le_v4SPD16_eabi.lib : vsnprintf.c.obj (.text:_outs)
                  20008f40    00000030                                   : getdevice.c.obj (.text:finddevice)
                  20008f70    0000002e                                   : i_tofd_t2.asm.obj (.text)
                  20008f9e    00000002     --HOLE-- [fill = 0]
                  20008fa0    0000002c     driverlib.a : prcm.obj (.text:PRCMSysResetCauseGet)
                  20008fcc    0000002c     rtsv7M4_T_le_v4SPD16_eabi.lib : unlink.c.obj (.text:unlink)
                  20008ff8    0000002a     driverlib.a : spi.obj (.text:SPIDataGetNonBlocking)
                  20009022    0000002a                 : timer.obj (.text:TimerLoadSet)
                  2000904c    0000002a                 : timer.obj (.text:TimerPrescaleSet)
                  20009076    00000002     --HOLE-- [fill = 0]
                  20009078    00000028                 : prcm.obj (.text:PRCMPeripheralClkDisable)
                  200090a0    00000028     rtsv7M4_T_le_v4SPD16_eabi.lib : lseek.c.obj (.text:lseek)
                  200090c8    00000028                                   : memory.c.obj (.text:mremove)
                  200090f0    00000028                                   : write.c.obj (.text:write)
                  20009118    00000024     driverlib.a : uart.obj (.text:UARTEnable)
                  2000913c    00000024     rtsv7M4_T_le_v4SPD16_eabi.lib : memmov.c.obj (.text:memmove)
                  20009160    00000022     driverlib.a : gpio.obj (.text:GPIOIntStatus)
                  20009182    00000022                 : spi.obj (.text:SPIReset)
                  200091a4    00000020                 : gpio.obj (.text:GPIOPinWrite)
                  200091c4    00000020                 : interrupt.obj (.text:IntRegister)
                  200091e4    00000020                 : spi.obj (.text:SPIDataGet)
                  20009204    00000020     rtsv7M4_T_le_v4SPD16_eabi.lib : memchr.c.obj (.text:memchr)
                  20009224    0000001e     driverlib.a : spi.obj (.text:SPIDataPut)
                  20009242    0000001e                 : timer.obj (.text:TimerEnable)
                  20009260    0000001e                 : uart.obj (.text:UARTCharPut)
                  2000927e    0000001e                 : uart.obj (.text:UARTIntRegister)
                  2000929c    0000001c                 : timer.obj (.text:TimerValueGet)
                  200092b8    0000001c                 : uart.obj (.text:UARTCharGetNonBlocking)
                  200092d4    0000001c     rtsv7M4_T_le_v4SPD16_eabi.lib : memccpy.c.obj (.text:memccpy)
                  200092f0    0000001a     driverlib.a : pin.obj (.text:PinTypeSPI)
                  2000930a    0000001a                 : pin.obj (.text:PinTypeUART)
                  20009324    00000018                 : spi.obj (.text:SPICSDisable)
                  2000933c    00000018                 : spi.obj (.text:SPICSEnable)
                  20009354    00000018                 : spi.obj (.text:SPIEnable)
                  2000936c    00000018                 : timer.obj (.text:TimerIntDisable)
                  20009384    00000018                 : timer.obj (.text:TimerIntEnable)
                  2000939c    00000018                 : uart.obj (.text:UARTCharsAvail)
                  200093b4    00000018                 : uart.obj (.text:UARTFIFOLevelSet)
                  200093cc    00000018                 : uart.obj (.text:UARTIntEnable)
                  200093e4    00000018     rtsv7M4_T_le_v4SPD16_eabi.lib : vsnprintf.c.obj (.text:_outc)
                  200093fc    00000018                                   : strcmp.c.obj (.text:strcmp)
                  20009414    00000016     driverlib.a : prcm.obj (.text:PRCMHIBRegRead)
                  2000942a    00000016                 : prcm.obj (.text:PRCMHIBRegWrite)
                  20009440    00000016                 : uart.obj (.text:UARTCharGet)
                  20009456    00000016                 : uart.obj (.text:UARTFIFOEnable)
                  2000946c    00000016     rtsv7M4_T_le_v4SPD16_eabi.lib : strchr.c.obj (.text:strchr)
                  20009482    00000014     driverlib.a : cpu.obj (.text:CPUcpsie)
                  20009496    00000014                 : gpio.obj (.text:GPIOIntClear)
                  200094aa    00000002     --HOLE-- [fill = 0]
                  200094ac    00000014                 : interrupt.obj (.text:IntVTableBaseSet)
                  200094c0    00000014     rtsv7M4_T_le_v4SPD16_eabi.lib : s_copysign.c.obj (.text:copysign)
                  200094d4    00000014                                   : strcpy.c.obj (.text:strcpy)
                  200094e8    00000014                                   : strlen.c.obj (.text:strlen)
                  200094fc    00000012     driverlib.a : timer.obj (.text:TimerIntClear)
                  2000950e    00000012                 : uart.obj (.text:UARTIntClear)
                  20009520    00000012     rtsv7M4_T_le_v4SPD16_eabi.lib : wcslen.c.obj (.text:wcslen)
                  20009532    0000000e                                   : copy_decompress_none.c.obj (.text:decompress:none:__TI_decompress_none)
                  20009540    0000000e     startup_ccs.obj (.text)
                  2000954e    0000000c     rtsv7M4_T_le_v4SPD16_eabi.lib : copy_zero_init.c.obj (.text:decompress:ZI:__TI_zero_init)
                  2000955a    0000000a     driverlib.a : interrupt.obj (.text:IntMasterEnable)
                  20009564    00000008     rtsv7M4_T_le_v4SPD16_eabi.lib : errno.c.obj (.text:__aeabi_errno_addr)
                  2000956c    00000006     driverlib.a : utils.obj (.text:UtilsDelay)
                  20009572    00000004     rtsv7M4_T_le_v4SPD16_eabi.lib : printf.c.obj (.text:_outc)
                  20009576    00000004                                   : printf.c.obj (.text:_outs)
                  2000957a    00000004                                   : pre_init.c.obj (.text:_system_pre_init)
                  2000957e    00000004                                   : exit.c.obj (.text:abort:abort)

.const     0    20009584    00000844     
                  20009584    000004fb     Adafruit_GFX.obj (.const:.string:font)
                  20009a7f    00000101     rtsv7M4_T_le_v4SPD16_eabi.lib : ctype.c.obj (.const:.string:_ctypes_)
                  20009b80    00000100     driverlib.a : pin.obj (.const:g_ulPinToPadMap)
                  20009c80    000000a8                 : prcm.obj (.const:PRCM_PeriphRegsList)
                  20009d28    00000080                 : interrupt.obj (.const)
                  20009da8    00000010     main.obj (.const:$P$T0$1)
                  20009db8    00000010     driverlib.a : uart.obj (.const)

.cinit     0    20009dc8    000000e0     
                  20009dc8    000000bb     (.cinit..data.load) [load image, compression = lzss]
                  20009e83    00000001     --HOLE-- [fill = 0]
                  20009e84    0000000c     (__TI_handler_table)
                  20009e90    00000008     (.cinit..bss.load) [load image, compression = zero_init]
                  20009e98    00000010     (__TI_cinit_table)

.bss       0    20017000    00000ae0     UNINITIALIZED
                  20017000    00000668     (.common:samples)
                  20017668    00000120     rtsv7M4_T_le_v4SPD16_eabi.lib : trgmsg.c.obj (.bss:_CIOBUF_)
                  20017788    00000100     (.common:message)
                  20017888    00000100     (.common:receivedMessage)
                  20017988    000000a0     (.common:__TI_tmpnams)
                  20017a28    00000080     (.common:buffer)
                  20017aa8    00000020     (.common:power_all)
                  20017ac8    00000008     (.common:parmbuf)
                  20017ad0    00000004     uart_if.obj (.bss)
                  20017ad4    00000004     (.common:new_dig)
                  20017ad8    00000004     (.common:oldCharTime)
                  20017adc    00000004     (.common:oldTime)

.sysmem    0    20017ae0    00000800     UNINITIALIZED
                  20017ae0    00000008     rtsv7M4_T_le_v4SPD16_eabi.lib : memory.c.obj (.sysmem)
                  20017ae8    000007f8     --HOLE--

.data      0    200182e0    00000260     UNINITIALIZED
                  200182e0    000000f0     rtsv7M4_T_le_v4SPD16_eabi.lib : defs.c.obj (.data:_ftable)
                  200183d0    00000078                                   : write.c.obj (.data:_device)
                  20018448    00000050                                   : write.c.obj (.data:_stream)
                  20018498    0000003c     main.obj (.data)
                  200184d4    00000020     main.obj (.data:coeff)
                  200184f4    00000015     Adafruit_GFX.obj (.data)
                  20018509    00000003     --HOLE--
                  2001850c    00000010     rtsv7M4_T_le_v4SPD16_eabi.lib : defs.c.obj (.data)
                  2001851c    0000000c                                   : exit.c.obj (.data:$O1$$)
                  20018528    0000000c                                   : memory.c.obj (.data:$O1$$)
                  20018534    00000008                                   : _lock.c.obj (.data:$O1$$)
                  2001853c    00000004                                   : errno.c.obj (.data)

.stack     0    2002ff00    00000100     UNINITIALIZED
                  2002ff00    00000004     rtsv7M4_T_le_v4SPD16_eabi.lib : boot_cortex_m.c.obj (.stack)
                  2002ff04    000000fc     --HOLE--

MODULE SUMMARY

       Module                       code    ro data   rw data
       ------                       ----    -------   -------
    .\
       main.obj                     2288    16        2416   
       Adafruit_GFX.obj             2748    1275      21     
       Adafruit_OLED.obj            1190    0         0      
       startup_ccs.obj              14      1024      0      
       uart_if.obj                  640     0         4      
       pinmux.obj                   232     0         0      
    +--+----------------------------+-------+---------+---------+
       Total:                       7112    2315      2441   
                                                             
    C:/ti/CC3200SDK_1.3.0/cc3200-sdk/driverlib/ccs/Release/driverlib.a
       prcm.obj                     800     168       0      
       pin.obj                      300     256       0      
       uart.obj                     492     16        0      
       timer.obj                    388     0         0      
       spi.obj                      370     0         0      
       interrupt.obj                230     128       0      
       gpio.obj                     140     0         0      
       cpu.obj                      20      0         0      
       utils.obj                    6       0         0      
    +--+----------------------------+-------+---------+---------+
       Total:                       2746    568       0      
                                                             
    C:\ti\ccsv8\tools\compiler\ti-cgt-arm_18.1.4.LTS\lib\rtsv7M4_T_le_v4SPD16_eabi.lib
       _printfi.c.obj               4867    0         0      
       memory.c.obj                 768     0         12     
       fd_add_t2.asm.obj            438     0         0      
       defs.c.obj                   0       0         416    
       trgmsg.c.obj                 108     0         288    
       fd_div_t2.asm.obj            310     0         0      
       fputs.c.obj                  276     0         0      
       s_scalbn.c.obj               272     0         0      
       fd_cmp_t2.asm.obj            268     0         0      
       ctype.c.obj                  0       257       0      
       fd_mul_t2.asm.obj            252     0         0      
       write.c.obj                  40      0         200    
       setvbuf.c.obj                220     0         0      
       memcpy_t2.asm.obj            156     0         0      
       ull_div_t2.asm.obj           150     0         0      
       fputc.c.obj                  140     0         0      
       vsnprintf.c.obj              136     0         0      
       memset_t2.asm.obj            122     0         0      
       fclose.c.obj                 116     0         0      
       getdevice.c.obj              116     0         0      
       printf.c.obj                 112     0         0      
       copy_decompress_lzss.c.obj   104     0         0      
       hostlseek.c.obj              104     0         0      
       hostopen.c.obj               96      0         8      
       hostrename.c.obj             104     0         0      
       fseek.c.obj                  100     0         0      
       s_frexp.c.obj                100     0         0      
       _io_perm.c.obj               98      0         0      
       close.c.obj                  92      0         0      
       exit.c.obj                   76      0         12     
       hostread.c.obj               88      0         0      
       hostwrite.c.obj              88      0         0      
       ltoa.c.obj                   84      0         0      
       atoi.c.obj                   76      0         0      
       fflush.c.obj                 76      0         0      
       fd_toi_t2.asm.obj            72      0         0      
       autoinit.c.obj               68      0         0      
       hostclose.c.obj              68      0         0      
       hostunlink.c.obj             68      0         0      
       boot_cortex_m.c.obj          56      0         0      
       strncpy.c.obj                54      0         0      
       fopen.c.obj                  52      0         0      
       i_tofd_t2.asm.obj            46      0         0      
       unlink.c.obj                 44      0         0      
       lseek.c.obj                  40      0         0      
       memmov.c.obj                 36      0         0      
       memchr.c.obj                 32      0         0      
       memccpy.c.obj                28      0         0      
       strcmp.c.obj                 24      0         0      
       strchr.c.obj                 22      0         0      
       s_copysign.c.obj             20      0         0      
       strcpy.c.obj                 20      0         0      
       strlen.c.obj                 20      0         0      
       wcslen.c.obj                 18      0         0      
       copy_decompress_none.c.obj   14      0         0      
       copy_zero_init.c.obj         12      0         0      
       errno.c.obj                  8       0         4      
       _lock.c.obj                  2       0         8      
       pre_init.c.obj               4       0         0      
       div0.asm.obj                 2       0         0      
    +--+----------------------------+-------+---------+---------+
       Total:                       10983   257       948    
                                                             
       Heap:                        0       0         2048   
       Stack:                       0       0         256    
       Linker Generated:            0       223       0      
    +--+----------------------------+-------+---------+---------+
       Grand Total:                 20841   3363      5693   


LINKER GENERATED COPY TABLES

__TI_cinit_table @ 20009e98 records: 2, size/record: 8, table size: 16
	.data: load addr=20009dc8, load size=000000bb bytes, run addr=200182e0, run size=00000260 bytes, compression=lzss
	.bss: load addr=20009e90, load size=00000008 bytes, run addr=20017000, run size=00000ae0 bytes, compression=zero_init


LINKER GENERATED HANDLER TABLE

__TI_handler_table @ 20009e84 records: 3, size/record: 4, table size: 12
	index: 0, handler: __TI_decompress_lzss
	index: 1, handler: __TI_decompress_none
	index: 2, handler: __TI_zero_init


GLOBAL SYMBOLS: SORTED ALPHABETICALLY BY Name 

address   name                           
-------   ----                           
20006295  Adafruit_Init                  
2000957f  C$$EXIT                        
20008d63  C$$IO$$                        
20009483  CPUcpsie                       
200066f5  ClearTerm                      
2000640b  Color565                       
200066ff  Error                          
20008ddd  GPIODirModeSet                 
20009497  GPIOIntClear                   
20009161  GPIOIntStatus                  
200091a5  GPIOPinWrite                   
20006737  GetCmd                         
20008a65  HOSTclose                      
200083b1  HOSTlseek                      
2000867d  HOSTopen                       
20008739  HOSTread                       
20008419  HOSTrename                     
20008aa9  HOSTunlink                     
20008791  HOSTwrite                      
200066b5  InitTerm                       
20007bc1  IntEnable                      
2000955b  IntMasterEnable                
200091c5  IntRegister                    
200094ad  IntVTableBaseSet               
20005c91  InterruptHandler               
200066d3  Message                        
200184c8  N                              
20004dab  Outstr                         
20006f2d  PRCMCC3200MCUInit              
20009415  PRCMHIBRegRead                 
2000942b  PRCMHIBRegWrite                
20009079  PRCMPeripheralClkDisable       
20008cbd  PRCMPeripheralClkEnable        
20007e3d  PRCMPeripheralClockGet         
200087e9  PRCMPeripheralReset            
20008fa1  PRCMSysResetCauseGet           
20007f5d  PinConfigSet                   
20008bfd  PinModeSet                     
20007871  PinMuxConfig                   
20008eb1  PinTypeGPIO                    
200092f1  PinTypeSPI                     
2000930b  PinTypeUART                    
20006875  Report                         
20009541  ResetISR                       
20009325  SPICSDisable                   
2000933d  SPICSEnable                    
20007c69  SPIConfigSetExpClk             
200091e5  SPIDataGet                     
20008ff9  SPIDataGetNonBlocking          
20009225  SPIDataPut                     
20009355  SPIEnable                      
20009183  SPIReset                       
20008aed  TimerConfigure                 
20009243  TimerEnable                    
20005ddd  TimerISR                       
200094fd  TimerIntClear                  
2000936d  TimerIntDisable                
20009385  TimerIntEnable                 
200082d1  TimerIntRegister               
20009023  TimerLoadSet                   
2000904d  TimerPrescaleSet               
2000929d  TimerValueGet                  
200067dd  TrimSpace                      
20009441  UARTCharGet                    
200092b9  UARTCharGetNonBlocking         
20009261  UARTCharPut                    
2000939d  UARTCharsAvail                 
200081e5  UARTConfigSetExpClk            
20008ee1  UARTDisable                    
20009119  UARTEnable                     
20009457  UARTFIFOEnable                 
200093b5  UARTFIFOLevelSet               
20005d2d  UARTHandler                    
2000950f  UARTIntClear                   
200093cd  UARTIntEnable                  
2000927f  UARTIntRegister                
2000956d  UtilsDelay                     
20017668  __CIOBUF_                      
20030000  __STACK_END                    
00000100  __STACK_SIZE                   
00000800  __SYSMEM_SIZE                  
20009e98  __TI_CINIT_Base                
20009ea8  __TI_CINIT_Limit               
20009e84  __TI_Handler_Table_Base        
20009e90  __TI_Handler_Table_Limit       
20008b75  __TI_auto_init_nobinit_nopinit 
20008e49  __TI_cleanup                   
2001851c  __TI_cleanup_ptr               
2000825d  __TI_closefile                 
20008481  __TI_decompress_lzss           
20009533  __TI_decompress_none           
2000893d  __TI_doflush                   
20018520  __TI_dtors_ptr                 
20018524  __TI_enable_exit_profile_output
2001850c  __TI_ft_end                    
ffffffff  __TI_pprof_out_hndl            
20004ebd  __TI_printfi                   
ffffffff  __TI_prof_data_size            
ffffffff  __TI_prof_data_start           
20008e7d  __TI_readmsg                   
20009dc8  __TI_static_base__             
20017988  __TI_tmpnams                   
20008d35  __TI_writemsg                  
20008619  __TI_wrt_ok                    
2000954f  __TI_zero_init                 
20007fe5  __aeabi_cdcmpeq                
20007fe5  __aeabi_cdcmple                
2000806b  __aeabi_cdrcmple               
20008a1d  __aeabi_d2iz                   
20006d7f  __aeabi_dadd                   
200071e1  __aeabi_ddiv                   
20007775  __aeabi_dmul                   
20006d75  __aeabi_dsub                   
20009565  __aeabi_errno_addr             
20008f71  __aeabi_i2d                    
200066b3  __aeabi_idiv0                  
200066b3  __aeabi_ldiv0                  
200080f1  __aeabi_memclr                 
200080f1  __aeabi_memclr4                
200080f1  __aeabi_memclr8                
20007d09  __aeabi_memcpy                 
20007d09  __aeabi_memcpy4                
20007d09  __aeabi_memcpy8                
200080f3  __aeabi_memset                 
200080f3  __aeabi_memset4                
200080f3  __aeabi_memset8                
20018518  __aeabi_stderr                 
20018510  __aeabi_stdin                  
20018514  __aeabi_stdout                 
20007da5  __aeabi_uldivmod               
ffffffff  __binit__                      
ffffffff  __c_args__                     
UNDEFED   __mpu_init                     
2002ff00  __stack                        
20008d6d  _c_int00_noargs                
20009a7f  _ctypes_                       
200183d0  _device                        
200182e0  _ftable                        
20018534  _lock                          
2000591b  _nop                           
20018448  _stream                        
20017ae0  _sys_memory                    
UNDEFED   _system_post_cinit             
2000957b  _system_pre_init               
20018538  _unlock                        
2000957f  abort                          
20008989  atoi                           
ffffffff  binit                          
20017a28  buffer                         
200184ac  bufferCount                    
200184b8  charCounter                    
200086dd  close                          
200184d4  coeff                          
200094c1  copysign                       
200094c1  copysignl                      
200184b4  currentChar                    
200184a8  currentState                   
200184f4  cursor_x                       
20018498  cursor_x2                      
200184f8  cursor_y                       
2001849c  cursor_y2                      
200059a3  decode                         
2000591d  delay                          
20005951  determineState                 
20004c5f  drawChar                       
20004401  drawCircle                     
20004535  drawCircleHelper               
200065bd  drawFastHLine                  
20006521  drawFastVLine                  
2000477b  drawLine                       
20006659  drawPixel                      
20004867  drawRect                       
200048b5  drawRoundRect                  
20004a1d  drawTriangle                   
2001853c  errno                          
200089d5  exit                           
20004653  fillCircle                     
2000468d  fillCircleHelper               
20006463  fillRect                       
200049a3  fillRoundRect                  
2000644d  fillScreen                     
20004a5f  fillTriangle                   
20008f41  finddevice                     
200184d0  flag                           
20007ed1  fputc                          
2000743d  fputs                          
20007a35  free                           
20008551  frexp                          
20008551  frexpl                         
200085b5  fseek                          
200184a4  g_iCounter                     
20004000  g_pfnVectors                   
20008bb9  getdevice                      
200063c7  goTo                           
20005e7d  goertzel                       
20004e9b  height                         
20006697  invert                         
20007665  ldexp                          
20007665  ldexpl                         
200090a1  lseek                          
20008897  ltoa                           
2000604d  main                           
2000816d  malloc                         
200092d5  memccpy                        
20009205  memchr                         
20007d09  memcpy                         
2000913d  memmove                        
200080f9  memset                         
20017788  message                        
200184c4  messageIndex                   
200184c0  messageLength                  
20008da5  minit                          
20017ad4  new_dig                        
20017ad8  oldCharTime                    
20017adc  oldTime                        
200184a0  p                              
20017ac8  parmbuf                        
20005f2d  post_test                      
20017aa8  power_all                      
200184b0  previousButton                 
200084e9  printf                         
20007ed1  putc                           
20007551  realloc                        
20017888  receivedMessage                
20008fcd  remove                         
200184bc  rmessageIndex                  
200184cc  sampleCount                    
20017000  samples                        
20007665  scalbn                         
20007665  scalbnl                        
20005a55  sendMessage                    
20004e33  setCursor                      
20004e6b  setTextColor                   
20004e4b  setTextSize                    
20004e83  setTextWrap                    
20007959  setvbuf                        
2000946d  strchr                         
200093fd  strcmp                         
200094d5  strcpy                         
200094e9  strlen                         
20008e13  strncpy                        
20018504  textbgcolor                    
20018500  textcolor                      
200184fc  textsize                       
20008fcd  unlink                         
20008c3d  vsnprintf                      
20009521  wcslen                         
20004e97  width                          
20018508  wrap                           
200090f1  write                          
2000620d  writeCommand                   
20006251  writeData                      


GLOBAL SYMBOLS: SORTED BY Symbol Address 

address   name                           
-------   ----                           
00000100  __STACK_SIZE                   
00000800  __SYSMEM_SIZE                  
20004000  g_pfnVectors                   
20004401  drawCircle                     
20004535  drawCircleHelper               
20004653  fillCircle                     
2000468d  fillCircleHelper               
2000477b  drawLine                       
20004867  drawRect                       
200048b5  drawRoundRect                  
200049a3  fillRoundRect                  
20004a1d  drawTriangle                   
20004a5f  fillTriangle                   
20004c5f  drawChar                       
20004dab  Outstr                         
20004e33  setCursor                      
20004e4b  setTextSize                    
20004e6b  setTextColor                   
20004e83  setTextWrap                    
20004e97  width                          
20004e9b  height                         
20004ebd  __TI_printfi                   
2000591b  _nop                           
2000591d  delay                          
20005951  determineState                 
200059a3  decode                         
20005a55  sendMessage                    
20005c91  InterruptHandler               
20005d2d  UARTHandler                    
20005ddd  TimerISR                       
20005e7d  goertzel                       
20005f2d  post_test                      
2000604d  main                           
2000620d  writeCommand                   
20006251  writeData                      
20006295  Adafruit_Init                  
200063c7  goTo                           
2000640b  Color565                       
2000644d  fillScreen                     
20006463  fillRect                       
20006521  drawFastVLine                  
200065bd  drawFastHLine                  
20006659  drawPixel                      
20006697  invert                         
200066b3  __aeabi_idiv0                  
200066b3  __aeabi_ldiv0                  
200066b5  InitTerm                       
200066d3  Message                        
200066f5  ClearTerm                      
200066ff  Error                          
20006737  GetCmd                         
200067dd  TrimSpace                      
20006875  Report                         
20006d75  __aeabi_dsub                   
20006d7f  __aeabi_dadd                   
20006f2d  PRCMCC3200MCUInit              
200071e1  __aeabi_ddiv                   
2000743d  fputs                          
20007551  realloc                        
20007665  ldexp                          
20007665  ldexpl                         
20007665  scalbn                         
20007665  scalbnl                        
20007775  __aeabi_dmul                   
20007871  PinMuxConfig                   
20007959  setvbuf                        
20007a35  free                           
20007bc1  IntEnable                      
20007c69  SPIConfigSetExpClk             
20007d09  __aeabi_memcpy                 
20007d09  __aeabi_memcpy4                
20007d09  __aeabi_memcpy8                
20007d09  memcpy                         
20007da5  __aeabi_uldivmod               
20007e3d  PRCMPeripheralClockGet         
20007ed1  fputc                          
20007ed1  putc                           
20007f5d  PinConfigSet                   
20007fe5  __aeabi_cdcmpeq                
20007fe5  __aeabi_cdcmple                
2000806b  __aeabi_cdrcmple               
200080f1  __aeabi_memclr                 
200080f1  __aeabi_memclr4                
200080f1  __aeabi_memclr8                
200080f3  __aeabi_memset                 
200080f3  __aeabi_memset4                
200080f3  __aeabi_memset8                
200080f9  memset                         
2000816d  malloc                         
200081e5  UARTConfigSetExpClk            
2000825d  __TI_closefile                 
200082d1  TimerIntRegister               
200083b1  HOSTlseek                      
20008419  HOSTrename                     
20008481  __TI_decompress_lzss           
200084e9  printf                         
20008551  frexp                          
20008551  frexpl                         
200085b5  fseek                          
20008619  __TI_wrt_ok                    
2000867d  HOSTopen                       
200086dd  close                          
20008739  HOSTread                       
20008791  HOSTwrite                      
200087e9  PRCMPeripheralReset            
20008897  ltoa                           
2000893d  __TI_doflush                   
20008989  atoi                           
200089d5  exit                           
20008a1d  __aeabi_d2iz                   
20008a65  HOSTclose                      
20008aa9  HOSTunlink                     
20008aed  TimerConfigure                 
20008b75  __TI_auto_init_nobinit_nopinit 
20008bb9  getdevice                      
20008bfd  PinModeSet                     
20008c3d  vsnprintf                      
20008cbd  PRCMPeripheralClkEnable        
20008d35  __TI_writemsg                  
20008d63  C$$IO$$                        
20008d6d  _c_int00_noargs                
20008da5  minit                          
20008ddd  GPIODirModeSet                 
20008e13  strncpy                        
20008e49  __TI_cleanup                   
20008e7d  __TI_readmsg                   
20008eb1  PinTypeGPIO                    
20008ee1  UARTDisable                    
20008f41  finddevice                     
20008f71  __aeabi_i2d                    
20008fa1  PRCMSysResetCauseGet           
20008fcd  remove                         
20008fcd  unlink                         
20008ff9  SPIDataGetNonBlocking          
20009023  TimerLoadSet                   
2000904d  TimerPrescaleSet               
20009079  PRCMPeripheralClkDisable       
200090a1  lseek                          
200090f1  write                          
20009119  UARTEnable                     
2000913d  memmove                        
20009161  GPIOIntStatus                  
20009183  SPIReset                       
200091a5  GPIOPinWrite                   
200091c5  IntRegister                    
200091e5  SPIDataGet                     
20009205  memchr                         
20009225  SPIDataPut                     
20009243  TimerEnable                    
20009261  UARTCharPut                    
2000927f  UARTIntRegister                
2000929d  TimerValueGet                  
200092b9  UARTCharGetNonBlocking         
200092d5  memccpy                        
200092f1  PinTypeSPI                     
2000930b  PinTypeUART                    
20009325  SPICSDisable                   
2000933d  SPICSEnable                    
20009355  SPIEnable                      
2000936d  TimerIntDisable                
20009385  TimerIntEnable                 
2000939d  UARTCharsAvail                 
200093b5  UARTFIFOLevelSet               
200093cd  UARTIntEnable                  
200093fd  strcmp                         
20009415  PRCMHIBRegRead                 
2000942b  PRCMHIBRegWrite                
20009441  UARTCharGet                    
20009457  UARTFIFOEnable                 
2000946d  strchr                         
20009483  CPUcpsie                       
20009497  GPIOIntClear                   
200094ad  IntVTableBaseSet               
200094c1  copysign                       
200094c1  copysignl                      
200094d5  strcpy                         
200094e9  strlen                         
200094fd  TimerIntClear                  
2000950f  UARTIntClear                   
20009521  wcslen                         
20009533  __TI_decompress_none           
20009541  ResetISR                       
2000954f  __TI_zero_init                 
2000955b  IntMasterEnable                
20009565  __aeabi_errno_addr             
2000956d  UtilsDelay                     
2000957b  _system_pre_init               
2000957f  C$$EXIT                        
2000957f  abort                          
20009a7f  _ctypes_                       
20009dc8  __TI_static_base__             
20009e84  __TI_Handler_Table_Base        
20009e90  __TI_Handler_Table_Limit       
20009e98  __TI_CINIT_Base                
20009ea8  __TI_CINIT_Limit               
20017000  samples                        
20017668  __CIOBUF_                      
20017788  message                        
20017888  receivedMessage                
20017988  __TI_tmpnams                   
20017a28  buffer                         
20017aa8  power_all                      
20017ac8  parmbuf                        
20017ad4  new_dig                        
20017ad8  oldCharTime                    
20017adc  oldTime                        
20017ae0  _sys_memory                    
200182e0  _ftable                        
200183d0  _device                        
20018448  _stream                        
20018498  cursor_x2                      
2001849c  cursor_y2                      
200184a0  p                              
200184a4  g_iCounter                     
200184a8  currentState                   
200184ac  bufferCount                    
200184b0  previousButton                 
200184b4  currentChar                    
200184b8  charCounter                    
200184bc  rmessageIndex                  
200184c0  messageLength                  
200184c4  messageIndex                   
200184c8  N                              
200184cc  sampleCount                    
200184d0  flag                           
200184d4  coeff                          
200184f4  cursor_x                       
200184f8  cursor_y                       
200184fc  textsize                       
20018500  textcolor                      
20018504  textbgcolor                    
20018508  wrap                           
2001850c  __TI_ft_end                    
20018510  __aeabi_stdin                  
20018514  __aeabi_stdout                 
20018518  __aeabi_stderr                 
2001851c  __TI_cleanup_ptr               
20018520  __TI_dtors_ptr                 
20018524  __TI_enable_exit_profile_output
20018534  _lock                          
20018538  _unlock                        
2001853c  errno                          
2002ff00  __stack                        
20030000  __STACK_END                    
ffffffff  __TI_pprof_out_hndl            
ffffffff  __TI_prof_data_size            
ffffffff  __TI_prof_data_start           
ffffffff  __binit__                      
ffffffff  __c_args__                     
ffffffff  binit                          
UNDEFED   __mpu_init                     
UNDEFED   _system_post_cinit             

[252 symbols]
