******************************************************************************
                  TI ARM Linker PC v18.1.4                     
******************************************************************************
>> Linked Sun Feb 17 20:12:55 2019

OUTPUT FILE NAME:   <Lab3_p1.out>
ENTRY POINT SYMBOL: "_c_int00_noargs"  address: 200082f1


MEMORY CONFIGURATION

         name            origin    length      used     unused   attr    fill
----------------------  --------  ---------  --------  --------  ----  --------
  SRAM_CODE             20004000   00013000  000051a6  0000de5a  RW X
  SRAM_DATA             20017000   00019000  00000bec  00018414  RW X


SEGMENT ALLOCATION MAP

run origin  load origin   length   init length attrs members
----------  ----------- ---------- ----------- ----- -------
20004000    20004000    000051a8   000051a8    r-x
  20004000    20004000    00000400   00000400    r-- .intvecs
  20004400    20004400    00004512   00004512    r-x .text
  20008914    20008914    00000834   00000834    r-- .const
  20009148    20009148    00000060   00000060    r-- .cinit
20017000    20017000    00000aec   00000000    rw-
  20017000    20017000    00000800   00000000    rw- .sysmem
  20017800    20017800    0000028c   00000000    rw- .bss
  20017a8c    20017a8c    00000060   00000000    rw- .data
2002ff00    2002ff00    00000100   00000000    rw-
  2002ff00    2002ff00    00000100   00000000    rw- .stack


SECTION ALLOCATION MAP

 output                                  attributes/
section   page    origin      length       input sections
--------  ----  ----------  ----------   ----------------
.intvecs   0    20004000    00000400     
                  20004000    00000400     startup_ccs.obj (.intvecs)

.init_array 
*          0    20004000    00000000     UNINITIALIZED

.text      0    20004400    00004512     
                  20004400    00000abc     Adafruit_GFX.obj (.text)
                  20004ebc    00000a5e     rtsv7M4_T_le_v4SPD16_eabi.lib : _printfi.c.obj (.text:__TI_printfi)
                  2000591a    00000002                                   : _lock.c.obj (.text:_nop)
                  2000591c    0000061c     main.obj (.text)
                  20005f38    000004a6     Adafruit_OLED.obj (.text)
                  200063de    00000002     rtsv7M4_T_le_v4SPD16_eabi.lib : div0.asm.obj (.text)
                  200063e0    00000280     uart_if.obj (.text)
                  20006660    00000270     rtsv7M4_T_le_v4SPD16_eabi.lib : _printfi.c.obj (.text:_pconv_a)
                  200068d0    000001d0                                   : _printfi.c.obj (.text:_pconv_g)
                  20006aa0    000001b6                                   : fd_add_t2.asm.obj (.text)
                  20006c56    00000002     --HOLE-- [fill = 0]
                  20006c58    00000178     driverlib.a : prcm.obj (.text:PRCMCC3200MCUInit)
                  20006dd0    0000013c     rtsv7M4_T_le_v4SPD16_eabi.lib : _printfi.c.obj (.text:_pconv_e)
                  20006f0c    00000136                                   : fd_div_t2.asm.obj (.text)
                  20007042    00000002     --HOLE-- [fill = 0]
                  20007044    00000124                                   : _printfi.c.obj (.text:fcvt)
                  20007168    00000114                                   : memory.c.obj (.text:realloc)
                  2000727c    00000110                                   : s_scalbn.c.obj (.text:scalbn)
                  2000738c    000000fc                                   : fd_mul_t2.asm.obj (.text)
                  20007488    000000e0     pinmux.obj (.text)
                  20007568    000000d8     rtsv7M4_T_le_v4SPD16_eabi.lib : memory.c.obj (.text:free)
                  20007640    000000b1                                   : _printfi.c.obj (.text:_ltostr)
                  200076f1    00000003     --HOLE-- [fill = 0]
                  200076f4    000000a8     driverlib.a : interrupt.obj (.text:IntEnable)
                  2000779c    000000a0                 : spi.obj (.text:SPIConfigSetExpClk)
                  2000783c    0000009c     rtsv7M4_T_le_v4SPD16_eabi.lib : memcpy_t2.asm.obj (.text)
                  200078d8    00000096                                   : ull_div_t2.asm.obj (.text)
                  2000796e    00000002     --HOLE-- [fill = 0]
                  20007970    00000094     driverlib.a : prcm.obj (.text:PRCMPeripheralClockGet)
                  20007a04    00000088                 : pin.obj (.text:PinConfigSet)
                  20007a8c    00000086     rtsv7M4_T_le_v4SPD16_eabi.lib : fd_cmp_t2.asm.obj (.text:__aeabi_cdcmple)
                  20007b12    00000086                                   : fd_cmp_t2.asm.obj (.text:__aeabi_cdrcmple)
                  20007b98    00000082     driverlib.a : gpio.obj (.text:GPIOIntTypeSet)
                  20007c1a    0000007a     rtsv7M4_T_le_v4SPD16_eabi.lib : memset_t2.asm.obj (.text)
                  20007c94    00000078                                   : memory.c.obj (.text:malloc)
                  20007d0c    00000076     driverlib.a : uart.obj (.text:UARTConfigSetExpClk)
                  20007d82    0000006e     rtsv7M4_T_le_v4SPD16_eabi.lib : _printfi.c.obj (.text:_mcpy)
                  20007df0    00000068                                   : copy_decompress_lzss.c.obj (.text:decompress:lzss:__TI_decompress_lzss)
                  20007e58    00000064                                   : s_frexp.c.obj (.text:frexp)
                  20007ebc    00000058     driverlib.a : prcm.obj (.text:PRCMPeripheralReset)
                  20007f14    00000056     rtsv7M4_T_le_v4SPD16_eabi.lib : _printfi.c.obj (.text:_pconv_f)
                  20007f6a    00000054                                   : ltoa.c.obj (.text:ltoa)
                  20007fbe    00000052                                   : _printfi.c.obj (.text:_ecpy)
                  20008010    0000004c                                   : atoi.c.obj (.text:atoi)
                  2000805c    00000048     driverlib.a : gpio.obj (.text:GPIOGetIntNumber)
                  200080a4    00000048     rtsv7M4_T_le_v4SPD16_eabi.lib : fd_toi_t2.asm.obj (.text)
                  200080ec    00000044     driverlib.a : timer.obj (.text:TimerConfigure)
                  20008130    00000044                 : uart.obj (.text:UARTIntNumberGet)
                  20008174    00000044     rtsv7M4_T_le_v4SPD16_eabi.lib : autoinit.c.obj (.text:__TI_auto_init_nobinit_nopinit:__TI_auto_init_nobinit_nopinit)
                  200081b8    00000040     driverlib.a : pin.obj (.text:PinModeSet)
                  200081f8    00000040     rtsv7M4_T_le_v4SPD16_eabi.lib : vsnprintf.c.obj (.text:vsnprintf)
                  20008238    0000003e                                   : _printfi.c.obj (.text:_fcpy)
                  20008276    00000002     --HOLE-- [fill = 0]
                  20008278    0000003c     driverlib.a : prcm.obj (.text:PRCMPeripheralClkEnable)
                  200082b4    0000003c     rtsv7M4_T_le_v4SPD16_eabi.lib : memory.c.obj (.text:minsert)
                  200082f0    00000038                                   : boot_cortex_m.c.obj (.text:_c_int00_noargs:_c_int00_noargs)
                  20008328    00000038                                   : memory.c.obj (.text:minit)
                  20008360    00000036     driverlib.a : gpio.obj (.text:GPIODirModeSet)
                  20008396    00000030                 : pin.obj (.text:PinTypeGPIO)
                  200083c6    00000002     --HOLE-- [fill = 0]
                  200083c8    00000030                 : uart.obj (.text:UARTDisable)
                  200083f8    00000030     rtsv7M4_T_le_v4SPD16_eabi.lib : vsnprintf.c.obj (.text:_outs)
                  20008428    0000002e                                   : i_tofd_t2.asm.obj (.text)
                  20008456    00000002     --HOLE-- [fill = 0]
                  20008458    0000002c     driverlib.a : prcm.obj (.text:PRCMSysResetCauseGet)
                  20008484    0000002a                 : timer.obj (.text:TimerPrescaleSet)
                  200084ae    00000002     --HOLE-- [fill = 0]
                  200084b0    00000028                 : prcm.obj (.text:PRCMPeripheralClkDisable)
                  200084d8    00000028     rtsv7M4_T_le_v4SPD16_eabi.lib : memory.c.obj (.text:mremove)
                  20008500    00000024     driverlib.a : uart.obj (.text:UARTEnable)
                  20008524    00000024     rtsv7M4_T_le_v4SPD16_eabi.lib : memmov.c.obj (.text:memmove)
                  20008548    00000022     driverlib.a : gpio.obj (.text:GPIOIntStatus)
                  2000856a    00000022                 : spi.obj (.text:SPIReset)
                  2000858c    00000020                 : gpio.obj (.text:GPIOPinWrite)
                  200085ac    00000020                 : interrupt.obj (.text:IntRegister)
                  200085cc    00000020                 : spi.obj (.text:SPIDataGet)
                  200085ec    0000001e                 : gpio.obj (.text:GPIOIntRegister)
                  2000860a    0000001e                 : spi.obj (.text:SPIDataPut)
                  20008628    0000001e                 : timer.obj (.text:TimerEnable)
                  20008646    0000001e                 : uart.obj (.text:UARTCharPut)
                  20008664    0000001e                 : uart.obj (.text:UARTIntRegister)
                  20008682    0000001c                 : timer.obj (.text:TimerValueGet)
                  2000869e    0000001c                 : uart.obj (.text:UARTCharGetNonBlocking)
                  200086ba    0000001c     rtsv7M4_T_le_v4SPD16_eabi.lib : memccpy.c.obj (.text:memccpy)
                  200086d6    0000001a     driverlib.a : gpio.obj (.text:GPIOIntEnable)
                  200086f0    0000001a                 : pin.obj (.text:PinTypeSPI)
                  2000870a    0000001a                 : pin.obj (.text:PinTypeUART)
                  20008724    00000018                 : spi.obj (.text:SPICSDisable)
                  2000873c    00000018                 : spi.obj (.text:SPICSEnable)
                  20008754    00000018                 : spi.obj (.text:SPIEnable)
                  2000876c    00000018                 : uart.obj (.text:UARTCharsAvail)
                  20008784    00000018                 : uart.obj (.text:UARTFIFOLevelSet)
                  2000879c    00000018                 : uart.obj (.text:UARTIntEnable)
                  200087b4    00000018     rtsv7M4_T_le_v4SPD16_eabi.lib : vsnprintf.c.obj (.text:_outc)
                  200087cc    00000016     driverlib.a : prcm.obj (.text:PRCMHIBRegRead)
                  200087e2    00000016                 : prcm.obj (.text:PRCMHIBRegWrite)
                  200087f8    00000016                 : uart.obj (.text:UARTCharGet)
                  2000880e    00000016                 : uart.obj (.text:UARTFIFOEnable)
                  20008824    00000016     rtsv7M4_T_le_v4SPD16_eabi.lib : strchr.c.obj (.text:strchr)
                  2000883a    00000014     driverlib.a : cpu.obj (.text:CPUcpsie)
                  2000884e    00000014                 : gpio.obj (.text:GPIOIntClear)
                  20008862    00000002     --HOLE-- [fill = 0]
                  20008864    00000014                 : interrupt.obj (.text:IntVTableBaseSet)
                  20008878    00000014     rtsv7M4_T_le_v4SPD16_eabi.lib : s_copysign.c.obj (.text:copysign)
                  2000888c    00000014                                   : strlen.c.obj (.text:strlen)
                  200088a0    00000012     driverlib.a : uart.obj (.text:UARTIntClear)
                  200088b2    00000012     rtsv7M4_T_le_v4SPD16_eabi.lib : copy_zero_init.c.obj (.text:decompress:ZI:__TI_zero_init_nomemset:__TI_zero_init_nomemset)
                  200088c4    00000012                                   : wcslen.c.obj (.text:wcslen)
                  200088d6    0000000e                                   : copy_decompress_none.c.obj (.text:decompress:none:__TI_decompress_none)
                  200088e4    0000000e     startup_ccs.obj (.text)
                  200088f2    0000000a     driverlib.a : interrupt.obj (.text:IntMasterEnable)
                  200088fc    00000008     rtsv7M4_T_le_v4SPD16_eabi.lib : errno.c.obj (.text:__aeabi_errno_addr)
                  20008904    00000006     driverlib.a : utils.obj (.text:UtilsDelay)
                  2000890a    00000004     rtsv7M4_T_le_v4SPD16_eabi.lib : pre_init.c.obj (.text:_system_pre_init)
                  2000890e    00000004                                   : exit.c.obj (.text:abort:abort)

.const     0    20008914    00000834     
                  20008914    000004fb     Adafruit_GFX.obj (.const:.string:font)
                  20008e0f    00000101     rtsv7M4_T_le_v4SPD16_eabi.lib : ctype.c.obj (.const:.string:_ctypes_)
                  20008f10    00000100     driverlib.a : pin.obj (.const:g_ulPinToPadMap)
                  20009010    000000a8                 : prcm.obj (.const:PRCM_PeriphRegsList)
                  200090b8    00000080                 : interrupt.obj (.const)
                  20009138    00000010                 : uart.obj (.const)

.cinit     0    20009148    00000060     
                  20009148    0000003a     (.cinit..data.load) [load image, compression = lzss]
                  20009182    00000002     --HOLE-- [fill = 0]
                  20009184    0000000c     (__TI_handler_table)
                  20009190    00000008     (.cinit..bss.load) [load image, compression = zero_init]
                  20009198    00000010     (__TI_cinit_table)

.sysmem    0    20017000    00000800     UNINITIALIZED
                  20017000    00000008     rtsv7M4_T_le_v4SPD16_eabi.lib : memory.c.obj (.sysmem)
                  20017008    000007f8     --HOLE--

.bss       0    20017800    0000028c     UNINITIALIZED
                  20017800    00000100     (.common:message)
                  20017900    00000100     (.common:receivedMessage)
                  20017a00    00000080     (.common:buffer)
                  20017a80    00000004     uart_if.obj (.bss)
                  20017a84    00000004     (.common:oldCharTime)
                  20017a88    00000004     (.common:oldTime)

.data      0    20017a8c    00000060     UNINITIALIZED
                  20017a8c    00000030     main.obj (.data)
                  20017abc    00000015     Adafruit_GFX.obj (.data)
                  20017ad1    00000003     --HOLE--
                  20017ad4    0000000c     rtsv7M4_T_le_v4SPD16_eabi.lib : memory.c.obj (.data:$O1$$)
                  20017ae0    00000008                                   : _lock.c.obj (.data:$O1$$)
                  20017ae8    00000004                                   : errno.c.obj (.data)

.stack     0    2002ff00    00000100     UNINITIALIZED
                  2002ff00    00000004     rtsv7M4_T_le_v4SPD16_eabi.lib : boot_cortex_m.c.obj (.stack)
                  2002ff04    000000fc     --HOLE--

MODULE SUMMARY

       Module                       code    ro data   rw data
       ------                       ----    -------   -------
    .\
       Adafruit_GFX.obj             2748    1275      21     
       main.obj                     1564    0         696    
       Adafruit_OLED.obj            1190    0         0      
       startup_ccs.obj              14      1024      0      
       uart_if.obj                  640     0         4      
       pinmux.obj                   224     0         0      
    +--+----------------------------+-------+---------+---------+
       Total:                       6380    2299      721    
                                                             
    C:/ti/CC3200SDK_1.3.0/cc3200-sdk/driverlib/ccs/Release/driverlib.a
       prcm.obj                     800     168       0      
       pin.obj                      300     256       0      
       uart.obj                     492     16        0      
       gpio.obj                     398     0         0      
       interrupt.obj                230     128       0      
       spi.obj                      328     0         0      
       timer.obj                    168     0         0      
       cpu.obj                      20      0         0      
       utils.obj                    6       0         0      
    +--+----------------------------+-------+---------+---------+
       Total:                       2742    568       0      
                                                             
    C:\ti\ccsv8\tools\compiler\ti-cgt-arm_18.1.4.LTS\lib\rtsv7M4_T_le_v4SPD16_eabi.lib
       _printfi.c.obj               4867    0         0      
       memory.c.obj                 768     0         12     
       fd_add_t2.asm.obj            438     0         0      
       fd_div_t2.asm.obj            310     0         0      
       s_scalbn.c.obj               272     0         0      
       fd_cmp_t2.asm.obj            268     0         0      
       ctype.c.obj                  0       257       0      
       fd_mul_t2.asm.obj            252     0         0      
       memcpy_t2.asm.obj            156     0         0      
       ull_div_t2.asm.obj           150     0         0      
       vsnprintf.c.obj              136     0         0      
       memset_t2.asm.obj            122     0         0      
       copy_decompress_lzss.c.obj   104     0         0      
       s_frexp.c.obj                100     0         0      
       ltoa.c.obj                   84      0         0      
       atoi.c.obj                   76      0         0      
       fd_toi_t2.asm.obj            72      0         0      
       autoinit.c.obj               68      0         0      
       boot_cortex_m.c.obj          56      0         0      
       i_tofd_t2.asm.obj            46      0         0      
       memmov.c.obj                 36      0         0      
       memccpy.c.obj                28      0         0      
       strchr.c.obj                 22      0         0      
       s_copysign.c.obj             20      0         0      
       strlen.c.obj                 20      0         0      
       copy_zero_init.c.obj         18      0         0      
       wcslen.c.obj                 18      0         0      
       copy_decompress_none.c.obj   14      0         0      
       errno.c.obj                  8       0         4      
       _lock.c.obj                  2       0         8      
       exit.c.obj                   4       0         0      
       pre_init.c.obj               4       0         0      
       div0.asm.obj                 2       0         0      
    +--+----------------------------+-------+---------+---------+
       Total:                       8541    257       24     
                                                             
       Heap:                        0       0         2048   
       Stack:                       0       0         256    
       Linker Generated:            0       94        0      
    +--+----------------------------+-------+---------+---------+
       Grand Total:                 17663   3218      3049   


LINKER GENERATED COPY TABLES

__TI_cinit_table @ 20009198 records: 2, size/record: 8, table size: 16
	.data: load addr=20009148, load size=0000003a bytes, run addr=20017a8c, run size=00000060 bytes, compression=lzss
	.bss: load addr=20009190, load size=00000008 bytes, run addr=20017800, run size=0000028c bytes, compression=zero_init


LINKER GENERATED HANDLER TABLE

__TI_handler_table @ 20009184 records: 3, size/record: 4, table size: 12
	index: 0, handler: __TI_decompress_lzss
	index: 1, handler: __TI_decompress_none
	index: 2, handler: __TI_zero_init


GLOBAL SYMBOLS: SORTED ALPHABETICALLY BY Name 

address   name                          
-------   ----                          
20005fc1  Adafruit_Init                 
2000890f  C$$EXIT                       
2000883b  CPUcpsie                      
20006421  ClearTerm                     
20006137  Color565                      
2000642b  Error                         
20008361  GPIODirModeSet                
2000884f  GPIOIntClear                  
200086d7  GPIOIntEnable                 
200085ed  GPIOIntRegister               
20008549  GPIOIntStatus                 
20007b99  GPIOIntTypeSet                
2000858d  GPIOPinWrite                  
20006463  GetCmd                        
200063e1  InitTerm                      
200076f5  IntEnable                     
200088f3  IntMasterEnable               
200085ad  IntRegister                   
20008865  IntVTableBaseSet              
20005c5d  InterruptHandler              
200063ff  Message                       
20004dab  Outstr                        
20006c59  PRCMCC3200MCUInit             
200087cd  PRCMHIBRegRead                
200087e3  PRCMHIBRegWrite               
200084b1  PRCMPeripheralClkDisable      
20008279  PRCMPeripheralClkEnable       
20007971  PRCMPeripheralClockGet        
20007ebd  PRCMPeripheralReset           
20008459  PRCMSysResetCauseGet          
20007a05  PinConfigSet                  
200081b9  PinModeSet                    
20007489  PinMuxConfig                  
20008397  PinTypeGPIO                   
200086f1  PinTypeSPI                    
2000870b  PinTypeUART                   
200065a1  Report                        
200088e5  ResetISR                      
20008725  SPICSDisable                  
2000873d  SPICSEnable                   
2000779d  SPIConfigSetExpClk            
200085cd  SPIDataGet                    
2000860b  SPIDataPut                    
20008755  SPIEnable                     
2000856b  SPIReset                      
200080ed  TimerConfigure                
20008629  TimerEnable                   
20008485  TimerPrescaleSet              
20008683  TimerValueGet                 
20006509  TrimSpace                     
200087f9  UARTCharGet                   
2000869f  UARTCharGetNonBlocking        
20008647  UARTCharPut                   
2000876d  UARTCharsAvail                
20007d0d  UARTConfigSetExpClk           
200083c9  UARTDisable                   
20008501  UARTEnable                    
2000880f  UARTFIFOEnable                
20008785  UARTFIFOLevelSet              
20005cf9  UARTHandler                   
200088a1  UARTIntClear                  
2000879d  UARTIntEnable                 
20008665  UARTIntRegister               
20008905  UtilsDelay                    
20030000  __STACK_END                   
00000100  __STACK_SIZE                  
00000800  __SYSMEM_SIZE                 
20009198  __TI_CINIT_Base               
200091a8  __TI_CINIT_Limit              
20009184  __TI_Handler_Table_Base       
20009190  __TI_Handler_Table_Limit      
20008175  __TI_auto_init_nobinit_nopinit
20007df1  __TI_decompress_lzss          
200088d7  __TI_decompress_none          
ffffffff  __TI_pprof_out_hndl           
20004ebd  __TI_printfi                  
ffffffff  __TI_prof_data_size           
ffffffff  __TI_prof_data_start          
20009148  __TI_static_base__            
200088b3  __TI_zero_init_nomemset       
20007a8d  __aeabi_cdcmpeq               
20007a8d  __aeabi_cdcmple               
20007b13  __aeabi_cdrcmple              
200080a5  __aeabi_d2iz                  
20006aab  __aeabi_dadd                  
20006f0d  __aeabi_ddiv                  
2000738d  __aeabi_dmul                  
20006aa1  __aeabi_dsub                  
200088fd  __aeabi_errno_addr            
20008429  __aeabi_i2d                   
200063df  __aeabi_idiv0                 
200063df  __aeabi_ldiv0                 
20007c1b  __aeabi_memclr                
20007c1b  __aeabi_memclr4               
20007c1b  __aeabi_memclr8               
2000783d  __aeabi_memcpy                
2000783d  __aeabi_memcpy4               
2000783d  __aeabi_memcpy8               
20007c1d  __aeabi_memset                
20007c1d  __aeabi_memset4               
20007c1d  __aeabi_memset8               
200078d9  __aeabi_uldivmod              
ffffffff  __binit__                     
ffffffff  __c_args__                    
UNDEFED   __mpu_init                    
2002ff00  __stack                       
200082f1  _c_int00_noargs               
20008e0f  _ctypes_                      
20017ae0  _lock                         
2000591b  _nop                          
20017000  _sys_memory                   
UNDEFED   _system_post_cinit            
2000890b  _system_pre_init              
20017ae4  _unlock                       
2000890f  abort                         
20008011  atoi                          
ffffffff  binit                         
20017a00  buffer                        
20017aa0  bufferCount                   
20017aac  charCounter                   
20008879  copysign                      
20008879  copysignl                     
20017aa8  currentChar                   
20017a9c  currentState                  
20017abc  cursor_x                      
20017a8c  cursor_x2                     
20017ac0  cursor_y                      
20017a90  cursor_y2                     
2000596f  decode                        
2000591d  determineState                
20004c5f  drawChar                      
20004401  drawCircle                    
20004535  drawCircleHelper              
200062e9  drawFastHLine                 
2000624d  drawFastVLine                 
2000477b  drawLine                      
20006385  drawPixel                     
20004867  drawRect                      
200048b5  drawRoundRect                 
20004a1d  drawTriangle                  
20017ae8  errno                         
20004653  fillCircle                    
2000468d  fillCircleHelper              
2000618f  fillRect                      
200049a3  fillRoundRect                 
20006179  fillScreen                    
20004a5f  fillTriangle                  
20007569  free                          
20007e59  frexp                         
20007e59  frexpl                        
20017a98  g_iCounter                    
20004000  g_pfnVectors                  
200060f3  goTo                          
20004e9b  height                        
200063c3  invert                        
2000727d  ldexp                         
2000727d  ldexpl                        
20007f6b  ltoa                          
20005dc9  main                          
20007c95  malloc                        
200086bb  memccpy                       
2000783d  memcpy                        
20008525  memmove                       
20007c23  memset                        
20017800  message                       
20017ab8  messageIndex                  
20017ab4  messageLength                 
20008329  minit                         
20017a84  oldCharTime                   
20017a88  oldTime                       
20017a94  p                             
20017aa4  previousButton                
20007169  realloc                       
20017900  receivedMessage               
20017ab0  rmessageIndex                 
2000727d  scalbn                        
2000727d  scalbnl                       
20005a21  sendMessage                   
20004e33  setCursor                     
20004e6b  setTextColor                  
20004e4b  setTextSize                   
20004e83  setTextWrap                   
20008825  strchr                        
2000888d  strlen                        
20017acc  textbgcolor                   
20017ac8  textcolor                     
20017ac4  textsize                      
200081f9  vsnprintf                     
200088c5  wcslen                        
20004e97  width                         
20017ad0  wrap                          
20005f39  writeCommand                  
20005f7d  writeData                     


GLOBAL SYMBOLS: SORTED BY Symbol Address 

address   name                          
-------   ----                          
00000100  __STACK_SIZE                  
00000800  __SYSMEM_SIZE                 
20004000  g_pfnVectors                  
20004401  drawCircle                    
20004535  drawCircleHelper              
20004653  fillCircle                    
2000468d  fillCircleHelper              
2000477b  drawLine                      
20004867  drawRect                      
200048b5  drawRoundRect                 
200049a3  fillRoundRect                 
20004a1d  drawTriangle                  
20004a5f  fillTriangle                  
20004c5f  drawChar                      
20004dab  Outstr                        
20004e33  setCursor                     
20004e4b  setTextSize                   
20004e6b  setTextColor                  
20004e83  setTextWrap                   
20004e97  width                         
20004e9b  height                        
20004ebd  __TI_printfi                  
2000591b  _nop                          
2000591d  determineState                
2000596f  decode                        
20005a21  sendMessage                   
20005c5d  InterruptHandler              
20005cf9  UARTHandler                   
20005dc9  main                          
20005f39  writeCommand                  
20005f7d  writeData                     
20005fc1  Adafruit_Init                 
200060f3  goTo                          
20006137  Color565                      
20006179  fillScreen                    
2000618f  fillRect                      
2000624d  drawFastVLine                 
200062e9  drawFastHLine                 
20006385  drawPixel                     
200063c3  invert                        
200063df  __aeabi_idiv0                 
200063df  __aeabi_ldiv0                 
200063e1  InitTerm                      
200063ff  Message                       
20006421  ClearTerm                     
2000642b  Error                         
20006463  GetCmd                        
20006509  TrimSpace                     
200065a1  Report                        
20006aa1  __aeabi_dsub                  
20006aab  __aeabi_dadd                  
20006c59  PRCMCC3200MCUInit             
20006f0d  __aeabi_ddiv                  
20007169  realloc                       
2000727d  ldexp                         
2000727d  ldexpl                        
2000727d  scalbn                        
2000727d  scalbnl                       
2000738d  __aeabi_dmul                  
20007489  PinMuxConfig                  
20007569  free                          
200076f5  IntEnable                     
2000779d  SPIConfigSetExpClk            
2000783d  __aeabi_memcpy                
2000783d  __aeabi_memcpy4               
2000783d  __aeabi_memcpy8               
2000783d  memcpy                        
200078d9  __aeabi_uldivmod              
20007971  PRCMPeripheralClockGet        
20007a05  PinConfigSet                  
20007a8d  __aeabi_cdcmpeq               
20007a8d  __aeabi_cdcmple               
20007b13  __aeabi_cdrcmple              
20007b99  GPIOIntTypeSet                
20007c1b  __aeabi_memclr                
20007c1b  __aeabi_memclr4               
20007c1b  __aeabi_memclr8               
20007c1d  __aeabi_memset                
20007c1d  __aeabi_memset4               
20007c1d  __aeabi_memset8               
20007c23  memset                        
20007c95  malloc                        
20007d0d  UARTConfigSetExpClk           
20007df1  __TI_decompress_lzss          
20007e59  frexp                         
20007e59  frexpl                        
20007ebd  PRCMPeripheralReset           
20007f6b  ltoa                          
20008011  atoi                          
200080a5  __aeabi_d2iz                  
200080ed  TimerConfigure                
20008175  __TI_auto_init_nobinit_nopinit
200081b9  PinModeSet                    
200081f9  vsnprintf                     
20008279  PRCMPeripheralClkEnable       
200082f1  _c_int00_noargs               
20008329  minit                         
20008361  GPIODirModeSet                
20008397  PinTypeGPIO                   
200083c9  UARTDisable                   
20008429  __aeabi_i2d                   
20008459  PRCMSysResetCauseGet          
20008485  TimerPrescaleSet              
200084b1  PRCMPeripheralClkDisable      
20008501  UARTEnable                    
20008525  memmove                       
20008549  GPIOIntStatus                 
2000856b  SPIReset                      
2000858d  GPIOPinWrite                  
200085ad  IntRegister                   
200085cd  SPIDataGet                    
200085ed  GPIOIntRegister               
2000860b  SPIDataPut                    
20008629  TimerEnable                   
20008647  UARTCharPut                   
20008665  UARTIntRegister               
20008683  TimerValueGet                 
2000869f  UARTCharGetNonBlocking        
200086bb  memccpy                       
200086d7  GPIOIntEnable                 
200086f1  PinTypeSPI                    
2000870b  PinTypeUART                   
20008725  SPICSDisable                  
2000873d  SPICSEnable                   
20008755  SPIEnable                     
2000876d  UARTCharsAvail                
20008785  UARTFIFOLevelSet              
2000879d  UARTIntEnable                 
200087cd  PRCMHIBRegRead                
200087e3  PRCMHIBRegWrite               
200087f9  UARTCharGet                   
2000880f  UARTFIFOEnable                
20008825  strchr                        
2000883b  CPUcpsie                      
2000884f  GPIOIntClear                  
20008865  IntVTableBaseSet              
20008879  copysign                      
20008879  copysignl                     
2000888d  strlen                        
200088a1  UARTIntClear                  
200088b3  __TI_zero_init_nomemset       
200088c5  wcslen                        
200088d7  __TI_decompress_none          
200088e5  ResetISR                      
200088f3  IntMasterEnable               
200088fd  __aeabi_errno_addr            
20008905  UtilsDelay                    
2000890b  _system_pre_init              
2000890f  C$$EXIT                       
2000890f  abort                         
20008e0f  _ctypes_                      
20009148  __TI_static_base__            
20009184  __TI_Handler_Table_Base       
20009190  __TI_Handler_Table_Limit      
20009198  __TI_CINIT_Base               
200091a8  __TI_CINIT_Limit              
20017000  _sys_memory                   
20017800  message                       
20017900  receivedMessage               
20017a00  buffer                        
20017a84  oldCharTime                   
20017a88  oldTime                       
20017a8c  cursor_x2                     
20017a90  cursor_y2                     
20017a94  p                             
20017a98  g_iCounter                    
20017a9c  currentState                  
20017aa0  bufferCount                   
20017aa4  previousButton                
20017aa8  currentChar                   
20017aac  charCounter                   
20017ab0  rmessageIndex                 
20017ab4  messageLength                 
20017ab8  messageIndex                  
20017abc  cursor_x                      
20017ac0  cursor_y                      
20017ac4  textsize                      
20017ac8  textcolor                     
20017acc  textbgcolor                   
20017ad0  wrap                          
20017ae0  _lock                         
20017ae4  _unlock                       
20017ae8  errno                         
2002ff00  __stack                       
20030000  __STACK_END                   
ffffffff  __TI_pprof_out_hndl           
ffffffff  __TI_prof_data_size           
ffffffff  __TI_prof_data_start          
ffffffff  __binit__                     
ffffffff  __c_args__                    
ffffffff  binit                         
UNDEFED   __mpu_init                    
UNDEFED   _system_post_cinit            

[193 symbols]
