<?xml version="1.0" encoding="ISO-8859-1" ?>
<link_info>
   <banner>TI ARM Linker PC v18.1.3.LTS</banner>
   <copyright>Copyright (c) 1996-2017 Texas Instruments Incorporated</copyright>
   <link_time>0x5c6f1b1b</link_time>
   <link_errors>0x0</link_errors>
   <output_file>Lab4_p1.out</output_file>
   <entry_point>
      <name>_c_int00_noargs</name>
      <address>0x200089dd</address>
   </entry_point>
   <input_file_list>
      <input_file id="fl-2">
         <path>.\</path>
         <kind>object</kind>
         <file>Adafruit_GFX.obj</file>
         <name>Adafruit_GFX.obj</name>
      </input_file>
      <input_file id="fl-3">
         <path>.\</path>
         <kind>object</kind>
         <file>Adafruit_OLED.obj</file>
         <name>Adafruit_OLED.obj</name>
      </input_file>
      <input_file id="fl-4">
         <path>.\</path>
         <kind>object</kind>
         <file>main.obj</file>
         <name>main.obj</name>
      </input_file>
      <input_file id="fl-5">
         <path>.\</path>
         <kind>object</kind>
         <file>pinmux.obj</file>
         <name>pinmux.obj</name>
      </input_file>
      <input_file id="fl-6">
         <path>.\</path>
         <kind>object</kind>
         <file>startup_ccs.obj</file>
         <name>startup_ccs.obj</name>
      </input_file>
      <input_file id="fl-7">
         <path>.\</path>
         <kind>object</kind>
         <file>timer_if.obj</file>
         <name>timer_if.obj</name>
      </input_file>
      <input_file id="fl-8">
         <path>.\</path>
         <kind>object</kind>
         <file>uart_if.obj</file>
         <name>uart_if.obj</name>
      </input_file>
      <input_file id="fl-d">
         <kind>object</kind>
         <file>&lt;internal&gt;</file>
         <name>&lt;internal&gt;</name>
      </input_file>
      <input_file id="fl-c3">
         <path>C:\ti\ccsv8\tools\compiler\ti-cgt-arm_18.1.3.LTS\lib\</path>
         <kind>archive</kind>
         <file>rtsv7M4_T_le_v4SPD16_eabi.lib</file>
         <name>memcpy_t2.asm.obj</name>
      </input_file>
      <input_file id="fl-c4">
         <path>C:\ti\ccsv8\tools\compiler\ti-cgt-arm_18.1.3.LTS\lib\</path>
         <kind>archive</kind>
         <file>rtsv7M4_T_le_v4SPD16_eabi.lib</file>
         <name>copy_zero_init.c.obj</name>
      </input_file>
      <input_file id="fl-c5">
         <path>C:\ti\ccsv8\tools\compiler\ti-cgt-arm_18.1.3.LTS\lib\</path>
         <kind>archive</kind>
         <file>rtsv7M4_T_le_v4SPD16_eabi.lib</file>
         <name>copy_decompress_none.c.obj</name>
      </input_file>
      <input_file id="fl-c6">
         <path>C:\ti\ccsv8\tools\compiler\ti-cgt-arm_18.1.3.LTS\lib\</path>
         <kind>archive</kind>
         <file>rtsv7M4_T_le_v4SPD16_eabi.lib</file>
         <name>copy_decompress_lzss.c.obj</name>
      </input_file>
      <input_file id="fl-c7">
         <path>C:\ti\ccsv8\tools\compiler\ti-cgt-arm_18.1.3.LTS\lib\</path>
         <kind>archive</kind>
         <file>rtsv7M4_T_le_v4SPD16_eabi.lib</file>
         <name>memory.c.obj</name>
      </input_file>
      <input_file id="fl-c8">
         <path>C:\ti\ccsv8\tools\compiler\ti-cgt-arm_18.1.3.LTS\lib\</path>
         <kind>archive</kind>
         <file>rtsv7M4_T_le_v4SPD16_eabi.lib</file>
         <name>_lock.c.obj</name>
      </input_file>
      <input_file id="fl-c9">
         <path>C:\ti\ccsv8\tools\compiler\ti-cgt-arm_18.1.3.LTS\lib\</path>
         <kind>archive</kind>
         <file>rtsv7M4_T_le_v4SPD16_eabi.lib</file>
         <name>memmov.c.obj</name>
      </input_file>
      <input_file id="fl-ca">
         <path>C:\ti\ccsv8\tools\compiler\ti-cgt-arm_18.1.3.LTS\lib\</path>
         <kind>archive</kind>
         <file>rtsv7M4_T_le_v4SPD16_eabi.lib</file>
         <name>strlen.c.obj</name>
      </input_file>
      <input_file id="fl-cb">
         <path>C:\ti\ccsv8\tools\compiler\ti-cgt-arm_18.1.3.LTS\lib\</path>
         <kind>archive</kind>
         <file>rtsv7M4_T_le_v4SPD16_eabi.lib</file>
         <name>vsnprintf.c.obj</name>
      </input_file>
      <input_file id="fl-cc">
         <path>C:\ti\ccsv8\tools\compiler\ti-cgt-arm_18.1.3.LTS\lib\</path>
         <kind>archive</kind>
         <file>rtsv7M4_T_le_v4SPD16_eabi.lib</file>
         <name>boot_cortex_m.c.obj</name>
      </input_file>
      <input_file id="fl-cd">
         <path>C:\ti\ccsv8\tools\compiler\ti-cgt-arm_18.1.3.LTS\lib\</path>
         <kind>archive</kind>
         <file>rtsv7M4_T_le_v4SPD16_eabi.lib</file>
         <name>memset_t2.asm.obj</name>
      </input_file>
      <input_file id="fl-ce">
         <path>C:\ti\ccsv8\tools\compiler\ti-cgt-arm_18.1.3.LTS\lib\</path>
         <kind>archive</kind>
         <file>rtsv7M4_T_le_v4SPD16_eabi.lib</file>
         <name>autoinit.c.obj</name>
      </input_file>
      <input_file id="fl-cf">
         <path>C:\ti\ccsv8\tools\compiler\ti-cgt-arm_18.1.3.LTS\lib\</path>
         <kind>archive</kind>
         <file>rtsv7M4_T_le_v4SPD16_eabi.lib</file>
         <name>pre_init.c.obj</name>
      </input_file>
      <input_file id="fl-d0">
         <path>C:\ti\ccsv8\tools\compiler\ti-cgt-arm_18.1.3.LTS\lib\</path>
         <kind>archive</kind>
         <file>rtsv7M4_T_le_v4SPD16_eabi.lib</file>
         <name>cpy_tbl.c.obj</name>
      </input_file>
      <input_file id="fl-d1">
         <path>C:\ti\ccsv8\tools\compiler\ti-cgt-arm_18.1.3.LTS\lib\</path>
         <kind>archive</kind>
         <file>rtsv7M4_T_le_v4SPD16_eabi.lib</file>
         <name>exit.c.obj</name>
      </input_file>
      <input_file id="fl-d2">
         <path>C:\ti\ccsv8\tools\compiler\ti-cgt-arm_18.1.3.LTS\lib\</path>
         <kind>archive</kind>
         <file>rtsv7M4_T_le_v4SPD16_eabi.lib</file>
         <name>_printfi.c.obj</name>
      </input_file>
      <input_file id="fl-d3">
         <path>C:\ti\ccsv8\tools\compiler\ti-cgt-arm_18.1.3.LTS\lib\</path>
         <kind>archive</kind>
         <file>rtsv7M4_T_le_v4SPD16_eabi.lib</file>
         <name>args_main.c.obj</name>
      </input_file>
      <input_file id="fl-d4">
         <path>C:\ti\ccsv8\tools\compiler\ti-cgt-arm_18.1.3.LTS\lib\</path>
         <kind>archive</kind>
         <file>rtsv7M4_T_le_v4SPD16_eabi.lib</file>
         <name>atoi.c.obj</name>
      </input_file>
      <input_file id="fl-d5">
         <path>C:\ti\ccsv8\tools\compiler\ti-cgt-arm_18.1.3.LTS\lib\</path>
         <kind>archive</kind>
         <file>rtsv7M4_T_le_v4SPD16_eabi.lib</file>
         <name>ctype.c.obj</name>
      </input_file>
      <input_file id="fl-d6">
         <path>C:\ti\ccsv8\tools\compiler\ti-cgt-arm_18.1.3.LTS\lib\</path>
         <kind>archive</kind>
         <file>rtsv7M4_T_le_v4SPD16_eabi.lib</file>
         <name>ltoa.c.obj</name>
      </input_file>
      <input_file id="fl-d7">
         <path>C:\ti\ccsv8\tools\compiler\ti-cgt-arm_18.1.3.LTS\lib\</path>
         <kind>archive</kind>
         <file>rtsv7M4_T_le_v4SPD16_eabi.lib</file>
         <name>memccpy.c.obj</name>
      </input_file>
      <input_file id="fl-d8">
         <path>C:\ti\ccsv8\tools\compiler\ti-cgt-arm_18.1.3.LTS\lib\</path>
         <kind>archive</kind>
         <file>rtsv7M4_T_le_v4SPD16_eabi.lib</file>
         <name>strchr.c.obj</name>
      </input_file>
      <input_file id="fl-d9">
         <path>C:\ti\ccsv8\tools\compiler\ti-cgt-arm_18.1.3.LTS\lib\</path>
         <kind>archive</kind>
         <file>rtsv7M4_T_le_v4SPD16_eabi.lib</file>
         <name>errno.c.obj</name>
      </input_file>
      <input_file id="fl-da">
         <path>C:\ti\ccsv8\tools\compiler\ti-cgt-arm_18.1.3.LTS\lib\</path>
         <kind>archive</kind>
         <file>rtsv7M4_T_le_v4SPD16_eabi.lib</file>
         <name>s_frexp.c.obj</name>
      </input_file>
      <input_file id="fl-db">
         <path>C:\ti\ccsv8\tools\compiler\ti-cgt-arm_18.1.3.LTS\lib\</path>
         <kind>archive</kind>
         <file>rtsv7M4_T_le_v4SPD16_eabi.lib</file>
         <name>s_scalbn.c.obj</name>
      </input_file>
      <input_file id="fl-dc">
         <path>C:\ti\ccsv8\tools\compiler\ti-cgt-arm_18.1.3.LTS\lib\</path>
         <kind>archive</kind>
         <file>rtsv7M4_T_le_v4SPD16_eabi.lib</file>
         <name>wcslen.c.obj</name>
      </input_file>
      <input_file id="fl-dd">
         <path>C:\ti\ccsv8\tools\compiler\ti-cgt-arm_18.1.3.LTS\lib\</path>
         <kind>archive</kind>
         <file>rtsv7M4_T_le_v4SPD16_eabi.lib</file>
         <name>s_copysign.c.obj</name>
      </input_file>
      <input_file id="fl-de">
         <path>C:\ti\ccsv8\tools\compiler\ti-cgt-arm_18.1.3.LTS\lib\</path>
         <kind>archive</kind>
         <file>rtsv7M4_T_le_v4SPD16_eabi.lib</file>
         <name>ull_div_t2.asm.obj</name>
      </input_file>
      <input_file id="fl-df">
         <path>C:\ti\ccsv8\tools\compiler\ti-cgt-arm_18.1.3.LTS\lib\</path>
         <kind>archive</kind>
         <file>rtsv7M4_T_le_v4SPD16_eabi.lib</file>
         <name>fd_add_t2.asm.obj</name>
      </input_file>
      <input_file id="fl-e0">
         <path>C:\ti\ccsv8\tools\compiler\ti-cgt-arm_18.1.3.LTS\lib\</path>
         <kind>archive</kind>
         <file>rtsv7M4_T_le_v4SPD16_eabi.lib</file>
         <name>fd_cmp_t2.asm.obj</name>
      </input_file>
      <input_file id="fl-e1">
         <path>C:\ti\ccsv8\tools\compiler\ti-cgt-arm_18.1.3.LTS\lib\</path>
         <kind>archive</kind>
         <file>rtsv7M4_T_le_v4SPD16_eabi.lib</file>
         <name>fd_div_t2.asm.obj</name>
      </input_file>
      <input_file id="fl-e2">
         <path>C:\ti\ccsv8\tools\compiler\ti-cgt-arm_18.1.3.LTS\lib\</path>
         <kind>archive</kind>
         <file>rtsv7M4_T_le_v4SPD16_eabi.lib</file>
         <name>fd_mul_t2.asm.obj</name>
      </input_file>
      <input_file id="fl-e3">
         <path>C:\ti\ccsv8\tools\compiler\ti-cgt-arm_18.1.3.LTS\lib\</path>
         <kind>archive</kind>
         <file>rtsv7M4_T_le_v4SPD16_eabi.lib</file>
         <name>fd_toi_t2.asm.obj</name>
      </input_file>
      <input_file id="fl-e4">
         <path>C:\ti\ccsv8\tools\compiler\ti-cgt-arm_18.1.3.LTS\lib\</path>
         <kind>archive</kind>
         <file>rtsv7M4_T_le_v4SPD16_eabi.lib</file>
         <name>i_tofd_t2.asm.obj</name>
      </input_file>
      <input_file id="fl-e5">
         <path>C:\ti\ccsv8\tools\compiler\ti-cgt-arm_18.1.3.LTS\lib\</path>
         <kind>archive</kind>
         <file>rtsv7M4_T_le_v4SPD16_eabi.lib</file>
         <name>div0.asm.obj</name>
      </input_file>
      <input_file id="fl-e6">
         <path>C:\ti\CC3200SDK_1.3.0\cc3200-sdk\driverlib\ccs\Release\</path>
         <kind>archive</kind>
         <file>driverlib.a</file>
         <name>gpio.obj</name>
      </input_file>
      <input_file id="fl-e7">
         <path>C:\ti\CC3200SDK_1.3.0\cc3200-sdk\driverlib\ccs\Release\</path>
         <kind>archive</kind>
         <file>driverlib.a</file>
         <name>interrupt.obj</name>
      </input_file>
      <input_file id="fl-e8">
         <path>C:\ti\CC3200SDK_1.3.0\cc3200-sdk\driverlib\ccs\Release\</path>
         <kind>archive</kind>
         <file>driverlib.a</file>
         <name>pin.obj</name>
      </input_file>
      <input_file id="fl-e9">
         <path>C:\ti\CC3200SDK_1.3.0\cc3200-sdk\driverlib\ccs\Release\</path>
         <kind>archive</kind>
         <file>driverlib.a</file>
         <name>prcm.obj</name>
      </input_file>
      <input_file id="fl-ea">
         <path>C:\ti\CC3200SDK_1.3.0\cc3200-sdk\driverlib\ccs\Release\</path>
         <kind>archive</kind>
         <file>driverlib.a</file>
         <name>spi.obj</name>
      </input_file>
      <input_file id="fl-eb">
         <path>C:\ti\CC3200SDK_1.3.0\cc3200-sdk\driverlib\ccs\Release\</path>
         <kind>archive</kind>
         <file>driverlib.a</file>
         <name>timer.obj</name>
      </input_file>
      <input_file id="fl-ec">
         <path>C:\ti\CC3200SDK_1.3.0\cc3200-sdk\driverlib\ccs\Release\</path>
         <kind>archive</kind>
         <file>driverlib.a</file>
         <name>uart.obj</name>
      </input_file>
      <input_file id="fl-ed">
         <path>C:\ti\CC3200SDK_1.3.0\cc3200-sdk\driverlib\ccs\Release\</path>
         <kind>archive</kind>
         <file>driverlib.a</file>
         <name>utils.obj</name>
      </input_file>
      <input_file id="fl-ee">
         <path>C:\ti\CC3200SDK_1.3.0\cc3200-sdk\driverlib\ccs\Release\</path>
         <kind>archive</kind>
         <file>driverlib.a</file>
         <name>cpu.obj</name>
      </input_file>
      <input_file id="fl-ef">
         <path>C:\ti\CC3200SDK_1.3.0\cc3200-sdk\driverlib\ccs\Release\</path>
         <kind>archive</kind>
         <file>driverlib.a</file>
         <name>flash.obj</name>
      </input_file>
   </input_file_list>
   <object_component_list>
      <object_component id="oc-f">
         <name>.intvecs</name>
         <load_address>0x20004000</load_address>
         <run_address>0x20004000</run_address>
         <size>0x400</size>
         <input_file_ref idref="fl-6"/>
      </object_component>
      <object_component id="oc-d4">
         <name>.text</name>
         <load_address>0x20004400</load_address>
         <run_address>0x20004400</run_address>
         <size>0xabc</size>
         <input_file_ref idref="fl-2"/>
      </object_component>
      <object_component id="oc-358">
         <name>.text:__TI_printfi</name>
         <load_address>0x20004ebc</load_address>
         <run_address>0x20004ebc</run_address>
         <size>0xa5e</size>
         <input_file_ref idref="fl-d2"/>
      </object_component>
      <object_component id="oc-3d0">
         <name>.text:IntDefaultHandler</name>
         <load_address>0x2000591a</load_address>
         <run_address>0x2000591a</run_address>
         <size>0x2</size>
         <input_file_ref idref="fl-e7"/>
      </object_component>
      <object_component id="oc-94">
         <name>.text</name>
         <load_address>0x2000591c</load_address>
         <run_address>0x2000591c</run_address>
         <size>0x778</size>
         <input_file_ref idref="fl-4"/>
      </object_component>
      <object_component id="oc-da">
         <name>.text</name>
         <load_address>0x20006094</load_address>
         <run_address>0x20006094</run_address>
         <size>0x4a6</size>
         <input_file_ref idref="fl-3"/>
      </object_component>
      <object_component id="oc-3ac">
         <name>.text:_nop</name>
         <load_address>0x2000653a</load_address>
         <run_address>0x2000653a</run_address>
         <size>0x2</size>
         <input_file_ref idref="fl-c8"/>
      </object_component>
      <object_component id="oc-158">
         <name>.text</name>
         <load_address>0x2000653c</load_address>
         <run_address>0x2000653c</run_address>
         <size>0x280</size>
         <input_file_ref idref="fl-8"/>
      </object_component>
      <object_component id="oc-401">
         <name>.text:_pconv_a</name>
         <load_address>0x200067bc</load_address>
         <run_address>0x200067bc</run_address>
         <size>0x270</size>
         <input_file_ref idref="fl-d2"/>
      </object_component>
      <object_component id="oc-3ef">
         <name>.text:_pconv_g</name>
         <load_address>0x20006a2c</load_address>
         <run_address>0x20006a2c</run_address>
         <size>0x1d0</size>
         <input_file_ref idref="fl-d2"/>
      </object_component>
      <object_component id="oc-472">
         <name>.text</name>
         <load_address>0x20006bfc</load_address>
         <run_address>0x20006bfc</run_address>
         <size>0x1b6</size>
         <input_file_ref idref="fl-df"/>
      </object_component>
      <object_component id="oc-4c6">
         <name>.text</name>
         <load_address>0x20006db2</load_address>
         <run_address>0x20006db2</run_address>
         <size>0x2</size>
         <input_file_ref idref="fl-e5"/>
      </object_component>
      <object_component id="oc-f9">
         <name>.text</name>
         <load_address>0x20006db4</load_address>
         <run_address>0x20006db4</run_address>
         <size>0x198</size>
         <input_file_ref idref="fl-7"/>
      </object_component>
      <object_component id="oc-127">
         <name>.text:PRCMCC3200MCUInit</name>
         <load_address>0x20006f4c</load_address>
         <run_address>0x20006f4c</run_address>
         <size>0x178</size>
         <input_file_ref idref="fl-e9"/>
      </object_component>
      <object_component id="oc-3fb">
         <name>.text:_pconv_e</name>
         <load_address>0x200070c4</load_address>
         <run_address>0x200070c4</run_address>
         <size>0x13c</size>
         <input_file_ref idref="fl-d2"/>
      </object_component>
      <object_component id="oc-458">
         <name>.text</name>
         <load_address>0x20007200</load_address>
         <run_address>0x20007200</run_address>
         <size>0x136</size>
         <input_file_ref idref="fl-e1"/>
      </object_component>
      <object_component id="oc-484">
         <name>.text:fcvt</name>
         <load_address>0x20007338</load_address>
         <run_address>0x20007338</run_address>
         <size>0x120</size>
         <input_file_ref idref="fl-d2"/>
      </object_component>
      <object_component id="oc-2ae">
         <name>.text:realloc</name>
         <load_address>0x20007458</load_address>
         <run_address>0x20007458</run_address>
         <size>0x114</size>
         <input_file_ref idref="fl-c7"/>
      </object_component>
      <object_component id="oc-498">
         <name>.text:scalbn</name>
         <load_address>0x2000756c</load_address>
         <run_address>0x2000756c</run_address>
         <size>0x110</size>
         <input_file_ref idref="fl-db"/>
      </object_component>
      <object_component id="oc-453">
         <name>.text</name>
         <load_address>0x2000767c</load_address>
         <run_address>0x2000767c</run_address>
         <size>0xfc</size>
         <input_file_ref idref="fl-e2"/>
      </object_component>
      <object_component id="oc-12e">
         <name>.text</name>
         <load_address>0x20007778</load_address>
         <run_address>0x20007778</run_address>
         <size>0xe8</size>
         <input_file_ref idref="fl-5"/>
      </object_component>
      <object_component id="oc-2b4">
         <name>.text:free</name>
         <load_address>0x20007860</load_address>
         <run_address>0x20007860</run_address>
         <size>0xd8</size>
         <input_file_ref idref="fl-c7"/>
      </object_component>
      <object_component id="oc-23d">
         <name>.text:SPITransfer32</name>
         <load_address>0x20007938</load_address>
         <run_address>0x20007938</run_address>
         <size>0xd0</size>
         <input_file_ref idref="fl-ea"/>
      </object_component>
      <object_component id="oc-237">
         <name>.text:SPITransfer16</name>
         <load_address>0x20007a08</load_address>
         <run_address>0x20007a08</run_address>
         <size>0xce</size>
         <input_file_ref idref="fl-ea"/>
      </object_component>
      <object_component id="oc-231">
         <name>.text:SPITransfer8</name>
         <load_address>0x20007ad6</load_address>
         <run_address>0x20007ad6</run_address>
         <size>0xb8</size>
         <input_file_ref idref="fl-ea"/>
      </object_component>
      <object_component id="oc-3e4">
         <name>.text:_ltostr</name>
         <load_address>0x20007b90</load_address>
         <run_address>0x20007b90</run_address>
         <size>0xb1</size>
         <input_file_ref idref="fl-d2"/>
      </object_component>
      <object_component id="oc-322">
         <name>.text:IntDisable</name>
         <load_address>0x20007c44</load_address>
         <run_address>0x20007c44</run_address>
         <size>0xa8</size>
         <input_file_ref idref="fl-e7"/>
      </object_component>
      <object_component id="oc-121">
         <name>.text:IntEnable</name>
         <load_address>0x20007cec</load_address>
         <run_address>0x20007cec</run_address>
         <size>0xa8</size>
         <input_file_ref idref="fl-e7"/>
      </object_component>
      <object_component id="oc-14c">
         <name>.text:SPIConfigSetExpClk</name>
         <load_address>0x20007d94</load_address>
         <run_address>0x20007d94</run_address>
         <size>0xa0</size>
         <input_file_ref idref="fl-ea"/>
      </object_component>
      <object_component id="oc-3a">
         <name>.text</name>
         <load_address>0x20007e34</load_address>
         <run_address>0x20007e34</run_address>
         <size>0x9c</size>
         <input_file_ref idref="fl-c3"/>
      </object_component>
      <object_component id="oc-44c">
         <name>.text</name>
         <load_address>0x20007ed0</load_address>
         <run_address>0x20007ed0</run_address>
         <size>0x96</size>
         <input_file_ref idref="fl-de"/>
      </object_component>
      <object_component id="oc-146">
         <name>.text:PRCMPeripheralClockGet</name>
         <load_address>0x20007f68</load_address>
         <run_address>0x20007f68</run_address>
         <size>0x94</size>
         <input_file_ref idref="fl-e9"/>
      </object_component>
      <object_component id="oc-33f">
         <name>.text:PinConfigSet</name>
         <load_address>0x20007ffc</load_address>
         <run_address>0x20007ffc</run_address>
         <size>0x88</size>
         <input_file_ref idref="fl-e8"/>
      </object_component>
      <object_component id="oc-105">
         <name>.text:SPITransfer</name>
         <load_address>0x20008084</load_address>
         <run_address>0x20008084</run_address>
         <size>0x88</size>
         <input_file_ref idref="fl-ea"/>
      </object_component>
      <object_component id="oc-3ea">
         <name>.text:__aeabi_cdcmple</name>
         <load_address>0x2000810c</load_address>
         <run_address>0x2000810c</run_address>
         <size>0x86</size>
         <input_file_ref idref="fl-e0"/>
      </object_component>
      <object_component id="oc-45d">
         <name>.text:__aeabi_cdrcmple</name>
         <load_address>0x20008192</load_address>
         <run_address>0x20008192</run_address>
         <size>0x86</size>
         <input_file_ref idref="fl-e0"/>
      </object_component>
      <object_component id="oc-88">
         <name>.text</name>
         <load_address>0x20008218</load_address>
         <run_address>0x20008218</run_address>
         <size>0x7a</size>
         <input_file_ref idref="fl-cd"/>
      </object_component>
      <object_component id="oc-2a8">
         <name>.text:malloc</name>
         <load_address>0x20008294</load_address>
         <run_address>0x20008294</run_address>
         <size>0x78</size>
         <input_file_ref idref="fl-c7"/>
      </object_component>
      <object_component id="oc-188">
         <name>.text:UARTConfigSetExpClk</name>
         <load_address>0x2000830c</load_address>
         <run_address>0x2000830c</run_address>
         <size>0x76</size>
         <input_file_ref idref="fl-ec"/>
      </object_component>
      <object_component id="oc-1fe">
         <name>.text:TimerIntRegister</name>
         <load_address>0x20008384</load_address>
         <run_address>0x20008384</run_address>
         <size>0x70</size>
         <input_file_ref idref="fl-eb"/>
      </object_component>
      <object_component id="oc-47d">
         <name>.text:_mcpy</name>
         <load_address>0x200083f4</load_address>
         <run_address>0x200083f4</run_address>
         <size>0x6e</size>
         <input_file_ref idref="fl-d2"/>
      </object_component>
      <object_component id="oc-228">
         <name>.text:TimerIntUnregister</name>
         <load_address>0x20008464</load_address>
         <run_address>0x20008464</run_address>
         <size>0x68</size>
         <input_file_ref idref="fl-eb"/>
      </object_component>
      <object_component id="oc-12">
         <name>.text:decompress:lzss:__TI_decompress_lzss</name>
         <load_address>0x200084cc</load_address>
         <run_address>0x200084cc</run_address>
         <size>0x68</size>
         <input_file_ref idref="fl-c6"/>
      </object_component>
      <object_component id="oc-492">
         <name>.text:frexp</name>
         <load_address>0x20008534</load_address>
         <run_address>0x20008534</run_address>
         <size>0x64</size>
         <input_file_ref idref="fl-da"/>
      </object_component>
      <object_component id="oc-13a">
         <name>.text:PRCMPeripheralReset</name>
         <load_address>0x20008598</load_address>
         <run_address>0x20008598</run_address>
         <size>0x58</size>
         <input_file_ref idref="fl-e9"/>
      </object_component>
      <object_component id="oc-3f5">
         <name>.text:_pconv_f</name>
         <load_address>0x200085f0</load_address>
         <run_address>0x200085f0</run_address>
         <size>0x56</size>
         <input_file_ref idref="fl-d2"/>
      </object_component>
      <object_component id="oc-1f8">
         <name>.text:IntPrioritySet</name>
         <load_address>0x20008648</load_address>
         <run_address>0x20008648</run_address>
         <size>0x54</size>
         <input_file_ref idref="fl-e7"/>
      </object_component>
      <object_component id="oc-467">
         <name>.text:ltoa</name>
         <load_address>0x2000869c</load_address>
         <run_address>0x2000869c</run_address>
         <size>0x54</size>
         <input_file_ref idref="fl-d6"/>
      </object_component>
      <object_component id="oc-477">
         <name>.text:_ecpy</name>
         <load_address>0x200086f0</load_address>
         <run_address>0x200086f0</run_address>
         <size>0x52</size>
         <input_file_ref idref="fl-d2"/>
      </object_component>
      <object_component id="oc-3de">
         <name>.text:atoi</name>
         <load_address>0x20008744</load_address>
         <run_address>0x20008744</run_address>
         <size>0x4c</size>
         <input_file_ref idref="fl-d4"/>
      </object_component>
      <object_component id="oc-462">
         <name>.text</name>
         <load_address>0x20008790</load_address>
         <run_address>0x20008790</run_address>
         <size>0x48</size>
         <input_file_ref idref="fl-e3"/>
      </object_component>
      <object_component id="oc-15e">
         <name>.text:TimerConfigure</name>
         <load_address>0x200087d8</load_address>
         <run_address>0x200087d8</run_address>
         <size>0x44</size>
         <input_file_ref idref="fl-eb"/>
      </object_component>
      <object_component id="oc-2cc">
         <name>.text:UARTIntNumberGet</name>
         <load_address>0x2000881c</load_address>
         <run_address>0x2000881c</run_address>
         <size>0x44</size>
         <input_file_ref idref="fl-ec"/>
      </object_component>
      <object_component id="oc-1a4">
         <name>.text:__TI_auto_init_nobinit_nopinit:__TI_auto_init_nobinit_nopinit</name>
         <load_address>0x20008860</load_address>
         <run_address>0x20008860</run_address>
         <size>0x44</size>
         <input_file_ref idref="fl-ce"/>
      </object_component>
      <object_component id="oc-345">
         <name>.text:PinModeSet</name>
         <load_address>0x200088a4</load_address>
         <run_address>0x200088a4</run_address>
         <size>0x40</size>
         <input_file_ref idref="fl-e8"/>
      </object_component>
      <object_component id="oc-290">
         <name>.text:vsnprintf</name>
         <load_address>0x200088e4</load_address>
         <run_address>0x200088e4</run_address>
         <size>0x40</size>
         <input_file_ref idref="fl-cb"/>
      </object_component>
      <object_component id="oc-48a">
         <name>.text:_fcpy</name>
         <load_address>0x20008924</load_address>
         <run_address>0x20008924</run_address>
         <size>0x3e</size>
         <input_file_ref idref="fl-d2"/>
      </object_component>
      <object_component id="oc-134">
         <name>.text:PRCMPeripheralClkEnable</name>
         <load_address>0x20008964</load_address>
         <run_address>0x20008964</run_address>
         <size>0x3c</size>
         <input_file_ref idref="fl-e9"/>
      </object_component>
      <object_component id="oc-387">
         <name>.text:minsert</name>
         <load_address>0x200089a0</load_address>
         <run_address>0x200089a0</run_address>
         <size>0x3c</size>
         <input_file_ref idref="fl-c7"/>
      </object_component>
      <object_component id="oc-58">
         <name>.text:_c_int00_noargs:_c_int00_noargs</name>
         <load_address>0x200089dc</load_address>
         <run_address>0x200089dc</run_address>
         <size>0x38</size>
         <input_file_ref idref="fl-cc"/>
      </object_component>
      <object_component id="oc-37b">
         <name>.text:minit</name>
         <load_address>0x20008a14</load_address>
         <run_address>0x20008a14</run_address>
         <size>0x38</size>
         <input_file_ref idref="fl-c7"/>
      </object_component>
      <object_component id="oc-273">
         <name>.text:GPIODirModeSet</name>
         <load_address>0x20008a4c</load_address>
         <run_address>0x20008a4c</run_address>
         <size>0x36</size>
         <input_file_ref idref="fl-e6"/>
      </object_component>
      <object_component id="oc-26d">
         <name>.text:PinTypeGPIO</name>
         <load_address>0x20008a82</load_address>
         <run_address>0x20008a82</run_address>
         <size>0x30</size>
         <input_file_ref idref="fl-e8"/>
      </object_component>
      <object_component id="oc-2dd">
         <name>.text:UARTDisable</name>
         <load_address>0x20008ab4</load_address>
         <run_address>0x20008ab4</run_address>
         <size>0x30</size>
         <input_file_ref idref="fl-ec"/>
      </object_component>
      <object_component id="oc-35e">
         <name>.text:_outs</name>
         <load_address>0x20008ae4</load_address>
         <run_address>0x20008ae4</run_address>
         <size>0x30</size>
         <input_file_ref idref="fl-cb"/>
      </object_component>
      <object_component id="oc-46d">
         <name>.text</name>
         <load_address>0x20008b14</load_address>
         <run_address>0x20008b14</run_address>
         <size>0x2e</size>
         <input_file_ref idref="fl-e4"/>
      </object_component>
      <object_component id="oc-254">
         <name>.text:PRCMSysResetCauseGet</name>
         <load_address>0x20008b44</load_address>
         <run_address>0x20008b44</run_address>
         <size>0x2c</size>
         <input_file_ref idref="fl-e9"/>
      </object_component>
      <object_component id="oc-216">
         <name>.text:TimerLoadSet</name>
         <load_address>0x20008b70</load_address>
         <run_address>0x20008b70</run_address>
         <size>0x2a</size>
         <input_file_ref idref="fl-eb"/>
      </object_component>
      <object_component id="oc-164">
         <name>.text:TimerPrescaleSet</name>
         <load_address>0x20008b9a</load_address>
         <run_address>0x20008b9a</run_address>
         <size>0x2a</size>
         <input_file_ref idref="fl-eb"/>
      </object_component>
      <object_component id="oc-266">
         <name>.text:PRCMPeripheralClkDisable</name>
         <load_address>0x20008bc4</load_address>
         <run_address>0x20008bc4</run_address>
         <size>0x28</size>
         <input_file_ref idref="fl-e9"/>
      </object_component>
      <object_component id="oc-381">
         <name>.text:mremove</name>
         <load_address>0x20008bec</load_address>
         <run_address>0x20008bec</run_address>
         <size>0x28</size>
         <input_file_ref idref="fl-c7"/>
      </object_component>
      <object_component id="oc-328">
         <name>.text:IntUnregister</name>
         <load_address>0x20008c14</load_address>
         <run_address>0x20008c14</run_address>
         <size>0x24</size>
         <input_file_ref idref="fl-e7"/>
      </object_component>
      <object_component id="oc-2e3">
         <name>.text:UARTEnable</name>
         <load_address>0x20008c38</load_address>
         <run_address>0x20008c38</run_address>
         <size>0x24</size>
         <input_file_ref idref="fl-ec"/>
      </object_component>
      <object_component id="oc-2a2">
         <name>.text:memmove</name>
         <load_address>0x20008c5c</load_address>
         <run_address>0x20008c5c</run_address>
         <size>0x24</size>
         <input_file_ref idref="fl-c9"/>
      </object_component>
      <object_component id="oc-140">
         <name>.text:SPIReset</name>
         <load_address>0x20008c80</load_address>
         <run_address>0x20008c80</run_address>
         <size>0x22</size>
         <input_file_ref idref="fl-ea"/>
      </object_component>
      <object_component id="oc-ce">
         <name>.text:GPIOPinWrite</name>
         <load_address>0x20008ca2</load_address>
         <run_address>0x20008ca2</run_address>
         <size>0x20</size>
         <input_file_ref idref="fl-e6"/>
      </object_component>
      <object_component id="oc-2d2">
         <name>.text:IntRegister</name>
         <load_address>0x20008cc4</load_address>
         <run_address>0x20008cc4</run_address>
         <size>0x20</size>
         <input_file_ref idref="fl-e7"/>
      </object_component>
      <object_component id="oc-1e4">
         <name>.text:SPIDataGet</name>
         <load_address>0x20008ce4</load_address>
         <run_address>0x20008ce4</run_address>
         <size>0x20</size>
         <input_file_ref idref="fl-ea"/>
      </object_component>
      <object_component id="oc-1de">
         <name>.text:SPIDataPut</name>
         <load_address>0x20008d04</load_address>
         <run_address>0x20008d04</run_address>
         <size>0x1e</size>
         <input_file_ref idref="fl-ea"/>
      </object_component>
      <object_component id="oc-21c">
         <name>.text:TimerDisable</name>
         <load_address>0x20008d22</load_address>
         <run_address>0x20008d22</run_address>
         <size>0x1e</size>
         <input_file_ref idref="fl-eb"/>
      </object_component>
      <object_component id="oc-16a">
         <name>.text:TimerEnable</name>
         <load_address>0x20008d40</load_address>
         <run_address>0x20008d40</run_address>
         <size>0x1e</size>
         <input_file_ref idref="fl-eb"/>
      </object_component>
      <object_component id="oc-20a">
         <name>.text:TimerIntStatus</name>
         <load_address>0x20008d5e</load_address>
         <run_address>0x20008d5e</run_address>
         <size>0x1e</size>
         <input_file_ref idref="fl-eb"/>
      </object_component>
      <object_component id="oc-c2">
         <name>.text:UARTCharPut</name>
         <load_address>0x20008d7c</load_address>
         <run_address>0x20008d7c</run_address>
         <size>0x1e</size>
         <input_file_ref idref="fl-ec"/>
      </object_component>
      <object_component id="oc-170">
         <name>.text:UARTIntRegister</name>
         <load_address>0x20008d9a</load_address>
         <run_address>0x20008d9a</run_address>
         <size>0x1e</size>
         <input_file_ref idref="fl-ec"/>
      </object_component>
      <object_component id="oc-c8">
         <name>.text:TimerValueGet</name>
         <load_address>0x20008db8</load_address>
         <run_address>0x20008db8</run_address>
         <size>0x1c</size>
         <input_file_ref idref="fl-eb"/>
      </object_component>
      <object_component id="oc-296">
         <name>.text:UARTCharGetNonBlocking</name>
         <load_address>0x20008dd4</load_address>
         <run_address>0x20008dd4</run_address>
         <size>0x1c</size>
         <input_file_ref idref="fl-ec"/>
      </object_component>
      <object_component id="oc-407">
         <name>.text:memccpy</name>
         <load_address>0x20008df0</load_address>
         <run_address>0x20008df0</run_address>
         <size>0x1c</size>
         <input_file_ref idref="fl-d7"/>
      </object_component>
      <object_component id="oc-279">
         <name>.text:PinTypeSPI</name>
         <load_address>0x20008e0c</load_address>
         <run_address>0x20008e0c</run_address>
         <size>0x1a</size>
         <input_file_ref idref="fl-e8"/>
      </object_component>
      <object_component id="oc-27f">
         <name>.text:PinTypeUART</name>
         <load_address>0x20008e26</load_address>
         <run_address>0x20008e26</run_address>
         <size>0x1a</size>
         <input_file_ref idref="fl-e8"/>
      </object_component>
      <object_component id="oc-10b">
         <name>.text:SPICSDisable</name>
         <load_address>0x20008e40</load_address>
         <run_address>0x20008e40</run_address>
         <size>0x18</size>
         <input_file_ref idref="fl-ea"/>
      </object_component>
      <object_component id="oc-ff">
         <name>.text:SPICSEnable</name>
         <load_address>0x20008e58</load_address>
         <run_address>0x20008e58</run_address>
         <size>0x18</size>
         <input_file_ref idref="fl-ea"/>
      </object_component>
      <object_component id="oc-152">
         <name>.text:SPIEnable</name>
         <load_address>0x20008e70</load_address>
         <run_address>0x20008e70</run_address>
         <size>0x18</size>
         <input_file_ref idref="fl-ea"/>
      </object_component>
      <object_component id="oc-222">
         <name>.text:TimerIntDisable</name>
         <load_address>0x20008e88</load_address>
         <run_address>0x20008e88</run_address>
         <size>0x18</size>
         <input_file_ref idref="fl-eb"/>
      </object_component>
      <object_component id="oc-204">
         <name>.text:TimerIntEnable</name>
         <load_address>0x20008ea0</load_address>
         <run_address>0x20008ea0</run_address>
         <size>0x18</size>
         <input_file_ref idref="fl-eb"/>
      </object_component>
      <object_component id="oc-ec">
         <name>.text:UARTCharsAvail</name>
         <load_address>0x20008eb8</load_address>
         <run_address>0x20008eb8</run_address>
         <size>0x18</size>
         <input_file_ref idref="fl-ec"/>
      </object_component>
      <object_component id="oc-182">
         <name>.text:UARTFIFOLevelSet</name>
         <load_address>0x20008ed0</load_address>
         <run_address>0x20008ed0</run_address>
         <size>0x18</size>
         <input_file_ref idref="fl-ec"/>
      </object_component>
      <object_component id="oc-176">
         <name>.text:UARTIntEnable</name>
         <load_address>0x20008ee8</load_address>
         <run_address>0x20008ee8</run_address>
         <size>0x18</size>
         <input_file_ref idref="fl-ec"/>
      </object_component>
      <object_component id="oc-364">
         <name>.text:_outc</name>
         <load_address>0x20008f00</load_address>
         <run_address>0x20008f00</run_address>
         <size>0x18</size>
         <input_file_ref idref="fl-cb"/>
      </object_component>
      <object_component id="oc-25a">
         <name>.text:PRCMHIBRegRead</name>
         <load_address>0x20008f18</load_address>
         <run_address>0x20008f18</run_address>
         <size>0x16</size>
         <input_file_ref idref="fl-e9"/>
      </object_component>
      <object_component id="oc-260">
         <name>.text:PRCMHIBRegWrite</name>
         <load_address>0x20008f2e</load_address>
         <run_address>0x20008f2e</run_address>
         <size>0x16</size>
         <input_file_ref idref="fl-e9"/>
      </object_component>
      <object_component id="oc-e6">
         <name>.text:UARTCharGet</name>
         <load_address>0x20008f44</load_address>
         <run_address>0x20008f44</run_address>
         <size>0x16</size>
         <input_file_ref idref="fl-ec"/>
      </object_component>
      <object_component id="oc-17c">
         <name>.text:UARTFIFOEnable</name>
         <load_address>0x20008f5a</load_address>
         <run_address>0x20008f5a</run_address>
         <size>0x16</size>
         <input_file_ref idref="fl-ec"/>
      </object_component>
      <object_component id="oc-49e">
         <name>.text:strchr</name>
         <load_address>0x20008f70</load_address>
         <run_address>0x20008f70</run_address>
         <size>0x16</size>
         <input_file_ref idref="fl-d8"/>
      </object_component>
      <object_component id="oc-249">
         <name>.text:CPUcpsie</name>
         <load_address>0x20008f86</load_address>
         <run_address>0x20008f86</run_address>
         <size>0x14</size>
         <input_file_ref idref="fl-ee"/>
      </object_component>
      <object_component id="oc-115">
         <name>.text:IntVTableBaseSet</name>
         <load_address>0x20008f9c</load_address>
         <run_address>0x20008f9c</run_address>
         <size>0x14</size>
         <input_file_ref idref="fl-e7"/>
      </object_component>
      <object_component id="oc-4df">
         <name>.text:copysign</name>
         <load_address>0x20008fb0</load_address>
         <run_address>0x20008fb0</run_address>
         <size>0x14</size>
         <input_file_ref idref="fl-dd"/>
      </object_component>
      <object_component id="oc-29c">
         <name>.text:strlen</name>
         <load_address>0x20008fc4</load_address>
         <run_address>0x20008fc4</run_address>
         <size>0x14</size>
         <input_file_ref idref="fl-ca"/>
      </object_component>
      <object_component id="oc-210">
         <name>.text:TimerIntClear</name>
         <load_address>0x20008fd8</load_address>
         <run_address>0x20008fd8</run_address>
         <size>0x12</size>
         <input_file_ref idref="fl-eb"/>
      </object_component>
      <object_component id="oc-e0">
         <name>.text:UARTIntClear</name>
         <load_address>0x20008fea</load_address>
         <run_address>0x20008fea</run_address>
         <size>0x12</size>
         <input_file_ref idref="fl-ec"/>
      </object_component>
      <object_component id="oc-40d">
         <name>.text:wcslen</name>
         <load_address>0x20008ffc</load_address>
         <run_address>0x20008ffc</run_address>
         <size>0x12</size>
         <input_file_ref idref="fl-dc"/>
      </object_component>
      <object_component id="oc-18">
         <name>.text:decompress:none:__TI_decompress_none</name>
         <load_address>0x2000900e</load_address>
         <run_address>0x2000900e</run_address>
         <size>0xe</size>
         <input_file_ref idref="fl-c5"/>
      </object_component>
      <object_component id="oc-26">
         <name>.text</name>
         <load_address>0x2000901c</load_address>
         <run_address>0x2000901c</run_address>
         <size>0xe</size>
         <input_file_ref idref="fl-6"/>
      </object_component>
      <object_component id="oc-4c">
         <name>.text:decompress:ZI:__TI_zero_init</name>
         <load_address>0x2000902a</load_address>
         <run_address>0x2000902a</run_address>
         <size>0xc</size>
         <input_file_ref idref="fl-c4"/>
      </object_component>
      <object_component id="oc-11b">
         <name>.text:IntMasterEnable</name>
         <load_address>0x20009036</load_address>
         <run_address>0x20009036</run_address>
         <size>0xa</size>
         <input_file_ref idref="fl-e7"/>
      </object_component>
      <object_component id="oc-413">
         <name>.text:__aeabi_errno_addr</name>
         <load_address>0x20009040</load_address>
         <run_address>0x20009040</run_address>
         <size>0x8</size>
         <input_file_ref idref="fl-d9"/>
      </object_component>
      <object_component id="oc-33b">
         <name>.text:UtilsDelay</name>
         <load_address>0x20009048</load_address>
         <run_address>0x20009048</run_address>
         <size>0x6</size>
         <input_file_ref idref="fl-ed"/>
      </object_component>
      <object_component id="oc-8e">
         <name>.text:_system_pre_init</name>
         <load_address>0x2000904e</load_address>
         <run_address>0x2000904e</run_address>
         <size>0x4</size>
         <input_file_ref idref="fl-cf"/>
      </object_component>
      <object_component id="oc-198">
         <name>.text:abort:abort</name>
         <load_address>0x20009052</load_address>
         <run_address>0x20009052</run_address>
         <size>0x4</size>
         <input_file_ref idref="fl-d1"/>
      </object_component>
      <object_component id="oc-1d9">
         <name>.const:.string:font</name>
         <load_address>0x20009058</load_address>
         <run_address>0x20009058</run_address>
         <size>0x4fb</size>
         <input_file_ref idref="fl-2"/>
      </object_component>
      <object_component id="oc-447">
         <name>.const:.string:_ctypes_</name>
         <load_address>0x20009553</load_address>
         <run_address>0x20009553</run_address>
         <size>0x101</size>
         <input_file_ref idref="fl-d5"/>
      </object_component>
      <object_component id="oc-3d9">
         <name>.const:g_ulPinToPadMap</name>
         <load_address>0x20009654</load_address>
         <run_address>0x20009654</run_address>
         <size>0x100</size>
         <input_file_ref idref="fl-e8"/>
      </object_component>
      <object_component id="oc-316">
         <name>.const:g_pulRegs</name>
         <load_address>0x20009754</load_address>
         <run_address>0x20009754</run_address>
         <size>0xd4</size>
         <input_file_ref idref="fl-e7"/>
      </object_component>
      <object_component id="oc-286">
         <name>.const:PRCM_PeriphRegsList</name>
         <load_address>0x20009828</load_address>
         <run_address>0x20009828</run_address>
         <size>0xa8</size>
         <input_file_ref idref="fl-e9"/>
      </object_component>
      <object_component id="oc-250">
         <name>.const</name>
         <load_address>0x200098d0</load_address>
         <run_address>0x200098d0</run_address>
         <size>0x80</size>
         <input_file_ref idref="fl-e7"/>
      </object_component>
      <object_component id="oc-18e">
         <name>.const:$P$T0$1</name>
         <load_address>0x20009950</load_address>
         <run_address>0x20009950</run_address>
         <size>0x10</size>
         <input_file_ref idref="fl-4"/>
      </object_component>
      <object_component id="oc-3a1">
         <name>.const</name>
         <load_address>0x20009960</load_address>
         <run_address>0x20009960</run_address>
         <size>0x10</size>
         <input_file_ref idref="fl-ec"/>
      </object_component>
      <object_component id="oc-535">
         <name>.cinit..data.load</name>
         <load_address>0x20009970</load_address>
         <run_address>0x20009970</run_address>
         <size>0x64</size>
      </object_component>
      <object_component id="oc-533">
         <name>__TI_handler_table</name>
         <load_address>0x200099d4</load_address>
         <run_address>0x200099d4</run_address>
         <size>0xc</size>
      </object_component>
      <object_component id="oc-536">
         <name>.cinit..bss.load</name>
         <load_address>0x200099e0</load_address>
         <run_address>0x200099e0</run_address>
         <size>0x8</size>
      </object_component>
      <object_component id="oc-534">
         <name>__TI_cinit_table</name>
         <load_address>0x200099e8</load_address>
         <run_address>0x200099e8</run_address>
         <size>0x10</size>
      </object_component>
      <object_component id="oc-111">
         <name>.data</name>
         <load_address>0x20017fc4</load_address>
         <run_address>0x20017fc4</run_address>
         <size>0x15</size>
         <input_file_ref idref="fl-2"/>
      </object_component>
      <object_component id="oc-f2">
         <name>.data</name>
         <load_address>0x20017f60</load_address>
         <run_address>0x20017f60</run_address>
         <size>0x44</size>
         <input_file_ref idref="fl-4"/>
      </object_component>
      <object_component id="oc-194">
         <name>.data:coeff</name>
         <load_address>0x20017fa4</load_address>
         <run_address>0x20017fa4</run_address>
         <size>0x20</size>
         <input_file_ref idref="fl-4"/>
      </object_component>
      <object_component id="oc-38d">
         <name>.data:$O1$$</name>
         <load_address>0x20017fdc</load_address>
         <run_address>0x20017fdc</run_address>
         <size>0xc</size>
         <input_file_ref idref="fl-c7"/>
      </object_component>
      <object_component id="oc-2f2">
         <name>.data:$O1$$</name>
         <load_address>0x20017fe8</load_address>
         <run_address>0x20017fe8</run_address>
         <size>0x8</size>
         <input_file_ref idref="fl-c8"/>
      </object_component>
      <object_component id="oc-4ae">
         <name>.data</name>
         <load_address>0x20017ff0</load_address>
         <run_address>0x20017ff0</run_address>
         <size>0x4</size>
         <input_file_ref idref="fl-d9"/>
      </object_component>
      <object_component id="oc-2ba">
         <name>.bss</name>
         <uninitialized>true</uninitialized>
         <run_address>0x20017f50</run_address>
         <size>0x4</size>
         <input_file_ref idref="fl-8"/>
      </object_component>
      <object_component id="oc-193">
         <name>.common:oldTime</name>
         <uninitialized>true</uninitialized>
         <run_address>0x20017f5c</run_address>
         <size>0x4</size>
      </object_component>
      <object_component id="oc-f8">
         <name>.common:oldCharTime</name>
         <uninitialized>true</uninitialized>
         <run_address>0x20017f58</run_address>
         <size>0x4</size>
      </object_component>
      <object_component id="oc-f5">
         <name>.common:message</name>
         <uninitialized>true</uninitialized>
         <run_address>0x20017e68</run_address>
         <size>0x64</size>
      </object_component>
      <object_component id="oc-114">
         <name>.common:receivedMessage</name>
         <uninitialized>true</uninitialized>
         <run_address>0x20017ecc</run_address>
         <size>0x64</size>
      </object_component>
      <object_component id="oc-191">
         <name>.common:power_all</name>
         <uninitialized>true</uninitialized>
         <run_address>0x20017f30</run_address>
         <size>0x20</size>
      </object_component>
      <object_component id="oc-12d">
         <name>.common:samples</name>
         <uninitialized>true</uninitialized>
         <run_address>0x20017800</run_address>
         <size>0x668</size>
      </object_component>
      <object_component id="oc-192">
         <name>.common:buttonBuffer</name>
         <uninitialized>true</uninitialized>
         <run_address>0x20017f54</run_address>
         <size>0x4</size>
      </object_component>
      <object_component id="oc-20">
         <name>.sysmem</name>
         <uninitialized>true</uninitialized>
         <run_address>0x20017000</run_address>
         <size>0x8</size>
         <input_file_ref idref="fl-c7"/>
      </object_component>
      <object_component id="oc-538">
         <name>.sysmem</name>
         <uninitialized>true</uninitialized>
         <run_address>0x20017000</run_address>
         <size>0x0</size>
      </object_component>
      <object_component id="oc-23">
         <name>.stack</name>
         <uninitialized>true</uninitialized>
         <run_address>0x2002ff00</run_address>
         <size>0x4</size>
         <input_file_ref idref="fl-cc"/>
      </object_component>
      <object_component id="oc-537">
         <name>.stack</name>
         <uninitialized>true</uninitialized>
         <run_address>0x2002ff00</run_address>
         <size>0x0</size>
      </object_component>
      <object_component id="oc-1dd">
         <name>.debug_info</name>
         <load_address>0x0</load_address>
         <run_address>0x0</run_address>
         <size>0x379</size>
         <input_file_ref idref="fl-2"/>
      </object_component>
      <object_component id="oc-1da">
         <name>.debug_info</name>
         <load_address>0x379</load_address>
         <run_address>0x379</run_address>
         <size>0xfd</size>
         <input_file_ref idref="fl-2"/>
      </object_component>
      <object_component id="oc-112">
         <name>.debug_info</name>
         <load_address>0x476</load_address>
         <run_address>0x476</run_address>
         <size>0x1ab</size>
         <input_file_ref idref="fl-2"/>
      </object_component>
      <object_component id="oc-d5">
         <name>.debug_info</name>
         <load_address>0x621</load_address>
         <run_address>0x621</run_address>
         <size>0x1578</size>
         <input_file_ref idref="fl-2"/>
      </object_component>
      <object_component id="oc-35">
         <name>.debug_info</name>
         <load_address>0x1b99</load_address>
         <run_address>0x1b99</run_address>
         <size>0x84</size>
         <input_file_ref idref="fl-2"/>
      </object_component>
      <object_component id="oc-1eb">
         <name>.debug_info</name>
         <load_address>0x1c1d</load_address>
         <run_address>0x1c1d</run_address>
         <size>0x374</size>
         <input_file_ref idref="fl-3"/>
      </object_component>
      <object_component id="oc-db">
         <name>.debug_info</name>
         <load_address>0x1f91</load_address>
         <run_address>0x1f91</run_address>
         <size>0xe8c</size>
         <input_file_ref idref="fl-3"/>
      </object_component>
      <object_component id="oc-353">
         <name>.debug_info</name>
         <load_address>0x2e1d</load_address>
         <run_address>0x2e1d</run_address>
         <size>0x62</size>
         <input_file_ref idref="fl-3"/>
      </object_component>
      <object_component id="oc-1ef">
         <name>.debug_info</name>
         <load_address>0x2e7f</load_address>
         <run_address>0x2e7f</run_address>
         <size>0x2c</size>
         <input_file_ref idref="fl-3"/>
      </object_component>
      <object_component id="oc-b9">
         <name>.debug_info</name>
         <load_address>0x2eab</load_address>
         <run_address>0x2eab</run_address>
         <size>0x2c</size>
         <input_file_ref idref="fl-3"/>
      </object_component>
      <object_component id="oc-f6">
         <name>.debug_info</name>
         <load_address>0x2ed7</load_address>
         <run_address>0x2ed7</run_address>
         <size>0xc5a</size>
         <input_file_ref idref="fl-4"/>
      </object_component>
      <object_component id="oc-f3">
         <name>.debug_info</name>
         <load_address>0x3b31</load_address>
         <run_address>0x3b31</run_address>
         <size>0x36d</size>
         <input_file_ref idref="fl-4"/>
      </object_component>
      <object_component id="oc-195">
         <name>.debug_info</name>
         <load_address>0x3e9e</load_address>
         <run_address>0x3e9e</run_address>
         <size>0xf8</size>
         <input_file_ref idref="fl-4"/>
      </object_component>
      <object_component id="oc-18f">
         <name>.debug_info</name>
         <load_address>0x3f96</load_address>
         <run_address>0x3f96</run_address>
         <size>0xfc</size>
         <input_file_ref idref="fl-4"/>
      </object_component>
      <object_component id="oc-95">
         <name>.debug_info</name>
         <load_address>0x4092</load_address>
         <run_address>0x4092</run_address>
         <size>0xaa0</size>
         <input_file_ref idref="fl-4"/>
      </object_component>
      <object_component id="oc-12f">
         <name>.debug_info</name>
         <load_address>0x4b32</load_address>
         <run_address>0x4b32</run_address>
         <size>0x354</size>
         <input_file_ref idref="fl-5"/>
      </object_component>
      <object_component id="oc-2e">
         <name>.debug_info</name>
         <load_address>0x4e86</load_address>
         <run_address>0x4e86</run_address>
         <size>0x2e9</size>
         <input_file_ref idref="fl-6"/>
      </object_component>
      <object_component id="oc-10">
         <name>.debug_info</name>
         <load_address>0x516f</load_address>
         <run_address>0x516f</run_address>
         <size>0x13a</size>
         <input_file_ref idref="fl-6"/>
      </object_component>
      <object_component id="oc-27">
         <name>.debug_info</name>
         <load_address>0x52a9</load_address>
         <run_address>0x52a9</run_address>
         <size>0x45b</size>
         <input_file_ref idref="fl-6"/>
      </object_component>
      <object_component id="oc-22f">
         <name>.debug_info</name>
         <load_address>0x5704</load_address>
         <run_address>0x5704</run_address>
         <size>0x5ae</size>
         <input_file_ref idref="fl-7"/>
      </object_component>
      <object_component id="oc-fa">
         <name>.debug_info</name>
         <load_address>0x5cb2</load_address>
         <run_address>0x5cb2</run_address>
         <size>0xa30</size>
         <input_file_ref idref="fl-7"/>
      </object_component>
      <object_component id="oc-2be">
         <name>.debug_info</name>
         <load_address>0x66e2</load_address>
         <run_address>0x66e2</run_address>
         <size>0x52e</size>
         <input_file_ref idref="fl-8"/>
      </object_component>
      <object_component id="oc-2bb">
         <name>.debug_info</name>
         <load_address>0x6c10</load_address>
         <run_address>0x6c10</run_address>
         <size>0x131</size>
         <input_file_ref idref="fl-8"/>
      </object_component>
      <object_component id="oc-159">
         <name>.debug_info</name>
         <load_address>0x6d41</load_address>
         <run_address>0x6d41</run_address>
         <size>0x90d</size>
         <input_file_ref idref="fl-8"/>
      </object_component>
      <object_component id="oc-397">
         <name>.debug_info</name>
         <load_address>0x764e</load_address>
         <run_address>0x764e</run_address>
         <size>0x26b</size>
         <input_file_ref idref="fl-8"/>
      </object_component>
      <object_component id="oc-2c4">
         <name>.debug_info</name>
         <load_address>0x78b9</load_address>
         <run_address>0x78b9</run_address>
         <size>0x110</size>
         <input_file_ref idref="fl-8"/>
      </object_component>
      <object_component id="oc-39c">
         <name>.debug_info</name>
         <load_address>0x79c9</load_address>
         <run_address>0x79c9</run_address>
         <size>0x297</size>
         <input_file_ref idref="fl-8"/>
      </object_component>
      <object_component id="oc-2bf">
         <name>.debug_info</name>
         <load_address>0x7c60</load_address>
         <run_address>0x7c60</run_address>
         <size>0x2c</size>
         <input_file_ref idref="fl-8"/>
      </object_component>
      <object_component id="oc-3d">
         <name>.debug_info</name>
         <load_address>0x7c8c</load_address>
         <run_address>0x7c8c</run_address>
         <size>0x111</size>
         <input_file_ref idref="fl-c3"/>
      </object_component>
      <object_component id="oc-87">
         <name>.debug_info</name>
         <load_address>0x7d9d</load_address>
         <run_address>0x7d9d</run_address>
         <size>0x313</size>
         <input_file_ref idref="fl-c4"/>
      </object_component>
      <object_component id="oc-50">
         <name>.debug_info</name>
         <load_address>0x80b0</load_address>
         <run_address>0x80b0</run_address>
         <size>0x1aa</size>
         <input_file_ref idref="fl-c4"/>
      </object_component>
      <object_component id="oc-82">
         <name>.debug_info</name>
         <load_address>0x825a</load_address>
         <run_address>0x825a</run_address>
         <size>0x46</size>
         <input_file_ref idref="fl-c4"/>
      </object_component>
      <object_component id="oc-45">
         <name>.debug_info</name>
         <load_address>0x82a0</load_address>
         <run_address>0x82a0</run_address>
         <size>0x29d</size>
         <input_file_ref idref="fl-c5"/>
      </object_component>
      <object_component id="oc-1c">
         <name>.debug_info</name>
         <load_address>0x853d</load_address>
         <run_address>0x853d</run_address>
         <size>0x1df</size>
         <input_file_ref idref="fl-c5"/>
      </object_component>
      <object_component id="oc-40">
         <name>.debug_info</name>
         <load_address>0x871c</load_address>
         <run_address>0x871c</run_address>
         <size>0x46</size>
         <input_file_ref idref="fl-c5"/>
      </object_component>
      <object_component id="oc-7a">
         <name>.debug_info</name>
         <load_address>0x8762</load_address>
         <run_address>0x8762</run_address>
         <size>0x2c</size>
         <input_file_ref idref="fl-c5"/>
      </object_component>
      <object_component id="oc-78">
         <name>.debug_info</name>
         <load_address>0x878e</load_address>
         <run_address>0x878e</run_address>
         <size>0x293</size>
         <input_file_ref idref="fl-c6"/>
      </object_component>
      <object_component id="oc-16">
         <name>.debug_info</name>
         <load_address>0x8a21</load_address>
         <run_address>0x8a21</run_address>
         <size>0x245</size>
         <input_file_ref idref="fl-c6"/>
      </object_component>
      <object_component id="oc-30">
         <name>.debug_info</name>
         <load_address>0x8c66</load_address>
         <run_address>0x8c66</run_address>
         <size>0x60</size>
         <input_file_ref idref="fl-c6"/>
      </object_component>
      <object_component id="oc-b2">
         <name>.debug_info</name>
         <load_address>0x8cc6</load_address>
         <run_address>0x8cc6</run_address>
         <size>0x46</size>
         <input_file_ref idref="fl-c6"/>
      </object_component>
      <object_component id="oc-73">
         <name>.debug_info</name>
         <load_address>0x8d0c</load_address>
         <run_address>0x8d0c</run_address>
         <size>0x39</size>
         <input_file_ref idref="fl-c6"/>
      </object_component>
      <object_component id="oc-6c">
         <name>.debug_info</name>
         <load_address>0x8d45</load_address>
         <run_address>0x8d45</run_address>
         <size>0x3bb</size>
         <input_file_ref idref="fl-c7"/>
      </object_component>
      <object_component id="oc-21">
         <name>.debug_info</name>
         <load_address>0x9100</load_address>
         <run_address>0x9100</run_address>
         <size>0x101</size>
         <input_file_ref idref="fl-c7"/>
      </object_component>
      <object_component id="oc-38e">
         <name>.debug_info</name>
         <load_address>0x9201</load_address>
         <run_address>0x9201</run_address>
         <size>0x14c</size>
         <input_file_ref idref="fl-c7"/>
      </object_component>
      <object_component id="oc-37c">
         <name>.debug_info</name>
         <load_address>0x934d</load_address>
         <run_address>0x934d</run_address>
         <size>0x139</size>
         <input_file_ref idref="fl-c7"/>
      </object_component>
      <object_component id="oc-383">
         <name>.debug_info</name>
         <load_address>0x9486</load_address>
         <run_address>0x9486</run_address>
         <size>0x174</size>
         <input_file_ref idref="fl-c7"/>
      </object_component>
      <object_component id="oc-389">
         <name>.debug_info</name>
         <load_address>0x95fa</load_address>
         <run_address>0x95fa</run_address>
         <size>0x172</size>
         <input_file_ref idref="fl-c7"/>
      </object_component>
      <object_component id="oc-2aa">
         <name>.debug_info</name>
         <load_address>0x976c</load_address>
         <run_address>0x976c</run_address>
         <size>0x1db</size>
         <input_file_ref idref="fl-c7"/>
      </object_component>
      <object_component id="oc-2b6">
         <name>.debug_info</name>
         <load_address>0x9947</load_address>
         <run_address>0x9947</run_address>
         <size>0x1e6</size>
         <input_file_ref idref="fl-c7"/>
      </object_component>
      <object_component id="oc-2b0">
         <name>.debug_info</name>
         <load_address>0x9b2d</load_address>
         <run_address>0x9b2d</run_address>
         <size>0x27e</size>
         <input_file_ref idref="fl-c7"/>
      </object_component>
      <object_component id="oc-a8">
         <name>.debug_info</name>
         <load_address>0x9dab</load_address>
         <run_address>0x9dab</run_address>
         <size>0x2c</size>
         <input_file_ref idref="fl-c7"/>
      </object_component>
      <object_component id="oc-ad">
         <name>.debug_info</name>
         <load_address>0x9dd7</load_address>
         <run_address>0x9dd7</run_address>
         <size>0x62</size>
         <input_file_ref idref="fl-c7"/>
      </object_component>
      <object_component id="oc-3b4">
         <name>.debug_info</name>
         <load_address>0x9e39</load_address>
         <run_address>0x9e39</run_address>
         <size>0x2be</size>
         <input_file_ref idref="fl-c8"/>
      </object_component>
      <object_component id="oc-2f3">
         <name>.debug_info</name>
         <load_address>0xa0f7</load_address>
         <run_address>0xa0f7</run_address>
         <size>0x113</size>
         <input_file_ref idref="fl-c8"/>
      </object_component>
      <object_component id="oc-3b0">
         <name>.debug_info</name>
         <load_address>0xa20a</load_address>
         <run_address>0xa20a</run_address>
         <size>0x123</size>
         <input_file_ref idref="fl-c8"/>
      </object_component>
      <object_component id="oc-37a">
         <name>.debug_info</name>
         <load_address>0xa32d</load_address>
         <run_address>0xa32d</run_address>
         <size>0x29a</size>
         <input_file_ref idref="fl-c9"/>
      </object_component>
      <object_component id="oc-2a5">
         <name>.debug_info</name>
         <load_address>0xa5c7</load_address>
         <run_address>0xa5c7</run_address>
         <size>0x1ab</size>
         <input_file_ref idref="fl-c9"/>
      </object_component>
      <object_component id="oc-378">
         <name>.debug_info</name>
         <load_address>0xa772</load_address>
         <run_address>0xa772</run_address>
         <size>0x284</size>
         <input_file_ref idref="fl-ca"/>
      </object_component>
      <object_component id="oc-29f">
         <name>.debug_info</name>
         <load_address>0xa9f6</load_address>
         <run_address>0xa9f6</run_address>
         <size>0x22a</size>
         <input_file_ref idref="fl-ca"/>
      </object_component>
      <object_component id="oc-36b">
         <name>.debug_info</name>
         <load_address>0xac20</load_address>
         <run_address>0xac20</run_address>
         <size>0x335</size>
         <input_file_ref idref="fl-cb"/>
      </object_component>
      <object_component id="oc-291">
         <name>.debug_info</name>
         <load_address>0xaf55</load_address>
         <run_address>0xaf55</run_address>
         <size>0x1fd</size>
         <input_file_ref idref="fl-cb"/>
      </object_component>
      <object_component id="oc-35f">
         <name>.debug_info</name>
         <load_address>0xb152</load_address>
         <run_address>0xb152</run_address>
         <size>0x1bb</size>
         <input_file_ref idref="fl-cb"/>
      </object_component>
      <object_component id="oc-365">
         <name>.debug_info</name>
         <load_address>0xb30d</load_address>
         <run_address>0xb30d</run_address>
         <size>0x16e</size>
         <input_file_ref idref="fl-cb"/>
      </object_component>
      <object_component id="oc-36c">
         <name>.debug_info</name>
         <load_address>0xb47b</load_address>
         <run_address>0xb47b</run_address>
         <size>0x2c</size>
         <input_file_ref idref="fl-cb"/>
      </object_component>
      <object_component id="oc-371">
         <name>.debug_info</name>
         <load_address>0xb4a7</load_address>
         <run_address>0xb4a7</run_address>
         <size>0x69</size>
         <input_file_ref idref="fl-cb"/>
      </object_component>
      <object_component id="oc-24">
         <name>.debug_info</name>
         <load_address>0xb510</load_address>
         <run_address>0xb510</run_address>
         <size>0x100</size>
         <input_file_ref idref="fl-cc"/>
      </object_component>
      <object_component id="oc-59">
         <name>.debug_info</name>
         <load_address>0xb610</load_address>
         <run_address>0xb610</run_address>
         <size>0x1a4</size>
         <input_file_ref idref="fl-cc"/>
      </object_component>
      <object_component id="oc-89">
         <name>.debug_info</name>
         <load_address>0xb7b4</load_address>
         <run_address>0xb7b4</run_address>
         <size>0x13f</size>
         <input_file_ref idref="fl-cd"/>
      </object_component>
      <object_component id="oc-2f9">
         <name>.debug_info</name>
         <load_address>0xb8f3</load_address>
         <run_address>0xb8f3</run_address>
         <size>0x547</size>
         <input_file_ref idref="fl-ce"/>
      </object_component>
      <object_component id="oc-1a5">
         <name>.debug_info</name>
         <load_address>0xbe3a</load_address>
         <run_address>0xbe3a</run_address>
         <size>0x19b</size>
         <input_file_ref idref="fl-ce"/>
      </object_component>
      <object_component id="oc-3ba">
         <name>.debug_info</name>
         <load_address>0xbfd5</load_address>
         <run_address>0xbfd5</run_address>
         <size>0x39</size>
         <input_file_ref idref="fl-ce"/>
      </object_component>
      <object_component id="oc-437">
         <name>.debug_info</name>
         <load_address>0xc00e</load_address>
         <run_address>0xc00e</run_address>
         <size>0x39</size>
         <input_file_ref idref="fl-ce"/>
      </object_component>
      <object_component id="oc-3bf">
         <name>.debug_info</name>
         <load_address>0xc047</load_address>
         <run_address>0xc047</run_address>
         <size>0x39</size>
         <input_file_ref idref="fl-ce"/>
      </object_component>
      <object_component id="oc-3c4">
         <name>.debug_info</name>
         <load_address>0xc080</load_address>
         <run_address>0xc080</run_address>
         <size>0xcd</size>
         <input_file_ref idref="fl-ce"/>
      </object_component>
      <object_component id="oc-90">
         <name>.debug_info</name>
         <load_address>0xc14d</load_address>
         <run_address>0xc14d</run_address>
         <size>0x148</size>
         <input_file_ref idref="fl-cf"/>
      </object_component>
      <object_component id="oc-199">
         <name>.debug_info</name>
         <load_address>0xc295</load_address>
         <run_address>0xc295</run_address>
         <size>0x117</size>
         <input_file_ref idref="fl-d1"/>
      </object_component>
      <object_component id="oc-41a">
         <name>.debug_info</name>
         <load_address>0xc3ac</load_address>
         <run_address>0xc3ac</run_address>
         <size>0x8a6</size>
         <input_file_ref idref="fl-d2"/>
      </object_component>
      <object_component id="oc-3e5">
         <name>.debug_info</name>
         <load_address>0xcc52</load_address>
         <run_address>0xcc52</run_address>
         <size>0x213</size>
         <input_file_ref idref="fl-d2"/>
      </object_component>
      <object_component id="oc-478">
         <name>.debug_info</name>
         <load_address>0xce65</load_address>
         <run_address>0xce65</run_address>
         <size>0x1a8</size>
         <input_file_ref idref="fl-d2"/>
      </object_component>
      <object_component id="oc-47e">
         <name>.debug_info</name>
         <load_address>0xd00d</load_address>
         <run_address>0xd00d</run_address>
         <size>0x210</size>
         <input_file_ref idref="fl-d2"/>
      </object_component>
      <object_component id="oc-3f0">
         <name>.debug_info</name>
         <load_address>0xd21d</load_address>
         <run_address>0xd21d</run_address>
         <size>0x3b0</size>
         <input_file_ref idref="fl-d2"/>
      </object_component>
      <object_component id="oc-485">
         <name>.debug_info</name>
         <load_address>0xd5cd</load_address>
         <run_address>0xd5cd</run_address>
         <size>0x2fa</size>
         <input_file_ref idref="fl-d2"/>
      </object_component>
      <object_component id="oc-48b">
         <name>.debug_info</name>
         <load_address>0xd8c7</load_address>
         <run_address>0xd8c7</run_address>
         <size>0x20a</size>
         <input_file_ref idref="fl-d2"/>
      </object_component>
      <object_component id="oc-3f6">
         <name>.debug_info</name>
         <load_address>0xdad1</load_address>
         <run_address>0xdad1</run_address>
         <size>0x20a</size>
         <input_file_ref idref="fl-d2"/>
      </object_component>
      <object_component id="oc-3fc">
         <name>.debug_info</name>
         <load_address>0xdcdb</load_address>
         <run_address>0xdcdb</run_address>
         <size>0x2f9</size>
         <input_file_ref idref="fl-d2"/>
      </object_component>
      <object_component id="oc-402">
         <name>.debug_info</name>
         <load_address>0xdfd4</load_address>
         <run_address>0xdfd4</run_address>
         <size>0x4a5</size>
         <input_file_ref idref="fl-d2"/>
      </object_component>
      <object_component id="oc-359">
         <name>.debug_info</name>
         <load_address>0xe479</load_address>
         <run_address>0xe479</run_address>
         <size>0x5cd</size>
         <input_file_ref idref="fl-d2"/>
      </object_component>
      <object_component id="oc-41b">
         <name>.debug_info</name>
         <load_address>0xea46</load_address>
         <run_address>0xea46</run_address>
         <size>0x86</size>
         <input_file_ref idref="fl-d2"/>
      </object_component>
      <object_component id="oc-4b5">
         <name>.debug_info</name>
         <load_address>0xeacc</load_address>
         <run_address>0xeacc</run_address>
         <size>0x39</size>
         <input_file_ref idref="fl-d2"/>
      </object_component>
      <object_component id="oc-4f6">
         <name>.debug_info</name>
         <load_address>0xeb05</load_address>
         <run_address>0xeb05</run_address>
         <size>0xb6</size>
         <input_file_ref idref="fl-d2"/>
      </object_component>
      <object_component id="oc-4ba">
         <name>.debug_info</name>
         <load_address>0xebbb</load_address>
         <run_address>0xebbb</run_address>
         <size>0x46</size>
         <input_file_ref idref="fl-d2"/>
      </object_component>
      <object_component id="oc-420">
         <name>.debug_info</name>
         <load_address>0xec01</load_address>
         <run_address>0xec01</run_address>
         <size>0x46</size>
         <input_file_ref idref="fl-d2"/>
      </object_component>
      <object_component id="oc-44b">
         <name>.debug_info</name>
         <load_address>0xec47</load_address>
         <run_address>0xec47</run_address>
         <size>0x2ae</size>
         <input_file_ref idref="fl-d4"/>
      </object_component>
      <object_component id="oc-3e0">
         <name>.debug_info</name>
         <load_address>0xeef5</load_address>
         <run_address>0xeef5</run_address>
         <size>0x171</size>
         <input_file_ref idref="fl-d4"/>
      </object_component>
      <object_component id="oc-4c3">
         <name>.debug_info</name>
         <load_address>0xf066</load_address>
         <run_address>0xf066</run_address>
         <size>0xee</size>
         <input_file_ref idref="fl-d5"/>
      </object_component>
      <object_component id="oc-448">
         <name>.debug_info</name>
         <load_address>0xf154</load_address>
         <run_address>0xf154</run_address>
         <size>0xfa</size>
         <input_file_ref idref="fl-d5"/>
      </object_component>
      <object_component id="oc-4d1">
         <name>.debug_info</name>
         <load_address>0xf24e</load_address>
         <run_address>0xf24e</run_address>
         <size>0x290</size>
         <input_file_ref idref="fl-d6"/>
      </object_component>
      <object_component id="oc-46a">
         <name>.debug_info</name>
         <load_address>0xf4de</load_address>
         <run_address>0xf4de</run_address>
         <size>0x1c2</size>
         <input_file_ref idref="fl-d6"/>
      </object_component>
      <object_component id="oc-4a6">
         <name>.debug_info</name>
         <load_address>0xf6a0</load_address>
         <run_address>0xf6a0</run_address>
         <size>0x28b</size>
         <input_file_ref idref="fl-d7"/>
      </object_component>
      <object_component id="oc-408">
         <name>.debug_info</name>
         <load_address>0xf92b</load_address>
         <run_address>0xf92b</run_address>
         <size>0x1ab</size>
         <input_file_ref idref="fl-d7"/>
      </object_component>
      <object_component id="oc-4e8">
         <name>.debug_info</name>
         <load_address>0xfad6</load_address>
         <run_address>0xfad6</run_address>
         <size>0x28f</size>
         <input_file_ref idref="fl-d8"/>
      </object_component>
      <object_component id="oc-49f">
         <name>.debug_info</name>
         <load_address>0xfd65</load_address>
         <run_address>0xfd65</run_address>
         <size>0x247</size>
         <input_file_ref idref="fl-d8"/>
      </object_component>
      <object_component id="oc-4b2">
         <name>.debug_info</name>
         <load_address>0xffac</load_address>
         <run_address>0xffac</run_address>
         <size>0x27e</size>
         <input_file_ref idref="fl-d9"/>
      </object_component>
      <object_component id="oc-4af">
         <name>.debug_info</name>
         <load_address>0x1022a</load_address>
         <run_address>0x1022a</run_address>
         <size>0x103</size>
         <input_file_ref idref="fl-d9"/>
      </object_component>
      <object_component id="oc-415">
         <name>.debug_info</name>
         <load_address>0x1032d</load_address>
         <run_address>0x1032d</run_address>
         <size>0x143</size>
         <input_file_ref idref="fl-d9"/>
      </object_component>
      <object_component id="oc-4d9">
         <name>.debug_info</name>
         <load_address>0x10470</load_address>
         <run_address>0x10470</run_address>
         <size>0x28f</size>
         <input_file_ref idref="fl-da"/>
      </object_component>
      <object_component id="oc-496">
         <name>.debug_info</name>
         <load_address>0x106ff</load_address>
         <run_address>0x106ff</run_address>
         <size>0x18a</size>
         <input_file_ref idref="fl-da"/>
      </object_component>
      <object_component id="oc-502">
         <name>.debug_info</name>
         <load_address>0x10889</load_address>
         <run_address>0x10889</run_address>
         <size>0x39</size>
         <input_file_ref idref="fl-da"/>
      </object_component>
      <object_component id="oc-4da">
         <name>.debug_info</name>
         <load_address>0x108c2</load_address>
         <run_address>0x108c2</run_address>
         <size>0x2c</size>
         <input_file_ref idref="fl-da"/>
      </object_component>
      <object_component id="oc-4e6">
         <name>.debug_info</name>
         <load_address>0x108ee</load_address>
         <run_address>0x108ee</run_address>
         <size>0x2f2</size>
         <input_file_ref idref="fl-db"/>
      </object_component>
      <object_component id="oc-499">
         <name>.debug_info</name>
         <load_address>0x10be0</load_address>
         <run_address>0x10be0</run_address>
         <size>0x21a</size>
         <input_file_ref idref="fl-db"/>
      </object_component>
      <object_component id="oc-4ad">
         <name>.debug_info</name>
         <load_address>0x10dfa</load_address>
         <run_address>0x10dfa</run_address>
         <size>0x284</size>
         <input_file_ref idref="fl-dc"/>
      </object_component>
      <object_component id="oc-40e">
         <name>.debug_info</name>
         <load_address>0x1107e</load_address>
         <run_address>0x1107e</run_address>
[...]
      <symbol id="sm-26b">
         <name>Message</name>
         <value>0x2000655b</value>
         <object_component_ref idref="oc-158"/>
      </symbol>
      <symbol id="sm-26c">
         <name>Report</name>
         <value>0x200066fd</value>
         <object_component_ref idref="oc-158"/>
      </symbol>
      <symbol id="sm-26d">
         <name>Error</name>
         <value>0x20006587</value>
         <object_component_ref idref="oc-158"/>
      </symbol>
      <symbol id="sm-26e">
         <name>InitTerm</name>
         <value>0x2000653d</value>
         <object_component_ref idref="oc-158"/>
      </symbol>
      <symbol id="sm-26f">
         <name>ClearTerm</name>
         <value>0x2000657d</value>
         <object_component_ref idref="oc-158"/>
      </symbol>
      <symbol id="sm-270">
         <name>TrimSpace</name>
         <value>0x20006665</value>
         <object_component_ref idref="oc-158"/>
      </symbol>
      <symbol id="sm-28b">
         <name>memcpy</name>
         <value>0x20007e35</value>
         <object_component_ref idref="oc-3a"/>
      </symbol>
      <symbol id="sm-28c">
         <name>__aeabi_memcpy</name>
         <value>0x20007e35</value>
         <object_component_ref idref="oc-3a"/>
      </symbol>
      <symbol id="sm-28d">
         <name>__aeabi_memcpy8</name>
         <value>0x20007e35</value>
         <object_component_ref idref="oc-3a"/>
      </symbol>
      <symbol id="sm-28e">
         <name>__aeabi_memcpy4</name>
         <value>0x20007e35</value>
         <object_component_ref idref="oc-3a"/>
      </symbol>
      <symbol id="sm-2a0">
         <name>__TI_zero_init</name>
         <value>0x2000902b</value>
         <object_component_ref idref="oc-4c"/>
      </symbol>
      <symbol id="sm-2b7">
         <name>__TI_decompress_none</name>
         <value>0x2000900f</value>
         <object_component_ref idref="oc-18"/>
      </symbol>
      <symbol id="sm-2da">
         <name>__TI_decompress_lzss</name>
         <value>0x200084cd</value>
         <object_component_ref idref="oc-12"/>
      </symbol>
      <symbol id="sm-370">
         <name>_sys_memory</name>
         <value>0x20017000</value>
         <object_component_ref idref="oc-20"/>
      </symbol>
      <symbol id="sm-371">
         <name>free</name>
         <value>0x20007861</value>
         <object_component_ref idref="oc-2b4"/>
      </symbol>
      <symbol id="sm-372">
         <name>realloc</name>
         <value>0x20007459</value>
         <object_component_ref idref="oc-2ae"/>
      </symbol>
      <symbol id="sm-373">
         <name>malloc</name>
         <value>0x20008295</value>
         <object_component_ref idref="oc-2a8"/>
      </symbol>
      <symbol id="sm-374">
         <name>minit</name>
         <value>0x20008a15</value>
         <object_component_ref idref="oc-37b"/>
      </symbol>
      <symbol id="sm-389">
         <name>_nop</name>
         <value>0x2000653b</value>
         <object_component_ref idref="oc-3ac"/>
      </symbol>
      <symbol id="sm-38a">
         <name>_lock</name>
         <value>0x20017fe8</value>
         <object_component_ref idref="oc-2f2"/>
      </symbol>
      <symbol id="sm-38b">
         <name>_unlock</name>
         <value>0x20017fec</value>
         <object_component_ref idref="oc-2f2"/>
      </symbol>
      <symbol id="sm-39b">
         <name>memmove</name>
         <value>0x20008c5d</value>
         <object_component_ref idref="oc-2a2"/>
      </symbol>
      <symbol id="sm-3a9">
         <name>strlen</name>
         <value>0x20008fc5</value>
         <object_component_ref idref="oc-29c"/>
      </symbol>
      <symbol id="sm-3d8">
         <name>vsnprintf</name>
         <value>0x200088e5</value>
         <object_component_ref idref="oc-290"/>
      </symbol>
      <symbol id="sm-3eb">
         <name>__stack</name>
         <value>0x2002ff00</value>
         <object_component_ref idref="oc-23"/>
      </symbol>
      <symbol id="sm-3ec">
         <name>_c_int00_noargs</name>
         <value>0x200089dd</value>
         <object_component_ref idref="oc-58"/>
      </symbol>
      <symbol id="sm-3fb">
         <name>__aeabi_memset</name>
         <value>0x2000821b</value>
         <object_component_ref idref="oc-88"/>
      </symbol>
      <symbol id="sm-3fc">
         <name>memset</name>
         <value>0x20008221</value>
         <object_component_ref idref="oc-88"/>
      </symbol>
      <symbol id="sm-3fd">
         <name>__aeabi_memset8</name>
         <value>0x2000821b</value>
         <object_component_ref idref="oc-88"/>
      </symbol>
      <symbol id="sm-3fe">
         <name>__aeabi_memset4</name>
         <value>0x2000821b</value>
         <object_component_ref idref="oc-88"/>
      </symbol>
      <symbol id="sm-3ff">
         <name>__aeabi_memclr8</name>
         <value>0x20008219</value>
         <object_component_ref idref="oc-88"/>
      </symbol>
      <symbol id="sm-400">
         <name>__aeabi_memclr4</name>
         <value>0x20008219</value>
         <object_component_ref idref="oc-88"/>
      </symbol>
      <symbol id="sm-401">
         <name>__aeabi_memclr</name>
         <value>0x20008219</value>
         <object_component_ref idref="oc-88"/>
      </symbol>
      <symbol id="sm-429">
         <name>__TI_auto_init_nobinit_nopinit</name>
         <value>0x20008861</value>
         <object_component_ref idref="oc-1a4"/>
      </symbol>
      <symbol id="sm-433">
         <name>_system_pre_init</name>
         <value>0x2000904f</value>
         <object_component_ref idref="oc-8e"/>
      </symbol>
      <symbol id="sm-43f">
         <name>C$$EXIT</name>
         <value>0x20009053</value>
         <object_component_ref idref="oc-198"/>
      </symbol>
      <symbol id="sm-440">
         <name>abort</name>
         <value>0x20009053</value>
         <object_component_ref idref="oc-198"/>
      </symbol>
      <symbol id="sm-5a5">
         <name>__TI_printfi</name>
         <value>0x20004ebd</value>
         <object_component_ref idref="oc-358"/>
      </symbol>
      <symbol id="sm-5bc">
         <name>atoi</name>
         <value>0x20008745</value>
         <object_component_ref idref="oc-3de"/>
      </symbol>
      <symbol id="sm-5c7">
         <name>_ctypes_</name>
         <value>0x20009553</value>
         <object_component_ref idref="oc-447"/>
      </symbol>
      <symbol id="sm-5d6">
         <name>ltoa</name>
         <value>0x2000869d</value>
         <object_component_ref idref="oc-467"/>
      </symbol>
      <symbol id="sm-5e6">
         <name>memccpy</name>
         <value>0x20008df1</value>
         <object_component_ref idref="oc-407"/>
      </symbol>
      <symbol id="sm-5f6">
         <name>strchr</name>
         <value>0x20008f71</value>
         <object_component_ref idref="oc-49e"/>
      </symbol>
      <symbol id="sm-60c">
         <name>__aeabi_errno_addr</name>
         <value>0x20009041</value>
         <object_component_ref idref="oc-413"/>
      </symbol>
      <symbol id="sm-60d">
         <name>errno</name>
         <value>0x20017ff0</value>
         <object_component_ref idref="oc-4ae"/>
      </symbol>
      <symbol id="sm-62d">
         <name>frexpl</name>
         <value>0x20008535</value>
         <object_component_ref idref="oc-492"/>
      </symbol>
      <symbol id="sm-62e">
         <name>frexp</name>
         <value>0x20008535</value>
         <object_component_ref idref="oc-492"/>
      </symbol>
      <symbol id="sm-64b">
         <name>scalbn</name>
         <value>0x2000756d</value>
         <object_component_ref idref="oc-498"/>
      </symbol>
      <symbol id="sm-64c">
         <name>scalbnl</name>
         <value>0x2000756d</value>
         <object_component_ref idref="oc-498"/>
      </symbol>
      <symbol id="sm-64d">
         <name>ldexpl</name>
         <value>0x2000756d</value>
         <object_component_ref idref="oc-498"/>
      </symbol>
      <symbol id="sm-64e">
         <name>ldexp</name>
         <value>0x2000756d</value>
         <object_component_ref idref="oc-498"/>
      </symbol>
      <symbol id="sm-667">
         <name>wcslen</name>
         <value>0x20008ffd</value>
         <object_component_ref idref="oc-40d"/>
      </symbol>
      <symbol id="sm-671">
         <name>copysign</name>
         <value>0x20008fb1</value>
         <object_component_ref idref="oc-4df"/>
      </symbol>
      <symbol id="sm-672">
         <name>copysignl</name>
         <value>0x20008fb1</value>
         <object_component_ref idref="oc-4df"/>
      </symbol>
      <symbol id="sm-67f">
         <name>__aeabi_uldivmod</name>
         <value>0x20007ed1</value>
         <object_component_ref idref="oc-44c"/>
      </symbol>
      <symbol id="sm-696">
         <name>__aeabi_dsub</name>
         <value>0x20006bfd</value>
         <object_component_ref idref="oc-472"/>
      </symbol>
      <symbol id="sm-697">
         <name>__aeabi_dadd</name>
         <value>0x20006c07</value>
         <object_component_ref idref="oc-472"/>
      </symbol>
      <symbol id="sm-6b9">
         <name>__aeabi_cdcmpeq</name>
         <value>0x2000810d</value>
         <object_component_ref idref="oc-3ea"/>
      </symbol>
      <symbol id="sm-6ba">
         <name>__aeabi_cdcmple</name>
         <value>0x2000810d</value>
         <object_component_ref idref="oc-3ea"/>
      </symbol>
      <symbol id="sm-6bb">
         <name>__aeabi_cdrcmple</name>
         <value>0x20008193</value>
         <object_component_ref idref="oc-45d"/>
      </symbol>
      <symbol id="sm-6cf">
         <name>__aeabi_ddiv</name>
         <value>0x20007201</value>
         <object_component_ref idref="oc-458"/>
      </symbol>
      <symbol id="sm-6da">
         <name>__aeabi_dmul</name>
         <value>0x2000767d</value>
         <object_component_ref idref="oc-453"/>
      </symbol>
      <symbol id="sm-6e4">
         <name>__aeabi_d2iz</name>
         <value>0x20008791</value>
         <object_component_ref idref="oc-462"/>
      </symbol>
      <symbol id="sm-6ee">
         <name>__aeabi_i2d</name>
         <value>0x20008b15</value>
         <object_component_ref idref="oc-46d"/>
      </symbol>
      <symbol id="sm-6f8">
         <name>__aeabi_idiv0</name>
         <value>0x20006db3</value>
         <object_component_ref idref="oc-4c6"/>
      </symbol>
      <symbol id="sm-6f9">
         <name>__aeabi_ldiv0</name>
         <value>0x20006db3</value>
         <object_component_ref idref="oc-4c6"/>
      </symbol>
      <symbol id="sm-70d">
         <name>GPIODirModeSet</name>
         <value>0x20008a4d</value>
         <object_component_ref idref="oc-273"/>
      </symbol>
      <symbol id="sm-70e">
         <name>GPIOPinWrite</name>
         <value>0x20008ca3</value>
         <object_component_ref idref="oc-ce"/>
      </symbol>
      <symbol id="sm-786">
         <name>IntPrioritySet</name>
         <value>0x20008649</value>
         <object_component_ref idref="oc-1f8"/>
      </symbol>
      <symbol id="sm-787">
         <name>IntVTableBaseSet</name>
         <value>0x20008f9d</value>
         <object_component_ref idref="oc-115"/>
      </symbol>
      <symbol id="sm-788">
         <name>IntEnable</name>
         <value>0x20007ced</value>
         <object_component_ref idref="oc-121"/>
      </symbol>
      <symbol id="sm-789">
         <name>IntDisable</name>
         <value>0x20007c45</value>
         <object_component_ref idref="oc-322"/>
      </symbol>
      <symbol id="sm-78a">
         <name>IntRegister</name>
         <value>0x20008cc5</value>
         <object_component_ref idref="oc-2d2"/>
      </symbol>
      <symbol id="sm-78b">
         <name>IntUnregister</name>
         <value>0x20008c15</value>
         <object_component_ref idref="oc-328"/>
      </symbol>
      <symbol id="sm-78c">
         <name>IntMasterEnable</name>
         <value>0x20009037</value>
         <object_component_ref idref="oc-11b"/>
      </symbol>
      <symbol id="sm-7cb">
         <name>PinTypeUART</name>
         <value>0x20008e27</value>
         <object_component_ref idref="oc-27f"/>
      </symbol>
      <symbol id="sm-7cc">
         <name>PinTypeGPIO</name>
         <value>0x20008a83</value>
         <object_component_ref idref="oc-26d"/>
      </symbol>
      <symbol id="sm-7cd">
         <name>PinConfigSet</name>
         <value>0x20007ffd</value>
         <object_component_ref idref="oc-33f"/>
      </symbol>
      <symbol id="sm-7ce">
         <name>PinTypeSPI</name>
         <value>0x20008e0d</value>
         <object_component_ref idref="oc-279"/>
      </symbol>
      <symbol id="sm-7cf">
         <name>PinModeSet</name>
         <value>0x200088a5</value>
         <object_component_ref idref="oc-345"/>
      </symbol>
      <symbol id="sm-855">
         <name>PRCMPeripheralReset</name>
         <value>0x20008599</value>
         <object_component_ref idref="oc-13a"/>
      </symbol>
      <symbol id="sm-856">
         <name>PRCMPeripheralClkEnable</name>
         <value>0x20008965</value>
         <object_component_ref idref="oc-134"/>
      </symbol>
      <symbol id="sm-857">
         <name>PRCMPeripheralClockGet</name>
         <value>0x20007f69</value>
         <object_component_ref idref="oc-146"/>
      </symbol>
      <symbol id="sm-858">
         <name>PRCMCC3200MCUInit</name>
         <value>0x20006f4d</value>
         <object_component_ref idref="oc-127"/>
      </symbol>
      <symbol id="sm-859">
         <name>PRCMHIBRegWrite</name>
         <value>0x20008f2f</value>
         <object_component_ref idref="oc-260"/>
      </symbol>
      <symbol id="sm-85a">
         <name>PRCMSysResetCauseGet</name>
         <value>0x20008b45</value>
         <object_component_ref idref="oc-254"/>
      </symbol>
      <symbol id="sm-85b">
         <name>PRCMPeripheralClkDisable</name>
         <value>0x20008bc5</value>
         <object_component_ref idref="oc-266"/>
      </symbol>
      <symbol id="sm-85c">
         <name>PRCMHIBRegRead</name>
         <value>0x20008f19</value>
         <object_component_ref idref="oc-25a"/>
      </symbol>
      <symbol id="sm-8e2">
         <name>SPITransfer</name>
         <value>0x20008085</value>
         <object_component_ref idref="oc-105"/>
      </symbol>
      <symbol id="sm-8e3">
         <name>SPICSEnable</name>
         <value>0x20008e59</value>
         <object_component_ref idref="oc-ff"/>
      </symbol>
      <symbol id="sm-8e4">
         <name>SPIDataPut</name>
         <value>0x20008d05</value>
         <object_component_ref idref="oc-1de"/>
      </symbol>
      <symbol id="sm-8e5">
         <name>SPIEnable</name>
         <value>0x20008e71</value>
         <object_component_ref idref="oc-152"/>
      </symbol>
      <symbol id="sm-8e6">
         <name>SPIDataGet</name>
         <value>0x20008ce5</value>
         <object_component_ref idref="oc-1e4"/>
      </symbol>
      <symbol id="sm-8e7">
         <name>SPIConfigSetExpClk</name>
         <value>0x20007d95</value>
         <object_component_ref idref="oc-14c"/>
      </symbol>
      <symbol id="sm-8e8">
         <name>SPIReset</name>
         <value>0x20008c81</value>
         <object_component_ref idref="oc-140"/>
      </symbol>
      <symbol id="sm-8e9">
         <name>SPICSDisable</name>
         <value>0x20008e41</value>
         <object_component_ref idref="oc-10b"/>
      </symbol>
      <symbol id="sm-96d">
         <name>TimerLoadSet</name>
         <value>0x20008b71</value>
         <object_component_ref idref="oc-216"/>
      </symbol>
      <symbol id="sm-96e">
         <name>TimerDisable</name>
         <value>0x20008d23</value>
         <object_component_ref idref="oc-21c"/>
      </symbol>
      <symbol id="sm-96f">
         <name>TimerIntRegister</name>
         <value>0x20008385</value>
         <object_component_ref idref="oc-1fe"/>
      </symbol>
      <symbol id="sm-970">
         <name>TimerEnable</name>
         <value>0x20008d41</value>
         <object_component_ref idref="oc-16a"/>
      </symbol>
      <symbol id="sm-971">
         <name>TimerIntUnregister</name>
         <value>0x20008465</value>
         <object_component_ref idref="oc-228"/>
      </symbol>
      <symbol id="sm-972">
         <name>TimerIntStatus</name>
         <value>0x20008d5f</value>
         <object_component_ref idref="oc-20a"/>
      </symbol>
      <symbol id="sm-973">
         <name>TimerIntDisable</name>
         <value>0x20008e89</value>
         <object_component_ref idref="oc-222"/>
      </symbol>
      <symbol id="sm-974">
         <name>TimerValueGet</name>
         <value>0x20008db9</value>
         <object_component_ref idref="oc-c8"/>
      </symbol>
      <symbol id="sm-975">
         <name>TimerPrescaleSet</name>
         <value>0x20008b9b</value>
         <object_component_ref idref="oc-164"/>
      </symbol>
      <symbol id="sm-976">
         <name>TimerIntEnable</name>
         <value>0x20008ea1</value>
         <object_component_ref idref="oc-204"/>
      </symbol>
      <symbol id="sm-977">
         <name>TimerConfigure</name>
         <value>0x200087d9</value>
         <object_component_ref idref="oc-15e"/>
      </symbol>
      <symbol id="sm-978">
         <name>TimerIntClear</name>
         <value>0x20008fd9</value>
         <object_component_ref idref="oc-210"/>
      </symbol>
      <symbol id="sm-9ff">
         <name>UARTConfigSetExpClk</name>
         <value>0x2000830d</value>
         <object_component_ref idref="oc-188"/>
      </symbol>
      <symbol id="sm-a00">
         <name>UARTDisable</name>
         <value>0x20008ab5</value>
         <object_component_ref idref="oc-2dd"/>
      </symbol>
      <symbol id="sm-a01">
         <name>UARTIntEnable</name>
         <value>0x20008ee9</value>
         <object_component_ref idref="oc-176"/>
      </symbol>
      <symbol id="sm-a02">
         <name>UARTCharsAvail</name>
         <value>0x20008eb9</value>
         <object_component_ref idref="oc-ec"/>
      </symbol>
      <symbol id="sm-a03">
         <name>UARTCharGetNonBlocking</name>
         <value>0x20008dd5</value>
         <object_component_ref idref="oc-296"/>
      </symbol>
      <symbol id="sm-a04">
         <name>UARTCharPut</name>
         <value>0x20008d7d</value>
         <object_component_ref idref="oc-c2"/>
      </symbol>
      <symbol id="sm-a05">
         <name>UARTEnable</name>
         <value>0x20008c39</value>
         <object_component_ref idref="oc-2e3"/>
      </symbol>
      <symbol id="sm-a06">
         <name>UARTFIFOEnable</name>
         <value>0x20008f5b</value>
         <object_component_ref idref="oc-17c"/>
      </symbol>
      <symbol id="sm-a07">
         <name>UARTIntClear</name>
         <value>0x20008feb</value>
         <object_component_ref idref="oc-e0"/>
      </symbol>
      <symbol id="sm-a08">
         <name>UARTCharGet</name>
         <value>0x20008f45</value>
         <object_component_ref idref="oc-e6"/>
      </symbol>
      <symbol id="sm-a09">
         <name>UARTFIFOLevelSet</name>
         <value>0x20008ed1</value>
         <object_component_ref idref="oc-182"/>
      </symbol>
      <symbol id="sm-a0a">
         <name>UARTIntRegister</name>
         <value>0x20008d9b</value>
         <object_component_ref idref="oc-170"/>
      </symbol>
      <symbol id="sm-a0e">
         <name>UtilsDelay</name>
         <value>0x20009049</value>
         <object_component_ref idref="oc-33b"/>
      </symbol>
      <symbol id="sm-a18">
         <name>CPUcpsie</name>
         <value>0x20008f87</value>
         <object_component_ref idref="oc-249"/>
      </symbol>
      <symbol id="sm-a1a">
         <name>__TI_static_base__</name>
         <value>0x20009970</value>
      </symbol>
      <symbol id="sm-a1d">
         <name>__mpu_init</name>
         <value>0x0</value>
      </symbol>
      <symbol id="sm-a1e">
         <name>_system_post_cinit</name>
         <value>0x0</value>
      </symbol>
   </symbol_table>
   <title>Link successful</title>
</link_info>
