******************************************************************************
                  TI ARM Linker PC v18.1.3                     
******************************************************************************
>> Linked Thu Feb 21 13:41:47 2019

OUTPUT FILE NAME:   <Lab4_p1.out>
ENTRY POINT SYMBOL: "_c_int00_noargs"  address: 200089dd


MEMORY CONFIGURATION

         name            origin    length      used     unused   attr    fill
----------------------  --------  ---------  --------  --------  ----  --------
  SRAM_CODE             20004000   00013000  000059f6  0000d60a  RW X
  SRAM_DATA             20017000   00019000  000010f4  00017f0c  RW X


SEGMENT ALLOCATION MAP

run origin  load origin   length   init length attrs members
----------  ----------- ---------- ----------- ----- -------
20004000    20004000    000059f8   000059f8    r-x
  20004000    20004000    00000400   00000400    r-- .intvecs
  20004400    20004400    00004c56   00004c56    r-x .text
  20009058    20009058    00000918   00000918    r-- .const
  20009970    20009970    00000088   00000088    r-- .cinit
20017000    20017000    00000ff4   00000000    rw-
  20017000    20017000    00000800   00000000    rw- .sysmem
  20017800    20017800    00000760   00000000    rw- .bss
  20017f60    20017f60    00000094   00000000    rw- .data
2002ff00    2002ff00    00000100   00000000    rw-
  2002ff00    2002ff00    00000100   00000000    rw- .stack


SECTION ALLOCATION MAP

 output                                  attributes/
section   page    origin      length       input sections
--------  ----  ----------  ----------   ----------------
.intvecs   0    20004000    00000400     
                  20004000    00000400     startup_ccs.obj (.intvecs)

.init_array 
*          0    20004000    00000000     UNINITIALIZED

.text      0    20004400    00004c56     
                  20004400    00000abc     Adafruit_GFX.obj (.text)
                  20004ebc    00000a5e     rtsv7M4_T_le_v4SPD16_eabi.lib : _printfi.c.obj (.text:__TI_printfi)
                  2000591a    00000002     driverlib.a : interrupt.obj (.text:IntDefaultHandler)
                  2000591c    00000778     main.obj (.text)
                  20006094    000004a6     Adafruit_OLED.obj (.text)
                  2000653a    00000002     rtsv7M4_T_le_v4SPD16_eabi.lib : _lock.c.obj (.text:_nop)
                  2000653c    00000280     uart_if.obj (.text)
                  200067bc    00000270     rtsv7M4_T_le_v4SPD16_eabi.lib : _printfi.c.obj (.text:_pconv_a)
                  20006a2c    000001d0                                   : _printfi.c.obj (.text:_pconv_g)
                  20006bfc    000001b6                                   : fd_add_t2.asm.obj (.text)
                  20006db2    00000002                                   : div0.asm.obj (.text)
                  20006db4    00000198     timer_if.obj (.text)
                  20006f4c    00000178     driverlib.a : prcm.obj (.text:PRCMCC3200MCUInit)
                  200070c4    0000013c     rtsv7M4_T_le_v4SPD16_eabi.lib : _printfi.c.obj (.text:_pconv_e)
                  20007200    00000136                                   : fd_div_t2.asm.obj (.text)
                  20007336    00000002     --HOLE-- [fill = 0]
                  20007338    00000120                                   : _printfi.c.obj (.text:fcvt)
                  20007458    00000114                                   : memory.c.obj (.text:realloc)
                  2000756c    00000110                                   : s_scalbn.c.obj (.text:scalbn)
                  2000767c    000000fc                                   : fd_mul_t2.asm.obj (.text)
                  20007778    000000e8     pinmux.obj (.text)
                  20007860    000000d8     rtsv7M4_T_le_v4SPD16_eabi.lib : memory.c.obj (.text:free)
                  20007938    000000d0     driverlib.a : spi.obj (.text:SPITransfer32)
                  20007a08    000000ce                 : spi.obj (.text:SPITransfer16)
                  20007ad6    000000b8                 : spi.obj (.text:SPITransfer8)
                  20007b8e    00000002     --HOLE-- [fill = 0]
                  20007b90    000000b1     rtsv7M4_T_le_v4SPD16_eabi.lib : _printfi.c.obj (.text:_ltostr)
                  20007c41    00000003     --HOLE-- [fill = 0]
                  20007c44    000000a8     driverlib.a : interrupt.obj (.text:IntDisable)
                  20007cec    000000a8                 : interrupt.obj (.text:IntEnable)
                  20007d94    000000a0                 : spi.obj (.text:SPIConfigSetExpClk)
                  20007e34    0000009c     rtsv7M4_T_le_v4SPD16_eabi.lib : memcpy_t2.asm.obj (.text)
                  20007ed0    00000096                                   : ull_div_t2.asm.obj (.text)
                  20007f66    00000002     --HOLE-- [fill = 0]
                  20007f68    00000094     driverlib.a : prcm.obj (.text:PRCMPeripheralClockGet)
                  20007ffc    00000088                 : pin.obj (.text:PinConfigSet)
                  20008084    00000088                 : spi.obj (.text:SPITransfer)
                  2000810c    00000086     rtsv7M4_T_le_v4SPD16_eabi.lib : fd_cmp_t2.asm.obj (.text:__aeabi_cdcmple)
                  20008192    00000086                                   : fd_cmp_t2.asm.obj (.text:__aeabi_cdrcmple)
                  20008218    0000007a                                   : memset_t2.asm.obj (.text)
                  20008292    00000002     --HOLE-- [fill = 0]
                  20008294    00000078                                   : memory.c.obj (.text:malloc)
                  2000830c    00000076     driverlib.a : uart.obj (.text:UARTConfigSetExpClk)
                  20008382    00000002     --HOLE-- [fill = 0]
                  20008384    00000070                 : timer.obj (.text:TimerIntRegister)
                  200083f4    0000006e     rtsv7M4_T_le_v4SPD16_eabi.lib : _printfi.c.obj (.text:_mcpy)
                  20008462    00000002     --HOLE-- [fill = 0]
                  20008464    00000068     driverlib.a : timer.obj (.text:TimerIntUnregister)
                  200084cc    00000068     rtsv7M4_T_le_v4SPD16_eabi.lib : copy_decompress_lzss.c.obj (.text:decompress:lzss:__TI_decompress_lzss)
                  20008534    00000064                                   : s_frexp.c.obj (.text:frexp)
                  20008598    00000058     driverlib.a : prcm.obj (.text:PRCMPeripheralReset)
                  200085f0    00000056     rtsv7M4_T_le_v4SPD16_eabi.lib : _printfi.c.obj (.text:_pconv_f)
                  20008646    00000002     --HOLE-- [fill = 0]
                  20008648    00000054     driverlib.a : interrupt.obj (.text:IntPrioritySet)
                  2000869c    00000054     rtsv7M4_T_le_v4SPD16_eabi.lib : ltoa.c.obj (.text:ltoa)
                  200086f0    00000052                                   : _printfi.c.obj (.text:_ecpy)
                  20008742    00000002     --HOLE-- [fill = 0]
                  20008744    0000004c                                   : atoi.c.obj (.text:atoi)
                  20008790    00000048                                   : fd_toi_t2.asm.obj (.text)
                  200087d8    00000044     driverlib.a : timer.obj (.text:TimerConfigure)
                  2000881c    00000044                 : uart.obj (.text:UARTIntNumberGet)
                  20008860    00000044     rtsv7M4_T_le_v4SPD16_eabi.lib : autoinit.c.obj (.text:__TI_auto_init_nobinit_nopinit:__TI_auto_init_nobinit_nopinit)
                  200088a4    00000040     driverlib.a : pin.obj (.text:PinModeSet)
                  200088e4    00000040     rtsv7M4_T_le_v4SPD16_eabi.lib : vsnprintf.c.obj (.text:vsnprintf)
                  20008924    0000003e                                   : _printfi.c.obj (.text:_fcpy)
                  20008962    00000002     --HOLE-- [fill = 0]
                  20008964    0000003c     driverlib.a : prcm.obj (.text:PRCMPeripheralClkEnable)
                  200089a0    0000003c     rtsv7M4_T_le_v4SPD16_eabi.lib : memory.c.obj (.text:minsert)
                  200089dc    00000038                                   : boot_cortex_m.c.obj (.text:_c_int00_noargs:_c_int00_noargs)
                  20008a14    00000038                                   : memory.c.obj (.text:minit)
                  20008a4c    00000036     driverlib.a : gpio.obj (.text:GPIODirModeSet)
                  20008a82    00000030                 : pin.obj (.text:PinTypeGPIO)
                  20008ab2    00000002     --HOLE-- [fill = 0]
                  20008ab4    00000030                 : uart.obj (.text:UARTDisable)
                  20008ae4    00000030     rtsv7M4_T_le_v4SPD16_eabi.lib : vsnprintf.c.obj (.text:_outs)
                  20008b14    0000002e                                   : i_tofd_t2.asm.obj (.text)
                  20008b42    00000002     --HOLE-- [fill = 0]
                  20008b44    0000002c     driverlib.a : prcm.obj (.text:PRCMSysResetCauseGet)
                  20008b70    0000002a                 : timer.obj (.text:TimerLoadSet)
                  20008b9a    0000002a                 : timer.obj (.text:TimerPrescaleSet)
                  20008bc4    00000028                 : prcm.obj (.text:PRCMPeripheralClkDisable)
                  20008bec    00000028     rtsv7M4_T_le_v4SPD16_eabi.lib : memory.c.obj (.text:mremove)
                  20008c14    00000024     driverlib.a : interrupt.obj (.text:IntUnregister)
                  20008c38    00000024                 : uart.obj (.text:UARTEnable)
                  20008c5c    00000024     rtsv7M4_T_le_v4SPD16_eabi.lib : memmov.c.obj (.text:memmove)
                  20008c80    00000022     driverlib.a : spi.obj (.text:SPIReset)
                  20008ca2    00000020                 : gpio.obj (.text:GPIOPinWrite)
                  20008cc2    00000002     --HOLE-- [fill = 0]
                  20008cc4    00000020                 : interrupt.obj (.text:IntRegister)
                  20008ce4    00000020                 : spi.obj (.text:SPIDataGet)
                  20008d04    0000001e                 : spi.obj (.text:SPIDataPut)
                  20008d22    0000001e                 : timer.obj (.text:TimerDisable)
                  20008d40    0000001e                 : timer.obj (.text:TimerEnable)
                  20008d5e    0000001e                 : timer.obj (.text:TimerIntStatus)
                  20008d7c    0000001e                 : uart.obj (.text:UARTCharPut)
                  20008d9a    0000001e                 : uart.obj (.text:UARTIntRegister)
                  20008db8    0000001c                 : timer.obj (.text:TimerValueGet)
                  20008dd4    0000001c                 : uart.obj (.text:UARTCharGetNonBlocking)
                  20008df0    0000001c     rtsv7M4_T_le_v4SPD16_eabi.lib : memccpy.c.obj (.text:memccpy)
                  20008e0c    0000001a     driverlib.a : pin.obj (.text:PinTypeSPI)
                  20008e26    0000001a                 : pin.obj (.text:PinTypeUART)
                  20008e40    00000018                 : spi.obj (.text:SPICSDisable)
                  20008e58    00000018                 : spi.obj (.text:SPICSEnable)
                  20008e70    00000018                 : spi.obj (.text:SPIEnable)
                  20008e88    00000018                 : timer.obj (.text:TimerIntDisable)
                  20008ea0    00000018                 : timer.obj (.text:TimerIntEnable)
                  20008eb8    00000018                 : uart.obj (.text:UARTCharsAvail)
                  20008ed0    00000018                 : uart.obj (.text:UARTFIFOLevelSet)
                  20008ee8    00000018                 : uart.obj (.text:UARTIntEnable)
                  20008f00    00000018     rtsv7M4_T_le_v4SPD16_eabi.lib : vsnprintf.c.obj (.text:_outc)
                  20008f18    00000016     driverlib.a : prcm.obj (.text:PRCMHIBRegRead)
                  20008f2e    00000016                 : prcm.obj (.text:PRCMHIBRegWrite)
                  20008f44    00000016                 : uart.obj (.text:UARTCharGet)
                  20008f5a    00000016                 : uart.obj (.text:UARTFIFOEnable)
                  20008f70    00000016     rtsv7M4_T_le_v4SPD16_eabi.lib : strchr.c.obj (.text:strchr)
                  20008f86    00000014     driverlib.a : cpu.obj (.text:CPUcpsie)
                  20008f9a    00000002     --HOLE-- [fill = 0]
                  20008f9c    00000014                 : interrupt.obj (.text:IntVTableBaseSet)
                  20008fb0    00000014     rtsv7M4_T_le_v4SPD16_eabi.lib : s_copysign.c.obj (.text:copysign)
                  20008fc4    00000014                                   : strlen.c.obj (.text:strlen)
                  20008fd8    00000012     driverlib.a : timer.obj (.text:TimerIntClear)
                  20008fea    00000012                 : uart.obj (.text:UARTIntClear)
                  20008ffc    00000012     rtsv7M4_T_le_v4SPD16_eabi.lib : wcslen.c.obj (.text:wcslen)
                  2000900e    0000000e                                   : copy_decompress_none.c.obj (.text:decompress:none:__TI_decompress_none)
                  2000901c    0000000e     startup_ccs.obj (.text)
                  2000902a    0000000c     rtsv7M4_T_le_v4SPD16_eabi.lib : copy_zero_init.c.obj (.text:decompress:ZI:__TI_zero_init)
                  20009036    0000000a     driverlib.a : interrupt.obj (.text:IntMasterEnable)
                  20009040    00000008     rtsv7M4_T_le_v4SPD16_eabi.lib : errno.c.obj (.text:__aeabi_errno_addr)
                  20009048    00000006     driverlib.a : utils.obj (.text:UtilsDelay)
                  2000904e    00000004     rtsv7M4_T_le_v4SPD16_eabi.lib : pre_init.c.obj (.text:_system_pre_init)
                  20009052    00000004                                   : exit.c.obj (.text:abort:abort)

.const     0    20009058    00000918     
                  20009058    000004fb     Adafruit_GFX.obj (.const:.string:font)
                  20009553    00000101     rtsv7M4_T_le_v4SPD16_eabi.lib : ctype.c.obj (.const:.string:_ctypes_)
                  20009654    00000100     driverlib.a : pin.obj (.const:g_ulPinToPadMap)
                  20009754    000000d4                 : interrupt.obj (.const:g_pulRegs)
                  20009828    000000a8                 : prcm.obj (.const:PRCM_PeriphRegsList)
                  200098d0    00000080                 : interrupt.obj (.const)
                  20009950    00000010     main.obj (.const:$P$T0$1)
                  20009960    00000010     driverlib.a : uart.obj (.const)

.cinit     0    20009970    00000088     
                  20009970    00000064     (.cinit..data.load) [load image, compression = lzss]
                  200099d4    0000000c     (__TI_handler_table)
                  200099e0    00000008     (.cinit..bss.load) [load image, compression = zero_init]
                  200099e8    00000010     (__TI_cinit_table)

.sysmem    0    20017000    00000800     UNINITIALIZED
                  20017000    00000008     rtsv7M4_T_le_v4SPD16_eabi.lib : memory.c.obj (.sysmem)
                  20017008    000007f8     --HOLE--

.bss       0    20017800    00000760     UNINITIALIZED
                  20017800    00000668     (.common:samples)
                  20017e68    00000064     (.common:message)
                  20017ecc    00000064     (.common:receivedMessage)
                  20017f30    00000020     (.common:power_all)
                  20017f50    00000004     uart_if.obj (.bss)
                  20017f54    00000004     (.common:buttonBuffer)
                  20017f58    00000004     (.common:oldCharTime)
                  20017f5c    00000004     (.common:oldTime)

.data      0    20017f60    00000094     UNINITIALIZED
                  20017f60    00000044     main.obj (.data)
                  20017fa4    00000020     main.obj (.data:coeff)
                  20017fc4    00000015     Adafruit_GFX.obj (.data)
                  20017fd9    00000003     --HOLE--
                  20017fdc    0000000c     rtsv7M4_T_le_v4SPD16_eabi.lib : memory.c.obj (.data:$O1$$)
                  20017fe8    00000008                                   : _lock.c.obj (.data:$O1$$)
                  20017ff0    00000004                                   : errno.c.obj (.data)

.stack     0    2002ff00    00000100     UNINITIALIZED
                  2002ff00    00000004     rtsv7M4_T_le_v4SPD16_eabi.lib : boot_cortex_m.c.obj (.stack)
                  2002ff04    000000fc     --HOLE--

MODULE SUMMARY

       Module                       code    ro data   rw data
       ------                       ----    -------   -------
    .\
       Adafruit_GFX.obj             2748    1275      21     
       main.obj                     1912    16        1984   
       Adafruit_OLED.obj            1190    0         0      
       startup_ccs.obj              14      1024      0      
       uart_if.obj                  640     0         4      
       timer_if.obj                 408     0         0      
       pinmux.obj                   232     0         0      
    +--+----------------------------+-------+---------+---------+
       Total:                       7144    2315      2009   
                                                             
    C:/ti/CC3200SDK_1.3.0/cc3200-sdk/driverlib/ccs/Release/driverlib.a
       spi.obj                      1062    0         0      
       prcm.obj                     800     168       0      
       interrupt.obj                520     340       0      
       pin.obj                      300     256       0      
       timer.obj                    552     0         0      
       uart.obj                     492     16        0      
       gpio.obj                     86      0         0      
       cpu.obj                      20      0         0      
       utils.obj                    6       0         0      
    +--+----------------------------+-------+---------+---------+
       Total:                       3838    780       0      
                                                             
    C:\ti\ccsv8\tools\compiler\ti-cgt-arm_18.1.3.LTS\lib\rtsv7M4_T_le_v4SPD16_eabi.lib
       _printfi.c.obj               4863    0         0      
       memory.c.obj                 768     0         12     
       fd_add_t2.asm.obj            438     0         0      
       fd_div_t2.asm.obj            310     0         0      
       s_scalbn.c.obj               272     0         0      
       fd_cmp_t2.asm.obj            268     0         0      
       ctype.c.obj                  0       257       0      
       fd_mul_t2.asm.obj            252     0         0      
       memcpy_t2.asm.obj            156     0         0      
       ull_div_t2.asm.obj           150     0         0      
       vsnprintf.c.obj              136     0         0      
       memset_t2.asm.obj            122     0         0      
       copy_decompress_lzss.c.obj   104     0         0      
       s_frexp.c.obj                100     0         0      
       ltoa.c.obj                   84      0         0      
       atoi.c.obj                   76      0         0      
       fd_toi_t2.asm.obj            72      0         0      
       autoinit.c.obj               68      0         0      
       boot_cortex_m.c.obj          56      0         0      
       i_tofd_t2.asm.obj            46      0         0      
       memmov.c.obj                 36      0         0      
       memccpy.c.obj                28      0         0      
       strchr.c.obj                 22      0         0      
       s_copysign.c.obj             20      0         0      
       strlen.c.obj                 20      0         0      
       wcslen.c.obj                 18      0         0      
       copy_decompress_none.c.obj   14      0         0      
       copy_zero_init.c.obj         12      0         0      
       errno.c.obj                  8       0         4      
       _lock.c.obj                  2       0         8      
       exit.c.obj                   4       0         0      
       pre_init.c.obj               4       0         0      
       div0.asm.obj                 2       0         0      
    +--+----------------------------+-------+---------+---------+
       Total:                       8531    257       24     
                                                             
       Heap:                        0       0         2048   
       Stack:                       0       0         256    
       Linker Generated:            0       136       0      
    +--+----------------------------+-------+---------+---------+
       Grand Total:                 19513   3488      4337   


LINKER GENERATED COPY TABLES

__TI_cinit_table @ 200099e8 records: 2, size/record: 8, table size: 16
	.data: load addr=20009970, load size=00000064 bytes, run addr=20017f60, run size=00000094 bytes, compression=lzss
	.bss: load addr=200099e0, load size=00000008 bytes, run addr=20017800, run size=00000760 bytes, compression=zero_init


LINKER GENERATED HANDLER TABLE

__TI_handler_table @ 200099d4 records: 3, size/record: 4, table size: 12
	index: 0, handler: __TI_decompress_lzss
	index: 1, handler: __TI_decompress_none
	index: 2, handler: __TI_zero_init


GLOBAL SYMBOLS: SORTED ALPHABETICALLY BY Name 

address   name                          
-------   ----                          
2000611d  Adafruit_Init                 
20009053  C$$EXIT                       
20008f87  CPUcpsie                      
2000657d  ClearTerm                     
20006293  Color565                      
20006587  Error                         
20008a4d  GPIODirModeSet                
20008ca3  GPIOPinWrite                  
200065bf  GetCmd                        
2000653d  InitTerm                      
20007c45  IntDisable                    
20007ced  IntEnable                     
20009037  IntMasterEnable               
20008649  IntPrioritySet                
20008cc5  IntRegister                   
20008c15  IntUnregister                 
20008f9d  IntVTableBaseSet              
2000655b  Message                       
20017f8c  N                             
20004dab  Outstr                        
20006f4d  PRCMCC3200MCUInit             
20008f19  PRCMHIBRegRead                
20008f2f  PRCMHIBRegWrite               
20008bc5  PRCMPeripheralClkDisable      
20008965  PRCMPeripheralClkEnable       
20007f69  PRCMPeripheralClockGet        
20008599  PRCMPeripheralReset           
20008b45  PRCMSysResetCauseGet          
20007ffd  PinConfigSet                  
200088a5  PinModeSet                    
20007779  PinMuxConfig                  
20008a83  PinTypeGPIO                   
20008e0d  PinTypeSPI                    
20008e27  PinTypeUART                   
200066fd  Report                        
2000901d  ResetISR                      
20008e41  SPICSDisable                  
20008e59  SPICSEnable                   
20007d95  SPIConfigSetExpClk            
20008ce5  SPIDataGet                    
20008d05  SPIDataPut                    
20008e71  SPIEnable                     
20008c81  SPIReset                      
20008085  SPITransfer                   
200087d9  TimerConfigure                
20008d23  TimerDisable                  
20008d41  TimerEnable                   
20005c45  TimerISR                      
20008fd9  TimerIntClear                 
20008e89  TimerIntDisable               
20008ea1  TimerIntEnable                
20008385  TimerIntRegister              
20008d5f  TimerIntStatus                
20008465  TimerIntUnregister            
20008b71  TimerLoadSet                  
20008b9b  TimerPrescaleSet              
20008db9  TimerValueGet                 
20006efd  Timer_IF_DeInit               
20006f31  Timer_IF_GetCount             
20006e35  Timer_IF_Init                 
20006e67  Timer_IF_IntSetup             
20006eb3  Timer_IF_InterruptClear       
20006f17  Timer_IF_ReLoad               
20006ecb  Timer_IF_Start                
20006eed  Timer_IF_Stop                 
20006665  TrimSpace                     
20008f45  UARTCharGet                   
20008dd5  UARTCharGetNonBlocking        
20008d7d  UARTCharPut                   
20008eb9  UARTCharsAvail                
2000830d  UARTConfigSetExpClk           
20008ab5  UARTDisable                   
20008c39  UARTEnable                    
20008f5b  UARTFIFOEnable                
20008ed1  UARTFIFOLevelSet              
20005b6d  UARTHandler                   
20008feb  UARTIntClear                  
20008ee9  UARTIntEnable                 
20008d9b  UARTIntRegister               
20009049  UtilsDelay                    
20030000  __STACK_END                   
00000100  __STACK_SIZE                  
00000800  __SYSMEM_SIZE                 
200099e8  __TI_CINIT_Base               
200099f8  __TI_CINIT_Limit              
200099d4  __TI_Handler_Table_Base       
200099e0  __TI_Handler_Table_Limit      
20008861  __TI_auto_init_nobinit_nopinit
200084cd  __TI_decompress_lzss          
2000900f  __TI_decompress_none          
ffffffff  __TI_pprof_out_hndl           
20004ebd  __TI_printfi                  
ffffffff  __TI_prof_data_size           
ffffffff  __TI_prof_data_start          
20009970  __TI_static_base__            
2000902b  __TI_zero_init                
2000810d  __aeabi_cdcmpeq               
2000810d  __aeabi_cdcmple               
20008193  __aeabi_cdrcmple              
20008791  __aeabi_d2iz                  
20006c07  __aeabi_dadd                  
20007201  __aeabi_ddiv                  
2000767d  __aeabi_dmul                  
20006bfd  __aeabi_dsub                  
20009041  __aeabi_errno_addr            
20008b15  __aeabi_i2d                   
20006db3  __aeabi_idiv0                 
20006db3  __aeabi_ldiv0                 
20008219  __aeabi_memclr                
20008219  __aeabi_memclr4               
20008219  __aeabi_memclr8               
20007e35  __aeabi_memcpy                
20007e35  __aeabi_memcpy4               
20007e35  __aeabi_memcpy8               
2000821b  __aeabi_memset                
2000821b  __aeabi_memset4               
2000821b  __aeabi_memset8               
20007ed1  __aeabi_uldivmod              
ffffffff  __binit__                     
ffffffff  __c_args__                    
UNDEFED   __mpu_init                    
2002ff00  __stack                       
200089dd  _c_int00_noargs               
20009553  _ctypes_                      
20017fe8  _lock                         
2000653b  _nop                          
20017000  _sys_memory                   
UNDEFED   _system_post_cinit            
2000904f  _system_pre_init              
20017fec  _unlock                       
20009053  abort                         
20008745  atoi                          
ffffffff  binit                         
20017f74  bufferCount                   
20017f54  buttonBuffer                  
20017f98  buttonIndex                   
20017f9c  buttonState                   
20017f7c  charCounter                   
20017fa4  coeff                         
20008fb1  copysign                      
20008fb1  copysignl                     
20017f79  currentChar                   
20017f70  currentState                  
20017fc4  cursor_x                      
20017f60  cursor_x2                     
20017fc8  cursor_y                      
20017f64  cursor_y2                     
20004c5f  drawChar                      
20004401  drawCircle                    
20004535  drawCircleHelper              
20006445  drawFastHLine                 
200063a9  drawFastVLine                 
2000477b  drawLine                      
200064e1  drawPixel                     
20004867  drawRect                      
200048b5  drawRoundRect                 
20004a1d  drawTriangle                  
20017ff0  errno                         
20004653  fillCircle                    
2000468d  fillCircleHelper              
200062eb  fillRect                      
200049a3  fillRoundRect                 
200062d5  fillScreen                    
20004a5f  fillTriangle                  
20017f94  flag                          
20007861  free                          
20008535  frexp                         
20008535  frexpl                        
20017f6c  g_iCounter                    
20004000  g_pfnVectors                  
2000624f  goTo                          
20005ce9  goertzel                      
20004e9b  height                        
2000651f  invert                        
2000756d  ldexp                         
2000756d  ldexpl                        
2000869d  ltoa                          
20005ed1  main                          
20008295  malloc                        
20008df1  memccpy                       
20007e35  memcpy                        
20008c5d  memmove                       
20008221  memset                        
20017e68  message                       
20017f88  messageIndex                  
20017f84  messageLength                 
20008a15  minit                         
20017f58  oldCharTime                   
20017f5c  oldTime                       
20017fa0  oldToneTime                   
20017f68  p                             
20005d95  post_test                     
20017f30  power_all                     
20017f78  previousButton                
20007459  realloc                       
20017ecc  receivedMessage               
20017f80  rmessageIndex                 
20017f90  sampleCount                   
20017800  samples                       
2000756d  scalbn                        
2000756d  scalbnl                       
2000591d  sendMessage                   
20004e33  setCursor                     
20004e6b  setTextColor                  
20004e4b  setTextSize                   
20004e83  setTextWrap                   
20008f71  strchr                        
20008fc5  strlen                        
20017fd4  textbgcolor                   
20017fd0  textcolor                     
20017fcc  textsize                      
200088e5  vsnprintf                     
20008ffd  wcslen                        
20004e97  width                         
20017fd8  wrap                          
20006095  writeCommand                  
200060d9  writeData                     


GLOBAL SYMBOLS: SORTED BY Symbol Address 

address   name                          
-------   ----                          
00000100  __STACK_SIZE                  
00000800  __SYSMEM_SIZE                 
20004000  g_pfnVectors                  
20004401  drawCircle                    
20004535  drawCircleHelper              
20004653  fillCircle                    
2000468d  fillCircleHelper              
2000477b  drawLine                      
20004867  drawRect                      
200048b5  drawRoundRect                 
200049a3  fillRoundRect                 
20004a1d  drawTriangle                  
20004a5f  fillTriangle                  
20004c5f  drawChar                      
20004dab  Outstr                        
20004e33  setCursor                     
20004e4b  setTextSize                   
20004e6b  setTextColor                  
20004e83  setTextWrap                   
20004e97  width                         
20004e9b  height                        
20004ebd  __TI_printfi                  
2000591d  sendMessage                   
20005b6d  UARTHandler                   
20005c45  TimerISR                      
20005ce9  goertzel                      
20005d95  post_test                     
20005ed1  main                          
20006095  writeCommand                  
200060d9  writeData                     
2000611d  Adafruit_Init                 
2000624f  goTo                          
20006293  Color565                      
200062d5  fillScreen                    
200062eb  fillRect                      
200063a9  drawFastVLine                 
20006445  drawFastHLine                 
200064e1  drawPixel                     
2000651f  invert                        
2000653b  _nop                          
2000653d  InitTerm                      
2000655b  Message                       
2000657d  ClearTerm                     
20006587  Error                         
200065bf  GetCmd                        
20006665  TrimSpace                     
200066fd  Report                        
20006bfd  __aeabi_dsub                  
20006c07  __aeabi_dadd                  
20006db3  __aeabi_idiv0                 
20006db3  __aeabi_ldiv0                 
20006e35  Timer_IF_Init                 
20006e67  Timer_IF_IntSetup             
20006eb3  Timer_IF_InterruptClear       
20006ecb  Timer_IF_Start                
20006eed  Timer_IF_Stop                 
20006efd  Timer_IF_DeInit               
20006f17  Timer_IF_ReLoad               
20006f31  Timer_IF_GetCount             
20006f4d  PRCMCC3200MCUInit             
20007201  __aeabi_ddiv                  
20007459  realloc                       
2000756d  ldexp                         
2000756d  ldexpl                        
2000756d  scalbn                        
2000756d  scalbnl                       
2000767d  __aeabi_dmul                  
20007779  PinMuxConfig                  
20007861  free                          
20007c45  IntDisable                    
20007ced  IntEnable                     
20007d95  SPIConfigSetExpClk            
20007e35  __aeabi_memcpy                
20007e35  __aeabi_memcpy4               
20007e35  __aeabi_memcpy8               
20007e35  memcpy                        
20007ed1  __aeabi_uldivmod              
20007f69  PRCMPeripheralClockGet        
20007ffd  PinConfigSet                  
20008085  SPITransfer                   
2000810d  __aeabi_cdcmpeq               
2000810d  __aeabi_cdcmple               
20008193  __aeabi_cdrcmple              
20008219  __aeabi_memclr                
20008219  __aeabi_memclr4               
20008219  __aeabi_memclr8               
2000821b  __aeabi_memset                
2000821b  __aeabi_memset4               
2000821b  __aeabi_memset8               
20008221  memset                        
20008295  malloc                        
2000830d  UARTConfigSetExpClk           
20008385  TimerIntRegister              
20008465  TimerIntUnregister            
200084cd  __TI_decompress_lzss          
20008535  frexp                         
20008535  frexpl                        
20008599  PRCMPeripheralReset           
20008649  IntPrioritySet                
2000869d  ltoa                          
20008745  atoi                          
20008791  __aeabi_d2iz                  
200087d9  TimerConfigure                
20008861  __TI_auto_init_nobinit_nopinit
200088a5  PinModeSet                    
200088e5  vsnprintf                     
20008965  PRCMPeripheralClkEnable       
200089dd  _c_int00_noargs               
20008a15  minit                         
20008a4d  GPIODirModeSet                
20008a83  PinTypeGPIO                   
20008ab5  UARTDisable                   
20008b15  __aeabi_i2d                   
20008b45  PRCMSysResetCauseGet          
20008b71  TimerLoadSet                  
20008b9b  TimerPrescaleSet              
20008bc5  PRCMPeripheralClkDisable      
20008c15  IntUnregister                 
20008c39  UARTEnable                    
20008c5d  memmove                       
20008c81  SPIReset                      
20008ca3  GPIOPinWrite                  
20008cc5  IntRegister                   
20008ce5  SPIDataGet                    
20008d05  SPIDataPut                    
20008d23  TimerDisable                  
20008d41  TimerEnable                   
20008d5f  TimerIntStatus                
20008d7d  UARTCharPut                   
20008d9b  UARTIntRegister               
20008db9  TimerValueGet                 
20008dd5  UARTCharGetNonBlocking        
20008df1  memccpy                       
20008e0d  PinTypeSPI                    
20008e27  PinTypeUART                   
20008e41  SPICSDisable                  
20008e59  SPICSEnable                   
20008e71  SPIEnable                     
20008e89  TimerIntDisable               
20008ea1  TimerIntEnable                
20008eb9  UARTCharsAvail                
20008ed1  UARTFIFOLevelSet              
20008ee9  UARTIntEnable                 
20008f19  PRCMHIBRegRead                
20008f2f  PRCMHIBRegWrite               
20008f45  UARTCharGet                   
20008f5b  UARTFIFOEnable                
20008f71  strchr                        
20008f87  CPUcpsie                      
20008f9d  IntVTableBaseSet              
20008fb1  copysign                      
20008fb1  copysignl                     
20008fc5  strlen                        
20008fd9  TimerIntClear                 
20008feb  UARTIntClear                  
20008ffd  wcslen                        
2000900f  __TI_decompress_none          
2000901d  ResetISR                      
2000902b  __TI_zero_init                
20009037  IntMasterEnable               
20009041  __aeabi_errno_addr            
20009049  UtilsDelay                    
2000904f  _system_pre_init              
20009053  C$$EXIT                       
20009053  abort                         
20009553  _ctypes_                      
20009970  __TI_static_base__            
200099d4  __TI_Handler_Table_Base       
200099e0  __TI_Handler_Table_Limit      
200099e8  __TI_CINIT_Base               
200099f8  __TI_CINIT_Limit              
20017000  _sys_memory                   
20017800  samples                       
20017e68  message                       
20017ecc  receivedMessage               
20017f30  power_all                     
20017f54  buttonBuffer                  
20017f58  oldCharTime                   
20017f5c  oldTime                       
20017f60  cursor_x2                     
20017f64  cursor_y2                     
20017f68  p                             
20017f6c  g_iCounter                    
20017f70  currentState                  
20017f74  bufferCount                   
20017f78  previousButton                
20017f79  currentChar                   
20017f7c  charCounter                   
20017f80  rmessageIndex                 
20017f84  messageLength                 
20017f88  messageIndex                  
20017f8c  N                             
20017f90  sampleCount                   
20017f94  flag                          
20017f98  buttonIndex                   
20017f9c  buttonState                   
20017fa0  oldToneTime                   
20017fa4  coeff                         
20017fc4  cursor_x                      
20017fc8  cursor_y                      
20017fcc  textsize                      
20017fd0  textcolor                     
20017fd4  textbgcolor                   
20017fd8  wrap                          
20017fe8  _lock                         
20017fec  _unlock                       
20017ff0  errno                         
2002ff00  __stack                       
20030000  __STACK_END                   
ffffffff  __TI_pprof_out_hndl           
ffffffff  __TI_prof_data_size           
ffffffff  __TI_prof_data_start          
ffffffff  __binit__                     
ffffffff  __c_args__                    
ffffffff  binit                         
UNDEFED   __mpu_init                    
UNDEFED   _system_post_cinit            

[217 symbols]
