******************************************************************************
                  TI ARM Linker PC v18.1.4                     
******************************************************************************
>> Linked Sun Feb  3 23:38:32 2019

OUTPUT FILE NAME:   <uart_demo.out>
ENTRY POINT SYMBOL: "_c_int00_noargs"  address: 20006aa1


MEMORY CONFIGURATION

         name            origin    length      used     unused   attr    fill
----------------------  --------  ---------  --------  --------  ----  --------
  SRAM_CODE             20004000   00013000  000031b2  0000fe4e  RW X
  SRAM_DATA             20017000   00019000  0000091c  000186e4  RW X


SEGMENT ALLOCATION MAP

run origin  load origin   length   init length attrs members
----------  ----------- ---------- ----------- ----- -------
20004000    20004000    000031b8   000031b8    r-x
  20004000    20004000    00000400   00000400    r-- .intvecs
  20004400    20004400    00002a46   00002a46    r-x .text
  20006e48    20006e48    0000032c   0000032c    r-- .const
  20007178    20007178    00000040   00000040    r-- .cinit
20017000    20017000    0000081c   00000000    rw-
  20017000    20017000    00000800   00000000    rw- .sysmem
  20017800    20017800    00000018   00000000    rw- .data
  20017818    20017818    00000004   00000000    rw- .bss
2002ff00    2002ff00    00000100   00000000    rw-
  2002ff00    2002ff00    00000100   00000000    rw- .stack


SECTION ALLOCATION MAP

 output                                  attributes/
section   page    origin      length       input sections
--------  ----  ----------  ----------   ----------------
.intvecs   0    20004000    00000400     
                  20004000    00000400     startup_ccs.obj (.intvecs)

.init_array 
*          0    20004000    00000000     UNINITIALIZED

.text      0    20004400    00002a46     
                  20004400    00000a5e     rtsv7M4_T_le_v4SPD16_eabi.lib : _printfi.c.obj (.text:__TI_printfi)
                  20004e5e    00000002                                   : _lock.c.obj (.text:_nop)
                  20004e60    00000280     uart_if.obj (.text)
                  200050e0    00000270     rtsv7M4_T_le_v4SPD16_eabi.lib : _printfi.c.obj (.text:_pconv_a)
                  20005350    000001d0                                   : _printfi.c.obj (.text:_pconv_g)
                  20005520    000001b6                                   : fd_add_t2.asm.obj (.text)
                  200056d6    00000002                                   : div0.asm.obj (.text)
                  200056d8    00000178     driverlib.a : prcm.obj (.text:PRCMCC3200MCUInit)
                  20005850    0000013c     rtsv7M4_T_le_v4SPD16_eabi.lib : _printfi.c.obj (.text:_pconv_e)
                  2000598c    00000136                                   : fd_div_t2.asm.obj (.text)
                  20005ac2    00000002     --HOLE-- [fill = 0]
                  20005ac4    00000124                                   : _printfi.c.obj (.text:fcvt)
                  20005be8    00000114                                   : memory.c.obj (.text:realloc)
                  20005cfc    00000110                                   : s_scalbn.c.obj (.text:scalbn)
                  20005e0c    000000fc                                   : fd_mul_t2.asm.obj (.text)
                  20005f08    000000d8                                   : memory.c.obj (.text:free)
                  20005fe0    000000b1                                   : _printfi.c.obj (.text:_ltostr)
                  20006091    00000003     --HOLE-- [fill = 0]
                  20006094    000000a8     driverlib.a : interrupt.obj (.text:IntEnable)
                  2000613c    0000009c     rtsv7M4_T_le_v4SPD16_eabi.lib : memcpy_t2.asm.obj (.text)
                  200061d8    00000096                                   : ull_div_t2.asm.obj (.text)
                  2000626e    00000002     --HOLE-- [fill = 0]
                  20006270    00000094     driverlib.a : prcm.obj (.text:PRCMPeripheralClockGet)
                  20006304    00000088                 : pin.obj (.text:PinConfigSet)
                  2000638c    00000086     rtsv7M4_T_le_v4SPD16_eabi.lib : fd_cmp_t2.asm.obj (.text:__aeabi_cdcmple)
                  20006412    00000086                                   : fd_cmp_t2.asm.obj (.text:__aeabi_cdrcmple)
                  20006498    0000007a                                   : memset_t2.asm.obj (.text)
                  20006512    00000002     --HOLE-- [fill = 0]
                  20006514    00000078                                   : memory.c.obj (.text:malloc)
                  2000658c    00000076     driverlib.a : uart.obj (.text:UARTConfigSetExpClk)
                  20006602    0000006e     rtsv7M4_T_le_v4SPD16_eabi.lib : _printfi.c.obj (.text:_mcpy)
                  20006670    00000068                                   : copy_decompress_lzss.c.obj (.text:decompress:lzss:__TI_decompress_lzss)
                  200066d8    00000064                                   : s_frexp.c.obj (.text:frexp)
                  2000673c    00000058     driverlib.a : prcm.obj (.text:PRCMPeripheralReset)
                  20006794    00000056     rtsv7M4_T_le_v4SPD16_eabi.lib : _printfi.c.obj (.text:_pconv_f)
                  200067ea    00000054                                   : ltoa.c.obj (.text:ltoa)
                  2000683e    00000052                                   : _printfi.c.obj (.text:_ecpy)
                  20006890    0000004c                                   : atoi.c.obj (.text:atoi)
                  200068dc    00000048                                   : fd_toi_t2.asm.obj (.text)
                  20006924    00000044                                   : autoinit.c.obj (.text:__TI_auto_init_nobinit_nopinit:__TI_auto_init_nobinit_nopinit)
                  20006968    00000040     driverlib.a : pin.obj (.text:PinModeSet)
                  200069a8    00000040     rtsv7M4_T_le_v4SPD16_eabi.lib : vsnprintf.c.obj (.text:vsnprintf)
                  200069e8    0000003e                                   : _printfi.c.obj (.text:_fcpy)
                  20006a26    00000002     --HOLE-- [fill = 0]
                  20006a28    0000003c     driverlib.a : prcm.obj (.text:PRCMPeripheralClkEnable)
                  20006a64    0000003c     rtsv7M4_T_le_v4SPD16_eabi.lib : memory.c.obj (.text:minsert)
                  20006aa0    00000038                                   : boot_cortex_m.c.obj (.text:_c_int00_noargs:_c_int00_noargs)
                  20006ad8    00000038                                   : memory.c.obj (.text:minit)
                  20006b10    00000030     driverlib.a : uart.obj (.text:UARTDisable)
                  20006b40    00000030     rtsv7M4_T_le_v4SPD16_eabi.lib : vsnprintf.c.obj (.text:_outs)
                  20006b70    00000030     main.obj (.text)
                  20006ba0    0000002e     rtsv7M4_T_le_v4SPD16_eabi.lib : i_tofd_t2.asm.obj (.text)
                  20006bce    00000002     --HOLE-- [fill = 0]
                  20006bd0    0000002c     driverlib.a : prcm.obj (.text:PRCMSysResetCauseGet)
                  20006bfc    00000028                 : prcm.obj (.text:PRCMPeripheralClkDisable)
                  20006c24    00000028     rtsv7M4_T_le_v4SPD16_eabi.lib : memory.c.obj (.text:mremove)
                  20006c4c    00000024     driverlib.a : uart.obj (.text:UARTEnable)
                  20006c70    00000024     rtsv7M4_T_le_v4SPD16_eabi.lib : memmov.c.obj (.text:memmove)
                  20006c94    0000001e     driverlib.a : uart.obj (.text:UARTCharPut)
                  20006cb2    0000001c                 : uart.obj (.text:UARTCharGetNonBlocking)
                  20006cce    0000001c     rtsv7M4_T_le_v4SPD16_eabi.lib : memccpy.c.obj (.text:memccpy)
                  20006cea    0000001c     pinmux.obj (.text)
                  20006d06    0000001a     driverlib.a : pin.obj (.text:PinTypeUART)
                  20006d20    00000018                 : uart.obj (.text:UARTCharsAvail)
                  20006d38    00000018     rtsv7M4_T_le_v4SPD16_eabi.lib : vsnprintf.c.obj (.text:_outc)
                  20006d50    00000016     driverlib.a : prcm.obj (.text:PRCMHIBRegRead)
                  20006d66    00000016                 : prcm.obj (.text:PRCMHIBRegWrite)
                  20006d7c    00000016     rtsv7M4_T_le_v4SPD16_eabi.lib : strchr.c.obj (.text:strchr)
                  20006d92    00000014     driverlib.a : cpu.obj (.text:CPUcpsie)
                  20006da6    00000002     --HOLE-- [fill = 0]
                  20006da8    00000014                 : interrupt.obj (.text:IntVTableBaseSet)
                  20006dbc    00000014     rtsv7M4_T_le_v4SPD16_eabi.lib : s_copysign.c.obj (.text:copysign)
                  20006dd0    00000014                                   : strlen.c.obj (.text:strlen)
                  20006de4    00000012                                   : copy_zero_init.c.obj (.text:decompress:ZI:__TI_zero_init_nomemset:__TI_zero_init_nomemset)
                  20006df6    00000012                                   : wcslen.c.obj (.text:wcslen)
                  20006e08    0000000e                                   : copy_decompress_none.c.obj (.text:decompress:none:__TI_decompress_none)
                  20006e16    0000000e     startup_ccs.obj (.text)
                  20006e24    0000000a     driverlib.a : interrupt.obj (.text:IntMasterEnable)
                  20006e2e    00000002     --HOLE-- [fill = 0]
                  20006e30    00000008     rtsv7M4_T_le_v4SPD16_eabi.lib : errno.c.obj (.text:__aeabi_errno_addr)
                  20006e38    00000006     driverlib.a : utils.obj (.text:UtilsDelay)
                  20006e3e    00000004     rtsv7M4_T_le_v4SPD16_eabi.lib : pre_init.c.obj (.text:_system_pre_init)
                  20006e42    00000004                                   : exit.c.obj (.text:abort:abort)

.const     0    20006e48    0000032c     
                  20006e48    00000101     rtsv7M4_T_le_v4SPD16_eabi.lib : ctype.c.obj (.const:.string:_ctypes_)
                  20006f49    00000003     --HOLE-- [fill = 0]
                  20006f4c    00000100     driverlib.a : pin.obj (.const:g_ulPinToPadMap)
                  2000704c    000000a8                 : prcm.obj (.const:PRCM_PeriphRegsList)
                  200070f4    00000080                 : interrupt.obj (.const)

.cinit     0    20007178    00000040     
                  20007178    0000001a     (.cinit..data.load) [load image, compression = lzss]
                  20007192    00000002     --HOLE-- [fill = 0]
                  20007194    0000000c     (__TI_handler_table)
                  200071a0    00000008     (.cinit..bss.load) [load image, compression = zero_init]
                  200071a8    00000010     (__TI_cinit_table)

.sysmem    0    20017000    00000800     UNINITIALIZED
                  20017000    00000008     rtsv7M4_T_le_v4SPD16_eabi.lib : memory.c.obj (.sysmem)
                  20017008    000007f8     --HOLE--

.data      0    20017800    00000018     UNINITIALIZED
                  20017800    0000000c     rtsv7M4_T_le_v4SPD16_eabi.lib : memory.c.obj (.data:$O1$$)
                  2001780c    00000008                                   : _lock.c.obj (.data:$O1$$)
                  20017814    00000004                                   : errno.c.obj (.data)

.bss       0    20017818    00000004     UNINITIALIZED
                  20017818    00000004     uart_if.obj (.bss)

.stack     0    2002ff00    00000100     UNINITIALIZED
                  2002ff00    00000004     rtsv7M4_T_le_v4SPD16_eabi.lib : boot_cortex_m.c.obj (.stack)
                  2002ff04    000000fc     --HOLE--

MODULE SUMMARY

       Module                       code    ro data   rw data
       ------                       ----    -------   -------
    .\
       startup_ccs.obj              14      1024      0      
       uart_if.obj                  640     0         4      
       main.obj                     48      0         0      
       pinmux.obj                   28      0         0      
    +--+----------------------------+-------+---------+---------+
       Total:                       730     1024      4      
                                                             
    C:/ti/CC3200SDK_1.3.0/cc3200-sdk/driverlib/ccs/Release/driverlib.a
       prcm.obj                     800     168       0      
       pin.obj                      226     256       0      
       interrupt.obj                198     128       0      
       uart.obj                     284     0         0      
       cpu.obj                      20      0         0      
       utils.obj                    6       0         0      
    +--+----------------------------+-------+---------+---------+
       Total:                       1534    552       0      
                                                             
    C:\ti\ccsv8\tools\compiler\ti-cgt-arm_18.1.4.LTS\lib\rtsv7M4_T_le_v4SPD16_eabi.lib
       _printfi.c.obj               4867    0         0      
       memory.c.obj                 768     0         12     
       fd_add_t2.asm.obj            438     0         0      
       fd_div_t2.asm.obj            310     0         0      
       s_scalbn.c.obj               272     0         0      
       fd_cmp_t2.asm.obj            268     0         0      
       ctype.c.obj                  0       257       0      
       fd_mul_t2.asm.obj            252     0         0      
       memcpy_t2.asm.obj            156     0         0      
       ull_div_t2.asm.obj           150     0         0      
       vsnprintf.c.obj              136     0         0      
       memset_t2.asm.obj            122     0         0      
       copy_decompress_lzss.c.obj   104     0         0      
       s_frexp.c.obj                100     0         0      
       ltoa.c.obj                   84      0         0      
       atoi.c.obj                   76      0         0      
       fd_toi_t2.asm.obj            72      0         0      
       autoinit.c.obj               68      0         0      
       boot_cortex_m.c.obj          56      0         0      
       i_tofd_t2.asm.obj            46      0         0      
       memmov.c.obj                 36      0         0      
       memccpy.c.obj                28      0         0      
       strchr.c.obj                 22      0         0      
       s_copysign.c.obj             20      0         0      
       strlen.c.obj                 20      0         0      
       copy_zero_init.c.obj         18      0         0      
       wcslen.c.obj                 18      0         0      
       copy_decompress_none.c.obj   14      0         0      
       errno.c.obj                  8       0         4      
       _lock.c.obj                  2       0         8      
       exit.c.obj                   4       0         0      
       pre_init.c.obj               4       0         0      
       div0.asm.obj                 2       0         0      
    +--+----------------------------+-------+---------+---------+
       Total:                       8541    257       24     
                                                             
       Heap:                        0       0         2048   
       Stack:                       0       0         256    
       Linker Generated:            0       62        0      
    +--+----------------------------+-------+---------+---------+
       Grand Total:                 10805   1895      2332   


LINKER GENERATED COPY TABLES

__TI_cinit_table @ 200071a8 records: 2, size/record: 8, table size: 16
	.data: load addr=20007178, load size=0000001a bytes, run addr=20017800, run size=00000018 bytes, compression=lzss
	.bss: load addr=200071a0, load size=00000008 bytes, run addr=20017818, run size=00000004 bytes, compression=zero_init


LINKER GENERATED HANDLER TABLE

__TI_handler_table @ 20007194 records: 3, size/record: 4, table size: 12
	index: 0, handler: __TI_decompress_lzss
	index: 1, handler: __TI_decompress_none
	index: 2, handler: __TI_zero_init


GLOBAL SYMBOLS: SORTED ALPHABETICALLY BY Name 

address   name                          
-------   ----                          
20006e43  C$$EXIT                       
20006d93  CPUcpsie                      
20004ea1  ClearTerm                     
20004eab  Error                         
20004ee3  GetCmd                        
20004e61  InitTerm                      
20006095  IntEnable                     
20006e25  IntMasterEnable               
20006da9  IntVTableBaseSet              
20004e7f  Message                       
200056d9  PRCMCC3200MCUInit             
20006d51  PRCMHIBRegRead                
20006d67  PRCMHIBRegWrite               
20006bfd  PRCMPeripheralClkDisable      
20006a29  PRCMPeripheralClkEnable       
20006271  PRCMPeripheralClockGet        
2000673d  PRCMPeripheralReset           
20006bd1  PRCMSysResetCauseGet          
20006305  PinConfigSet                  
20006969  PinModeSet                    
20006ceb  PinMuxConfig                  
20006d07  PinTypeUART                   
20005021  Report                        
20006e17  ResetISR                      
20004f89  TrimSpace                     
20006cb3  UARTCharGetNonBlocking        
20006c95  UARTCharPut                   
20006d21  UARTCharsAvail                
2000658d  UARTConfigSetExpClk           
20006b11  UARTDisable                   
20006c4d  UARTEnable                    
20006e39  UtilsDelay                    
20030000  __STACK_END                   
00000100  __STACK_SIZE                  
00000800  __SYSMEM_SIZE                 
200071a8  __TI_CINIT_Base               
200071b8  __TI_CINIT_Limit              
20007194  __TI_Handler_Table_Base       
200071a0  __TI_Handler_Table_Limit      
20006925  __TI_auto_init_nobinit_nopinit
20006671  __TI_decompress_lzss          
20006e09  __TI_decompress_none          
ffffffff  __TI_pprof_out_hndl           
20004401  __TI_printfi                  
ffffffff  __TI_prof_data_size           
ffffffff  __TI_prof_data_start          
20007178  __TI_static_base__            
20006de5  __TI_zero_init_nomemset       
2000638d  __aeabi_cdcmpeq               
2000638d  __aeabi_cdcmple               
20006413  __aeabi_cdrcmple              
200068dd  __aeabi_d2iz                  
2000552b  __aeabi_dadd                  
2000598d  __aeabi_ddiv                  
20005e0d  __aeabi_dmul                  
20005521  __aeabi_dsub                  
20006e31  __aeabi_errno_addr            
20006ba1  __aeabi_i2d                   
200056d7  __aeabi_idiv0                 
200056d7  __aeabi_ldiv0                 
20006499  __aeabi_memclr                
20006499  __aeabi_memclr4               
20006499  __aeabi_memclr8               
2000613d  __aeabi_memcpy                
2000613d  __aeabi_memcpy4               
2000613d  __aeabi_memcpy8               
2000649b  __aeabi_memset                
2000649b  __aeabi_memset4               
2000649b  __aeabi_memset8               
200061d9  __aeabi_uldivmod              
ffffffff  __binit__                     
ffffffff  __c_args__                    
UNDEFED   __mpu_init                    
2002ff00  __stack                       
20006aa1  _c_int00_noargs               
20006e48  _ctypes_                      
2001780c  _lock                         
20004e5f  _nop                          
20017000  _sys_memory                   
UNDEFED   _system_post_cinit            
20006e3f  _system_pre_init              
20017810  _unlock                       
20006e43  abort                         
20006891  atoi                          
ffffffff  binit                         
20006dbd  copysign                      
20006dbd  copysignl                     
20017814  errno                         
20005f09  free                          
200066d9  frexp                         
200066d9  frexpl                        
20004000  g_pfnVectors                  
20005cfd  ldexp                         
20005cfd  ldexpl                        
200067eb  ltoa                          
20006b89  main                          
20006515  malloc                        
20006ccf  memccpy                       
2000613d  memcpy                        
20006c71  memmove                       
200064a1  memset                        
20006ad9  minit                         
20005be9  realloc                       
20005cfd  scalbn                        
20005cfd  scalbnl                       
20006d7d  strchr                        
20006dd1  strlen                        
200069a9  vsnprintf                     
20006df7  wcslen                        


GLOBAL SYMBOLS: SORTED BY Symbol Address 

address   name                          
-------   ----                          
00000100  __STACK_SIZE                  
00000800  __SYSMEM_SIZE                 
20004000  g_pfnVectors                  
20004401  __TI_printfi                  
20004e5f  _nop                          
20004e61  InitTerm                      
20004e7f  Message                       
20004ea1  ClearTerm                     
20004eab  Error                         
20004ee3  GetCmd                        
20004f89  TrimSpace                     
20005021  Report                        
20005521  __aeabi_dsub                  
2000552b  __aeabi_dadd                  
200056d7  __aeabi_idiv0                 
200056d7  __aeabi_ldiv0                 
200056d9  PRCMCC3200MCUInit             
2000598d  __aeabi_ddiv                  
20005be9  realloc                       
20005cfd  ldexp                         
20005cfd  ldexpl                        
20005cfd  scalbn                        
20005cfd  scalbnl                       
20005e0d  __aeabi_dmul                  
20005f09  free                          
20006095  IntEnable                     
2000613d  __aeabi_memcpy                
2000613d  __aeabi_memcpy4               
2000613d  __aeabi_memcpy8               
2000613d  memcpy                        
200061d9  __aeabi_uldivmod              
20006271  PRCMPeripheralClockGet        
20006305  PinConfigSet                  
2000638d  __aeabi_cdcmpeq               
2000638d  __aeabi_cdcmple               
20006413  __aeabi_cdrcmple              
20006499  __aeabi_memclr                
20006499  __aeabi_memclr4               
20006499  __aeabi_memclr8               
2000649b  __aeabi_memset                
2000649b  __aeabi_memset4               
2000649b  __aeabi_memset8               
200064a1  memset                        
20006515  malloc                        
2000658d  UARTConfigSetExpClk           
20006671  __TI_decompress_lzss          
200066d9  frexp                         
200066d9  frexpl                        
2000673d  PRCMPeripheralReset           
200067eb  ltoa                          
20006891  atoi                          
200068dd  __aeabi_d2iz                  
20006925  __TI_auto_init_nobinit_nopinit
20006969  PinModeSet                    
200069a9  vsnprintf                     
20006a29  PRCMPeripheralClkEnable       
20006aa1  _c_int00_noargs               
20006ad9  minit                         
20006b11  UARTDisable                   
20006b89  main                          
20006ba1  __aeabi_i2d                   
20006bd1  PRCMSysResetCauseGet          
20006bfd  PRCMPeripheralClkDisable      
20006c4d  UARTEnable                    
20006c71  memmove                       
20006c95  UARTCharPut                   
20006cb3  UARTCharGetNonBlocking        
20006ccf  memccpy                       
20006ceb  PinMuxConfig                  
20006d07  PinTypeUART                   
20006d21  UARTCharsAvail                
20006d51  PRCMHIBRegRead                
20006d67  PRCMHIBRegWrite               
20006d7d  strchr                        
20006d93  CPUcpsie                      
20006da9  IntVTableBaseSet              
20006dbd  copysign                      
20006dbd  copysignl                     
20006dd1  strlen                        
20006de5  __TI_zero_init_nomemset       
20006df7  wcslen                        
20006e09  __TI_decompress_none          
20006e17  ResetISR                      
20006e25  IntMasterEnable               
20006e31  __aeabi_errno_addr            
20006e39  UtilsDelay                    
20006e3f  _system_pre_init              
20006e43  C$$EXIT                       
20006e43  abort                         
20006e48  _ctypes_                      
20007178  __TI_static_base__            
20007194  __TI_Handler_Table_Base       
200071a0  __TI_Handler_Table_Limit      
200071a8  __TI_CINIT_Base               
200071b8  __TI_CINIT_Limit              
20017000  _sys_memory                   
2001780c  _lock                         
20017810  _unlock                       
20017814  errno                         
2002ff00  __stack                       
20030000  __STACK_END                   
ffffffff  __TI_pprof_out_hndl           
ffffffff  __TI_prof_data_size           
ffffffff  __TI_prof_data_start          
ffffffff  __binit__                     
ffffffff  __c_args__                    
ffffffff  binit                         
UNDEFED   __mpu_init                    
UNDEFED   _system_post_cinit            

[109 symbols]
